#0 building with "default" instance using docker driver

#1 [internal] load build definition from Dockerfile
#1 transferring dockerfile: 3.86kB done
#1 DONE 0.0s

#2 [internal] load metadata for docker.io/library/node@sha256:e5a8dee7bc1e6a215d224a7ef8206f7e77271bc3cabd5febf2beafac0674f174
#2 ...

#3 [auth] library/composer:pull token for registry-1.docker.io
#3 DONE 0.0s

#4 [auth] library/php:pull token for registry-1.docker.io
#4 DONE 0.0s

#5 [auth] library/node:pull token for registry-1.docker.io
#5 DONE 0.0s

#6 [internal] load metadata for docker.io/library/composer@sha256:bdd249749908be12facc9dec72e19704371bb893f96dff3e024ec89528a5a08d
#6 ...

#7 [internal] load metadata for docker.io/library/php@sha256:aba7168955e4b1e1f5e61e2e5a0257eff5b1563d3fc4ca272373183b57f53005
#7 DONE 0.7s

#6 [internal] load metadata for docker.io/library/composer@sha256:bdd249749908be12facc9dec72e19704371bb893f96dff3e024ec89528a5a08d
#6 DONE 0.7s

#2 [internal] load metadata for docker.io/library/node@sha256:e5a8dee7bc1e6a215d224a7ef8206f7e77271bc3cabd5febf2beafac0674f174
#2 DONE 0.7s

#8 [internal] load .dockerignore
#8 transferring context: 523B done
#8 DONE 0.0s

#9 [internal] load build context
#9 transferring context: 498.91kB 0.0s done
#9 DONE 0.0s

#10 [frontend 1/5] FROM docker.io/library/node@sha256:e5a8dee7bc1e6a215d224a7ef8206f7e77271bc3cabd5febf2beafac0674f174
#10 resolve docker.io/library/node@sha256:e5a8dee7bc1e6a215d224a7ef8206f7e77271bc3cabd5febf2beafac0674f174 done
#10 sha256:e5a8dee7bc1e6a215d224a7ef8206f7e77271bc3cabd5febf2beafac0674f174 1.93kB / 1.93kB done
#10 sha256:622f209f6c16ba5af4d9a337cae6577d096f17174b904cfc6a5b0c81a2679c24 6.76kB / 6.76kB done
#10 sha256:a8ac7f6c67abc236e4c745052c404112b8fab6fe8ac3a329d1ef3b867ad67c71 0B / 28.23MB 0.1s
#10 sha256:990581063f5c8a03a57db7a0d116679ea6e6e335d4ac48ef457f26f82d917eba 0B / 3.32kB 0.1s
#10 sha256:4996e33358abd29e5daf56cdda6681efb4db3bd55b5ab63a7d3d44f8400195a4 4.19MB / 50.50MB 0.1s
#10 sha256:990581063f5c8a03a57db7a0d116679ea6e6e335d4ac48ef457f26f82d917eba 3.32kB / 3.32kB 0.2s done
#10 sha256:4996e33358abd29e5daf56cdda6681efb4db3bd55b5ab63a7d3d44f8400195a4 38.80MB / 50.50MB 0.2s
#10 sha256:f95897c2a1fb7bce26b018dd74b2845f816f7b86d5adff2939c6482b1d5b474c 0B / 1.71MB 0.2s
#10 sha256:a8ac7f6c67abc236e4c745052c404112b8fab6fe8ac3a329d1ef3b867ad67c71 28.23MB / 28.23MB 0.3s
#10 sha256:4996e33358abd29e5daf56cdda6681efb4db3bd55b5ab63a7d3d44f8400195a4 50.50MB / 50.50MB 0.3s done
#10 sha256:f95897c2a1fb7bce26b018dd74b2845f816f7b86d5adff2939c6482b1d5b474c 1.71MB / 1.71MB 0.3s done
#10 sha256:c35748eaa5ecc949b0f7cc349a9f7c4a5417dc008e2d9bebd53678d87238fcbf 0B / 450B 0.3s
#10 extracting sha256:a8ac7f6c67abc236e4c745052c404112b8fab6fe8ac3a329d1ef3b867ad67c71
#10 sha256:a8ac7f6c67abc236e4c745052c404112b8fab6fe8ac3a329d1ef3b867ad67c71 28.23MB / 28.23MB 0.3s done
#10 sha256:c35748eaa5ecc949b0f7cc349a9f7c4a5417dc008e2d9bebd53678d87238fcbf 450B / 450B 0.4s done
#10 ...

#11 [php-base 1/4] FROM docker.io/library/php@sha256:aba7168955e4b1e1f5e61e2e5a0257eff5b1563d3fc4ca272373183b57f53005
#11 resolve docker.io/library/php@sha256:aba7168955e4b1e1f5e61e2e5a0257eff5b1563d3fc4ca272373183b57f53005 done
#11 sha256:aba7168955e4b1e1f5e61e2e5a0257eff5b1563d3fc4ca272373183b57f53005 3.06kB / 3.06kB done
#11 sha256:85f9cb16cda15e529ff77ae3e00e7e8d3a843ceee194b9c2dfd8c0d74309cca1 10.34kB / 10.34kB done
#11 sha256:934d19571d8a4f7b570ed89cb61f5bcb538475fbc4938299f4599d3a3596193b 3.49MB / 3.49MB 0.9s done
#11 sha256:4f5c3887d482c8caa210c801211fc5eb67e44983796b4660cb729b000e3f56de 223B / 223B 1.0s done
#11 sha256:4c278b0a8d2c61c0a002423a220cfdf9ca79aab868a97f7e5b3eb16d94088547 930B / 930B 1.0s done
#11 extracting sha256:934d19571d8a4f7b570ed89cb61f5bcb538475fbc4938299f4599d3a3596193b 0.1s done
#11 sha256:57b8ec589d859e1168ce64a7fbc82824564ca41c25e46de2875e9aa3aa7e5fef 14.49MB / 14.49MB 1.1s done
#11 sha256:1648a51c22c2f4ef597100b621c5c7e25c17142413fd33a0e1aca12b4033eae5 488B / 488B 1.1s done
#11 sha256:6548a80622581338b724b916df3347c97fe9dac3d1014f33ffcb031bdfd6e461 16.86MB / 16.86MB 1.2s done
#11 sha256:ff3df8f32479794328057f8a707add445da333f9cc82c9f1750dca2ce16854d0 2.45kB / 2.45kB 1.1s done
#11 sha256:d17435b90723edae2dde2757045a29da3c2f4b0ba24a47f7d1a03fd473648732 22.43kB / 22.43kB 1.2s done
#11 extracting sha256:4c278b0a8d2c61c0a002423a220cfdf9ca79aab868a97f7e5b3eb16d94088547 done
#11 extracting sha256:4f5c3887d482c8caa210c801211fc5eb67e44983796b4660cb729b000e3f56de done
#11 extracting sha256:57b8ec589d859e1168ce64a7fbc82824564ca41c25e46de2875e9aa3aa7e5fef 0.1s done
#11 sha256:4f4fb700ef54461cfa02571ae0db9a0dc1e0cdb5577484a6d75e68dc38e8acc1 32B / 32B 1.2s done
#11 sha256:760ec49cf7f828a1bca9e0cb21b2ef44a9e854b5aee73dc93b769f09cb9f83c6 9.26kB / 9.26kB 1.2s done
#11 extracting sha256:1648a51c22c2f4ef597100b621c5c7e25c17142413fd33a0e1aca12b4033eae5 done
#11 extracting sha256:6548a80622581338b724b916df3347c97fe9dac3d1014f33ffcb031bdfd6e461 0.7s done
#11 extracting sha256:ff3df8f32479794328057f8a707add445da333f9cc82c9f1750dca2ce16854d0 done
#11 extracting sha256:d17435b90723edae2dde2757045a29da3c2f4b0ba24a47f7d1a03fd473648732 done
#11 extracting sha256:4f4fb700ef54461cfa02571ae0db9a0dc1e0cdb5577484a6d75e68dc38e8acc1 done
#11 extracting sha256:760ec49cf7f828a1bca9e0cb21b2ef44a9e854b5aee73dc93b769f09cb9f83c6 done
#11 DONE 2.1s

#12 [php-base 2/4] COPY build/download-apks.php build/apk.lock.json /tmp/service-build/
#12 DONE 0.0s

#10 [frontend 1/5] FROM docker.io/library/node@sha256:e5a8dee7bc1e6a215d224a7ef8206f7e77271bc3cabd5febf2beafac0674f174
#10 extracting sha256:a8ac7f6c67abc236e4c745052c404112b8fab6fe8ac3a329d1ef3b867ad67c71 1.8s done
#10 extracting sha256:990581063f5c8a03a57db7a0d116679ea6e6e335d4ac48ef457f26f82d917eba done
#10 extracting sha256:4996e33358abd29e5daf56cdda6681efb4db3bd55b5ab63a7d3d44f8400195a4 0.1s
#10 extracting sha256:4996e33358abd29e5daf56cdda6681efb4db3bd55b5ab63a7d3d44f8400195a4 1.8s done
#10 extracting sha256:f95897c2a1fb7bce26b018dd74b2845f816f7b86d5adff2939c6482b1d5b474c
#10 extracting sha256:f95897c2a1fb7bce26b018dd74b2845f816f7b86d5adff2939c6482b1d5b474c 0.1s done
#10 extracting sha256:c35748eaa5ecc949b0f7cc349a9f7c4a5417dc008e2d9bebd53678d87238fcbf done
#10 DONE 4.1s

#13 [frontend 2/5] WORKDIR /frontend
#13 DONE 0.0s

#14 [composer-tool 1/1] FROM docker.io/library/composer@sha256:bdd249749908be12facc9dec72e19704371bb893f96dff3e024ec89528a5a08d
#14 resolve docker.io/library/composer@sha256:bdd249749908be12facc9dec72e19704371bb893f96dff3e024ec89528a5a08d done
#14 sha256:bdd249749908be12facc9dec72e19704371bb893f96dff3e024ec89528a5a08d 3.61kB / 3.61kB done
#14 sha256:87ef1f7078ab07ff3822199a1572016cd47bc5dc5cd9aae9e6f2d9b2884a50f9 12.14kB / 12.14kB done
#14 sha256:c74954296e3dcddf622cc98260e98c4dcf93fa3a75aa35323873dd266bd4bd1e 3.49MB / 3.49MB 0.4s done
#14 extracting sha256:c74954296e3dcddf622cc98260e98c4dcf93fa3a75aa35323873dd266bd4bd1e 0.1s done
#14 sha256:406faa0b22ce98d8b28e44c625e146357adf030ab36c13a5bcdc3d4d05696978 931B / 931B 0.4s done
#14 sha256:108ad594590ceb72747aa8d762dc9fb9d1f6377ac3e991684c4ee9c46d38e2fa 215B / 215B 0.5s done
#14 sha256:88c97ededfa581ed39cd2fad6551d825b2f6527397e92c2eafa80648778438b6 14.49MB / 14.49MB 0.5s done
#14 sha256:0bfa53ef058425d39dda0dc330b0afa6aef24ed3cac2b9cb8461ee73d98e1667 490B / 490B 0.6s done
#14 sha256:b7fa1c822b375082f66aed3706a736de5ac75f201b684d75f728d3f8218d94be 2.45kB / 2.45kB 0.6s done
#14 sha256:52bc90a67a58631429510dce4678820c6c9f4f7401f893e131eab5e61d6e4ba1 22.43kB / 22.43kB 0.7s done
#14 sha256:6361c0c16a9abd0a1ac1a96c836fd6273a651e1a15d291e2811f1e36904c0f96 22.83MB / 22.83MB 0.7s done
#14 sha256:8806a571cc741e14b8f9231f56c52579b3d524dfddf2ba831dfc13dbdafcb292 253B / 253B 0.7s done
#14 sha256:b643345218f3d9927c0c0a2c77e668efb8875590c035958d065feb6c5ae2b1b1 31.96MB / 31.96MB 0.8s done
#14 sha256:6f7b1962d76481345b26e2686cfd94cb8f3d3d9d4b9bd5473b4c8e9a7929cd76 1.08MB / 1.08MB 0.8s done
#14 extracting sha256:406faa0b22ce98d8b28e44c625e146357adf030ab36c13a5bcdc3d4d05696978 done
#14 extracting sha256:108ad594590ceb72747aa8d762dc9fb9d1f6377ac3e991684c4ee9c46d38e2fa done
#14 extracting sha256:88c97ededfa581ed39cd2fad6551d825b2f6527397e92c2eafa80648778438b6 0.1s done
#14 sha256:92421a00585b560d1bf778295d236587186c4650824389f597ff4f21925040f8 419B / 419B 0.8s done
#14 sha256:1755349a9517f4193071aca80c53be43652721fbd4ca9b15bb18c4fb1fed3a96 93B / 93B 0.8s done
#14 extracting sha256:0bfa53ef058425d39dda0dc330b0afa6aef24ed3cac2b9cb8461ee73d98e1667 done
#14 extracting sha256:6361c0c16a9abd0a1ac1a96c836fd6273a651e1a15d291e2811f1e36904c0f96 0.9s done
#14 extracting sha256:b7fa1c822b375082f66aed3706a736de5ac75f201b684d75f728d3f8218d94be done
#14 extracting sha256:52bc90a67a58631429510dce4678820c6c9f4f7401f893e131eab5e61d6e4ba1 done
#14 extracting sha256:b643345218f3d9927c0c0a2c77e668efb8875590c035958d065feb6c5ae2b1b1 1.5s done
#14 extracting sha256:8806a571cc741e14b8f9231f56c52579b3d524dfddf2ba831dfc13dbdafcb292 done
#14 extracting sha256:6f7b1962d76481345b26e2686cfd94cb8f3d3d9d4b9bd5473b4c8e9a7929cd76 0.0s done
#14 extracting sha256:92421a00585b560d1bf778295d236587186c4650824389f597ff4f21925040f8 done
#14 extracting sha256:1755349a9517f4193071aca80c53be43652721fbd4ca9b15bb18c4fb1fed3a96 done
#14 DONE 4.1s

#15 [frontend 3/5] COPY package.json package-lock.json tsconfig.json vite.config.ts ./
#15 DONE 0.0s

#16 [frontend 4/5] COPY resources/ ./resources/
#16 DONE 0.0s

#17 [php-base 3/4] RUN : > /etc/apk/repositories     && php /tmp/service-build/download-apks.php build     && apk add --no-network --repositories-file /dev/null --virtual .phpize-deps /tmp/service-apks/*.apk     && docker-php-ext-install -j2 pdo_pgsql     && apk add --no-network --repositories-file /dev/null libpq=18.6-r0 openssl=3.5.9-r0     && apk del --no-network .phpize-deps     && rm -rf /tmp/service-apks /tmp/service-build     && cp "/usr/local/etc/php/php.ini-production" "/usr/local/etc/php/php.ini"
#17 6.171 ( 1/57) Installing m4 (1.4.20-r1)
#17 6.174 ( 2/57) Installing libbz2 (1.0.8-r6)
#17 6.175 ( 3/57) Installing perl (5.42.2-r1)
#17 6.572 ( 4/57) Installing autoconf (2.73-r0)
#17 6.587 ( 5/57) Installing jansson (2.15.0-r0)
#17 6.588 ( 6/57) Installing libstdc++ (15.2.0-r5)
#17 6.601 ( 7/57) Installing binutils (2.45.1-r1)
#17 6.663 ( 8/57) Installing clang22-headers (22.1.3-r2)
#17 6.719 ( 9/57) Installing libffi (3.5.2-r1)
#17 6.720 (10/57) Installing llvm22-libs (22.1.3-r0)
#17 7.640 (11/57) Installing clang22-libs (22.1.3-r2)
#17 8.155 (12/57) Installing fortify-headers (3.0.1-r2)
#17 8.157 (13/57) Installing libgcc-static (15.2.0-r5)
#17 8.172 (14/57) Installing libstdc++-dev (15.2.0-r5)
#17 8.335 (15/57) Installing llvm22-linker-tools (22.1.3-r0)
#17 8.337 (16/57) Installing musl-dev (1.2.6-r2)
#17 8.402 (17/57) Installing clang22 (22.1.3-r2)
#17 8.416 (18/57) Installing libmd (1.2.0-r0)
#17 8.416 (19/57) Installing dpkg (1.23.7-r0)
#17 8.439 (20/57) Installing pkgconf (2.5.1-r0)
#17 8.442 (21/57) Installing dpkg-dev (1.23.7-r0)
#17 8.478 (22/57) Installing libmagic (5.47-r2)
#17 8.512 (23/57) Installing file (5.47-r2)
#17 8.513 (24/57) Installing libgomp (15.2.0-r5)
#17 8.516 (25/57) Installing libatomic (15.2.0-r5)
#17 8.517 (26/57) Installing gmp (6.3.0-r4)
#17 8.520 (27/57) Installing isl26 (0.26-r2)
#17 8.535 (28/57) Installing mpfr4 (4.2.2-r0)
#17 8.540 (29/57) Installing mpc1 (1.3.1-r1)
#17 8.541 (30/57) Installing gcc (15.2.0-r5)
#17 9.482 (31/57) Installing g++ (15.2.0-r5)
#17 9.731 (32/57) Installing icu-data-en (78.1-r0)
#17 9.746   Executing icu-data-en-78.1-r0.post-install
#17 9.784 (33/57) Installing icu-libs (78.1-r0)
#17 9.784   * If you need ICU with non-English locales and legacy charset support, install
#17 9.784   * package icu-data-full.
#17 9.816 (34/57) Installing icu (78.1-r0)
#17 9.826 (35/57) Installing icu-dev (78.1-r0)
#17 9.875 (36/57) Upgrading libcrypto3 (3.5.8-r0 -> 3.5.9-r0)
#17 9.916 (37/57) Upgrading nghttp2-libs (1.69.0-r0 -> 1.70.0-r0)
#17 9.932 (38/57) Upgrading libssl3 (3.5.8-r0 -> 3.5.9-r0)
#17 9.932 (39/57) Installing libpq (18.6-r0)
#17 9.932 (40/57) Installing libecpg (18.6-r0)
#17 9.932 (41/57) Installing openssl-dev (3.5.9-r0)
#17 9.955 (42/57) Installing libpq-dev (18.6-r0)
#17 9.969 (43/57) Installing libecpg-dev (18.6-r0)
#17 9.977 (44/57) Installing liburing (2.14-r0)
#17 9.978 (45/57) Installing liburing-ffi (2.14-r0)
#17 9.979 (46/57) Installing liburing-dev (2.14-r0)
#17 9.982 (47/57) Installing linux-headers (7.0.0-r1)
#17 10.12 (48/57) Installing llvm22 (22.1.3-r0)
#17 10.80 (49/57) Installing lz4-libs (1.10.0-r1)
#17 10.80 (50/57) Installing lz4-dev (1.10.0-r1)
#17 10.80 (51/57) Installing make (4.4.1-r4)
#17 10.81 (52/57) Upgrading openssl (3.5.8-r0 -> 3.5.9-r0)
#17 10.81 (53/57) Installing zstd (1.5.7-r2)
#17 10.81 (54/57) Installing zstd-dev (1.5.7-r2)
#17 10.82 (55/57) Installing postgresql18-dev (18.6-r0)
#17 10.97 (56/57) Installing re2c (4.5.1-r0)
#17 11.02 (57/57) Installing .phpize-deps (20261005.073821)
#17 11.02 Executing busybox-1.37.0-r31.trigger
#17 11.02 Executing ca-certificates-20260909-r0.trigger
#17 11.06 OK: 778.5 MiB in 94 packages
#17 ...

#18 [frontend 5/5] RUN node -e 'if (process.version !== "v24.19.0") throw new Error(process.version)'     && npm --version     && npm ci --ignore-scripts --no-audit --no-fund     && npm run typecheck && npm run build
#18 0.290 11.17.0
#18 4.486 
#18 4.486 added 77 packages in 4s
#18 4.489 npm notice
#18 4.489 npm notice New major version of npm available! 11.17.0 -> 12.2.0
#18 4.489 npm notice Changelog: https://github.com/npm/cli/releases/tag/v12.2.0
#18 4.489 npm notice To update run: npm install -g npm@12.2.0
#18 4.489 npm notice
#18 4.674 
#18 4.674 > product-console@0.0.0 typecheck
#18 4.674 > vue-tsc --noEmit
#18 4.674 
#18 ...

#17 [php-base 3/4] RUN : > /etc/apk/repositories     && php /tmp/service-build/download-apks.php build     && apk add --no-network --repositories-file /dev/null --virtual .phpize-deps /tmp/service-apks/*.apk     && docker-php-ext-install -j2 pdo_pgsql     && apk add --no-network --repositories-file /dev/null libpq=18.6-r0 openssl=3.5.9-r0     && apk del --no-network .phpize-deps     && rm -rf /tmp/service-apks /tmp/service-build     && cp "/usr/local/etc/php/php.ini-production" "/usr/local/etc/php/php.ini"
#17 13.76 Configuring for:
#17 13.76 PHP Version:             8.5
#17 13.76 PHP Api Version:         20250925
#17 13.76 Zend Module Api No:      20250925
#17 13.76 Zend Extension Api No:   420250925
#17 15.09 checking for grep that handles long lines and -e... /bin/grep
#17 15.14 checking for egrep... /bin/grep -E
#17 15.14 checking for a sed that does not truncate output... /bin/sed
#17 15.16 checking build system type... x86_64-pc-linux-musl
#17 15.16 checking host system type... x86_64-pc-linux-musl
#17 15.16 checking target system type... x86_64-pc-linux-musl
#17 15.19 shtool:echo:Warning: unable to determine terminal sequence for bold mode
#17 15.21 shtool:echo:Warning: unable to determine terminal sequence for bold mode
#17 15.22 checking for gawk... no
#17 15.22 checking for nawk... no
#17 15.22 checking for awk... awk
#17 15.22 checking if awk is broken... no
#17 15.23 checking for pkg-config... /usr/bin/pkg-config
#17 15.23 checking pkg-config is at least version 0.9.0... yes
#17 15.23 checking for cc... cc
#17 15.25 checking whether the C compiler works... yes
#17 15.31 checking for C compiler default output file name... a.out
#17 15.31 checking for suffix of executables... 
#17 15.37 checking whether we are cross compiling... no
#17 15.67 checking for suffix of object files... o
#17 15.76 checking whether the compiler supports GNU C... yes
#17 15.86 checking whether cc accepts -g... yes
#17 15.86 checking for cc option to enable C23 features... unsupported
#17 16.20 checking for cc option to enable C11 features... none needed
#17 16.27 checking how to run the C preprocessor... cc -E
#17 16.34 checking for egrep -e... (cached) /bin/grep -E
#17 16.34 checking for icc... no
#17 16.35 checking for suncc... no
#17 16.36 checking for system library directory... lib
#17 16.36 checking if compiler supports -Wl,-rpath,... yes
#17 16.43 checking for PHP prefix... /usr/local
#17 16.43 checking for PHP includes... -I/usr/local/include/php -I/usr/local/include/php/main -I/usr/local/include/php/TSRM -I/usr/local/include/php/Zend -I/usr/local/include/php/ext -I/usr/local/include/php/ext/date/lib
#17 16.43 checking for PHP extension directory... /usr/local/lib/php/extensions/no-debug-non-zts-20250925
#17 16.43 checking for PHP installed headers prefix... /usr/local/include/php
#17 16.43 checking if debugging is enabled... no
#17 16.45 checking if PHP is built with thread safety (ZTS)... no
#17 16.46 
#17 16.46 Configuring extension
#17 16.46 checking for PostgreSQL support for PDO... yes, shared
#17 16.47 checking for libpq >= 10.0... yes
#17 16.48 checking for PQencryptPasswordConn in -lpq... yes
#17 16.55 checking for PQresultMemorySize in -lpq... yes
#17 16.61 checking for PQclosePrepared in -lpq... yes
#17 16.92 checking for PQclosePortal in -lpq... yes
#17 17.09 checking for PDO includes... /usr/local/include/php/ext
#17 17.09 
#17 17.09 Configuring libtool
#17 17.09 checking for a sed that does not truncate output... /bin/sed
#17 17.10 checking for ld used by cc... /usr/x86_64-alpine-linux-musl/bin/ld
#17 17.11 checking if the linker (/usr/x86_64-alpine-linux-musl/bin/ld) is GNU ld... yes
#17 17.12 checking for /usr/x86_64-alpine-linux-musl/bin/ld option to reload object files... -r
#17 17.12 checking for BSD-compatible nm... /usr/bin/nm -B
#17 17.12 checking whether ln -s works... yes
#17 17.12 checking how to recognize dependent libraries... pass_all
#17 17.14 checking for stdio.h... yes
#17 17.15 checking for stdlib.h... yes
#17 17.18 checking for string.h... yes
#17 ...

#18 [frontend 5/5] RUN node -e 'if (process.version !== "v24.19.0") throw new Error(process.version)'     && npm --version     && npm ci --ignore-scripts --no-audit --no-fund     && npm run typecheck && npm run build
#18 12.34 
#18 12.34 > product-console@0.0.0 build
#18 12.34 > vite build
#18 12.34 
#18 12.86 vite v8.3.2 building client environment for production...
#18 12.87 transforming...
#18 13.11 ✓ 565 modules transformed.
#18 13.14 rendering chunks...
#18 13.20 computing gzip size...
#18 13.20 public/build/manifest.json                    0.51 kB │ gzip:  0.22 kB
#18 13.20 public/build/assets/app-CfE9kFmG.css          7.69 kB │ gzip:  2.42 kB
#18 13.20 public/build/assets/Foundation-C2NkgVs5.js    1.35 kB │ gzip:  0.73 kB
#18 13.20 public/build/assets/app-D5hk0mci.js         171.74 kB │ gzip: 58.64 kB
#18 13.20 
#18 13.20 ✓ built in 344ms
#18 DONE 15.2s

#17 [php-base 3/4] RUN : > /etc/apk/repositories     && php /tmp/service-build/download-apks.php build     && apk add --no-network --repositories-file /dev/null --virtual .phpize-deps /tmp/service-apks/*.apk     && docker-php-ext-install -j2 pdo_pgsql     && apk add --no-network --repositories-file /dev/null libpq=18.6-r0 openssl=3.5.9-r0     && apk del --no-network .phpize-deps     && rm -rf /tmp/service-apks /tmp/service-build     && cp "/usr/local/etc/php/php.ini-production" "/usr/local/etc/php/php.ini"
#17 17.22 checking for inttypes.h... yes
#17 17.25 checking for stdint.h... yes
#17 17.27 checking for strings.h... yes
#17 17.30 checking for sys/stat.h... yes
#17 17.33 checking for sys/types.h... yes
#17 17.36 checking for unistd.h... yes
#17 17.39 checking for dlfcn.h... yes
#17 17.42 checking the maximum length of command line arguments... 98304
#17 17.43 checking command to parse /usr/bin/nm -B output from cc object... ok
#17 17.49 checking for objdir... .libs
#17 17.49 checking for ar... ar
#17 17.49 checking for ranlib... ranlib
#17 17.49 checking for strip... strip
#17 17.54 checking if cc supports -fno-rtti -fno-exceptions... no
#17 17.55 checking for cc option to produce PIC... -fPIC
#17 17.55 checking if cc PIC flag -fPIC works... yes
#17 17.57 checking if cc static flag -static works... yes
#17 17.60 checking if cc supports -c -o file.o... yes
#17 17.62 checking whether the cc linker (/usr/x86_64-alpine-linux-musl/bin/ld -m elf_x86_64) supports shared libraries... yes
#17 17.63 checking whether -lc should be explicitly linked in... no
#17 17.66 checking dynamic linker characteristics... GNU/Linux ld.so
#17 17.66 checking how to hardcode library paths into programs... immediate
#17 17.66 checking whether stripping libraries is possible... yes
#17 17.67 checking if libtool supports shared libraries... yes
#17 17.67 checking whether to build shared libraries... yes
#17 17.67 checking whether to build static libraries... no
#17 17.73 
#17 17.73 creating libtool
#17 17.77 appending configuration tag "CXX" to libtool
#17 17.79 
#17 17.79 Generating files
#17 17.80 configure: creating build directories
#17 17.82 configure: creating Makefile
#17 17.82 configure: patching config.h.in
#17 17.82 configure: creating ./config.status
#17 17.85 config.status: creating config.h
#17 17.88 /bin/sh /usr/src/php/ext/pdo_pgsql/libtool --tag=CC --mode=compile cc -I. -I/usr/src/php/ext/pdo_pgsql -I/usr/local/include/php -I/usr/local/include/php/main -I/usr/local/include/php/TSRM -I/usr/local/include/php/Zend -I/usr/local/include/php/ext -I/usr/local/include/php/ext/date/lib -I/usr/include/postgresql  -fstack-protector-strong -fpic -fpie -O2 -D_LARGEFILE_SOURCE -D_FILE_OFFSET_BITS=64 -DHAVE_CONFIG_H  -fstack-protector-strong -fpic -fpie -O2 -D_LARGEFILE_SOURCE -D_FILE_OFFSET_BITS=64 -D_GNU_SOURCE    -DZEND_COMPILE_DL_EXT=1 -c /usr/src/php/ext/pdo_pgsql/pdo_pgsql.c -o pdo_pgsql.lo  -MMD -MF pdo_pgsql.dep -MT pdo_pgsql.lo
#17 17.88 /bin/sh /usr/src/php/ext/pdo_pgsql/libtool --tag=CC --mode=compile cc -I. -I/usr/src/php/ext/pdo_pgsql -I/usr/local/include/php -I/usr/local/include/php/main -I/usr/local/include/php/TSRM -I/usr/local/include/php/Zend -I/usr/local/include/php/ext -I/usr/local/include/php/ext/date/lib -I/usr/include/postgresql  -fstack-protector-strong -fpic -fpie -O2 -D_LARGEFILE_SOURCE -D_FILE_OFFSET_BITS=64 -DHAVE_CONFIG_H  -fstack-protector-strong -fpic -fpie -O2 -D_LARGEFILE_SOURCE -D_FILE_OFFSET_BITS=64 -D_GNU_SOURCE    -DZEND_COMPILE_DL_EXT=1 -c /usr/src/php/ext/pdo_pgsql/pgsql_driver.c -o pgsql_driver.lo  -MMD -MF pgsql_driver.dep -MT pgsql_driver.lo
#17 17.94 mkdir .libs
#17 17.94 mkdir .libs
#17 17.94 mkdir: can't create directory '.libs': File exists
#17 17.94  cc -I. -I/usr/src/php/ext/pdo_pgsql -I/usr/local/include/php -I/usr/local/include/php/main -I/usr/local/include/php/TSRM -I/usr/local/include/php/Zend -I/usr/local/include/php/ext -I/usr/local/include/php/ext/date/lib -I/usr/include/postgresql -fstack-protector-strong -fpic -fpie -O2 -D_LARGEFILE_SOURCE -D_FILE_OFFSET_BITS=64 -DHAVE_CONFIG_H -fstack-protector-strong -fpic -fpie -O2 -D_LARGEFILE_SOURCE -D_FILE_OFFSET_BITS=64 -D_GNU_SOURCE -DZEND_COMPILE_DL_EXT=1 -c /usr/src/php/ext/pdo_pgsql/pdo_pgsql.c -MMD -MF pdo_pgsql.dep -MT pdo_pgsql.lo  -fPIC -DPIC -o .libs/pdo_pgsql.o
#17 17.94  cc -I. -I/usr/src/php/ext/pdo_pgsql -I/usr/local/include/php -I/usr/local/include/php/main -I/usr/local/include/php/TSRM -I/usr/local/include/php/Zend -I/usr/local/include/php/ext -I/usr/local/include/php/ext/date/lib -I/usr/include/postgresql -fstack-protector-strong -fpic -fpie -O2 -D_LARGEFILE_SOURCE -D_FILE_OFFSET_BITS=64 -DHAVE_CONFIG_H -fstack-protector-strong -fpic -fpie -O2 -D_LARGEFILE_SOURCE -D_FILE_OFFSET_BITS=64 -D_GNU_SOURCE -DZEND_COMPILE_DL_EXT=1 -c /usr/src/php/ext/pdo_pgsql/pgsql_driver.c -MMD -MF pgsql_driver.dep -MT pgsql_driver.lo  -fPIC -DPIC -o .libs/pgsql_driver.o
#17 18.30 /bin/sh /usr/src/php/ext/pdo_pgsql/libtool --tag=CC --mode=compile cc -I. -I/usr/src/php/ext/pdo_pgsql -I/usr/local/include/php -I/usr/local/include/php/main -I/usr/local/include/php/TSRM -I/usr/local/include/php/Zend -I/usr/local/include/php/ext -I/usr/local/include/php/ext/date/lib -I/usr/include/postgresql  -fstack-protector-strong -fpic -fpie -O2 -D_LARGEFILE_SOURCE -D_FILE_OFFSET_BITS=64 -DHAVE_CONFIG_H  -fstack-protector-strong -fpic -fpie -O2 -D_LARGEFILE_SOURCE -D_FILE_OFFSET_BITS=64 -D_GNU_SOURCE    -DZEND_COMPILE_DL_EXT=1 -c /usr/src/php/ext/pdo_pgsql/pgsql_statement.c -o pgsql_statement.lo  -MMD -MF pgsql_statement.dep -MT pgsql_statement.lo
#17 18.35  cc -I. -I/usr/src/php/ext/pdo_pgsql -I/usr/local/include/php -I/usr/local/include/php/main -I/usr/local/include/php/TSRM -I/usr/local/include/php/Zend -I/usr/local/include/php/ext -I/usr/local/include/php/ext/date/lib -I/usr/include/postgresql -fstack-protector-strong -fpic -fpie -O2 -D_LARGEFILE_SOURCE -D_FILE_OFFSET_BITS=64 -DHAVE_CONFIG_H -fstack-protector-strong -fpic -fpie -O2 -D_LARGEFILE_SOURCE -D_FILE_OFFSET_BITS=64 -D_GNU_SOURCE -DZEND_COMPILE_DL_EXT=1 -c /usr/src/php/ext/pdo_pgsql/pgsql_statement.c -MMD -MF pgsql_statement.dep -MT pgsql_statement.lo  -fPIC -DPIC -o .libs/pgsql_statement.o
#17 18.94 /bin/sh /usr/src/php/ext/pdo_pgsql/libtool --tag=CC --mode=compile cc -I. -I/usr/src/php/ext/pdo_pgsql -I/usr/local/include/php -I/usr/local/include/php/main -I/usr/local/include/php/TSRM -I/usr/local/include/php/Zend -I/usr/local/include/php/ext -I/usr/local/include/php/ext/date/lib -I/usr/include/postgresql  -fstack-protector-strong -fpic -fpie -O2 -D_LARGEFILE_SOURCE -D_FILE_OFFSET_BITS=64 -DHAVE_CONFIG_H  -fstack-protector-strong -fpic -fpie -O2 -D_LARGEFILE_SOURCE -D_FILE_OFFSET_BITS=64 -D_GNU_SOURCE    -DZEND_COMPILE_DL_EXT=1 -c /usr/src/php/ext/pdo_pgsql/pgsql_sql_parser.c -o pgsql_sql_parser.lo  -MMD -MF pgsql_sql_parser.dep -MT pgsql_sql_parser.lo
#17 18.99  cc -I. -I/usr/src/php/ext/pdo_pgsql -I/usr/local/include/php -I/usr/local/include/php/main -I/usr/local/include/php/TSRM -I/usr/local/include/php/Zend -I/usr/local/include/php/ext -I/usr/local/include/php/ext/date/lib -I/usr/include/postgresql -fstack-protector-strong -fpic -fpie -O2 -D_LARGEFILE_SOURCE -D_FILE_OFFSET_BITS=64 -DHAVE_CONFIG_H -fstack-protector-strong -fpic -fpie -O2 -D_LARGEFILE_SOURCE -D_FILE_OFFSET_BITS=64 -D_GNU_SOURCE -DZEND_COMPILE_DL_EXT=1 -c /usr/src/php/ext/pdo_pgsql/pgsql_sql_parser.c -MMD -MF pgsql_sql_parser.dep -MT pgsql_sql_parser.lo  -fPIC -DPIC -o .libs/pgsql_sql_parser.o
#17 19.21 /bin/sh /usr/src/php/ext/pdo_pgsql/libtool --tag=CC --mode=link cc -shared -I/usr/local/include/php -I/usr/local/include/php/main -I/usr/local/include/php/TSRM -I/usr/local/include/php/Zend -I/usr/local/include/php/ext -I/usr/local/include/php/ext/date/lib -I/usr/include/postgresql  -fstack-protector-strong -fpic -fpie -O2 -D_LARGEFILE_SOURCE -D_FILE_OFFSET_BITS=64 -DHAVE_CONFIG_H  -fstack-protector-strong -fpic -fpie -O2 -D_LARGEFILE_SOURCE -D_FILE_OFFSET_BITS=64 -D_GNU_SOURCE  -Wl,-O1 -pie  -o pdo_pgsql.la -export-dynamic -avoid-version -prefer-pic -module -rpath /usr/src/php/ext/pdo_pgsql/modules  pdo_pgsql.lo pgsql_driver.lo pgsql_statement.lo pgsql_sql_parser.lo -lpq
#17 19.26 cc -shared  .libs/pdo_pgsql.o .libs/pgsql_driver.o .libs/pgsql_statement.o .libs/pgsql_sql_parser.o  -lpq  -Wl,-O1 -Wl,-soname -Wl,pdo_pgsql.so -o .libs/pdo_pgsql.so
#17 19.27 creating pdo_pgsql.la
#17 19.28 (cd .libs && rm -f pdo_pgsql.la && ln -s ../pdo_pgsql.la pdo_pgsql.la)
#17 19.28 /bin/sh /usr/src/php/ext/pdo_pgsql/libtool --tag=CC --mode=install cp ./pdo_pgsql.la /usr/src/php/ext/pdo_pgsql/modules
#17 19.29 cp ./.libs/pdo_pgsql.so /usr/src/php/ext/pdo_pgsql/modules/pdo_pgsql.so
#17 19.29 cp ./.libs/pdo_pgsql.lai /usr/src/php/ext/pdo_pgsql/modules/pdo_pgsql.la
#17 19.30 PATH="$PATH:/sbin" ldconfig -n /usr/src/php/ext/pdo_pgsql/modules
#17 19.32 ----------------------------------------------------------------------
#17 19.32 Libraries have been installed in:
#17 19.32    /usr/src/php/ext/pdo_pgsql/modules
#17 19.32 
#17 19.32 If you ever happen to want to link against installed libraries
#17 19.32 in a given directory, LIBDIR, you must either use libtool, and
#17 19.32 specify the full pathname of the library, or use the `-LLIBDIR'
#17 19.32 flag during linking and do at least one of the following:
#17 19.32    - add LIBDIR to the `LD_LIBRARY_PATH' environment variable
#17 19.32      during execution
#17 19.32    - add LIBDIR to the `LD_RUN_PATH' environment variable
#17 19.32      during linking
#17 19.32    - use the `-Wl,--rpath -Wl,LIBDIR' linker flag
#17 19.32 
#17 19.32 See any operating system documentation about shared libraries for
#17 19.32 more information, such as the ld(1) and ld.so(8) manual pages.
#17 19.33 ----------------------------------------------------------------------
#17 19.33 
#17 19.33 Build complete.
#17 19.33 Don't forget to run 'make test'.
#17 19.33 
#17 19.34 + strip --strip-all modules/pdo_pgsql.so
#17 19.37 Installing shared extensions:     /usr/local/lib/php/extensions/no-debug-non-zts-20250925/
#17 19.44 find . -name \*.gcno -o -name \*.gcda | xargs rm -f
#17 19.44 find . -name \*.lo -o -name \*.o -o -name \*.dep | xargs rm -f
#17 19.44 find . -name \*.la -o -name \*.a | xargs rm -f
#17 19.45 find . -name \*.so | xargs rm -f
#17 19.45 find . -name .libs -a -type d|xargs rm -rf
#17 19.45 rm -f libphp.la        modules/* libs/*
#17 19.45 rm -f ext/opcache/jit/ir/gen_ir_fold_hash
#17 19.45 rm -f ext/opcache/jit/ir/minilua
#17 19.45 rm -f ext/opcache/jit/ir/ir_fold_hash.h
#17 19.45 rm -f ext/opcache/jit/ir/ir_emit_x86.h
#17 19.45 rm -f ext/opcache/jit/ir/ir_emit_aarch64.h
#17 22.01 OK: 778.5 MiB in 94 packages
#17 22.02 ( 1/52) Purging .phpize-deps (20261005.073821)
#17 22.02 ( 2/52) Purging autoconf (2.73-r0)
#17 22.03 ( 3/52) Purging dpkg (1.23.7-r0)
#17 22.03 ( 4/52) Purging dpkg-dev (1.23.7-r0)
#17 22.04 ( 5/52) Purging file (5.47-r2)
#17 22.04 ( 6/52) Purging g++ (15.2.0-r5)
#17 22.05 ( 7/52) Purging gcc (15.2.0-r5)
#17 22.13 ( 8/52) Purging binutils (2.45.1-r1)
#17 22.15 ( 9/52) Purging isl26 (0.26-r2)
#17 22.15 (10/52) Purging jansson (2.15.0-r0)
#17 22.15 (11/52) Purging libatomic (15.2.0-r5)
#17 22.15 (12/52) Purging libgomp (15.2.0-r5)
#17 22.15 (13/52) Purging libmagic (5.47-r2)
#17 22.15 (14/52) Purging libmd (1.2.0-r0)
#17 22.15 (15/52) Purging linux-headers (7.0.0-r1)
#17 22.24 (16/52) Purging m4 (1.4.20-r1)
#17 22.24 (17/52) Purging make (4.4.1-r4)
#17 22.24 (18/52) Purging mpc1 (1.3.1-r1)
#17 22.24 (19/52) Purging mpfr4 (4.2.2-r0)
#17 22.24 (20/52) Purging perl (5.42.2-r1)
#17 22.38 (21/52) Purging postgresql18-dev (18.6-r0)
#17 22.46 (22/52) Purging libecpg-dev (18.6-r0)
#17 22.46 (23/52) Purging libecpg (18.6-r0)
#17 22.46 (24/52) Purging liburing-dev (2.14-r0)
#17 22.46 (25/52) Purging liburing-ffi (2.14-r0)
#17 22.46 (26/52) Purging liburing (2.14-r0)
#17 22.46 (27/52) Purging clang22 (22.1.3-r2)
#17 22.46 (28/52) Purging fortify-headers (3.0.1-r2)
#17 22.46 (29/52) Purging libgcc-static (15.2.0-r5)
#17 22.46 (30/52) Purging libstdc++-dev (15.2.0-r5)
#17 22.54 (31/52) Purging musl-dev (1.2.6-r2)
#17 22.56 (32/52) Purging clang22-headers (22.1.3-r2)
#17 22.58 (33/52) Purging icu-dev (78.1-r0)
#17 22.60 (34/52) Purging llvm22 (22.1.3-r0)
#17 22.62 (35/52) Purging llvm22-linker-tools (22.1.3-r0)
#17 22.62 (36/52) Purging lz4-dev (1.10.0-r1)
#17 22.62 (37/52) Purging lz4-libs (1.10.0-r1)
#17 22.62 (38/52) Purging re2c (4.5.1-r0)
#17 22.63 (39/52) Purging zstd-dev (1.5.7-r2)
#17 22.63 (40/52) Purging zstd (1.5.7-r2)
#17 22.63 (41/52) Purging clang22-libs (22.1.3-r2)
#17 22.63 (42/52) Purging gmp (6.3.0-r4)
#17 22.63 (43/52) Purging icu (78.1-r0)
#17 22.63 (44/52) Purging icu-libs (78.1-r0)
#17 22.64 (45/52) Purging libbz2 (1.0.8-r6)
#17 22.64 (46/52) Purging libpq-dev (18.6-r0)
#17 22.64 (47/52) Purging llvm22-libs (22.1.3-r0)
#17 22.65 (48/52) Purging openssl-dev (3.5.9-r0)
#17 22.66 (49/52) Purging pkgconf (2.5.1-r0)
#17 22.66 (50/52) Purging icu-data-en (78.1-r0)
#17 22.66 (51/52) Purging libffi (3.5.2-r1)
#17 22.66 (52/52) Purging libstdc++ (15.2.0-r5)
#17 22.67 Executing busybox-1.37.0-r31.trigger
#17 22.67 OK: 20.7 MiB in 42 packages
#17 DONE 22.8s

#19 [php-base 4/4] WORKDIR /app
#19 DONE 0.0s

#20 [dependencies 1/5] COPY --from=composer-tool /usr/bin/composer /usr/local/bin/composer
#20 DONE 0.0s

#21 [dependencies 2/5] COPY build/download-apks.php build/apk.lock.json /tmp/service-build/
#21 DONE 0.0s

#22 [dependencies 3/5] RUN php /tmp/service-build/download-apks.php composer     && apk add --no-network --repositories-file /dev/null /tmp/service-apks/*.apk     && rm -rf /tmp/service-apks /tmp/service-build
#22 0.213 (1/1) Installing unzip (6.0-r16)
#22 0.216 Executing busybox-1.37.0-r31.trigger
#22 0.222 OK: 20.9 MiB in 43 packages
#22 DONE 0.2s

#23 [dependencies 4/5] COPY . ./
#23 DONE 0.0s

#24 [dependencies 5/5] RUN composer --version     && composer validate --strict --no-check-all     && composer install --no-dev --no-plugins --no-scripts --no-interaction         --prefer-dist --no-progress --classmap-authoritative     && composer check-platform-reqs --no-dev     && mkdir -p resources bootstrap/cache
#24 0.228 Composer version 2.10.3 2026-08-27 13:34:23
#24 0.229 PHP version 8.5.11 (/usr/local/bin/php)
#24 0.229 Run the "diagnose" command to get more detailed diagnostics output.
#24 0.357 ./composer.json is valid
#24 0.465 Installing dependencies from lock file
#24 0.469 Verifying lock file contents can be installed on current platform.
#24 0.694 Package operations: 74 installs, 0 updates, 0 removals
#24 0.697   - Downloading doctrine/lexer (3.0.3)
#24 0.698   - Downloading symfony/polyfill-mbstring (v1.43.0)
#24 0.698   - Downloading symfony/polyfill-intl-normalizer (v1.43.0)
#24 0.698   - Downloading symfony/polyfill-intl-grapheme (v1.43.0)
#24 0.699   - Downloading symfony/polyfill-ctype (v1.37.0)
#24 0.699   - Downloading symfony/string (v8.1.7)
#24 0.700   - Downloading symfony/deprecation-contracts (v3.7.1)
#24 0.700   - Downloading psr/container (2.0.2)
#24 0.701   - Downloading symfony/service-contracts (v3.7.3)
#24 0.701   - Downloading symfony/polyfill-php85 (v1.43.0)
#24 0.701   - Downloading symfony/console (v8.1.8)
#24 0.702   - Downloading voku/portable-ascii (2.1.1)
#24 0.702   - Downloading symfony/polyfill-php80 (v1.43.0)
#24 0.703   - Downloading phpoption/phpoption (1.10.0)
#24 0.703   - Downloading graham-campbell/result-type (v1.2.0)
#24 0.703   - Downloading vlucas/phpdotenv (v5.7.0)
#24 0.703   - Downloading symfony/css-selector (v8.1.6)
#24 0.704   - Downloading tijsverkoyen/css-to-inline-styles (v2.4.0)
#24 0.704   - Downloading symfony/var-dumper (v8.1.7)
#24 0.704   - Downloading symfony/polyfill-uuid (v1.43.0)
#24 0.704   - Downloading symfony/uid (v8.1.8)
#24 0.705   - Downloading symfony/routing (v8.1.8)
#24 0.705   - Downloading symfony/process (v8.1.7)
#24 0.705   - Downloading symfony/polyfill-php86 (v1.43.0)
#24 0.705   - Downloading symfony/polyfill-php84 (v1.43.0)
#24 0.706   - Downloading symfony/polyfill-intl-idn (v1.43.0)
#24 0.706   - Downloading symfony/mime (v8.1.7)
#24 0.706   - Downloading psr/event-dispatcher (1.0.0)
#24 0.706   - Downloading symfony/event-dispatcher-contracts (v3.7.1)
#24 0.707   - Downloading symfony/event-dispatcher (v8.1.5)
#24 0.707   - Downloading psr/log (3.0.2)
#24 0.707   - Downloading egulias/email-validator (4.0.4)
#24 0.708   - Downloading symfony/mailer (v8.1.7)
#24 0.708   - Downloading symfony/http-foundation (v8.1.8)
#24 0.708   - Downloading symfony/error-handler (v8.1.8)
#24 0.708   - Downloading symfony/http-kernel (v8.1.8)
#24 0.709   - Downloading symfony/finder (v8.1.8)
#24 0.709   - Downloading ramsey/collection (2.1.1)
#24 0.709   - Downloading brick/math (1.0.0)
#24 0.709   - Downloading ramsey/uuid (4.9.4)
#24 0.710   - Downloading psr/simple-cache (3.0.0)
#24 0.710   - Downloading psr/http-message (2.0)
#24 0.711   - Downloading nunomaduro/termwind (v2.4.0)
#24 0.711   - Downloading symfony/translation-contracts (v3.7.1)
#24 0.711   - Downloading symfony/translation (v8.1.5)
#24 0.711   - Downloading psr/clock (1.0.0)
#24 0.711   - Downloading symfony/clock (v8.1.0)
#24 0.712   - Downloading carbonphp/carbon-doctrine-types (3.2.1)
#24 0.712   - Downloading nesbot/carbon (3.14.2)
#24 0.712   - Downloading monolog/monolog (3.12.1)
#24 0.713   - Downloading psr/http-factory (1.1.0)
#24 0.713   - Downloading league/uri-interfaces (7.8.1)
#24 0.713   - Downloading league/uri (7.8.1)
#24 0.713   - Downloading league/mime-type-detection (1.17.0)
#24 0.714   - Downloading league/flysystem-local (3.35.3)
#24 0.714   - Downloading league/flysystem (3.36.0)
#24 0.714   - Downloading nette/utils (v4.1.5)
#24 0.715   - Downloading nette/schema (v1.3.6)
#24 0.715   - Downloading dflydev/dot-access-data (v3.0.3)
#24 0.715   - Downloading league/config (v1.2.0)
#24 0.715   - Downloading league/commonmark (2.10.3)
#24 0.716   - Downloading laravel/serializable-closure (v2.1.0)
#24 0.716   - Downloading laravel/prompts (v0.3.24)
#24 0.716   - Downloading guzzlehttp/uri-template (v2.0.1)
#24 0.716   - Downloading symfony/polyfill-php82 (v1.43.0)
#24 0.717   - Downloading guzzlehttp/psr7 (3.1.0)
#24 0.717   - Downloading guzzlehttp/promises (3.0.2)
#24 0.717   - Downloading psr/http-client (1.0.3)
#24 0.717   - Downloading guzzlehttp/guzzle (8.2.0)
#24 0.718   - Downloading fruitcake/php-cors (v1.4.0)
#24 0.718   - Downloading dragonmantank/cron-expression (v3.6.0)
#24 0.718   - Downloading doctrine/inflector (2.1.0)
#24 0.719   - Downloading laravel/framework (v13.34.0)
#24 0.719   - Downloading inertiajs/inertia-laravel (v3.5.1)
#24 2.021   - Installing doctrine/lexer (3.0.3): Extracting archive
#24 2.023   - Installing symfony/polyfill-mbstring (v1.43.0): Extracting archive
#24 2.024   - Installing symfony/polyfill-intl-normalizer (v1.43.0): Extracting archive
#24 2.025   - Installing symfony/polyfill-intl-grapheme (v1.43.0): Extracting archive
#24 2.026   - Installing symfony/polyfill-ctype (v1.37.0): Extracting archive
#24 2.027   - Installing symfony/string (v8.1.7): Extracting archive
#24 2.029   - Installing symfony/deprecation-contracts (v3.7.1): Extracting archive
#24 2.030   - Installing psr/container (2.0.2): Extracting archive
#24 2.031   - Installing symfony/service-contracts (v3.7.3): Extracting archive
#24 2.033   - Installing symfony/polyfill-php85 (v1.43.0): Extracting archive
#24 2.033   - Installing symfony/console (v8.1.8): Extracting archive
#24 2.035   - Installing voku/portable-ascii (2.1.1): Extracting archive
#24 2.036   - Installing symfony/polyfill-php80 (v1.43.0): Extracting archive
#24 2.036   - Installing phpoption/phpoption (1.10.0): Extracting archive
#24 2.037   - Installing graham-campbell/result-type (v1.2.0): Extracting archive
#24 2.037   - Installing vlucas/phpdotenv (v5.7.0): Extracting archive
#24 2.037   - Installing symfony/css-selector (v8.1.6): Extracting archive
#24 2.038   - Installing tijsverkoyen/css-to-inline-styles (v2.4.0): Extracting archive
#24 2.038   - Installing symfony/var-dumper (v8.1.7): Extracting archive
#24 2.038   - Installing symfony/polyfill-uuid (v1.43.0): Extracting archive
#24 2.039   - Installing symfony/uid (v8.1.8): Extracting archive
#24 2.039   - Installing symfony/routing (v8.1.8): Extracting archive
#24 2.039   - Installing symfony/process (v8.1.7): Extracting archive
#24 2.040   - Installing symfony/polyfill-php86 (v1.43.0): Extracting archive
#24 2.040   - Installing symfony/polyfill-php84 (v1.43.0): Extracting archive
#24 2.040   - Installing symfony/polyfill-intl-idn (v1.43.0): Extracting archive
#24 2.041   - Installing symfony/mime (v8.1.7): Extracting archive
#24 2.041   - Installing psr/event-dispatcher (1.0.0): Extracting archive
#24 2.041   - Installing symfony/event-dispatcher-contracts (v3.7.1): Extracting archive
#24 2.042   - Installing symfony/event-dispatcher (v8.1.5): Extracting archive
#24 2.042   - Installing psr/log (3.0.2): Extracting archive
#24 2.042   - Installing egulias/email-validator (4.0.4): Extracting archive
#24 2.043   - Installing symfony/mailer (v8.1.7): Extracting archive
#24 2.043   - Installing symfony/http-foundation (v8.1.8): Extracting archive
#24 2.043   - Installing symfony/error-handler (v8.1.8): Extracting archive
#24 2.044   - Installing symfony/http-kernel (v8.1.8): Extracting archive
#24 2.044   - Installing symfony/finder (v8.1.8): Extracting archive
#24 2.044   - Installing ramsey/collection (2.1.1): Extracting archive
#24 2.045   - Installing brick/math (1.0.0): Extracting archive
#24 2.045   - Installing ramsey/uuid (4.9.4): Extracting archive
#24 2.045   - Installing psr/simple-cache (3.0.0): Extracting archive
#24 2.046   - Installing psr/http-message (2.0): Extracting archive
#24 2.046   - Installing nunomaduro/termwind (v2.4.0): Extracting archive
#24 2.046   - Installing symfony/translation-contracts (v3.7.1): Extracting archive
#24 2.047   - Installing symfony/translation (v8.1.5): Extracting archive
#24 2.047   - Installing psr/clock (1.0.0): Extracting archive
#24 2.047   - Installing symfony/clock (v8.1.0): Extracting archive
#24 2.048   - Installing carbonphp/carbon-doctrine-types (3.2.1): Extracting archive
#24 2.048   - Installing nesbot/carbon (3.14.2): Extracting archive
#24 2.048   - Installing monolog/monolog (3.12.1): Extracting archive
#24 2.049   - Installing psr/http-factory (1.1.0): Extracting archive
#24 2.049   - Installing league/uri-interfaces (7.8.1): Extracting archive
#24 2.049   - Installing league/uri (7.8.1): Extracting archive
#24 2.050   - Installing league/mime-type-detection (1.17.0): Extracting archive
#24 2.050   - Installing league/flysystem-local (3.35.3): Extracting archive
#24 2.050   - Installing league/flysystem (3.36.0): Extracting archive
#24 2.051   - Installing nette/utils (v4.1.5): Extracting archive
#24 2.051   - Installing nette/schema (v1.3.6): Extracting archive
#24 2.051   - Installing dflydev/dot-access-data (v3.0.3): Extracting archive
#24 2.051   - Installing league/config (v1.2.0): Extracting archive
#24 2.052   - Installing league/commonmark (2.10.3): Extracting archive
#24 2.052   - Installing laravel/serializable-closure (v2.1.0): Extracting archive
#24 2.052   - Installing laravel/prompts (v0.3.24): Extracting archive
#24 2.053   - Installing guzzlehttp/uri-template (v2.0.1): Extracting archive
#24 2.053   - Installing symfony/polyfill-php82 (v1.43.0): Extracting archive
#24 2.053   - Installing guzzlehttp/psr7 (3.1.0): Extracting archive
#24 2.054   - Installing guzzlehttp/promises (3.0.2): Extracting archive
#24 2.054   - Installing psr/http-client (1.0.3): Extracting archive
#24 2.054   - Installing guzzlehttp/guzzle (8.2.0): Extracting archive
#24 2.055   - Installing fruitcake/php-cors (v1.4.0): Extracting archive
#24 2.055   - Installing dragonmantank/cron-expression (v3.6.0): Extracting archive
#24 2.055   - Installing doctrine/inflector (2.1.0): Extracting archive
#24 2.056   - Installing laravel/framework (v13.34.0): Extracting archive
#24 2.056   - Installing inertiajs/inertia-laravel (v3.5.1): Extracting archive
#24 2.894 Generating optimized autoload files
#24 3.653 54 packages you are using are looking for funding.
#24 3.653 Use the `composer fund` command to find out more!
#24 3.788 Checking non-dev platform requirements for packages in the vendor dir
#24 3.796 composer-runtime-api 2.2.2      success                                       
#24 3.796 ext-ctype            *          success provided by symfony/polyfill-ctype    
#24 3.796 ext-dom              20031129   success                                       
#24 3.796 ext-fileinfo         8.5.11     success                                       
#24 3.797 ext-filter           8.5.11     success                                       
#24 3.797 ext-hash             8.5.11     success                                       
#24 3.797 ext-iconv            8.5.11     success                                       
#24 3.797 ext-json             8.5.11     success                                       
#24 3.797 ext-libxml           8.5.11     success                                       
#24 3.797 ext-mbstring         *          success provided by symfony/polyfill-mbstring 
#24 3.797 ext-openssl          8.5.11     success                                       
#24 3.797 ext-pcre             8.5.11     success                                       
#24 3.797 ext-pdo              8.5.11     success                                       
#24 3.797 ext-pdo_pgsql        8.5.11     success                                       
#24 3.797 ext-session          8.5.11     success                                       
#24 3.797 ext-tokenizer        8.5.11     success                                       
#24 3.797 php                  8.5.11     success                                       
#24 DONE 3.9s

#25 [php-runtime  1/11] COPY --from=dependencies /app/vendor/ ./vendor/
#25 DONE 0.8s

#26 [php-runtime  2/11] COPY --from=dependencies /app/app/ ./app/
#26 DONE 0.0s

#27 [php-runtime  3/11] COPY --from=dependencies /app/bootstrap/ ./bootstrap/
#27 DONE 0.0s

#28 [php-runtime  4/11] COPY --from=dependencies /app/config/ ./config/
#28 DONE 0.0s

#29 [php-runtime  5/11] COPY --from=dependencies /app/public/ ./public/
#29 DONE 0.0s

#30 [php-runtime  6/11] COPY --from=dependencies /app/routes/ ./routes/
#30 DONE 0.0s

#31 [php-runtime  7/11] COPY --from=dependencies /app/artisan /app/composer.json /app/composer.lock ./
#31 DONE 0.0s

#32 [php-runtime  8/11] COPY --from=dependencies /app/resources/views/ ./resources/views/
#32 DONE 0.0s

#33 [php-runtime  9/11] COPY --from=dependencies /app/resources/js/pages/ ./resources/js/pages/
#33 DONE 0.0s

#34 [php-runtime 10/11] COPY --from=frontend /frontend/public/build/ ./public/build/
#34 DONE 0.0s

#35 [php-runtime 11/11] RUN mkdir -p bootstrap/cache storage/framework/cache storage/framework/sessions storage/framework/views storage/logs     && chown -R 10001:10001 bootstrap/cache storage     && printf '[global]\npid = /tmp/php-fpm.pid\n[www]\nlisten = 9000\nclear_env = no\n' > /usr/local/etc/php-fpm.d/zz-service.conf     && printf '%s\n' '#!/bin/sh' 'set -eu'         'mkdir -p /app/bootstrap/cache /app/storage/framework/cache /app/storage/framework/sessions /app/storage/framework/views /app/storage/logs'         'exec docker-php-entrypoint "$@"' > /usr/local/bin/service-entrypoint     && chmod 0755 /usr/local/bin/service-entrypoint
#35 DONE 0.1s

#36 exporting to image
#36 exporting layers
#36 exporting layers 1.9s done
#36 writing image sha256:65aa640c52a47ac6d4aa1c611aa28302eab0a65e535c570422530a625dbe5e34 done
#36 naming to docker.io/library/p01-console:36a14811b5afa23717566d5e8a08632e011f44a5 done
#36 DONE 1.9s
