[
    {
        "Id": "sha256:65aa640c52a47ac6d4aa1c611aa28302eab0a65e535c570422530a625dbe5e34",
        "RepoTags": [
            "p01-console:36a14811b5afa23717566d5e8a08632e011f44a5"
        ],
        "RepoDigests": [],
        "Parent": "",
        "Comment": "buildkit.dockerfile.v0",
        "Created": "2026-10-05T07:38:43.596295886Z",
        "DockerVersion": "",
        "Author": "",
        "Config": {
            "Hostname": "",
            "Domainname": "",
            "User": "10001:10001",
            "AttachStdin": false,
            "AttachStdout": false,
            "AttachStderr": false,
            "ExposedPorts": {
                "9000/tcp": {}
            },
            "Tty": false,
            "OpenStdin": false,
            "StdinOnce": false,
            "Env": [
                "PATH=/usr/local/sbin:/usr/local/bin:/usr/sbin:/usr/bin:/sbin:/bin",
                "PHPIZE_DEPS=autoconf \t\tdpkg-dev dpkg \t\tfile \t\tg++ \t\tgcc \t\tlibc-dev \t\tmake \t\tpkgconf \t\tre2c",
                "PHP_INI_DIR=/usr/local/etc/php",
                "PHP_CFLAGS=-fstack-protector-strong -fpic -fpie -O2 -D_LARGEFILE_SOURCE -D_FILE_OFFSET_BITS=64",
                "PHP_CPPFLAGS=-fstack-protector-strong -fpic -fpie -O2 -D_LARGEFILE_SOURCE -D_FILE_OFFSET_BITS=64",
                "PHP_LDFLAGS=-Wl,-O1 -pie",
                "GPG_KEYS=1198C0117593497A5EC5C199286AF1F9897469DC 49D9AF6BC72A80D6691719C8AA23F5BE9C7097D4 D95C03BC702BE9515344AE3374E44BC9067701A5",
                "PHP_VERSION=8.5.11",
                "PHP_URL=https://www.php.net/distributions/php-8.5.11.tar.xz",
                "PHP_ASC_URL=https://www.php.net/distributions/php-8.5.11.tar.xz.asc",
                "PHP_SHA256=d9be75c08e8c316f4c8f4194d8fbe1750a15f6a6d9d4e3fe72082abeeb800360",
                "APP_ENV=production",
                "APP_DEBUG=false"
            ],
            "Cmd": [
                "php-fpm",
                "-F"
            ],
            "ArgsEscaped": true,
            "Image": "",
            "Volumes": null,
            "WorkingDir": "/app",
            "Entrypoint": [
                "/usr/local/bin/service-entrypoint"
            ],
            "OnBuild": null,
            "Labels": {
                "io.product.component": "console",
                "org.opencontainers.image.revision": "36a14811b5afa23717566d5e8a08632e011f44a5"
            },
            "StopSignal": "SIGQUIT"
        },
        "Architecture": "amd64",
        "Os": "linux",
        "Size": 141041546,
        "GraphDriver": {
            "Data": {
                "LowerDir": "/var/lib/docker/overlay2/xohhr3fei1dd054uq9fscwlvb/diff:/var/lib/docker/overlay2/e727rmh6qx8gey8a9dsig0lb5/diff:/var/lib/docker/overlay2/nl0dera4t17r22tp3g5q99nhc/diff:/var/lib/docker/overlay2/wmwjh20tvvhcewv4sp5h5pt7u/diff:/var/lib/docker/overlay2/so7ehklou5gizeyxpfyotwfqi/diff:/var/lib/docker/overlay2/z5kegdsq2lujy97oi5088mmhl/diff:/var/lib/docker/overlay2/8te63h47d70jirqytfoji4nxu/diff:/var/lib/docker/overlay2/iwct7ruylyh1ejf8grk8hsafk/diff:/var/lib/docker/overlay2/kckrhxly0ok3g0ozd9bwofvmc/diff:/var/lib/docker/overlay2/00zu2d3id7aduztqjnzqmcr8t/diff:/var/lib/docker/overlay2/q2f5leec6q8rq1h6703f55j6f/diff:/var/lib/docker/overlay2/1t6n2kjf4t34cdf0trh58wzub/diff:/var/lib/docker/overlay2/aqwfwh4xzfrua7e6r8pvh2s15/diff:/var/lib/docker/overlay2/362b972f6977aef111258706a8cbff516bd932fb424bdab6fae2ac0f390a4735/diff:/var/lib/docker/overlay2/020c57aebb4d0df1fed8cc8d555941760f9d064d7d41f5ff62cf779ae967d280/diff:/var/lib/docker/overlay2/24bde61b28476794c9f714a3c3a27085388e0b2a1c2698c7c1251f2cb0f4afbc/diff:/var/lib/docker/overlay2/430a072209c7202bb167aa46fc1a4012c5e2f3656fde024f03b0e086cabf5f7e/diff:/var/lib/docker/overlay2/1d418e8973ddd37b9d69491d2dd08555edd35a7c58bf683379f3c994de9416bb/diff:/var/lib/docker/overlay2/217f7af9f7dfa5e6ab6c2676a6df51924a97cc11d9b5d8ddf652edcb7e8b9c06/diff:/var/lib/docker/overlay2/876f29c9c1320cf8dbcb6eee9b69d1d78aeb431f008d506abc228cf11b01de6a/diff:/var/lib/docker/overlay2/101712866ee44502bc644d912a916c0ef1231940c1a820dd16f1ff561e1778ba/diff:/var/lib/docker/overlay2/1a34dffe125466163095d99494450d2c895c5be98d2dd31ca224b26875243bd1/diff:/var/lib/docker/overlay2/b3d475025b01fd205431cd8cdb4d38f4aa4f2df084c19702df9c589058a9ce3a/diff:/var/lib/docker/overlay2/2ae0b48eecfe9a6e2756191da34c38096ffcefcfe60a3735da2ca81df409a0ef/diff",
                "MergedDir": "/var/lib/docker/overlay2/76ze1xnq22qjuxymv38shaej4/merged",
                "UpperDir": "/var/lib/docker/overlay2/76ze1xnq22qjuxymv38shaej4/diff",
                "WorkDir": "/var/lib/docker/overlay2/76ze1xnq22qjuxymv38shaej4/work"
            },
            "Name": "overlay2"
        },
        "RootFS": {
            "Type": "layers",
            "Layers": [
                "sha256:74d97c428c51a828f9051a7a40a53ff1fc99e54fc30323ce36760701b0b7f711",
                "sha256:1c2f060f7a595b33c6bab0d3363f650e06358b6d7467509146e75f7b75eeed16",
                "sha256:34485dd96663f24521931d3a910e61d501250545710a62dbb661a7d2810bac6c",
                "sha256:9300080927dd9e59a5b76239edc461444835b9bc903d07d170203da898efeae8",
                "sha256:364fe0d010bd8ba6e31e0b9708413c686a0709a11103f77826a6d8c70f1114f7",
                "sha256:3b223733175e42016635eb0e3d289707be3900cf9f6c03904277a97ade845f94",
                "sha256:bb9d2a2a22ecd56cb3de0f277e7e2c8bf43cb5dbdf6e31b5fa14a43d90956aa2",
                "sha256:3e9ad28155f6fadf965089a1b96b3e8f6750492610c98f9127faa8df19c39184",
                "sha256:0638497e28fbf72d460f27f2e8374b1655c9950e7f74e5de5b5b39f17144241a",
                "sha256:5f70bf18a086007016e948b04aed3b82103a36bea41755b6cddfaf10ace3c6ef",
                "sha256:e7e9b55a081b67c49c31b1ce99003174a9f74cd625a41533a9bf17cb4b38e6b0",
                "sha256:300c25d48e5312cb54ea984f8f2c79276caac04acdb544ea28b7786a057eaaa8",
                "sha256:9a091bd45a0e719df561225b66bc3d45da1cc648feb5bbc16cdbf7df3ae358b9",
                "sha256:4ce9ffa64f1313284fa2bd63128ed429db1cd45d35fc51f8b55d3fd09f0954e6",
                "sha256:7b3acacef7497829b55549328c006faa00d30b2f8fec3aeadec5a223388784fb",
                "sha256:8dec0336d65591ea8b793e1884e8a2857d46593c9dabbe8fb3b323734b3a69bb",
                "sha256:a7e2619a279236d546f40569f106d307fb8e89f29f0b098a06a90726b74b10bb",
                "sha256:f78b671c2e4cd5b92448ae5179ec436da0138658a023f0050f0258c947ae676c",
                "sha256:cbbf55224225ba4f2dad13fa4488abace3841c4b492401f819138947784dc47f",
                "sha256:7d4ba879f7e46866e32a8e812963eee681aafe1666ed8aec4d6b7584fd0c7692",
                "sha256:4c5d507ee990f05d70946ae4cd0004fa4a05c2a0e775b41f90f3ab01788517da",
                "sha256:fad167fb12369b11351e92149aada08ef16193f01028b6c9c181dae98aa71ec6",
                "sha256:a656c6dcc78dbb0c8c4320a6adbcf62cd70b74041dc56c0f905bb37ed56ca8b1",
                "sha256:f25c8bd512d572dd3fa21ed8d4baeaed6ffe3a7566f9a164d75eb04cf48aa59c",
                "sha256:b0a85b4b397eb24b989018a6b81459854ed07bb11ea404506ca0b1591aedb365"
            ]
        },
        "Metadata": {
            "LastTagTime": "2026-10-05T07:38:45.475620154Z"
        }
    }
]
