acl-libs-2.3.2-r1
alpine-baselayout-3.7.2-r1
alpine-baselayout-data-3.7.2-r1
alpine-keys-2.6-r0
alpine-release-3.24.2-r0
apk-tools-3.0.8-r0
argon2-libs-20190702-r5
brotli-libs-1.2.0-r1
busybox-1.37.0-r31
busybox-binsh-1.37.0-r31
c-ares-1.34.8-r0
ca-certificates-20260909-r0
ca-certificates-bundle-20260909-r0
curl-8.22.0-r0
gnu-libiconv-libs-1.18-r0
libapk-3.0.8-r0
libcrypto3-3.5.9-r0
libcurl-8.22.0-r0
libgcc-15.2.0-r5
libidn2-2.3.8-r0
libncursesw-6.6_p20260516-r0
libpq-18.6-r0
libpsl-0.21.5-r3
libsodium-1.0.22-r0
libssl3-3.5.9-r0
libunistring-1.4.2-r0
libxml2-2.13.9-r2
musl-1.2.6-r2
musl-utils-1.2.6-r2
ncurses-terminfo-base-6.6_p20260516-r0
nghttp2-libs-1.70.0-r0
oniguruma-6.9.10-r0
openssl-3.5.9-r0
readline-8.3.3-r1
scanelf-1.3.9-r1
sqlite-libs-3.53.4-r0
ssl_client-1.37.0-r31
tar-1.35-r5
xz-5.8.4-r0
xz-libs-5.8.4-r0
zlib-1.3.2-r0
zstd-libs-1.5.7-r2
