
> product-console@0.0.0 build
> vite build

vite v8.3.2 building client environment for production...
transforming...
✓ 582 modules transformed.
rendering chunks...
computing gzip size...
public/build/manifest.json                         2.77 kB │ gzip:  0.51 kB
public/build/assets/IdentityLayout-DWjcmymb.css    0.88 kB │ gzip:  0.35 kB
public/build/assets/app-e60AENEA.css              12.11 kB │ gzip:  3.25 kB
public/build/assets/IdentityLayout-BJr7JN_d.js     1.23 kB │ gzip:  0.76 kB
public/build/assets/Foundation-DhtBVIRN.js         1.60 kB │ gzip:  0.83 kB
public/build/assets/Login-BJc8snnL.js              1.75 kB │ gzip:  0.82 kB
public/build/assets/Password-D6aEpbUw.js           2.17 kB │ gzip:  0.88 kB
public/build/assets/ChangeNotice-DL5ZkRbH.js       2.32 kB │ gzip:  1.11 kB
public/build/assets/Account-T_VKLaSI.js            3.69 kB │ gzip:  1.60 kB
public/build/assets/Setup-xotpjjgH.js              5.65 kB │ gzip:  2.32 kB
public/build/assets/Tenant-oZOmY_L8.js             7.73 kB │ gzip:  2.65 kB
public/build/assets/app-fOk3S7Mg.js              182.64 kB │ gzip: 62.48 kB

✓ built in 361ms
