composer-plugin-api  2.9.0      success                                       
composer-runtime-api 2.2.2      success                                       
ext-ctype            *          success provided by symfony/polyfill-ctype    
ext-date             8.5.11     success                                       
ext-dom              20031129   success                                       
ext-fileinfo         8.5.11     success                                       
ext-filter           8.5.11     success                                       
ext-hash             8.5.11     success                                       
ext-iconv            8.5.11     success                                       
ext-json             8.5.11     success                                       
ext-libxml           8.5.11     success                                       
ext-mbstring         *          success provided by symfony/polyfill-mbstring 
ext-openssl          8.5.11     success                                       
ext-pcre             8.5.11     success                                       
ext-pdo              8.5.11     success                                       
ext-pdo_pgsql        8.5.11     success                                       
ext-phar             8.5.11     success                                       
ext-reflection       8.5.11     success                                       
ext-session          8.5.11     success                                       
ext-simplexml        8.5.11     success                                       
ext-tokenizer        8.5.11     success                                       
ext-xml              8.5.11     success                                       
ext-xmlwriter        8.5.11     success                                       
php                  8.5.11     success                                       
