
   PASS  Tests\Feature\GovernanceOutboxTest
  ✓ it publishes a schema-validated minimal fact reference and preserve… 0.43s  
  ✓ it retains an uncertain publication and replays exactly the same ev… 0.17s  
  ✓ it replays a confirmed event after the database acknowledgement is…  0.17s  
  ✓ it delivers committed history even when its originating actor no lo… 0.18s  
  ✓ it quarantines malformed facts without blocking independent tenant…  0.17s  
  ✓ it rejects unknown event types and mismatched scope without publish… 0.15s  
  ✓ it rejects unknown event types and mismatched scope without publish… 0.14s  
  ✓ it fails closed without broker custody and bounds operator commands  0.17s  

   PASS  Tests\Feature\GovernanceBrokerTest
  ✓ it recovers a killed confirmed publisher with a stable wire and dur… 0.38s  
  ✓ it skips a locked claim then permits two independent relays to fini… 0.48s  
  ✓ it requires a routed confirmation and verified TLS, then recovers a… 0.17s  

   PASS  Tests\Feature\IdentityOutboxTest
  ✓ it delivers an existing bootstrap fact without rewriting its audit…  0.08s  
  ✓ it preserves identical identity wire bytes across uncertain confirm… 0.08s  
  ✓ it replays identity history after database acknowledgement rollback  0.08s  
  ✓ it caps retry delay and isolates a malformed event from the remaini… 0.09s  
  ✓ it validates identity event types, audit attribution and immutable…  0.07s  
  ✓ it validates identity event types, audit attribution and immutable…  0.08s  
  ✓ it validates identity event types, audit attribution and immutable…  0.09s  
  ✓ it validates identity event types, audit attribution and immutable…  0.08s  
  ✓ it validates identity event types, audit attribution and immutable…  0.08s  
  ✓ it validates identity event types, audit attribution and immutable…  0.10s  
  ✓ it reports unavailable audit storage without poisoning a pending fa… 0.09s  
  ✓ it continues delivery after federation retirement and session revoc… 0.15s  
  ✓ it denies invalid batch limits and keeps schemata byte-identical     0.07s  
  ✓ it encodes every supported identity event using internal attributio… 0.08s  
  ✓ it encodes every supported identity event using internal attributio… 0.08s  
  ✓ it encodes every supported identity event using internal attributio… 0.07s  
  ✓ it encodes every supported identity event using internal attributio… 0.07s  
  ✓ it encodes every supported identity event using internal attributio… 0.08s  
  ✓ it encodes every supported identity event using internal attributio… 0.07s  
  ✓ it encodes every supported identity event using internal attributio… 0.07s  
  ✓ it encodes every supported identity event using internal attributio… 0.07s  
  ✓ it encodes every supported identity event using internal attributio… 0.07s  
  ✓ it encodes every supported identity event using internal attributio… 0.07s  
  ✓ it encodes every supported identity event using internal attributio… 0.07s  
  ✓ it encodes every supported identity event using internal attributio… 0.07s  

   PASS  Tests\Feature\IdentityBrokerTest
  ✓ it recovers a killed confirmed publisher with a stable wire and dur… 0.28s  
  ✓ it skips a locked claim then permits two independent relays to fini… 0.42s  
  ✓ it requires a routed confirmation and verified TLS, then recovers a… 0.11s  

   PASS  Tests\Feature\ApprovalTest
  ✓ it binds an independent approval to an immutable plan and named exe… 0.27s  
  ✓ it denies self-approval even if the requestor also has a reviewer g… 0.30s  
  ✓ it denies a named executor from approving even if given approval au… 0.29s  
  ✓ it rejects every changed approval binding rather than widening the…  0.25s  
  ✓ it rejects every changed approval binding rather than widening the…  0.24s  
  ✓ it rejects every changed approval binding rather than widening the…  0.24s  
  ✓ it rejects every changed approval binding rather than widening the…  0.24s  
  ✓ it rejects every changed approval binding rather than widening the…  0.24s  
  ✓ it rejects every changed approval binding rather than widening the…  0.24s  
  ✓ it rejects every changed approval binding rather than widening the…  0.25s  
  ✓ it denies an unnamed executor and cross-tenant approval identifiers  0.34s  
  ✓ it records rejection and revocation without destroying history or p… 0.35s  
  ✓ it expires approval authoritatively and records the transition once  0.31s  
  ✓ it requires fresh authority and cannot resurrect an approval after…  0.29s  
  ✓ it fails closed on missing plan authority and detects changed autho… 0.24s  
  ✓ it returns the original idempotent decision but rejects changed rea… 0.26s  
  ✓ it does not fall back to a synthetic plan source in the deployed ad… 0.22s  
  ✓ it records background expiry once without a live session or availab… 0.24s  
  ✓ it preserves the v1 audit UUID contract without attributing system…  0.26s  
  ✓ it expires bounded batches at the exact deadline and leaves termina… 0.28s  
  ✓ it rolls expiry back if its durable outbox cannot be written         0.30s  

  Tests:    60 passed (854 assertions)
  Duration: 11.20s

