#0 building with "default" instance using docker driver

#1 [internal] load build definition from Dockerfile
#1 transferring dockerfile: 3.00kB done
#1 DONE 0.0s

#2 [auth] library/composer:pull token for registry-1.docker.io
#2 DONE 0.0s

#3 [auth] library/php:pull token for registry-1.docker.io
#3 DONE 0.0s

#4 [internal] load metadata for docker.io/library/composer@sha256:bdd249749908be12facc9dec72e19704371bb893f96dff3e024ec89528a5a08d
#4 DONE 0.3s

#5 [internal] load metadata for docker.io/library/php@sha256:c0dc98639fddeaad891a338e1e3fa2b2d724eb616bcd5a0bb1d8afd650e0fda3
#5 DONE 0.3s

#6 [internal] load .dockerignore
#6 transferring context: 459B done
#6 DONE 0.0s

#7 [internal] load build context
#7 transferring context: 389.85kB 0.0s done
#7 DONE 0.0s

#8 [php-base 1/4] FROM docker.io/library/php@sha256:c0dc98639fddeaad891a338e1e3fa2b2d724eb616bcd5a0bb1d8afd650e0fda3
#8 resolve docker.io/library/php@sha256:c0dc98639fddeaad891a338e1e3fa2b2d724eb616bcd5a0bb1d8afd650e0fda3 done
#8 sha256:c0dc98639fddeaad891a338e1e3fa2b2d724eb616bcd5a0bb1d8afd650e0fda3 3.07kB / 3.07kB done
#8 sha256:611a3d8a1bdfe71c093d2e097ca10c84d1ef973b510de74a26f42f4e96ac513b 226B / 226B 0.1s done
#8 sha256:9b021f8315053203c86b5df5d6c858e1f6b78fbed3b1aa4fa8ecf305e6b17aa8 0B / 104.35MB 0.1s
#8 sha256:38a8a315d5f676b86a9011bbd6b4fd95f6f13bb788bac154a2c9361c03e15449 223B / 223B 0.1s done
#8 sha256:f5978ed912fac564381c3caecc6c9e0915471966ac27e016766772baa208a17f 0B / 14.58MB 0.1s
#8 sha256:1eec88f3ef7f7e2885c1608aebe4ae463bd19a8971d582b550bc1b0588aad252 11.08kB / 11.08kB done
#8 sha256:774043ccc8ccd0d0833a9ee0792142ab7ad93df971e59dd248fbf82db16d0150 1.05MB / 28.24MB 0.1s
#8 sha256:774043ccc8ccd0d0833a9ee0792142ab7ad93df971e59dd248fbf82db16d0150 28.24MB / 28.24MB 0.2s done
#8 extracting sha256:774043ccc8ccd0d0833a9ee0792142ab7ad93df971e59dd248fbf82db16d0150
#8 sha256:9b021f8315053203c86b5df5d6c858e1f6b78fbed3b1aa4fa8ecf305e6b17aa8 40.89MB / 104.35MB 0.3s
#8 sha256:f5978ed912fac564381c3caecc6c9e0915471966ac27e016766772baa208a17f 3.15MB / 14.58MB 0.3s
#8 sha256:fc607023dd7a22cfd8625cd51b9efb1899f5e6551ee52d8a10af27129249337c 489B / 489B 0.2s done
#8 sha256:6a39461bdf6264f562e4b7163b5eb5c867f60aad7a81412f9dc120b2b7ee9959 9.44MB / 31.22MB 0.3s
#8 sha256:9b021f8315053203c86b5df5d6c858e1f6b78fbed3b1aa4fa8ecf305e6b17aa8 62.91MB / 104.35MB 0.4s
#8 sha256:f5978ed912fac564381c3caecc6c9e0915471966ac27e016766772baa208a17f 8.39MB / 14.58MB 0.4s
#8 sha256:6a39461bdf6264f562e4b7163b5eb5c867f60aad7a81412f9dc120b2b7ee9959 29.36MB / 31.22MB 0.4s
#8 sha256:9b021f8315053203c86b5df5d6c858e1f6b78fbed3b1aa4fa8ecf305e6b17aa8 98.57MB / 104.35MB 0.5s
#8 sha256:f5978ed912fac564381c3caecc6c9e0915471966ac27e016766772baa208a17f 14.58MB / 14.58MB 0.4s done
#8 sha256:6a39461bdf6264f562e4b7163b5eb5c867f60aad7a81412f9dc120b2b7ee9959 31.22MB / 31.22MB 0.4s done
#8 sha256:4f4fb700ef54461cfa02571ae0db9a0dc1e0cdb5577484a6d75e68dc38e8acc1 32B / 32B 0.5s done
#8 sha256:d7b35ae1920d31c874a9b60f5323460f721ef6492144ea861348699feb4f1c52 0B / 9.27kB 0.5s
#8 sha256:04a6f7b50c77dea275d2ea3895aa94c2d489d626890ff788b183a883f63acad5 2.45kB / 2.45kB 0.4s done
#8 sha256:f720b01afadbdffc9e12fcb5a717c78281416e65776be1eee2697ad825f0d3df 246B / 246B 0.5s done
#8 sha256:9b021f8315053203c86b5df5d6c858e1f6b78fbed3b1aa4fa8ecf305e6b17aa8 104.35MB / 104.35MB 0.5s done
#8 sha256:d7b35ae1920d31c874a9b60f5323460f721ef6492144ea861348699feb4f1c52 9.27kB / 9.27kB 0.5s done
#8 extracting sha256:774043ccc8ccd0d0833a9ee0792142ab7ad93df971e59dd248fbf82db16d0150 1.6s done
#8 extracting sha256:611a3d8a1bdfe71c093d2e097ca10c84d1ef973b510de74a26f42f4e96ac513b done
#8 extracting sha256:9b021f8315053203c86b5df5d6c858e1f6b78fbed3b1aa4fa8ecf305e6b17aa8
#8 extracting sha256:9b021f8315053203c86b5df5d6c858e1f6b78fbed3b1aa4fa8ecf305e6b17aa8 3.4s done
#8 extracting sha256:38a8a315d5f676b86a9011bbd6b4fd95f6f13bb788bac154a2c9361c03e15449 done
#8 extracting sha256:f5978ed912fac564381c3caecc6c9e0915471966ac27e016766772baa208a17f
#8 extracting sha256:f5978ed912fac564381c3caecc6c9e0915471966ac27e016766772baa208a17f 0.1s done
#8 extracting sha256:fc607023dd7a22cfd8625cd51b9efb1899f5e6551ee52d8a10af27129249337c done
#8 extracting sha256:6a39461bdf6264f562e4b7163b5eb5c867f60aad7a81412f9dc120b2b7ee9959
#8 extracting sha256:6a39461bdf6264f562e4b7163b5eb5c867f60aad7a81412f9dc120b2b7ee9959 0.7s done
#8 extracting sha256:04a6f7b50c77dea275d2ea3895aa94c2d489d626890ff788b183a883f63acad5 done
#8 extracting sha256:f720b01afadbdffc9e12fcb5a717c78281416e65776be1eee2697ad825f0d3df
#8 extracting sha256:f720b01afadbdffc9e12fcb5a717c78281416e65776be1eee2697ad825f0d3df done
#8 extracting sha256:4f4fb700ef54461cfa02571ae0db9a0dc1e0cdb5577484a6d75e68dc38e8acc1 done
#8 extracting sha256:d7b35ae1920d31c874a9b60f5323460f721ef6492144ea861348699feb4f1c52 done
#8 DONE 6.9s

#9 [php-base 2/4] COPY build/snapshot.sh /tmp/service-snapshot.sh
#9 DONE 0.0s

#10 [composer-tool 1/1] FROM docker.io/library/composer@sha256:bdd249749908be12facc9dec72e19704371bb893f96dff3e024ec89528a5a08d
#10 resolve docker.io/library/composer@sha256:bdd249749908be12facc9dec72e19704371bb893f96dff3e024ec89528a5a08d done
#10 sha256:87ef1f7078ab07ff3822199a1572016cd47bc5dc5cd9aae9e6f2d9b2884a50f9 12.14kB / 12.14kB done
#10 sha256:bdd249749908be12facc9dec72e19704371bb893f96dff3e024ec89528a5a08d 3.61kB / 3.61kB done
#10 sha256:c74954296e3dcddf622cc98260e98c4dcf93fa3a75aa35323873dd266bd4bd1e 3.49MB / 3.49MB 0.6s done
#10 sha256:108ad594590ceb72747aa8d762dc9fb9d1f6377ac3e991684c4ee9c46d38e2fa 215B / 215B 0.6s done
#10 sha256:88c97ededfa581ed39cd2fad6551d825b2f6527397e92c2eafa80648778438b6 14.49MB / 14.49MB 0.7s done
#10 sha256:406faa0b22ce98d8b28e44c625e146357adf030ab36c13a5bcdc3d4d05696978 931B / 931B 0.6s done
#10 extracting sha256:c74954296e3dcddf622cc98260e98c4dcf93fa3a75aa35323873dd266bd4bd1e 0.2s done
#10 sha256:52bc90a67a58631429510dce4678820c6c9f4f7401f893e131eab5e61d6e4ba1 22.43kB / 22.43kB 0.7s done
#10 sha256:6361c0c16a9abd0a1ac1a96c836fd6273a651e1a15d291e2811f1e36904c0f96 22.83MB / 22.83MB 0.7s done
#10 sha256:b7fa1c822b375082f66aed3706a736de5ac75f201b684d75f728d3f8218d94be 2.45kB / 2.45kB 0.6s done
#10 sha256:0bfa53ef058425d39dda0dc330b0afa6aef24ed3cac2b9cb8461ee73d98e1667 490B / 490B 0.6s done
#10 sha256:b643345218f3d9927c0c0a2c77e668efb8875590c035958d065feb6c5ae2b1b1 31.96MB / 31.96MB 1.0s done
#10 sha256:8806a571cc741e14b8f9231f56c52579b3d524dfddf2ba831dfc13dbdafcb292 253B / 253B 0.7s done
#10 sha256:92421a00585b560d1bf778295d236587186c4650824389f597ff4f21925040f8 419B / 419B 0.8s done
#10 sha256:1755349a9517f4193071aca80c53be43652721fbd4ca9b15bb18c4fb1fed3a96 93B / 93B 0.8s done
#10 sha256:6f7b1962d76481345b26e2686cfd94cb8f3d3d9d4b9bd5473b4c8e9a7929cd76 1.08MB / 1.08MB 0.8s done
#10 extracting sha256:406faa0b22ce98d8b28e44c625e146357adf030ab36c13a5bcdc3d4d05696978 done
#10 extracting sha256:108ad594590ceb72747aa8d762dc9fb9d1f6377ac3e991684c4ee9c46d38e2fa done
#10 extracting sha256:88c97ededfa581ed39cd2fad6551d825b2f6527397e92c2eafa80648778438b6 0.1s done
#10 extracting sha256:0bfa53ef058425d39dda0dc330b0afa6aef24ed3cac2b9cb8461ee73d98e1667 done
#10 extracting sha256:6361c0c16a9abd0a1ac1a96c836fd6273a651e1a15d291e2811f1e36904c0f96 0.7s done
#10 extracting sha256:b7fa1c822b375082f66aed3706a736de5ac75f201b684d75f728d3f8218d94be done
#10 extracting sha256:52bc90a67a58631429510dce4678820c6c9f4f7401f893e131eab5e61d6e4ba1 done
#10 extracting sha256:b643345218f3d9927c0c0a2c77e668efb8875590c035958d065feb6c5ae2b1b1 1.2s done
#10 extracting sha256:8806a571cc741e14b8f9231f56c52579b3d524dfddf2ba831dfc13dbdafcb292 done
#10 extracting sha256:6f7b1962d76481345b26e2686cfd94cb8f3d3d9d4b9bd5473b4c8e9a7929cd76 0.0s done
#10 extracting sha256:92421a00585b560d1bf778295d236587186c4650824389f597ff4f21925040f8 done
#10 extracting sha256:1755349a9517f4193071aca80c53be43652721fbd4ca9b15bb18c4fb1fed3a96 done
#10 DONE 6.9s

#11 [php-base 3/4] RUN sh /tmp/service-snapshot.sh     && apt-get update     && apt-get install -y --no-install-recommends libpq-dev libpcre2-8-0=10.42-1+deb12u2 tzdata=2026c-0+deb12u1     && docker-php-ext-install -j2 pdo_pgsql     && apt-mark manual libpq5     && apt-get purge -y --auto-remove libpq-dev linux-libc-dev autoconf 		dpkg-dev 		file 		g++ 		gcc 		libc-dev 		make 		pkg-config 		re2c     && rm -rf /var/lib/apt/lists/* /tmp/service-snapshot.sh     && cp "/usr/local/etc/php/php.ini-production" "/usr/local/etc/php/php.ini"
#11 0.231 Get:1 https://snapshot.debian.org/archive/debian/20261004T000000Z bookworm InRelease [151 kB]
#11 0.248 Get:2 https://snapshot.debian.org/archive/debian/20261004T000000Z bookworm-updates InRelease [55.4 kB]
#11 0.255 Get:3 https://snapshot.debian.org/archive/debian-security/20261004T000000Z bookworm-security InRelease [34.8 kB]
#11 0.329 Get:4 https://snapshot.debian.org/archive/debian/20261004T000000Z bookworm/main amd64 Packages [8790 kB]
#11 0.415 Get:5 https://snapshot.debian.org/archive/debian/20261004T000000Z bookworm-updates/main amd64 Packages [6924 B]
#11 0.422 Get:6 https://snapshot.debian.org/archive/debian-security/20261004T000000Z bookworm-security/main amd64 Packages [346 kB]
#11 1.156 Fetched 9384 kB in 1s (9430 kB/s)
#11 1.156 Reading package lists...
#11 1.548 Reading package lists...
#11 1.952 Building dependency tree...
#11 2.034 Reading state information...
#11 2.121 The following additional packages will be installed:
#11 2.122   libpq5 libssl-dev libssl3 openssl
#11 2.122 Suggested packages:
#11 2.122   postgresql-doc-15 libssl-doc
#11 2.140 The following NEW packages will be installed:
#11 2.140   libpq-dev libpq5 libssl-dev
#11 2.141 The following packages will be upgraded:
#11 2.141   libpcre2-8-0 libssl3 openssl tzdata
#11 2.409 4 upgraded, 3 newly installed, 0 to remove and 0 not upgraded.
#11 2.409 Need to get 6856 kB of archives.
#11 2.409 After this operation, 14.0 MB of additional disk space will be used.
#11 2.409 Get:1 https://snapshot.debian.org/archive/debian-security/20261004T000000Z bookworm-security/main amd64 libpcre2-8-0 amd64 10.42-1+deb12u2 [262 kB]
#11 2.425 Get:2 https://snapshot.debian.org/archive/debian-security/20261004T000000Z bookworm-security/main amd64 tzdata all 2026c-0+deb12u1 [304 kB]
#11 2.434 Get:3 https://snapshot.debian.org/archive/debian-security/20261004T000000Z bookworm-security/main amd64 libssl3 amd64 3.0.22-1~deb12u1 [2039 kB]
#11 2.456 Get:4 https://snapshot.debian.org/archive/debian-security/20261004T000000Z bookworm-security/main amd64 libpq5 amd64 15.19-0+deb12u1 [203 kB]
#11 2.457 Get:5 https://snapshot.debian.org/archive/debian-security/20261004T000000Z bookworm-security/main amd64 libssl-dev amd64 3.0.22-1~deb12u1 [2450 kB]
#11 2.467 Get:6 https://snapshot.debian.org/archive/debian-security/20261004T000000Z bookworm-security/main amd64 libpq-dev amd64 15.19-0+deb12u1 [156 kB]
#11 2.468 Get:7 https://snapshot.debian.org/archive/debian-security/20261004T000000Z bookworm-security/main amd64 openssl amd64 3.0.22-1~deb12u1 [1442 kB]
#11 2.560 debconf: delaying package configuration, since apt-utils is not installed
#11 2.578 Fetched 6856 kB in 0s (21.0 MB/s)
#11 2.590 (Reading database ... 
(Reading database ... 5%
(Reading database ... 10%
(Reading database ... 15%
(Reading database ... 20%
(Reading database ... 25%
(Reading database ... 30%
(Reading database ... 35%
(Reading database ... 40%
(Reading database ... 45%
(Reading database ... 50%
(Reading database ... 55%
(Reading database ... 60%
(Reading database ... 65%
(Reading database ... 70%
(Reading database ... 75%
(Reading database ... 80%
(Reading database ... 85%
(Reading database ... 90%
(Reading database ... 95%
(Reading database ... 100%
(Reading database ... 13263 files and directories currently installed.)
#11 2.600 Preparing to unpack .../libpcre2-8-0_10.42-1+deb12u2_amd64.deb ...
#11 2.602 Unpacking libpcre2-8-0:amd64 (10.42-1+deb12u2) over (10.42-1+deb12u1) ...
#11 2.635 Setting up libpcre2-8-0:amd64 (10.42-1+deb12u2) ...
#11 2.655 (Reading database ... 
(Reading database ... 5%
(Reading database ... 10%
(Reading database ... 15%
(Reading database ... 20%
(Reading database ... 25%
(Reading database ... 30%
(Reading database ... 35%
(Reading database ... 40%
(Reading database ... 45%
(Reading database ... 50%
(Reading database ... 55%
(Reading database ... 60%
(Reading database ... 65%
(Reading database ... 70%
(Reading database ... 75%
(Reading database ... 80%
(Reading database ... 85%
(Reading database ... 90%
(Reading database ... 95%
(Reading database ... 100%
(Reading database ... 13263 files and directories currently installed.)
#11 2.663 Preparing to unpack .../0-tzdata_2026c-0+deb12u1_all.deb ...
#11 2.758 Unpacking tzdata (2026c-0+deb12u1) over (2026b-0+deb12u1) ...
#11 3.625 Preparing to unpack .../1-libssl3_3.0.22-1~deb12u1_amd64.deb ...
#11 3.627 Unpacking libssl3:amd64 (3.0.22-1~deb12u1) over (3.0.20-1~deb12u2) ...
#11 3.743 Selecting previously unselected package libpq5:amd64.
#11 3.745 Preparing to unpack .../2-libpq5_15.19-0+deb12u1_amd64.deb ...
#11 3.746 Unpacking libpq5:amd64 (15.19-0+deb12u1) ...
#11 3.772 Selecting previously unselected package libssl-dev:amd64.
#11 3.773 Preparing to unpack .../3-libssl-dev_3.0.22-1~deb12u1_amd64.deb ...
#11 3.774 Unpacking libssl-dev:amd64 (3.0.22-1~deb12u1) ...
#11 3.920 Selecting previously unselected package libpq-dev.
#11 3.921 Preparing to unpack .../4-libpq-dev_15.19-0+deb12u1_amd64.deb ...
#11 3.922 Unpacking libpq-dev (15.19-0+deb12u1) ...
#11 3.949 Preparing to unpack .../5-openssl_3.0.22-1~deb12u1_amd64.deb ...
#11 3.951 Unpacking openssl (3.0.22-1~deb12u1) over (3.0.20-1~deb12u2) ...
#11 4.064 Setting up libssl3:amd64 (3.0.22-1~deb12u1) ...
#11 4.067 Setting up libpq5:amd64 (15.19-0+deb12u1) ...
#11 4.069 Setting up tzdata (2026c-0+deb12u1) ...
#11 4.131 debconf: unable to initialize frontend: Dialog
#11 4.131 debconf: (TERM is not set, so the dialog frontend is not usable.)
#11 4.131 debconf: falling back to frontend: Readline
#11 4.137 debconf: unable to initialize frontend: Readline
#11 4.137 debconf: (This frontend requires a controlling tty.)
#11 4.137 debconf: falling back to frontend: Teletype
#11 4.170 
#11 4.170 Current default time zone: 'Etc/UTC'
#11 4.172 Local time is now:      Mon Oct  5 04:59:57 UTC 2026.
#11 4.172 Universal Time is now:  Mon Oct  5 04:59:57 UTC 2026.
#11 4.172 Run 'dpkg-reconfigure tzdata' if you wish to change it.
#11 4.172 
#11 4.225 Setting up libssl-dev:amd64 (3.0.22-1~deb12u1) ...
#11 4.227 Setting up openssl (3.0.22-1~deb12u1) ...
#11 4.231 Setting up libpq-dev (15.19-0+deb12u1) ...
#11 4.233 Processing triggers for libc-bin (2.36-9+deb12u14) ...
#11 6.370 Configuring for:
#11 6.370 PHP Version:             8.5
#11 6.370 PHP Api Version:         20250925
#11 6.370 Zend Module Api No:      20250925
#11 6.370 Zend Extension Api No:   420250925
#11 6.946 checking for grep that handles long lines and -e... /usr/bin/grep
#11 6.948 checking for egrep... /usr/bin/grep -E
#11 6.949 checking for a sed that does not truncate output... /usr/bin/sed
#11 6.978 checking build system type... x86_64-pc-linux-gnu
#11 6.983 checking host system type... x86_64-pc-linux-gnu
#11 6.983 checking target system type... x86_64-pc-linux-gnu
#11 7.011 shtool:echo:Warning: unable to determine terminal sequence for bold mode
#11 7.045 shtool:echo:Warning: unable to determine terminal sequence for bold mode
#11 7.055 checking for gawk... no
#11 7.055 checking for nawk... nawk
#11 7.056 checking if nawk is broken... no
#11 7.058 checking for pkg-config... /usr/bin/pkg-config
#11 7.059 checking pkg-config is at least version 0.9.0... yes
#11 7.060 checking for cc... cc
#11 7.084 checking whether the C compiler works... yes
#11 7.117 checking for C compiler default output file name... a.out
#11 7.118 checking for suffix of executables... 
#11 7.149 checking whether we are cross compiling... no
#11 7.186 checking for suffix of object files... o
#11 7.204 checking whether the compiler supports GNU C... yes
#11 7.220 checking whether cc accepts -g... yes
#11 7.236 checking for cc option to enable C11 features... none needed
#11 7.276 checking how to run the C preprocessor... cc -E
#11 7.319 checking for icc... no
#11 7.326 checking for suncc... no
#11 7.335 checking for system library directory... lib
#11 7.335 checking if compiler supports -Wl,-rpath,... yes
#11 7.382 checking for PHP prefix... /usr/local
#11 7.382 checking for PHP includes... -I/usr/local/include/php -I/usr/local/include/php/main -I/usr/local/include/php/TSRM -I/usr/local/include/php/Zend -I/usr/local/include/php/ext -I/usr/local/include/php/ext/date/lib
#11 7.382 checking for PHP extension directory... /usr/local/lib/php/extensions/no-debug-non-zts-20250925
#11 7.382 checking for PHP installed headers prefix... /usr/local/include/php
#11 7.382 checking if debugging is enabled... no
#11 7.397 checking if PHP is built with thread safety (ZTS)... no
#11 7.411 
#11 7.411 Configuring extension
#11 7.411 checking for PostgreSQL support for PDO... yes, shared
#11 7.413 checking for libpq >= 10.0... yes
#11 7.426 checking for PQencryptPasswordConn in -lpq... yes
#11 7.489 checking for PQresultMemorySize in -lpq... yes
#11 7.551 checking for PQclosePrepared in -lpq... no
#11 7.591 checking for PQclosePortal in -lpq... no
#11 7.629 checking for PDO includes... /usr/local/include/php/ext
#11 7.635 
#11 7.635 Configuring libtool
#11 7.636 checking for a sed that does not truncate output... /usr/bin/sed
#11 7.639 checking for ld used by cc... /usr/bin/ld
#11 7.643 checking if the linker (/usr/bin/ld) is GNU ld... yes
#11 7.646 checking for /usr/bin/ld option to reload object files... -r
#11 7.646 checking for BSD-compatible nm... /usr/bin/nm -B
#11 7.648 checking whether ln -s works... yes
#11 7.648 checking how to recognize dependent libraries... pass_all
#11 7.662 checking for stdio.h... yes
#11 7.678 checking for stdlib.h... yes
#11 7.701 checking for string.h... yes
#11 7.722 checking for inttypes.h... yes
#11 7.743 checking for stdint.h... yes
#11 7.765 checking for strings.h... yes
#11 7.786 checking for sys/stat.h... yes
#11 7.808 checking for sys/types.h... yes
#11 7.830 checking for unistd.h... yes
#11 7.856 checking for dlfcn.h... yes
#11 7.880 checking the maximum length of command line arguments... 3145728
#11 7.885 checking command to parse /usr/bin/nm -B output from cc object... ok
#11 7.942 checking for objdir... .libs
#11 7.946 checking for ar... ar
#11 7.946 checking for ranlib... ranlib
#11 7.947 checking for strip... strip
#11 7.992 checking if cc supports -fno-rtti -fno-exceptions... no
#11 8.010 checking for cc option to produce PIC... -fPIC
#11 8.010 checking if cc PIC flag -fPIC works... yes
#11 8.027 checking if cc static flag -static works... yes
#11 8.087 checking if cc supports -c -o file.o... yes
#11 8.111 checking whether the cc linker (/usr/bin/ld -m elf_x86_64) supports shared libraries... yes
#11 8.122 checking whether -lc should be explicitly linked in... no
#11 8.144 checking dynamic linker characteristics... GNU/Linux ld.so
#11 8.158 checking how to hardcode library paths into programs... immediate
#11 8.158 checking whether stripping libraries is possible... yes
#11 8.161 checking if libtool supports shared libraries... yes
#11 8.162 checking whether to build shared libraries... yes
#11 8.162 checking whether to build static libraries... no
#11 8.288 
#11 8.288 creating libtool
#11 8.305 appending configuration tag "CXX" to libtool
#11 8.310 
#11 8.310 Generating files
#11 8.329 configure: creating build directories
#11 8.346 configure: creating Makefile
#11 8.348 configure: patching config.h.in
#11 8.351 configure: creating ./config.status
#11 8.396 config.status: creating config.h
#11 8.428 /bin/bash /usr/src/php/ext/pdo_pgsql/libtool --tag=CC --mode=compile cc -I. -I/usr/src/php/ext/pdo_pgsql -I/usr/local/include/php -I/usr/local/include/php/main -I/usr/local/include/php/TSRM -I/usr/local/include/php/Zend -I/usr/local/include/php/ext -I/usr/local/include/php/ext/date/lib -I/usr/include/postgresql  -fstack-protector-strong -fpic -fpie -O2 -D_LARGEFILE_SOURCE -D_FILE_OFFSET_BITS=64 -DHAVE_CONFIG_H  -fstack-protector-strong -fpic -fpie -O2 -D_LARGEFILE_SOURCE -D_FILE_OFFSET_BITS=64 -D_GNU_SOURCE    -DZEND_COMPILE_DL_EXT=1 -c /usr/src/php/ext/pdo_pgsql/pdo_pgsql.c -o pdo_pgsql.lo  -MMD -MF pdo_pgsql.dep -MT pdo_pgsql.lo
#11 8.428 /bin/bash /usr/src/php/ext/pdo_pgsql/libtool --tag=CC --mode=compile cc -I. -I/usr/src/php/ext/pdo_pgsql -I/usr/local/include/php -I/usr/local/include/php/main -I/usr/local/include/php/TSRM -I/usr/local/include/php/Zend -I/usr/local/include/php/ext -I/usr/local/include/php/ext/date/lib -I/usr/include/postgresql  -fstack-protector-strong -fpic -fpie -O2 -D_LARGEFILE_SOURCE -D_FILE_OFFSET_BITS=64 -DHAVE_CONFIG_H  -fstack-protector-strong -fpic -fpie -O2 -D_LARGEFILE_SOURCE -D_FILE_OFFSET_BITS=64 -D_GNU_SOURCE    -DZEND_COMPILE_DL_EXT=1 -c /usr/src/php/ext/pdo_pgsql/pgsql_driver.c -o pgsql_driver.lo  -MMD -MF pgsql_driver.dep -MT pgsql_driver.lo
#11 8.516 mkdir .libs
#11 8.516 mkdir .libs
#11 8.517 mkdir: cannot create directory '.libs': File exists
#11 8.519  cc -I. -I/usr/src/php/ext/pdo_pgsql -I/usr/local/include/php -I/usr/local/include/php/main -I/usr/local/include/php/TSRM -I/usr/local/include/php/Zend -I/usr/local/include/php/ext -I/usr/local/include/php/ext/date/lib -I/usr/include/postgresql -fstack-protector-strong -fpic -fpie -O2 -D_LARGEFILE_SOURCE -D_FILE_OFFSET_BITS=64 -DHAVE_CONFIG_H -fstack-protector-strong -fpic -fpie -O2 -D_LARGEFILE_SOURCE -D_FILE_OFFSET_BITS=64 -D_GNU_SOURCE -DZEND_COMPILE_DL_EXT=1 -c /usr/src/php/ext/pdo_pgsql/pdo_pgsql.c -MMD -MF pdo_pgsql.dep -MT pdo_pgsql.lo  -fPIC -DPIC -o .libs/pdo_pgsql.o
#11 8.519  cc -I. -I/usr/src/php/ext/pdo_pgsql -I/usr/local/include/php -I/usr/local/include/php/main -I/usr/local/include/php/TSRM -I/usr/local/include/php/Zend -I/usr/local/include/php/ext -I/usr/local/include/php/ext/date/lib -I/usr/include/postgresql -fstack-protector-strong -fpic -fpie -O2 -D_LARGEFILE_SOURCE -D_FILE_OFFSET_BITS=64 -DHAVE_CONFIG_H -fstack-protector-strong -fpic -fpie -O2 -D_LARGEFILE_SOURCE -D_FILE_OFFSET_BITS=64 -D_GNU_SOURCE -DZEND_COMPILE_DL_EXT=1 -c /usr/src/php/ext/pdo_pgsql/pgsql_driver.c -MMD -MF pgsql_driver.dep -MT pgsql_driver.lo  -fPIC -DPIC -o .libs/pgsql_driver.o
#11 8.754 /bin/bash /usr/src/php/ext/pdo_pgsql/libtool --tag=CC --mode=compile cc -I. -I/usr/src/php/ext/pdo_pgsql -I/usr/local/include/php -I/usr/local/include/php/main -I/usr/local/include/php/TSRM -I/usr/local/include/php/Zend -I/usr/local/include/php/ext -I/usr/local/include/php/ext/date/lib -I/usr/include/postgresql  -fstack-protector-strong -fpic -fpie -O2 -D_LARGEFILE_SOURCE -D_FILE_OFFSET_BITS=64 -DHAVE_CONFIG_H  -fstack-protector-strong -fpic -fpie -O2 -D_LARGEFILE_SOURCE -D_FILE_OFFSET_BITS=64 -D_GNU_SOURCE    -DZEND_COMPILE_DL_EXT=1 -c /usr/src/php/ext/pdo_pgsql/pgsql_statement.c -o pgsql_statement.lo  -MMD -MF pgsql_statement.dep -MT pgsql_statement.lo
#11 8.842  cc -I. -I/usr/src/php/ext/pdo_pgsql -I/usr/local/include/php -I/usr/local/include/php/main -I/usr/local/include/php/TSRM -I/usr/local/include/php/Zend -I/usr/local/include/php/ext -I/usr/local/include/php/ext/date/lib -I/usr/include/postgresql -fstack-protector-strong -fpic -fpie -O2 -D_LARGEFILE_SOURCE -D_FILE_OFFSET_BITS=64 -DHAVE_CONFIG_H -fstack-protector-strong -fpic -fpie -O2 -D_LARGEFILE_SOURCE -D_FILE_OFFSET_BITS=64 -D_GNU_SOURCE -DZEND_COMPILE_DL_EXT=1 -c /usr/src/php/ext/pdo_pgsql/pgsql_statement.c -MMD -MF pgsql_statement.dep -MT pgsql_statement.lo  -fPIC -DPIC -o .libs/pgsql_statement.o
#11 9.047 /bin/bash /usr/src/php/ext/pdo_pgsql/libtool --tag=CC --mode=compile cc -I. -I/usr/src/php/ext/pdo_pgsql -I/usr/local/include/php -I/usr/local/include/php/main -I/usr/local/include/php/TSRM -I/usr/local/include/php/Zend -I/usr/local/include/php/ext -I/usr/local/include/php/ext/date/lib -I/usr/include/postgresql  -fstack-protector-strong -fpic -fpie -O2 -D_LARGEFILE_SOURCE -D_FILE_OFFSET_BITS=64 -DHAVE_CONFIG_H  -fstack-protector-strong -fpic -fpie -O2 -D_LARGEFILE_SOURCE -D_FILE_OFFSET_BITS=64 -D_GNU_SOURCE    -DZEND_COMPILE_DL_EXT=1 -c /usr/src/php/ext/pdo_pgsql/pgsql_sql_parser.c -o pgsql_sql_parser.lo  -MMD -MF pgsql_sql_parser.dep -MT pgsql_sql_parser.lo
#11 9.135  cc -I. -I/usr/src/php/ext/pdo_pgsql -I/usr/local/include/php -I/usr/local/include/php/main -I/usr/local/include/php/TSRM -I/usr/local/include/php/Zend -I/usr/local/include/php/ext -I/usr/local/include/php/ext/date/lib -I/usr/include/postgresql -fstack-protector-strong -fpic -fpie -O2 -D_LARGEFILE_SOURCE -D_FILE_OFFSET_BITS=64 -DHAVE_CONFIG_H -fstack-protector-strong -fpic -fpie -O2 -D_LARGEFILE_SOURCE -D_FILE_OFFSET_BITS=64 -D_GNU_SOURCE -DZEND_COMPILE_DL_EXT=1 -c /usr/src/php/ext/pdo_pgsql/pgsql_sql_parser.c -MMD -MF pgsql_sql_parser.dep -MT pgsql_sql_parser.lo  -fPIC -DPIC -o .libs/pgsql_sql_parser.o
#11 9.293 /bin/bash /usr/src/php/ext/pdo_pgsql/libtool --tag=CC --mode=link cc -shared -I/usr/local/include/php -I/usr/local/include/php/main -I/usr/local/include/php/TSRM -I/usr/local/include/php/Zend -I/usr/local/include/php/ext -I/usr/local/include/php/ext/date/lib -I/usr/include/postgresql  -fstack-protector-strong -fpic -fpie -O2 -D_LARGEFILE_SOURCE -D_FILE_OFFSET_BITS=64 -DHAVE_CONFIG_H  -fstack-protector-strong -fpic -fpie -O2 -D_LARGEFILE_SOURCE -D_FILE_OFFSET_BITS=64 -D_GNU_SOURCE  -Wl,-O1 -pie  -o pdo_pgsql.la -export-dynamic -avoid-version -prefer-pic -module -rpath /usr/src/php/ext/pdo_pgsql/modules  pdo_pgsql.lo pgsql_driver.lo pgsql_statement.lo pgsql_sql_parser.lo -lpq
#11 9.384 cc -shared  .libs/pdo_pgsql.o .libs/pgsql_driver.o .libs/pgsql_statement.o .libs/pgsql_sql_parser.o  -lpq  -Wl,-O1 -Wl,-soname -Wl,pdo_pgsql.so -o .libs/pdo_pgsql.so
#11 9.402 creating pdo_pgsql.la
#11 9.409 (cd .libs && rm -f pdo_pgsql.la && ln -s ../pdo_pgsql.la pdo_pgsql.la)
#11 9.411 /bin/bash /usr/src/php/ext/pdo_pgsql/libtool --tag=CC --mode=install cp ./pdo_pgsql.la /usr/src/php/ext/pdo_pgsql/modules
#11 9.435 cp ./.libs/pdo_pgsql.so /usr/src/php/ext/pdo_pgsql/modules/pdo_pgsql.so
#11 9.438 cp ./.libs/pdo_pgsql.lai /usr/src/php/ext/pdo_pgsql/modules/pdo_pgsql.la
#11 9.455 PATH="$PATH:/sbin" ldconfig -n /usr/src/php/ext/pdo_pgsql/modules
#11 9.457 ----------------------------------------------------------------------
#11 9.457 Libraries have been installed in:
#11 9.457    /usr/src/php/ext/pdo_pgsql/modules
#11 9.457 
#11 9.457 If you ever happen to want to link against installed libraries
#11 9.457 in a given directory, LIBDIR, you must either use libtool, and
#11 9.457 specify the full pathname of the library, or use the `-LLIBDIR'
#11 9.457 flag during linking and do at least one of the following:
#11 9.457    - add LIBDIR to the `LD_LIBRARY_PATH' environment variable
#11 9.457      during execution
#11 9.457    - add LIBDIR to the `LD_RUN_PATH' environment variable
#11 9.457      during linking
#11 9.457    - use the `-Wl,--rpath -Wl,LIBDIR' linker flag
#11 9.457    - have your system administrator add LIBDIR to `/etc/ld.so.conf'
#11 9.457 
#11 9.457 See any operating system documentation about shared libraries for
#11 9.457 more information, such as the ld(1) and ld.so(8) manual pages.
#11 9.459 ----------------------------------------------------------------------
#11 9.460 
#11 9.461 Build complete.
#11 9.462 Don't forget to run 'make test'.
#11 9.463 
#11 9.480 + strip --strip-all modules/pdo_pgsql.so
#11 9.502 Installing shared extensions:     /usr/local/lib/php/extensions/no-debug-non-zts-20250925/
#11 9.573 find . -name \*.gcno -o -name \*.gcda | xargs rm -f
#11 9.577 find . -name \*.lo -o -name \*.o -o -name \*.dep | xargs rm -f
#11 9.580 find . -name \*.la -o -name \*.a | xargs rm -f
#11 9.583 find . -name \*.so | xargs rm -f
#11 9.587 find . -name .libs -a -type d|xargs rm -rf
#11 9.590 rm -f libphp.la        modules/* libs/*
#11 9.592 rm -f ext/opcache/jit/ir/gen_ir_fold_hash
#11 9.593 rm -f ext/opcache/jit/ir/minilua
#11 9.595 rm -f ext/opcache/jit/ir/ir_fold_hash.h
#11 9.597 rm -f ext/opcache/jit/ir/ir_emit_x86.h
#11 9.598 rm -f ext/opcache/jit/ir/ir_emit_aarch64.h
#11 11.09 libpq5 set to manually installed.
#11 11.09 Reading package lists...
#11 11.49 Building dependency tree...
#11 11.57 Reading state information...
#11 11.67 The following packages will be REMOVED:
#11 11.67   autoconf* binutils* binutils-common* binutils-x86-64-linux-gnu* bzip2* cpp*
#11 11.67   cpp-12* dpkg-dev* file* g++* g++-12* gcc* gcc-12* libasan8* libatomic1*
#11 11.67   libbinutils* libc-dev-bin* libc6-dev* libcc1-0* libcrypt-dev* libctf-nobfd0*
#11 11.67   libctf0* libdpkg-perl* libgcc-12-dev* libgdbm-compat4* libgdbm6* libgomp1*
#11 11.67   libgprofng0* libisl23* libitm1* libjansson4* liblsan0* libmagic-mgc*
#11 11.67   libmagic1* libmpc3* libmpfr6* libnsl-dev* libnsl2* libperl5.36* libpkgconf3*
#11 11.67   libpq-dev* libquadmath0* libssl-dev* libstdc++-12-dev* libtirpc-common*
#11 11.67   libtirpc-dev* libtirpc3* libtsan2* libubsan1* linux-libc-dev* m4* make*
#11 11.67   patch* perl* perl-modules-5.36* pkg-config* pkgconf* pkgconf-bin* re2c*
#11 11.67   rpcsvc-proto*
#11 11.79 0 upgraded, 0 newly installed, 60 to remove and 0 not upgraded.
#11 11.79 After this operation, 342 MB disk space will be freed.
#11 11.79 (Reading database ... 
(Reading database ... 5%
(Reading database ... 10%
(Reading database ... 15%
(Reading database ... 20%
(Reading database ... 25%
(Reading database ... 30%
(Reading database ... 35%
(Reading database ... 40%
(Reading database ... 45%
(Reading database ... 50%
(Reading database ... 55%
(Reading database ... 60%
(Reading database ... 65%
(Reading database ... 70%
(Reading database ... 75%
(Reading database ... 80%
(Reading database ... 85%
(Reading database ... 90%
(Reading database ... 95%
(Reading database ... 100%
(Reading database ... 13458 files and directories currently installed.)
#11 11.80 Removing autoconf (2.71-3) ...
#11 11.82 Removing g++ (4:12.2.0-3) ...
#11 11.82 Removing gcc (4:12.2.0-3) ...
#11 11.84 Removing dpkg-dev (1.21.23) ...
#11 11.85 Removing bzip2 (1.0.8-5+b1) ...
#11 11.86 Removing cpp (4:12.2.0-3) ...
#11 11.87 Removing file (1:5.44-3) ...
#11 11.88 Removing g++-12 (12.2.0-14+deb12u1) ...
#11 11.89 Removing libstdc++-12-dev:amd64 (12.2.0-14+deb12u1) ...
#11 11.97 Removing libc6-dev:amd64 (2.36-9+deb12u14) ...
#11 12.03 Removing libc-dev-bin (2.36-9+deb12u14) ...
#11 12.04 Removing libcrypt-dev:amd64 (1:4.4.33-2) ...
#11 12.06 Removing libdpkg-perl (1.21.23) ...
#11 12.08 Removing perl (5.36.0-7+deb12u3) ...
#11 12.09 Removing libperl5.36:amd64 (5.36.0-7+deb12u3) ...
#11 12.18 Removing libgdbm-compat4:amd64 (1.23-3) ...
#11 12.19 Removing libgdbm6:amd64 (1.23-3) ...
#11 12.20 Removing libmagic1:amd64 (1:5.44-3) ...
#11 12.21 Removing libmagic-mgc (1:5.44-3) ...
#11 12.22 Removing libnsl-dev:amd64 (1.3.0-2) ...
#11 12.23 Removing libnsl2:amd64 (1.3.0-2) ...
#11 12.24 Removing pkg-config:amd64 (1.8.1-1) ...
#11 12.25 Removing pkgconf:amd64 (1.8.1-1) ...
#11 12.25 Removing pkgconf-bin (1.8.1-1) ...
#11 12.26 Removing libpkgconf3:amd64 (1.8.1-1) ...
#11 12.27 Removing libpq-dev (15.19-0+deb12u1) ...
#11 12.28 Removing libssl-dev:amd64 (3.0.22-1~deb12u1) ...
#11 12.31 Removing libtirpc-dev:amd64 (1.3.3+ds-1) ...
#11 12.32 Removing libtirpc3:amd64 (1.3.3+ds-1) ...
#11 12.33 Removing libtirpc-common (1.3.3+ds-1) ...
#11 12.34 Removing linux-libc-dev:amd64 (6.1.187-1) ...
#11 12.44 Removing m4 (1.4.19-3) ...
#11 12.45 Removing make (4.3-4.1) ...
#11 12.46 Removing patch (2.7.6-7) ...
#11 12.50 Removing perl-modules-5.36 (5.36.0-7+deb12u3) ...
#11 12.71 Removing re2c (3.0-2) ...
#11 12.73 Removing rpcsvc-proto (1.4.3-1) ...
#11 12.73 Removing gcc-12 (12.2.0-14+deb12u1) ...
#11 12.75 Removing binutils (2.40-2) ...
#11 12.76 Removing binutils-x86-64-linux-gnu (2.40-2) ...
#11 12.77 Removing libgprofng0:amd64 (2.40-2) ...
#11 12.78 Removing libctf0:amd64 (2.40-2) ...
#11 12.79 Removing libbinutils:amd64 (2.40-2) ...
#11 12.80 Removing binutils-common:amd64 (2.40-2) ...
#11 12.81 Removing cpp-12 (12.2.0-14+deb12u1) ...
#11 12.81 Removing libgcc-12-dev:amd64 (12.2.0-14+deb12u1) ...
#11 12.84 Removing libasan8:amd64 (12.2.0-14+deb12u1) ...
#11 12.84 Removing libatomic1:amd64 (12.2.0-14+deb12u1) ...
#11 12.85 Removing libcc1-0:amd64 (12.2.0-14+deb12u1) ...
#11 12.86 Removing libctf-nobfd0:amd64 (2.40-2) ...
#11 12.86 Removing libgomp1:amd64 (12.2.0-14+deb12u1) ...
#11 12.87 Removing libisl23:amd64 (0.25-1.1) ...
#11 12.88 Removing libitm1:amd64 (12.2.0-14+deb12u1) ...
#11 12.89 Removing libjansson4:amd64 (2.14-2) ...
#11 12.90 Removing liblsan0:amd64 (12.2.0-14+deb12u1) ...
#11 12.90 Removing libmpc3:amd64 (1.3.1-1) ...
#11 12.91 Removing libmpfr6:amd64 (4.2.0-1) ...
#11 12.92 Removing libquadmath0:amd64 (12.2.0-14+deb12u1) ...
#11 12.93 Removing libtsan2:amd64 (12.2.0-14+deb12u1) ...
#11 12.93 Removing libubsan1:amd64 (12.2.0-14+deb12u1) ...
#11 12.97 Processing triggers for libc-bin (2.36-9+deb12u14) ...
#11 12.99 (Reading database ... 
(Reading database ... 5%
(Reading database ... 10%
(Reading database ... 15%
(Reading database ... 20%
(Reading database ... 25%
(Reading database ... 30%
(Reading database ... 35%
(Reading database ... 40%
(Reading database ... 45%
(Reading database ... 50%
(Reading database ... 55%
(Reading database ... 60%
(Reading database ... 65%
(Reading database ... 70%
(Reading database ... 75%
(Reading database ... 80%
(Reading database ... 85%
(Reading database ... 90%
(Reading database ... 95%
(Reading database ... 100%
(Reading database ... 6998 files and directories currently installed.)
#11 12.99 Purging configuration files for libtirpc-common (1.3.3+ds-1) ...
#11 13.00 Purging configuration files for binutils-common:amd64 (2.40-2) ...
#11 13.01 Purging configuration files for libmagic1:amd64 (1:5.44-3) ...
#11 13.01 Purging configuration files for dpkg-dev (1.21.23) ...
#11 13.02 Purging configuration files for pkgconf:amd64 (1.8.1-1) ...
#11 13.02 Purging configuration files for perl (5.36.0-7+deb12u3) ...
#11 13.03 Purging configuration files for pkg-config:amd64 (1.8.1-1) ...
#11 13.04 Purging configuration files for autoconf (2.71-3) ...
#11 13.05 Purging configuration files for libcrypt-dev:amd64 (1:4.4.33-2) ...
#11 DONE 13.1s

#12 [php-base 4/4] WORKDIR /app
#12 DONE 0.0s

#13 [dependencies 1/4] COPY --from=composer-tool /usr/bin/composer /usr/local/bin/composer
#13 DONE 0.0s

#14 [dependencies 2/4] RUN apt-get update && apt-get install -y --no-install-recommends unzip     && rm -rf /var/lib/apt/lists/*
#14 0.203 Get:1 https://snapshot.debian.org/archive/debian/20261004T000000Z bookworm InRelease [151 kB]
#14 0.220 Get:2 https://snapshot.debian.org/archive/debian/20261004T000000Z bookworm-updates InRelease [55.4 kB]
#14 0.226 Get:3 https://snapshot.debian.org/archive/debian-security/20261004T000000Z bookworm-security InRelease [34.8 kB]
#14 0.284 Get:4 https://snapshot.debian.org/archive/debian/20261004T000000Z bookworm/main amd64 Packages [8790 kB]
#14 0.373 Get:5 https://snapshot.debian.org/archive/debian/20261004T000000Z bookworm-updates/main amd64 Packages [6924 B]
#14 0.379 Get:6 https://snapshot.debian.org/archive/debian-security/20261004T000000Z bookworm-security/main amd64 Packages [346 kB]
#14 1.113 Fetched 9384 kB in 1s (9586 kB/s)
#14 1.113 Reading package lists...
#14 1.528 Reading package lists...
#14 1.932 Building dependency tree...
#14 2.009 Reading state information...
#14 2.091 Suggested packages:
#14 2.091   zip
#14 2.106 The following NEW packages will be installed:
#14 2.106   unzip
#14 2.178 0 upgraded, 1 newly installed, 0 to remove and 0 not upgraded.
#14 2.178 Need to get 167 kB of archives.
#14 2.178 After this operation, 389 kB of additional disk space will be used.
#14 2.178 Get:1 https://snapshot.debian.org/archive/debian-security/20261004T000000Z bookworm-security/main amd64 unzip amd64 6.0-28+deb12u1 [167 kB]
#14 2.272 debconf: delaying package configuration, since apt-utils is not installed
#14 2.290 Fetched 167 kB in 0s (2056 kB/s)
#14 2.301 Selecting previously unselected package unzip.
#14 2.301 (Reading database ... 
(Reading database ... 5%
(Reading database ... 10%
(Reading database ... 15%
(Reading database ... 20%
(Reading database ... 25%
(Reading database ... 30%
(Reading database ... 35%
(Reading database ... 40%
(Reading database ... 45%
(Reading database ... 50%
(Reading database ... 55%
(Reading database ... 60%
(Reading database ... 65%
(Reading database ... 70%
(Reading database ... 75%
(Reading database ... 80%
(Reading database ... 85%
(Reading database ... 90%
(Reading database ... 95%
(Reading database ... 100%
(Reading database ... 6986 files and directories currently installed.)
#14 2.309 Preparing to unpack .../unzip_6.0-28+deb12u1_amd64.deb ...
#14 2.311 Unpacking unzip (6.0-28+deb12u1) ...
#14 2.335 Setting up unzip (6.0-28+deb12u1) ...
#14 DONE 2.4s

#15 [dependencies 3/4] COPY . ./
#15 DONE 0.0s

#16 [dependencies 4/4] RUN composer --version     && composer validate --strict --no-check-all     && composer install --no-dev --no-plugins --no-scripts --no-interaction         --prefer-dist --no-progress --classmap-authoritative     && composer check-platform-reqs --no-dev     && mkdir -p resources bootstrap/cache
#16 0.213 Composer version 2.10.3 2026-08-27 13:34:23
#16 0.213 PHP version 8.5.11 (/usr/local/bin/php)
#16 0.213 Run the "diagnose" command to get more detailed diagnostics output.
#16 0.334 ./composer.json is valid
#16 0.434 Installing dependencies from lock file
#16 0.439 Verifying lock file contents can be installed on current platform.
#16 0.954 Package operations: 73 installs, 0 updates, 0 removals
#16 0.957   - Downloading doctrine/lexer (3.0.3)
#16 0.958   - Downloading voku/portable-ascii (2.1.1)
#16 0.958   - Downloading symfony/polyfill-php80 (v1.43.0)
#16 0.959   - Downloading symfony/polyfill-mbstring (v1.43.0)
#16 0.959   - Downloading symfony/polyfill-ctype (v1.37.0)
#16 0.960   - Downloading phpoption/phpoption (1.10.0)
#16 0.960   - Downloading graham-campbell/result-type (v1.2.0)
#16 0.960   - Downloading vlucas/phpdotenv (v5.7.0)
#16 0.961   - Downloading symfony/css-selector (v8.1.6)
#16 0.961   - Downloading tijsverkoyen/css-to-inline-styles (v2.4.0)
#16 0.962   - Downloading symfony/var-dumper (v8.1.7)
#16 0.962   - Downloading symfony/polyfill-uuid (v1.43.0)
#16 0.962   - Downloading symfony/uid (v8.1.8)
#16 0.963   - Downloading symfony/deprecation-contracts (v3.7.1)
#16 0.963   - Downloading symfony/routing (v8.1.8)
#16 0.963   - Downloading symfony/process (v8.1.7)
#16 0.963   - Downloading symfony/polyfill-php86 (v1.43.0)
#16 0.964   - Downloading symfony/polyfill-php85 (v1.43.0)
#16 0.964   - Downloading symfony/polyfill-php84 (v1.43.0)
#16 0.964   - Downloading symfony/polyfill-intl-normalizer (v1.43.0)
#16 0.964   - Downloading symfony/polyfill-intl-idn (v1.43.0)
#16 0.965   - Downloading symfony/mime (v8.1.7)
#16 0.965   - Downloading psr/container (2.0.2)
#16 0.965   - Downloading symfony/service-contracts (v3.7.3)
#16 0.965   - Downloading psr/event-dispatcher (1.0.0)
#16 0.966   - Downloading symfony/event-dispatcher-contracts (v3.7.1)
#16 0.966   - Downloading symfony/event-dispatcher (v8.1.5)
#16 0.966   - Downloading psr/log (3.0.2)
#16 0.966   - Downloading egulias/email-validator (4.0.4)
#16 0.967   - Downloading symfony/mailer (v8.1.7)
#16 0.967   - Downloading symfony/http-foundation (v8.1.8)
#16 0.967   - Downloading symfony/error-handler (v8.1.8)
#16 0.967   - Downloading symfony/http-kernel (v8.1.8)
#16 0.968   - Downloading symfony/finder (v8.1.8)
#16 0.968   - Downloading symfony/polyfill-intl-grapheme (v1.43.0)
#16 0.968   - Downloading symfony/string (v8.1.7)
#16 0.968   - Downloading symfony/console (v8.1.8)
#16 0.969   - Downloading ramsey/collection (2.1.1)
#16 0.969   - Downloading brick/math (1.0.0)
#16 0.969   - Downloading ramsey/uuid (4.9.4)
#16 0.969   - Downloading psr/simple-cache (3.0.0)
#16 0.970   - Downloading psr/http-message (2.0)
#16 0.970   - Downloading nunomaduro/termwind (v2.4.0)
#16 0.970   - Downloading symfony/translation-contracts (v3.7.1)
#16 0.970   - Downloading symfony/translation (v8.1.5)
#16 0.971   - Downloading psr/clock (1.0.0)
#16 0.971   - Downloading symfony/clock (v8.1.0)
#16 0.971   - Downloading carbonphp/carbon-doctrine-types (3.2.1)
#16 0.972   - Downloading nesbot/carbon (3.14.2)
#16 0.972   - Downloading monolog/monolog (3.12.1)
#16 0.972   - Downloading psr/http-factory (1.1.0)
#16 0.972   - Downloading league/uri-interfaces (7.8.1)
#16 0.973   - Downloading league/uri (7.8.1)
#16 0.973   - Downloading league/mime-type-detection (1.17.0)
#16 0.973   - Downloading league/flysystem-local (3.35.3)
#16 0.973   - Downloading league/flysystem (3.36.0)
#16 0.974   - Downloading nette/utils (v4.1.5)
#16 0.974   - Downloading nette/schema (v1.3.6)
#16 0.974   - Downloading dflydev/dot-access-data (v3.0.3)
#16 0.974   - Downloading league/config (v1.2.0)
#16 0.975   - Downloading league/commonmark (2.10.3)
#16 0.975   - Downloading laravel/serializable-closure (v2.1.0)
#16 0.975   - Downloading laravel/prompts (v0.3.24)
#16 0.975   - Downloading guzzlehttp/uri-template (v2.0.1)
#16 0.976   - Downloading symfony/polyfill-php82 (v1.43.0)
#16 0.976   - Downloading guzzlehttp/psr7 (3.1.0)
#16 0.976   - Downloading guzzlehttp/promises (3.0.2)
#16 0.976   - Downloading psr/http-client (1.0.3)
#16 0.977   - Downloading guzzlehttp/guzzle (8.2.0)
#16 0.977   - Downloading fruitcake/php-cors (v1.4.0)
#16 0.977   - Downloading dragonmantank/cron-expression (v3.6.0)
#16 0.977   - Downloading doctrine/inflector (2.1.0)
#16 0.978   - Downloading laravel/framework (v13.34.0)
#16 1.682   - Installing doctrine/lexer (3.0.3): Extracting archive
#16 1.684   - Installing voku/portable-ascii (2.1.1): Extracting archive
#16 1.684   - Installing symfony/polyfill-php80 (v1.43.0): Extracting archive
#16 1.685   - Installing symfony/polyfill-mbstring (v1.43.0): Extracting archive
#16 1.686   - Installing symfony/polyfill-ctype (v1.37.0): Extracting archive
#16 1.688   - Installing phpoption/phpoption (1.10.0): Extracting archive
#16 1.689   - Installing graham-campbell/result-type (v1.2.0): Extracting archive
#16 1.690   - Installing vlucas/phpdotenv (v5.7.0): Extracting archive
#16 1.693   - Installing symfony/css-selector (v8.1.6): Extracting archive
#16 1.694   - Installing tijsverkoyen/css-to-inline-styles (v2.4.0): Extracting archive
#16 1.696   - Installing symfony/var-dumper (v8.1.7): Extracting archive
#16 1.697   - Installing symfony/polyfill-uuid (v1.43.0): Extracting archive
#16 1.697   - Installing symfony/uid (v8.1.8): Extracting archive
#16 1.698   - Installing symfony/deprecation-contracts (v3.7.1): Extracting archive
#16 1.700   - Installing symfony/routing (v8.1.8): Extracting archive
#16 1.700   - Installing symfony/process (v8.1.7): Extracting archive
#16 1.701   - Installing symfony/polyfill-php86 (v1.43.0): Extracting archive
#16 1.701   - Installing symfony/polyfill-php85 (v1.43.0): Extracting archive
#16 1.701   - Installing symfony/polyfill-php84 (v1.43.0): Extracting archive
#16 1.702   - Installing symfony/polyfill-intl-normalizer (v1.43.0): Extracting archive
#16 1.702   - Installing symfony/polyfill-intl-idn (v1.43.0): Extracting archive
#16 1.702   - Installing symfony/mime (v8.1.7): Extracting archive
#16 1.703   - Installing psr/container (2.0.2): Extracting archive
#16 1.703   - Installing symfony/service-contracts (v3.7.3): Extracting archive
#16 1.703   - Installing psr/event-dispatcher (1.0.0): Extracting archive
#16 1.704   - Installing symfony/event-dispatcher-contracts (v3.7.1): Extracting archive
#16 1.705   - Installing symfony/event-dispatcher (v8.1.5): Extracting archive
#16 1.705   - Installing psr/log (3.0.2): Extracting archive
#16 1.706   - Installing egulias/email-validator (4.0.4): Extracting archive
#16 1.707   - Installing symfony/mailer (v8.1.7): Extracting archive
#16 1.707   - Installing symfony/http-foundation (v8.1.8): Extracting archive
#16 1.707   - Installing symfony/error-handler (v8.1.8): Extracting archive
#16 1.707   - Installing symfony/http-kernel (v8.1.8): Extracting archive
#16 1.707   - Installing symfony/finder (v8.1.8): Extracting archive
#16 1.708   - Installing symfony/polyfill-intl-grapheme (v1.43.0): Extracting archive
#16 1.708   - Installing symfony/string (v8.1.7): Extracting archive
#16 1.708   - Installing symfony/console (v8.1.8): Extracting archive
#16 1.708   - Installing ramsey/collection (2.1.1): Extracting archive
#16 1.709   - Installing brick/math (1.0.0): Extracting archive
#16 1.709   - Installing ramsey/uuid (4.9.4): Extracting archive
#16 1.709   - Installing psr/simple-cache (3.0.0): Extracting archive
#16 1.710   - Installing psr/http-message (2.0): Extracting archive
#16 1.710   - Installing nunomaduro/termwind (v2.4.0): Extracting archive
#16 1.710   - Installing symfony/translation-contracts (v3.7.1): Extracting archive
#16 1.711   - Installing symfony/translation (v8.1.5): Extracting archive
#16 1.711   - Installing psr/clock (1.0.0): Extracting archive
#16 1.711   - Installing symfony/clock (v8.1.0): Extracting archive
#16 1.712   - Installing carbonphp/carbon-doctrine-types (3.2.1): Extracting archive
#16 1.712   - Installing nesbot/carbon (3.14.2): Extracting archive
#16 1.712   - Installing monolog/monolog (3.12.1): Extracting archive
#16 1.713   - Installing psr/http-factory (1.1.0): Extracting archive
#16 1.713   - Installing league/uri-interfaces (7.8.1): Extracting archive
#16 1.713   - Installing league/uri (7.8.1): Extracting archive
#16 1.714   - Installing league/mime-type-detection (1.17.0): Extracting archive
#16 1.714   - Installing league/flysystem-local (3.35.3): Extracting archive
#16 1.714   - Installing league/flysystem (3.36.0): Extracting archive
#16 1.715   - Installing nette/utils (v4.1.5): Extracting archive
#16 1.715   - Installing nette/schema (v1.3.6): Extracting archive
#16 1.715   - Installing dflydev/dot-access-data (v3.0.3): Extracting archive
#16 1.716   - Installing league/config (v1.2.0): Extracting archive
#16 1.716   - Installing league/commonmark (2.10.3): Extracting archive
#16 1.716   - Installing laravel/serializable-closure (v2.1.0): Extracting archive
#16 1.717   - Installing laravel/prompts (v0.3.24): Extracting archive
#16 1.717   - Installing guzzlehttp/uri-template (v2.0.1): Extracting archive
#16 1.717   - Installing symfony/polyfill-php82 (v1.43.0): Extracting archive
#16 1.718   - Installing guzzlehttp/psr7 (3.1.0): Extracting archive
#16 1.718   - Installing guzzlehttp/promises (3.0.2): Extracting archive
#16 1.718   - Installing psr/http-client (1.0.3): Extracting archive
#16 1.719   - Installing guzzlehttp/guzzle (8.2.0): Extracting archive
#16 1.719   - Installing fruitcake/php-cors (v1.4.0): Extracting archive
#16 1.719   - Installing dragonmantank/cron-expression (v3.6.0): Extracting archive
#16 1.720   - Installing doctrine/inflector (2.1.0): Extracting archive
#16 1.720   - Installing laravel/framework (v13.34.0): Extracting archive
#16 2.802 Generating optimized autoload files
#16 3.476 54 packages you are using are looking for funding.
#16 3.476 Use the `composer fund` command to find out more!
#16 3.604 Checking non-dev platform requirements for packages in the vendor dir
#16 3.611 composer-runtime-api 2.2.2      success                                       
#16 3.612 ext-ctype            *          success provided by symfony/polyfill-ctype    
#16 3.612 ext-dom              20031129   success                                       
#16 3.612 ext-fileinfo         8.5.11     success                                       
#16 3.612 ext-filter           8.5.11     success                                       
#16 3.612 ext-hash             8.5.11     success                                       
#16 3.612 ext-iconv            8.5.11     success                                       
#16 3.612 ext-json             8.5.11     success                                       
#16 3.612 ext-libxml           8.5.11     success                                       
#16 3.612 ext-mbstring         *          success provided by symfony/polyfill-mbstring 
#16 3.612 ext-openssl          8.5.11     success                                       
#16 3.612 ext-pcre             8.5.11     success                                       
#16 3.612 ext-pdo              8.5.11     success                                       
#16 3.613 ext-pdo_pgsql        8.5.11     success                                       
#16 3.613 ext-session          8.5.11     success                                       
#16 3.613 ext-tokenizer        8.5.11     success                                       
#16 3.613 php                  8.5.11     success                                       
#16 DONE 3.7s

#17 [php-runtime 1/9] COPY --from=dependencies /app/vendor/ ./vendor/
#17 DONE 0.8s

#18 [php-runtime 2/9] COPY --from=dependencies /app/app/ ./app/
#18 DONE 0.0s

#19 [php-runtime 3/9] COPY --from=dependencies /app/bootstrap/ ./bootstrap/
#19 DONE 0.0s

#20 [php-runtime 4/9] COPY --from=dependencies /app/config/ ./config/
#20 DONE 0.0s

#21 [php-runtime 5/9] COPY --from=dependencies /app/public/ ./public/
#21 DONE 0.0s

#22 [php-runtime 6/9] COPY --from=dependencies /app/routes/ ./routes/
#22 DONE 0.0s

#23 [php-runtime 7/9] COPY --from=dependencies /app/artisan /app/composer.json /app/composer.lock ./
#23 DONE 0.0s

#24 [php-runtime 8/9] COPY --from=dependencies /app/resources/ ./resources/
#24 DONE 0.0s

#25 [php-runtime 9/9] RUN mkdir -p bootstrap/cache storage/framework/cache storage/framework/sessions storage/framework/views storage/logs     && chown -R 10001:10001 bootstrap/cache storage     && printf '[global]\npid = /tmp/php-fpm.pid\n[www]\nlisten = 9000\nclear_env = no\n' > /usr/local/etc/php-fpm.d/zz-service.conf     && printf '%s\n' '#!/bin/sh' 'set -eu'         'mkdir -p /app/bootstrap/cache /app/storage/framework/cache /app/storage/framework/sessions /app/storage/framework/views /app/storage/logs'         'exec docker-php-entrypoint "$@"' > /usr/local/bin/service-entrypoint     && chmod 0755 /usr/local/bin/service-entrypoint
#25 DONE 0.1s

#26 exporting to image
#26 exporting layers
#26 exporting layers 2.3s done
#26 writing image sha256:1d73dc610fe26c57f9e263c7ca424430e9a281e6f151d2326020e0389e8fea71 done
#26 naming to docker.io/library/p01-governance:41bbcaec3be5ec0f2abdd534bab2041e46a74e90 done
#26 DONE 2.3s
