[
    {
        "Id": "sha256:1d73dc610fe26c57f9e263c7ca424430e9a281e6f151d2326020e0389e8fea71",
        "RepoTags": [
            "p01-governance:41bbcaec3be5ec0f2abdd534bab2041e46a74e90"
        ],
        "RepoDigests": [],
        "Parent": "",
        "Comment": "buildkit.dockerfile.v0",
        "Created": "2026-10-05T05:00:13.690829477Z",
        "DockerVersion": "",
        "Author": "",
        "Config": {
            "Hostname": "",
            "Domainname": "",
            "User": "10001:10001",
            "AttachStdin": false,
            "AttachStdout": false,
            "AttachStderr": false,
            "ExposedPorts": {
                "9000/tcp": {}
            },
            "Tty": false,
            "OpenStdin": false,
            "StdinOnce": false,
            "Env": [
                "PATH=/usr/local/sbin:/usr/local/bin:/usr/sbin:/usr/bin:/sbin:/bin",
                "PHPIZE_DEPS=autoconf \t\tdpkg-dev \t\tfile \t\tg++ \t\tgcc \t\tlibc-dev \t\tmake \t\tpkg-config \t\tre2c",
                "PHP_INI_DIR=/usr/local/etc/php",
                "PHP_CFLAGS=-fstack-protector-strong -fpic -fpie -O2 -D_LARGEFILE_SOURCE -D_FILE_OFFSET_BITS=64",
                "PHP_CPPFLAGS=-fstack-protector-strong -fpic -fpie -O2 -D_LARGEFILE_SOURCE -D_FILE_OFFSET_BITS=64",
                "PHP_LDFLAGS=-Wl,-O1 -pie",
                "GPG_KEYS=1198C0117593497A5EC5C199286AF1F9897469DC 49D9AF6BC72A80D6691719C8AA23F5BE9C7097D4 D95C03BC702BE9515344AE3374E44BC9067701A5",
                "PHP_VERSION=8.5.11",
                "PHP_URL=https://www.php.net/distributions/php-8.5.11.tar.xz",
                "PHP_ASC_URL=https://www.php.net/distributions/php-8.5.11.tar.xz.asc",
                "PHP_SHA256=d9be75c08e8c316f4c8f4194d8fbe1750a15f6a6d9d4e3fe72082abeeb800360",
                "APP_ENV=production",
                "APP_DEBUG=false"
            ],
            "Cmd": [
                "php-fpm",
                "-F"
            ],
            "ArgsEscaped": true,
            "Image": "",
            "Volumes": null,
            "WorkingDir": "/app",
            "Entrypoint": [
                "/usr/local/bin/service-entrypoint"
            ],
            "OnBuild": null,
            "Labels": {
                "io.product.component": "governance",
                "org.opencontainers.image.revision": "41bbcaec3be5ec0f2abdd534bab2041e46a74e90"
            },
            "StopSignal": "SIGQUIT"
        },
        "Architecture": "amd64",
        "Os": "linux",
        "Size": 556151626,
        "GraphDriver": {
            "Data": {
                "LowerDir": "/var/lib/docker/overlay2/qlpdalyl4427pwduqpzc2cugi/diff:/var/lib/docker/overlay2/5z5jtjs8ffglouzjby68tryz0/diff:/var/lib/docker/overlay2/q2cwyjovoc5rpmbbv9l9y5dsk/diff:/var/lib/docker/overlay2/w2oalnns2tyxnyxdni8d35zgg/diff:/var/lib/docker/overlay2/sqc1jeg20yo3l0k0ppi2xv0ev/diff:/var/lib/docker/overlay2/ob8ubgn40grq3q3qkjvfvgfhs/diff:/var/lib/docker/overlay2/d9bvbpxblnli2keb0mf6sdgcl/diff:/var/lib/docker/overlay2/t6gcctgzu47xfte9l1rj58m8i/diff:/var/lib/docker/overlay2/qlfextyo8qcdt5lk6vvaj7tm8/diff:/var/lib/docker/overlay2/0a7bsfsipj9pfuwi7i0z1jecl/diff:/var/lib/docker/overlay2/faw6lzhhh5yiv6bhvhklytppj/diff:/var/lib/docker/overlay2/5df2e3215a5f770891ecaa3abe879dd97e1cf2bb0b4a3094bc5adb6312ec8ad9/diff:/var/lib/docker/overlay2/30e02a7b51ddde888f70f3da10ead13fb5ba16b9f65e0fcb0db87b3939e40e36/diff:/var/lib/docker/overlay2/7024bf810bfa2f03245d46cfc345e40d7d8f7f0117332c664e52572bd6256709/diff:/var/lib/docker/overlay2/6bc46375959cc1029f8a3c4b916ebe880f74295b8df2aa35c7adc8fe6650235d/diff:/var/lib/docker/overlay2/d63a7941d27431605502ba1f1d6164a643ca11189dba655c2a25444d1d5913b4/diff:/var/lib/docker/overlay2/389088cf97d26333692e74434b7aa71cd97af746925bf71b9ac996441405414c/diff:/var/lib/docker/overlay2/9b026f2a445165330b906f2503ef04889a87afa8b518d32114721371e9f3f937/diff:/var/lib/docker/overlay2/aa327f4d73ba080ae437d098133bcae65bb9aec62a78ef0a81c82c8b41a953d8/diff:/var/lib/docker/overlay2/5893f51307ce28bd2b1a5621f62dbedb7cd5473ac385d2db4e3e4a9a068accca/diff:/var/lib/docker/overlay2/b2dff89b9534c63d31f8e9784590480217c0615135bc6984f9d16bff76e6b74a/diff:/var/lib/docker/overlay2/dfd238bd9b957a567b8742ff2ac05cb9046fb821977c70ae09578b9f470534fc/diff",
                "MergedDir": "/var/lib/docker/overlay2/2kvb6nq3baf5xg4cbroh5zl1a/merged",
                "UpperDir": "/var/lib/docker/overlay2/2kvb6nq3baf5xg4cbroh5zl1a/diff",
                "WorkDir": "/var/lib/docker/overlay2/2kvb6nq3baf5xg4cbroh5zl1a/work"
            },
            "Name": "overlay2"
        },
        "RootFS": {
            "Type": "layers",
            "Layers": [
                "sha256:34467cc93912af891dfee8a3902adf9b4f355a9bca4eaa46f658d1181a21de0d",
                "sha256:81274738dbf57317e5435144826219706147834290d012a351d5fc593b5adae2",
                "sha256:0504f653b699e414def5b49113f24c6e542a7846c5df9a799b27c809313dbb4d",
                "sha256:da1395a377a2acc8422d3bc4b7d862885a3a97a3421e3fed1adf62d061ff4f63",
                "sha256:27ac94f3ce3452f11b8a4e05cd00328bc38ad35848dfa0caa7ac7377e2b4c48c",
                "sha256:75906afbd8260b795e6e9b04941130b4bc0f4c137e76562f13753c62972bc5ef",
                "sha256:92e695b6cfd2d361a0864f12771aeb461c040dcd3ac66a0c704bf6e02cd2fc54",
                "sha256:ba5cfed66dabaf73234dbd89396a9011991392d027832714d3bbe68640c82d79",
                "sha256:c5687dee67cf6207590530c6c1c1bf4f1484aa1aeb2a44ff0e0ab0ebb7936ed7",
                "sha256:5f70bf18a086007016e948b04aed3b82103a36bea41755b6cddfaf10ace3c6ef",
                "sha256:a3d8babd0c9ce6e5640c2d87ef48eb3b4adf3e152f63414c1ef6ec0cc9ae911d",
                "sha256:da99bca49f98a50e2e3cedb024fabd3dedb339aade30fa98a2f48b926623e888",
                "sha256:52c85aedbee68a8516225c9fd5834174e45827302565bb231a0cdc85ab8364c1",
                "sha256:69cb846bbebc5fa1de58fcc48d6114c5727ce1ef5ce625b3eb4e925d91069603",
                "sha256:3f8b59a3fde33b94d6e1b060dbce4d7d051edc8033df88fe3701cfbe22bdc24b",
                "sha256:759f310218c807333a415cdfc03879cd52401a525ab48b4ca603562ed7ff41b5",
                "sha256:a3797c99dc35595e86e0e28e6986d49380795429ae696c5c9da0f704007ef016",
                "sha256:e51ebb4c0630eb4f5e882b98eb1eb62c47306918f0f8ca2cb4b9c130ab359086",
                "sha256:ee169ac3154be626d6c85daa297ce5f8f7785cbbb3395a2ab455890bb779f2d9",
                "sha256:80dd362d2329151985d0c94136f40eb0ab54e8a7d4654a420e9c68810be51a41",
                "sha256:1d8541928836e289e1b788c5913591f3995536eb4f98851c3e42845f799285ad",
                "sha256:2273b0a0f5287bf676c2ca736d0f971dd75ecf483637f3225f128ef1ed3c6b15",
                "sha256:4ad5dc66aae12410a7c51fb5a488c154c72fe9a9405272407cb990931bad750b"
            ]
        },
        "Metadata": {
            "LastTagTime": "2026-10-05T05:00:15.996714422Z"
        }
    }
]
