[
    {
        "Id": "9613075aa05e0f92a32cf29b90cdf304ef453928a974315842a33f3727763fe5",
        "Created": "2026-10-04T20:56:57.469582845Z",
        "Path": "docker-entrypoint.sh",
        "Args": [
            "postgres",
            "-c",
            "listen_addresses=",
            "-c",
            "max_connections=20"
        ],
        "State": {
            "Status": "running",
            "Running": true,
            "Paused": false,
            "Restarting": false,
            "OOMKilled": false,
            "Dead": false,
            "Pid": 2705,
            "ExitCode": 0,
            "Error": "",
            "StartedAt": "2026-10-04T20:56:57.48578538Z",
            "FinishedAt": "0001-01-01T00:00:00Z"
        },
        "Image": "sha256:8d76d8de17e883d3995f76252e260bc6b7761e9c23edbf3356b0676d37c49ddb",
        "ResolvConfPath": "/var/lib/docker/containers/9613075aa05e0f92a32cf29b90cdf304ef453928a974315842a33f3727763fe5/resolv.conf",
        "HostnamePath": "/var/lib/docker/containers/9613075aa05e0f92a32cf29b90cdf304ef453928a974315842a33f3727763fe5/hostname",
        "HostsPath": "/var/lib/docker/containers/9613075aa05e0f92a32cf29b90cdf304ef453928a974315842a33f3727763fe5/hosts",
        "LogPath": "/var/lib/docker/containers/9613075aa05e0f92a32cf29b90cdf304ef453928a974315842a33f3727763fe5/9613075aa05e0f92a32cf29b90cdf304ef453928a974315842a33f3727763fe5-json.log",
        "Name": "/p00-restore-62f4e6c7f888",
        "RestartCount": 0,
        "Driver": "overlay2",
        "Platform": "linux",
        "MountLabel": "",
        "ProcessLabel": "",
        "AppArmorProfile": "docker-default",
        "ExecIDs": null,
        "HostConfig": {
            "Binds": null,
            "ContainerIDFile": "",
            "LogConfig": {
                "Type": "json-file",
                "Config": {}
            },
            "NetworkMode": "none",
            "PortBindings": {},
            "RestartPolicy": {
                "Name": "no",
                "MaximumRetryCount": 0
            },
            "AutoRemove": false,
            "VolumeDriver": "",
            "VolumesFrom": null,
            "ConsoleSize": [
                0,
                0
            ],
            "CapAdd": null,
            "CapDrop": [
                "ALL"
            ],
            "CgroupnsMode": "private",
            "Dns": [],
            "DnsOptions": [],
            "DnsSearch": [],
            "ExtraHosts": null,
            "GroupAdd": null,
            "IpcMode": "private",
            "Cgroup": "",
            "Links": null,
            "OomScoreAdj": 0,
            "PidMode": "",
            "Privileged": false,
            "PublishAllPorts": false,
            "ReadonlyRootfs": true,
            "SecurityOpt": [
                "no-new-privileges:true"
            ],
            "Tmpfs": {
                "/tmp": "rw,nosuid,nodev,size=64m,uid=999,gid=999",
                "/var/lib/postgresql": "rw,nosuid,nodev,size=256m,uid=999,gid=999",
                "/var/run/postgresql": "rw,nosuid,nodev,size=16m,uid=999,gid=999"
            },
            "UTSMode": "",
            "UsernsMode": "",
            "ShmSize": 67108864,
            "Runtime": "runc",
            "Isolation": "",
            "CpuShares": 0,
            "Memory": 805306368,
            "NanoCpus": 1000000000,
            "CgroupParent": "",
            "BlkioWeight": 0,
            "BlkioWeightDevice": [],
            "BlkioDeviceReadBps": [],
            "BlkioDeviceWriteBps": [],
            "BlkioDeviceReadIOps": [],
            "BlkioDeviceWriteIOps": [],
            "CpuPeriod": 0,
            "CpuQuota": 0,
            "CpuRealtimePeriod": 0,
            "CpuRealtimeRuntime": 0,
            "CpusetCpus": "",
            "CpusetMems": "",
            "Devices": [],
            "DeviceCgroupRules": null,
            "DeviceRequests": null,
            "MemoryReservation": 0,
            "MemorySwap": 1610612736,
            "MemorySwappiness": null,
            "OomKillDisable": null,
            "PidsLimit": 128,
            "Ulimits": [],
            "CpuCount": 0,
            "CpuPercent": 0,
            "IOMaximumIOps": 0,
            "IOMaximumBandwidth": 0,
            "MaskedPaths": [
                "/proc/asound",
                "/proc/acpi",
                "/proc/interrupts",
                "/proc/kcore",
                "/proc/keys",
                "/proc/latency_stats",
                "/proc/timer_list",
                "/proc/timer_stats",
                "/proc/sched_debug",
                "/proc/scsi",
                "/sys/firmware",
                "/sys/devices/virtual/powercap"
            ],
            "ReadonlyPaths": [
                "/proc/bus",
                "/proc/fs",
                "/proc/irq",
                "/proc/sys",
                "/proc/sysrq-trigger"
            ]
        },
        "GraphDriver": {
            "Data": {
                "ID": "9613075aa05e0f92a32cf29b90cdf304ef453928a974315842a33f3727763fe5",
                "LowerDir": "/var/lib/docker/overlay2/92932a8ef84d35e46ec587b0855b47cc49c5f632d2d12fc77525dcb5f959c32e-init/diff:/var/lib/docker/overlay2/916ea708a731d4f12bc0930dda54043b58b804c4032ba52d3ed031ed36100893/diff:/var/lib/docker/overlay2/16154b0dc2ecdfba38942167a11af055b64b9b948c3b74e8a377dcfbb4562d4c/diff:/var/lib/docker/overlay2/aeccb025004049d7962f7b0a4b58f547c3a5e7159123a51151cace1c2635e2e2/diff:/var/lib/docker/overlay2/d2ba5b25997a12b2a61d376a6f6128e5e6533f8c985d8825fcbf7f99d147ae30/diff:/var/lib/docker/overlay2/7e9680297528f3ae0ce3e84b5262b1ccbc5421dc855b00c3f95a79cbfd89580e/diff:/var/lib/docker/overlay2/fe51d0556f4d6f106e7639aabba510af1ffb01f08189ebee26427177fd71a584/diff:/var/lib/docker/overlay2/f5619d105592bb582dd3fbbf34e03023a4532cf85538e038df737ec551d1a823/diff:/var/lib/docker/overlay2/f12975b445e07f5803972ca31b4a6a5ba5859e4eb8f8c0dfc14a9dc3214b4920/diff:/var/lib/docker/overlay2/8dc39f2643b86b6b1acc88b64f835eedd40cdc2f26043b1bdc2ba49044e08e00/diff:/var/lib/docker/overlay2/5fdfaa40c4939396c8e53ba6c26003714ff32d417890bfd3de44b50f903aba05/diff:/var/lib/docker/overlay2/29c441465e7a00f6ac74d77f86e85c3fb9c89610e74a811a8cd307a52f6a21c0/diff:/var/lib/docker/overlay2/3af2a8993a62e2d7515a2b99db20a3ecea51dc8a49ca22034e963d01cd3dee29/diff:/var/lib/docker/overlay2/ffa5562471875c3e1717e21842743b935ac2afc51ea56e3972253c1876c181be/diff",
                "MergedDir": "/var/lib/docker/overlay2/92932a8ef84d35e46ec587b0855b47cc49c5f632d2d12fc77525dcb5f959c32e/merged",
                "UpperDir": "/var/lib/docker/overlay2/92932a8ef84d35e46ec587b0855b47cc49c5f632d2d12fc77525dcb5f959c32e/diff",
                "WorkDir": "/var/lib/docker/overlay2/92932a8ef84d35e46ec587b0855b47cc49c5f632d2d12fc77525dcb5f959c32e/work"
            },
            "Name": "overlay2"
        },
        "Mounts": [],
        "Config": {
            "Hostname": "9613075aa05e",
            "Domainname": "",
            "User": "999:999",
            "AttachStdin": false,
            "AttachStdout": false,
            "AttachStderr": false,
            "ExposedPorts": {
                "5432/tcp": {}
            },
            "Tty": false,
            "OpenStdin": false,
            "StdinOnce": false,
            "Env": [
                "POSTGRES_HOST_AUTH_METHOD=trust",
                "POSTGRES_INITDB_ARGS=--encoding=UTF8 --locale=C",
                "PATH=/usr/local/sbin:/usr/local/bin:/usr/sbin:/usr/bin:/sbin:/bin:/usr/lib/postgresql/18/bin",
                "GOSU_VERSION=1.19",
                "LANG=en_US.utf8",
                "PG_MAJOR=18",
                "PG_VERSION=18.6-1.pgdg12+2",
                "PGDATA=/var/lib/postgresql/18/docker"
            ],
            "Cmd": [
                "postgres",
                "-c",
                "listen_addresses=",
                "-c",
                "max_connections=20"
            ],
            "Image": "docker.io/library/postgres@sha256:9e73daeb439141c2b11eea2463f5f1a3b269fd90d897b41cddb7cb440f21aa5d",
            "Volumes": {
                "/var/lib/postgresql": {}
            },
            "WorkingDir": "",
            "Entrypoint": [
                "docker-entrypoint.sh"
            ],
            "OnBuild": null,
            "Labels": {},
            "StopSignal": "SIGINT"
        },
        "NetworkSettings": {
            "Bridge": "",
            "SandboxID": "f374275e718b3ecccb44c328dbe8908c86ae2c2351bd10bb8fb46d6874df0ad0",
            "SandboxKey": "/var/run/docker/netns/f374275e718b",
            "Ports": {},
            "HairpinMode": false,
            "LinkLocalIPv6Address": "",
            "LinkLocalIPv6PrefixLen": 0,
            "SecondaryIPAddresses": null,
            "SecondaryIPv6Addresses": null,
            "EndpointID": "",
            "Gateway": "",
            "GlobalIPv6Address": "",
            "GlobalIPv6PrefixLen": 0,
            "IPAddress": "",
            "IPPrefixLen": 0,
            "IPv6Gateway": "",
            "MacAddress": "",
            "Networks": {
                "none": {
                    "IPAMConfig": null,
                    "Links": null,
                    "Aliases": null,
                    "MacAddress": "",
                    "DriverOpts": null,
                    "GwPriority": 0,
                    "NetworkID": "14979f5b58b2bf0ccc75179110f56d24ce3a4d4544fa3e4e70b6fad5320be1f9",
                    "EndpointID": "745fc0322722d4eb033f4d76fcfbf6e533f9caae13b620e65c6c9c2b9eb8a69a",
                    "Gateway": "",
                    "IPAddress": "",
                    "IPPrefixLen": 0,
                    "IPv6Gateway": "",
                    "GlobalIPv6Address": "",
                    "GlobalIPv6PrefixLen": 0,
                    "DNSNames": null
                }
            }
        }
    }
]
