********************************************************************************
WARNING: POSTGRES_HOST_AUTH_METHOD has been set to "trust". This will allow
         anyone with access to the Postgres port to access your database without
         a password, even if POSTGRES_PASSWORD is set. See PostgreSQL
         documentation about "trust":
         https://www.postgresql.org/docs/current/auth-trust.html
         In Docker's default configuration, this is effectively any other
         container on the same system.

         It is not recommended to use POSTGRES_HOST_AUTH_METHOD=trust. Replace
         it with "-e POSTGRES_PASSWORD=password" instead to set a password in
         "docker run".
********************************************************************************
The files belonging to this database system will be owned by user "postgres".
This user must also own the server process.

The database cluster will be initialized with locale "C".
The default text search configuration will be set to "english".

Data page checksums are enabled.

fixing permissions on existing directory /var/lib/postgresql/18/docker ... ok
creating subdirectories ... ok
selecting dynamic shared memory implementation ... posix
selecting default "max_connections" ... 100
selecting default "shared_buffers" ... 128MB
selecting default time zone ... Etc/UTC
creating configuration files ... ok
running bootstrap script ... ok
performing post-bootstrap initialization ... ok
syncing data to disk ... ok


Success. You can now start the database server using:

    pg_ctl -D /var/lib/postgresql/18/docker -l logfile start

initdb: warning: enabling "trust" authentication for local connections
initdb: hint: You can change this by editing pg_hba.conf or using the option -A, or --auth-local and --auth-host, the next time you run initdb.
waiting for server to start....2026-10-04 20:56:58.234 UTC [46] LOG:  starting PostgreSQL 18.6 (Debian 18.6-1.pgdg12+2) on x86_64-pc-linux-gnu, compiled by gcc (Debian 12.2.0-14+deb12u1) 12.2.0, 64-bit
2026-10-04 20:56:58.234 UTC [46] LOG:  listening on Unix socket "/var/run/postgresql/.s.PGSQL.5432"
2026-10-04 20:56:58.237 UTC [52] LOG:  database system was shut down at 2026-10-04 20:56:58 UTC
2026-10-04 20:56:58.239 UTC [46] LOG:  database system is ready to accept connections
 done
server started

/usr/local/bin/docker-entrypoint.sh: ignoring /docker-entrypoint-initdb.d/*

2026-10-04 20:56:58.354 UTC [46] LOG:  received fast shutdown request
waiting for server to shut down...2026-10-04 20:56:58.354 UTC [46] LOG:  aborting any active transactions
.2026-10-04 20:56:58.357 UTC [46] LOG:  background worker "logical replication launcher" (PID 55) exited with exit code 1
2026-10-04 20:56:58.357 UTC [50] LOG:  shutting down
2026-10-04 20:56:58.357 UTC [50] LOG:  checkpoint starting: shutdown immediate
2026-10-04 20:56:58.357 UTC [50] LOG:  checkpoint complete: wrote 0 buffers (0.0%), wrote 3 SLRU buffers; 0 WAL file(s) added, 0 removed, 0 recycled; write=0.001 s, sync=0.001 s, total=0.001 s; sync files=2, longest=0.001 s, average=0.001 s; distance=0 kB, estimate=0 kB; lsn=0/17592F8, redo lsn=0/17592F8
2026-10-04 20:56:58.363 UTC [46] LOG:  database system is shut down
 done
server stopped

PostgreSQL init process complete; ready for start up.

2026-10-04 20:56:58.476 UTC [1] LOG:  starting PostgreSQL 18.6 (Debian 18.6-1.pgdg12+2) on x86_64-pc-linux-gnu, compiled by gcc (Debian 12.2.0-14+deb12u1) 12.2.0, 64-bit
2026-10-04 20:56:58.476 UTC [1] LOG:  listening on Unix socket "/var/run/postgresql/.s.PGSQL.5432"
2026-10-04 20:56:58.479 UTC [66] LOG:  database system was shut down at 2026-10-04 20:56:58 UTC
2026-10-04 20:56:58.483 UTC [1] LOG:  database system is ready to accept connections
2026-10-04 20:57:00.118 UTC [160] FATAL:  role "source_writer" is not permitted to log in
2026-10-04 20:57:01.996 UTC [265] FATAL:  role "target_writer" is not permitted to log in
2026-10-04 20:57:02.114 UTC [272] ERROR:  insert or update on table "attachments" violates foreign key constraint "attachments_tenant_id_permit_id_fkey"
2026-10-04 20:57:02.114 UTC [272] DETAIL:  Key (tenant_id, permit_id)=(tenant_b, tenant_a_permit_1) is not present in table "permits".
2026-10-04 20:57:02.114 UTC [272] STATEMENT:  INSERT INTO attachments VALUES ('tenant_b', 'foreign', 'tenant_a_permit_1', 'invalid', repeat('0',64), 0, '0640');
2026-10-04 20:57:03.536 UTC [64] LOG:  checkpoint starting: immediate force wait
2026-10-04 20:57:03.544 UTC [64] LOG:  checkpoint complete: wrote 973 buffers (5.9%), wrote 3 SLRU buffers; 0 WAL file(s) added, 0 removed, 1 recycled; write=0.007 s, sync=0.001 s, total=0.008 s; sync files=328, longest=0.001 s, average=0.000 s; distance=8880 kB, estimate=8880 kB; lsn=0/2005578, redo lsn=0/2005520
2026-10-04 20:57:04.772 UTC [420] FATAL:  role "source_writer" is not permitted to log in
