[
    {
        "Id": "sha256:db6b023e15faf43f7e02b6ed531fcda731e9e5f746fa9714bcccf1fb1c82290d",
        "RepoTags": [
            "p01-console:685215de15e40c1298b32c9f068db2f8ad5b2675"
        ],
        "RepoDigests": [],
        "Parent": "",
        "Comment": "buildkit.dockerfile.v0",
        "Created": "2026-10-04T23:51:47.970171141Z",
        "DockerVersion": "",
        "Author": "",
        "Config": {
            "Hostname": "",
            "Domainname": "",
            "User": "10001:10001",
            "AttachStdin": false,
            "AttachStdout": false,
            "AttachStderr": false,
            "ExposedPorts": {
                "9000/tcp": {}
            },
            "Tty": false,
            "OpenStdin": false,
            "StdinOnce": false,
            "Env": [
                "PATH=/usr/local/sbin:/usr/local/bin:/usr/sbin:/usr/bin:/sbin:/bin",
                "PHPIZE_DEPS=autoconf \t\tdpkg-dev \t\tfile \t\tg++ \t\tgcc \t\tlibc-dev \t\tmake \t\tpkg-config \t\tre2c",
                "PHP_INI_DIR=/usr/local/etc/php",
                "PHP_CFLAGS=-fstack-protector-strong -fpic -fpie -O2 -D_LARGEFILE_SOURCE -D_FILE_OFFSET_BITS=64",
                "PHP_CPPFLAGS=-fstack-protector-strong -fpic -fpie -O2 -D_LARGEFILE_SOURCE -D_FILE_OFFSET_BITS=64",
                "PHP_LDFLAGS=-Wl,-O1 -pie",
                "GPG_KEYS=1198C0117593497A5EC5C199286AF1F9897469DC 49D9AF6BC72A80D6691719C8AA23F5BE9C7097D4 D95C03BC702BE9515344AE3374E44BC9067701A5",
                "PHP_VERSION=8.5.11",
                "PHP_URL=https://www.php.net/distributions/php-8.5.11.tar.xz",
                "PHP_ASC_URL=https://www.php.net/distributions/php-8.5.11.tar.xz.asc",
                "PHP_SHA256=d9be75c08e8c316f4c8f4194d8fbe1750a15f6a6d9d4e3fe72082abeeb800360",
                "APP_ENV=production",
                "APP_DEBUG=false"
            ],
            "Cmd": [
                "php-fpm",
                "-F"
            ],
            "ArgsEscaped": true,
            "Image": "",
            "Volumes": null,
            "WorkingDir": "/app",
            "Entrypoint": [
                "/usr/local/bin/service-entrypoint"
            ],
            "OnBuild": null,
            "Labels": {
                "io.product.component": "console",
                "org.opencontainers.image.revision": "685215de15e40c1298b32c9f068db2f8ad5b2675"
            },
            "StopSignal": "SIGQUIT"
        },
        "Architecture": "amd64",
        "Os": "linux",
        "Size": 552648577,
        "GraphDriver": {
            "Data": {
                "LowerDir": "/var/lib/docker/overlay2/ml25n5bx7egvcenwfsthqo2ka/diff:/var/lib/docker/overlay2/uf9mb9xezvysvb3daj00p4sjk/diff:/var/lib/docker/overlay2/s80277689i3z54hmvg5fevcod/diff:/var/lib/docker/overlay2/v7ep4faxcgn60dgnng5vb4nvu/diff:/var/lib/docker/overlay2/its1ttwutz5aazopbxy9nxy6i/diff:/var/lib/docker/overlay2/mgz9n5qd949mgoin840smul2z/diff:/var/lib/docker/overlay2/3xzo9buhyned4ugdrhm6saxhi/diff:/var/lib/docker/overlay2/5bkjz1sccp4x8v2xpcw8jigi6/diff:/var/lib/docker/overlay2/zejpwj8z47au99651v926rqe2/diff:/var/lib/docker/overlay2/7kxxaztxfv5gs5svvn6aewc9l/diff:/var/lib/docker/overlay2/6byo7mcn2se98h97h6njsqwbh/diff:/var/lib/docker/overlay2/jq0u65gescv4rjap8d14q2a4m/diff:/var/lib/docker/overlay2/uzbmzeb8v8iphb340mk15w3l5/diff:/var/lib/docker/overlay2/54429aa93373847da790f6d98c0c95772d4ec949f3f99726dd81fc44b0ff36aa/diff:/var/lib/docker/overlay2/4dbcc7848e80086fb22b5942bd8dd5f648f3a9e046e0de657c6742b4aef636ed/diff:/var/lib/docker/overlay2/647288ffd9057c48e417ba708f2bb7db363d7685c5882c1948286c3e7d21be3d/diff:/var/lib/docker/overlay2/03e83ead683d8d96a71fa0dcf582540a39168e97364fc5146d929781601397a1/diff:/var/lib/docker/overlay2/4d62ee5c3c57a3235fa352c335b0052e2f3f9572fad67507c16e2fef042b3ede/diff:/var/lib/docker/overlay2/0a36c445d1842de24d14b3465775832fca92fb5445967306233c263a2c2c1a0e/diff:/var/lib/docker/overlay2/84d276f73800bcde7d937852db93175818a1130418b71e90659b1b482731c5e6/diff:/var/lib/docker/overlay2/3d8f5d859d8becf377b17b778196ce63d688ab4a4a7577f1904d0a05d1e811d9/diff:/var/lib/docker/overlay2/ca208a74b9727cd811785b50726d2c09a74f095206fcae18abfa7195f3eaa8f3/diff:/var/lib/docker/overlay2/18d8017f9bd0fdbd843ab8fb299264e8436fe20262975daf0c68da1563d53989/diff:/var/lib/docker/overlay2/06eb352bbff0c950e82b152feb012852b21ea6afd980352b2701b98598510287/diff",
                "MergedDir": "/var/lib/docker/overlay2/ccb8lxauzio3fge80w3e8kat6/merged",
                "UpperDir": "/var/lib/docker/overlay2/ccb8lxauzio3fge80w3e8kat6/diff",
                "WorkDir": "/var/lib/docker/overlay2/ccb8lxauzio3fge80w3e8kat6/work"
            },
            "Name": "overlay2"
        },
        "RootFS": {
            "Type": "layers",
            "Layers": [
                "sha256:34467cc93912af891dfee8a3902adf9b4f355a9bca4eaa46f658d1181a21de0d",
                "sha256:81274738dbf57317e5435144826219706147834290d012a351d5fc593b5adae2",
                "sha256:0504f653b699e414def5b49113f24c6e542a7846c5df9a799b27c809313dbb4d",
                "sha256:da1395a377a2acc8422d3bc4b7d862885a3a97a3421e3fed1adf62d061ff4f63",
                "sha256:27ac94f3ce3452f11b8a4e05cd00328bc38ad35848dfa0caa7ac7377e2b4c48c",
                "sha256:75906afbd8260b795e6e9b04941130b4bc0f4c137e76562f13753c62972bc5ef",
                "sha256:92e695b6cfd2d361a0864f12771aeb461c040dcd3ac66a0c704bf6e02cd2fc54",
                "sha256:ba5cfed66dabaf73234dbd89396a9011991392d027832714d3bbe68640c82d79",
                "sha256:c5687dee67cf6207590530c6c1c1bf4f1484aa1aeb2a44ff0e0ab0ebb7936ed7",
                "sha256:5f70bf18a086007016e948b04aed3b82103a36bea41755b6cddfaf10ace3c6ef",
                "sha256:a3d8babd0c9ce6e5640c2d87ef48eb3b4adf3e152f63414c1ef6ec0cc9ae911d",
                "sha256:532d74ea3b76762a31fae1fd3657ceaa0bc259549b5761e16458f32751260536",
                "sha256:eec15235943a95d63a80053c82a48cd3aa705172e74998bc3117497b6d007d5a",
                "sha256:9f4b552e4c451967a0cda5574910f221c600b8999cc20e7990405d652fba642c",
                "sha256:5d80b82698dabfd562536f934d7fcb96f23c702669f90ca7f0345b634f72e20a",
                "sha256:c736d1b24d43dd934b5e3bac61b4a14054000f09d79fd2b52c05a9a77126da75",
                "sha256:3b5f351ca544e31d54fb51eca3937edda77d0a39f7d2f248259fa216342be716",
                "sha256:9c0588e1c34e213c7410f3787e916eb7891f7c1921c3721de2fc2609692cde9f",
                "sha256:720988829325309a848fc4da8c5621c1ed67079c2f81be396e3835fa809338c4",
                "sha256:62ad4c8e67b8f9075d658f022b76ce0fb48dd615d5c27bdea3b4ab5899e06097",
                "sha256:6f5f0a871fe885c2bf22253b5e74d3cbd871453b283a90699e3f251c7df0af21",
                "sha256:05ed1472bab1232849cfd18b04f84dab0d15e0a20cba9dcf87286ebc689bcd64",
                "sha256:a70efdbb8c937f5f369c2b7139280437accadfe3a69234f31fdda266558a6bb6",
                "sha256:c4541d4f14922af4dbb39ce964682702f53280080f2bd29d581f0b02dd56a29f",
                "sha256:d77f1771a303292b8819800b0e230c1b7345700d267e3b6be559394aac51386c"
            ]
        },
        "Metadata": {
            "LastTagTime": "2026-10-04T23:51:51.444585474Z"
        }
    }
]
