[
    {
        "Id": "sha256:51dce7f170c28159100c959e882415c45dc11d793c827cf16312988035fc2bbd",
        "RepoTags": [
            "p01-planning:36a14811b5afa23717566d5e8a08632e011f44a5"
        ],
        "RepoDigests": [],
        "Parent": "",
        "Comment": "buildkit.dockerfile.v0",
        "Created": "2026-10-05T07:37:30.34223278Z",
        "DockerVersion": "",
        "Author": "",
        "Config": {
            "Hostname": "",
            "Domainname": "",
            "User": "10001:10001",
            "AttachStdin": false,
            "AttachStdout": false,
            "AttachStderr": false,
            "Tty": false,
            "OpenStdin": false,
            "StdinOnce": false,
            "Env": [
                "PATH=/opt/venv/bin:/usr/local/bin:/usr/local/sbin:/usr/local/bin:/usr/sbin:/usr/bin:/sbin:/bin",
                "LANG=C.UTF-8",
                "GPG_KEY=7169605F62C751356D054A26A821E680E5FA6305",
                "PYTHON_VERSION=3.12.14",
                "PYTHON_SHA256=5c8462af5790baf43a321a1559dbe0db06d1be4300fb85fb53c40060668e548a",
                "PYTHONDONTWRITEBYTECODE=1",
                "PYTHONUNBUFFERED=1"
            ],
            "Cmd": [
                "liveness"
            ],
            "Healthcheck": {
                "Test": [
                    "NONE"
                ]
            },
            "ArgsEscaped": true,
            "Image": "",
            "Volumes": null,
            "WorkingDir": "/app",
            "Entrypoint": [
                "/opt/venv/bin/planning-health"
            ],
            "OnBuild": null,
            "Labels": {
                "io.product.component": "planning",
                "org.opencontainers.image.revision": "36a14811b5afa23717566d5e8a08632e011f44a5",
                "org.opencontainers.image.source": "https://github.com/awalker0878/multi-tenant",
                "org.opencontainers.image.title": "product-planning bootstrap"
            }
        },
        "Architecture": "amd64",
        "Os": "linux",
        "Size": 70996601,
        "GraphDriver": {
            "Data": {
                "LowerDir": "/var/lib/docker/overlay2/sievrp7udk99zdpahyyhpqr29/diff:/var/lib/docker/overlay2/a728048134b97d9278e93453fbd69153b13ba1ee2c12d94d832ed2acfb3cd331/diff:/var/lib/docker/overlay2/659e89226a7aa0265c714218faab7dd888aeb38f2363c4b684fd98e0966dab2c/diff:/var/lib/docker/overlay2/95ae8438adaddcd7fa4215b24cad989a182173b5b565b57a6e701bb150ae2a9b/diff:/var/lib/docker/overlay2/2ae0b48eecfe9a6e2756191da34c38096ffcefcfe60a3735da2ca81df409a0ef/diff",
                "MergedDir": "/var/lib/docker/overlay2/dowe9r92zm34olvvowpgwasn8/merged",
                "UpperDir": "/var/lib/docker/overlay2/dowe9r92zm34olvvowpgwasn8/diff",
                "WorkDir": "/var/lib/docker/overlay2/dowe9r92zm34olvvowpgwasn8/work"
            },
            "Name": "overlay2"
        },
        "RootFS": {
            "Type": "layers",
            "Layers": [
                "sha256:74d97c428c51a828f9051a7a40a53ff1fc99e54fc30323ce36760701b0b7f711",
                "sha256:d1475f57bfeb95f8d89bad4de04d7af788036223b8505b2b5791158c8d885ff0",
                "sha256:90630b4239d75c9daa2f10f7bb6bfe9b45cfc1419783384dd9873dbf2b732fc3",
                "sha256:23d9641aa36e31a0b3699cec59ff9f51478b65b47f5f2c7de83d48293d4d4852",
                "sha256:97f8228ce8e8256c232897137069e6ba36edcfc46157caf582af4eafb9125e01",
                "sha256:1731b7595b090d3d4e994fab47faaf602ba155e31a128de1322fd0dff76a8dcc"
            ]
        },
        "Metadata": {
            "LastTagTime": "2026-10-05T07:37:31.014905407Z"
        }
    }
]
