[
    {
        "Id": "sha256:cfcd2aab161aac95198b902db3acb9a63ee587362cb43742715f981c819067a3",
        "RepoTags": [
            "p01-assurance:4142571874a53b351a9c6023313185fe718d0dac"
        ],
        "RepoDigests": [],
        "Parent": "",
        "Comment": "buildkit.dockerfile.v0",
        "Created": "2026-10-04T22:14:12.462195912Z",
        "DockerVersion": "",
        "Author": "",
        "Config": {
            "Hostname": "",
            "Domainname": "",
            "User": "10001:10001",
            "AttachStdin": false,
            "AttachStdout": false,
            "AttachStderr": false,
            "ExposedPorts": {
                "9000/tcp": {}
            },
            "Tty": false,
            "OpenStdin": false,
            "StdinOnce": false,
            "Env": [
                "PATH=/usr/local/sbin:/usr/local/bin:/usr/sbin:/usr/bin:/sbin:/bin",
                "PHPIZE_DEPS=autoconf \t\tdpkg-dev \t\tfile \t\tg++ \t\tgcc \t\tlibc-dev \t\tmake \t\tpkg-config \t\tre2c",
                "PHP_INI_DIR=/usr/local/etc/php",
                "PHP_CFLAGS=-fstack-protector-strong -fpic -fpie -O2 -D_LARGEFILE_SOURCE -D_FILE_OFFSET_BITS=64",
                "PHP_CPPFLAGS=-fstack-protector-strong -fpic -fpie -O2 -D_LARGEFILE_SOURCE -D_FILE_OFFSET_BITS=64",
                "PHP_LDFLAGS=-Wl,-O1 -pie",
                "GPG_KEYS=1198C0117593497A5EC5C199286AF1F9897469DC 49D9AF6BC72A80D6691719C8AA23F5BE9C7097D4 D95C03BC702BE9515344AE3374E44BC9067701A5",
                "PHP_VERSION=8.5.11",
                "PHP_URL=https://www.php.net/distributions/php-8.5.11.tar.xz",
                "PHP_ASC_URL=https://www.php.net/distributions/php-8.5.11.tar.xz.asc",
                "PHP_SHA256=d9be75c08e8c316f4c8f4194d8fbe1750a15f6a6d9d4e3fe72082abeeb800360",
                "APP_ENV=production",
                "APP_DEBUG=false"
            ],
            "Cmd": [
                "php-fpm",
                "-F"
            ],
            "ArgsEscaped": true,
            "Image": "",
            "Volumes": null,
            "WorkingDir": "/app",
            "Entrypoint": [
                "/usr/local/bin/service-entrypoint"
            ],
            "OnBuild": null,
            "Labels": {
                "org.opencontainers.image.revision": "4142571874a53b351a9c6023313185fe718d0dac"
            },
            "StopSignal": "SIGQUIT"
        },
        "Architecture": "amd64",
        "Os": "linux",
        "Size": 552195220,
        "GraphDriver": {
            "Data": {
                "LowerDir": "/var/lib/docker/overlay2/xcqn7la88d1no2cci12iygh36/diff:/var/lib/docker/overlay2/o47m7us2lwdmzgmq8tqntuvn3/diff:/var/lib/docker/overlay2/t7jtri7d1049wsbxh2tk0oyp6/diff:/var/lib/docker/overlay2/v85zqnha5n6y0l2ox1jz31sbe/diff:/var/lib/docker/overlay2/z4fc1l1oo9bkuheqb9lw4fw1v/diff:/var/lib/docker/overlay2/eu12qz1jinq5pwpy11wak0a8c/diff:/var/lib/docker/overlay2/u3iap6ey3zsjlmzyvof89ky9u/diff:/var/lib/docker/overlay2/sirupc8m2u26e88csjizvjvr1/diff:/var/lib/docker/overlay2/vogt0owpowx28y9akb0hftfw1/diff:/var/lib/docker/overlay2/n8mkqvosujdk66o9qlsz87oyt/diff:/var/lib/docker/overlay2/0drl2rxwwengvxabaa387rnls/diff:/var/lib/docker/overlay2/c658474f419b46e7b7bfb9fefd3d5a7023d55b6c4979c0f3806d2743ecca6e13/diff:/var/lib/docker/overlay2/78ffdb9e72c9826f936ec8c67416d5715e4c316f70183c3355059acf97af1e40/diff:/var/lib/docker/overlay2/5bb6d9db637e22934072b7ee9705fee92a3b113e7a1bedebd029a0c08208732b/diff:/var/lib/docker/overlay2/9cbed38c2638ad622cebfd7ca025d5435979917054a11ebdb56c1edced487fd1/diff:/var/lib/docker/overlay2/f739d95d5700d7f9c77a3c4995e1637fcad35a11ce14767bcf2d71dff461db5d/diff:/var/lib/docker/overlay2/35d377f894ceb7415cc76c4d6e4194decaa5a3decdfab0dd3c24ba41d6376de1/diff:/var/lib/docker/overlay2/4f6375ad6dddf1e89df356d77b1715ef4dfaa5883c653f1716da0bd46dfce0e9/diff:/var/lib/docker/overlay2/cca2b6ae1a4e86969b458670fd8dc5e5bdc8b078e987ac0ede49828ecd4c55e8/diff:/var/lib/docker/overlay2/299423b052db6591f0a74f03cc8fb9f7eda7a7633c3c91ed73fc5faf6cabc98f/diff:/var/lib/docker/overlay2/4b78e60e4ee8762f13f2b41cbe4b2582f20a3813ac6cb1d787de948ce596f823/diff:/var/lib/docker/overlay2/7861118f245d3c44588a60ce75c4b29e992585adc0782cbd5b3af2cfce787d48/diff",
                "MergedDir": "/var/lib/docker/overlay2/qkb4ozwjbg53eiooavx29buap/merged",
                "UpperDir": "/var/lib/docker/overlay2/qkb4ozwjbg53eiooavx29buap/diff",
                "WorkDir": "/var/lib/docker/overlay2/qkb4ozwjbg53eiooavx29buap/work"
            },
            "Name": "overlay2"
        },
        "RootFS": {
            "Type": "layers",
            "Layers": [
                "sha256:34467cc93912af891dfee8a3902adf9b4f355a9bca4eaa46f658d1181a21de0d",
                "sha256:81274738dbf57317e5435144826219706147834290d012a351d5fc593b5adae2",
                "sha256:0504f653b699e414def5b49113f24c6e542a7846c5df9a799b27c809313dbb4d",
                "sha256:da1395a377a2acc8422d3bc4b7d862885a3a97a3421e3fed1adf62d061ff4f63",
                "sha256:27ac94f3ce3452f11b8a4e05cd00328bc38ad35848dfa0caa7ac7377e2b4c48c",
                "sha256:75906afbd8260b795e6e9b04941130b4bc0f4c137e76562f13753c62972bc5ef",
                "sha256:92e695b6cfd2d361a0864f12771aeb461c040dcd3ac66a0c704bf6e02cd2fc54",
                "sha256:ba5cfed66dabaf73234dbd89396a9011991392d027832714d3bbe68640c82d79",
                "sha256:c5687dee67cf6207590530c6c1c1bf4f1484aa1aeb2a44ff0e0ab0ebb7936ed7",
                "sha256:5f70bf18a086007016e948b04aed3b82103a36bea41755b6cddfaf10ace3c6ef",
                "sha256:a3d8babd0c9ce6e5640c2d87ef48eb3b4adf3e152f63414c1ef6ec0cc9ae911d",
                "sha256:2982eafcd616fc04cb9dfdd070412222e10dbe330f01e42f0c27dfb29079ab43",
                "sha256:c9553778d60dded452016a15dfa06548364712732b49949c9a3d991fa08be680",
                "sha256:f9429f7d514fceeadfc9370c63fadca32e111bc0d55c095baba71f1afa664eaf",
                "sha256:4ca80d3d075e8b00f4f691a22532555cf069405c814c4d9014859d577758df7f",
                "sha256:9b35a264725fbd4196e1d7bfd9704d68fd2bc89f955a0514959226c4925c8af4",
                "sha256:1e6227bf83df78f193a5e0e7ba5e4e59b0cf7159482d16e166dca8258e5268eb",
                "sha256:ff15cb87ef3f09fbb9451e0eb53b5d6ebc5411370376a5ef6c6c8aab0719e91e",
                "sha256:2c39b0fc7ce7f770e97f7fee7dff20ff2b6fff7241d9e7d370a9d7fa5dc6ae5d",
                "sha256:7ffbd1b0ccc003ea6a70bfaffa4023b29d2513ad18ea6f6af55546e1569347c7",
                "sha256:cdc331188323f4e6a4d3a9f3bbcb09656f27c6e411b2eb8df3afc8def567af07",
                "sha256:1d1efade4bb23bea057d57daff5d73d7bfbe0e7b736b1e15cc1e110baa25e53f",
                "sha256:dd078ee7de504836f737dcda7bd2dc06e511a27ef7c971734ef96efec4aafeb0"
            ]
        },
        "Metadata": {
            "LastTagTime": "2026-10-04T22:14:14.933917786Z"
        }
    }
]
