[
    {
        "Id": "sha256:45408cc8a6d1b16175b4258e4b47fb95502d6829ec6e137185d09ea94add7143",
        "RepoTags": [
            "p01-console:c9c202786437601c0f000bdf29d7e1e401e773ee"
        ],
        "RepoDigests": [],
        "Parent": "",
        "Comment": "buildkit.dockerfile.v0",
        "Created": "2026-10-05T00:23:47.111836003Z",
        "DockerVersion": "",
        "Author": "",
        "Config": {
            "Hostname": "",
            "Domainname": "",
            "User": "10001:10001",
            "AttachStdin": false,
            "AttachStdout": false,
            "AttachStderr": false,
            "ExposedPorts": {
                "9000/tcp": {}
            },
            "Tty": false,
            "OpenStdin": false,
            "StdinOnce": false,
            "Env": [
                "PATH=/usr/local/sbin:/usr/local/bin:/usr/sbin:/usr/bin:/sbin:/bin",
                "PHPIZE_DEPS=autoconf \t\tdpkg-dev \t\tfile \t\tg++ \t\tgcc \t\tlibc-dev \t\tmake \t\tpkg-config \t\tre2c",
                "PHP_INI_DIR=/usr/local/etc/php",
                "PHP_CFLAGS=-fstack-protector-strong -fpic -fpie -O2 -D_LARGEFILE_SOURCE -D_FILE_OFFSET_BITS=64",
                "PHP_CPPFLAGS=-fstack-protector-strong -fpic -fpie -O2 -D_LARGEFILE_SOURCE -D_FILE_OFFSET_BITS=64",
                "PHP_LDFLAGS=-Wl,-O1 -pie",
                "GPG_KEYS=1198C0117593497A5EC5C199286AF1F9897469DC 49D9AF6BC72A80D6691719C8AA23F5BE9C7097D4 D95C03BC702BE9515344AE3374E44BC9067701A5",
                "PHP_VERSION=8.5.11",
                "PHP_URL=https://www.php.net/distributions/php-8.5.11.tar.xz",
                "PHP_ASC_URL=https://www.php.net/distributions/php-8.5.11.tar.xz.asc",
                "PHP_SHA256=d9be75c08e8c316f4c8f4194d8fbe1750a15f6a6d9d4e3fe72082abeeb800360",
                "APP_ENV=production",
                "APP_DEBUG=false"
            ],
            "Cmd": [
                "php-fpm",
                "-F"
            ],
            "ArgsEscaped": true,
            "Image": "",
            "Volumes": null,
            "WorkingDir": "/app",
            "Entrypoint": [
                "/usr/local/bin/service-entrypoint"
            ],
            "OnBuild": null,
            "Labels": {
                "io.product.component": "console",
                "org.opencontainers.image.revision": "c9c202786437601c0f000bdf29d7e1e401e773ee"
            },
            "StopSignal": "SIGQUIT"
        },
        "Architecture": "amd64",
        "Os": "linux",
        "Size": 552648734,
        "GraphDriver": {
            "Data": {
                "LowerDir": "/var/lib/docker/overlay2/qfn80vwjlcfxylxdzhofx2d1s/diff:/var/lib/docker/overlay2/r0r3h1klmnyukt413vx578f54/diff:/var/lib/docker/overlay2/nyf674pp21kl3gccdu4ayqdiy/diff:/var/lib/docker/overlay2/6rf4ptujl578ce38g5ke5vd7s/diff:/var/lib/docker/overlay2/gtqot8hjrath7zvbpdkl0jumf/diff:/var/lib/docker/overlay2/tkkwrcibmtnifbxw8s4304mp3/diff:/var/lib/docker/overlay2/l3i9lt1kevpsz9ph7iucw3ygc/diff:/var/lib/docker/overlay2/u750zhcyn521ctebrh1yqmxnb/diff:/var/lib/docker/overlay2/s6gg5adpccwotkaizapvsrrnm/diff:/var/lib/docker/overlay2/o0lvr0hl1zuys7amp2kcyprpu/diff:/var/lib/docker/overlay2/vbygnx9s2buzr83mu74hxh567/diff:/var/lib/docker/overlay2/55l9bkn7faqtv8141rvnk1buk/diff:/var/lib/docker/overlay2/qfcfwv3hp02k9xpwz2i2d1oz7/diff:/var/lib/docker/overlay2/c3e3301365d24e7a30c92e3f8b1601b84af58a479dfe2b89c4f3179a7b80fd78/diff:/var/lib/docker/overlay2/d8a6b310b6ed240da980031b9e23075bf946150671d8dbad66e4eff619786a5c/diff:/var/lib/docker/overlay2/f882bd2646f9a3f05a0b556e13557ba94bfe57a0a9e3f1cdde24914d2071512b/diff:/var/lib/docker/overlay2/d1708d3192786878595234c343c7516d7bb93b1d89005f99b1c0640aa02f277a/diff:/var/lib/docker/overlay2/c656766d2ed2ea16656a1463f195112cbcda81bcb65f055a2e57369e73fd83e7/diff:/var/lib/docker/overlay2/91059db3ab5de6fc8d0063c24c203dc42639ae85ee4d067d940a3988a48cf751/diff:/var/lib/docker/overlay2/0c409235290d8c21d9beeebab329cbcb47b28e28e611f8a4697fbad3e0c34861/diff:/var/lib/docker/overlay2/7b9d063dff9c124c8e6d85252d450b4b7184792c5e3347cb33dad16f6ba56eb8/diff:/var/lib/docker/overlay2/578de8e3ad43629cbc36ea96240cada87acc94a9c9941caa31bca2a6913692cf/diff:/var/lib/docker/overlay2/0d4a055df2b9ac6468630a99836827162de244eccc7550466a2e57da402bd6e1/diff:/var/lib/docker/overlay2/d89b513e05d149d551a365d7bc1920e74b1dd15f01c2554e2c173f431bf98864/diff",
                "MergedDir": "/var/lib/docker/overlay2/rshcnfqvgnffc856nmbcsh75o/merged",
                "UpperDir": "/var/lib/docker/overlay2/rshcnfqvgnffc856nmbcsh75o/diff",
                "WorkDir": "/var/lib/docker/overlay2/rshcnfqvgnffc856nmbcsh75o/work"
            },
            "Name": "overlay2"
        },
        "RootFS": {
            "Type": "layers",
            "Layers": [
                "sha256:34467cc93912af891dfee8a3902adf9b4f355a9bca4eaa46f658d1181a21de0d",
                "sha256:81274738dbf57317e5435144826219706147834290d012a351d5fc593b5adae2",
                "sha256:0504f653b699e414def5b49113f24c6e542a7846c5df9a799b27c809313dbb4d",
                "sha256:da1395a377a2acc8422d3bc4b7d862885a3a97a3421e3fed1adf62d061ff4f63",
                "sha256:27ac94f3ce3452f11b8a4e05cd00328bc38ad35848dfa0caa7ac7377e2b4c48c",
                "sha256:75906afbd8260b795e6e9b04941130b4bc0f4c137e76562f13753c62972bc5ef",
                "sha256:92e695b6cfd2d361a0864f12771aeb461c040dcd3ac66a0c704bf6e02cd2fc54",
                "sha256:ba5cfed66dabaf73234dbd89396a9011991392d027832714d3bbe68640c82d79",
                "sha256:c5687dee67cf6207590530c6c1c1bf4f1484aa1aeb2a44ff0e0ab0ebb7936ed7",
                "sha256:5f70bf18a086007016e948b04aed3b82103a36bea41755b6cddfaf10ace3c6ef",
                "sha256:a3d8babd0c9ce6e5640c2d87ef48eb3b4adf3e152f63414c1ef6ec0cc9ae911d",
                "sha256:ec6457c0f1386ced1697d2e89088c387c92e941da38d28ae3ed8befd8a5065b8",
                "sha256:b61b5b46af9bd3fa0c8d05730b0f2a12a345ab46de30ccc6ed8cc54866e3e702",
                "sha256:998a3d1edd803394240302bca706c5102b8ea646e5fe124fe8709a876819b584",
                "sha256:53533821081bc3e1e2cfac364eedabd6a21497e20682844db5630ea2753efc75",
                "sha256:91a729a7cc8ba8f703673179bd124f377b5c08c40d01f4f073e12ecc1a64740d",
                "sha256:3333774dc3c105a6f94b28e6b01e443e5aab2b16fb7dbfe7711cbed0e6d6309f",
                "sha256:0c3da9915d134affb8b659c69f098096e837a8ca7027a38d7f14eaf423b3aa8e",
                "sha256:7c4afcaab16c931b3df185104a17d2297b8a0c12c53bcc1dd7389697cf63334f",
                "sha256:1a1013d62460a345e930b023dfb0976e5ea411aea9ae958badcdce0f76f8ca67",
                "sha256:a47bb2dee7c838b4de9f8749ad8297102fd14682a3a422966c690ef9da45e8ba",
                "sha256:2ec653d50c7b092554c6403bdc0a98071ea903c89d50b9ecab183e06b4105d78",
                "sha256:9a5fc69b0fc0c7a64dbdf36f5b17431a9f234dc4ad6dd61adb5d33f1f1189a4e",
                "sha256:f0eac93d8fa1a77f78efde8a0dd75b21c19cc7976efc76fe35a376a022911ce0",
                "sha256:059e44c0cfd449ddd4ea08b9bc60ad00eefb41ae9eb37bbe76e591497d5977a8"
            ]
        },
        "Metadata": {
            "LastTagTime": "2026-10-05T00:23:51.666264471Z"
        }
    }
]
