Using CPython 3.12.14 interpreter at: /opt/hostedtoolcache/Python/3.12.14/x64/bin/python3.12
Creating virtual environment at: .venv
Resolved 16 packages in 0.57ms
   Building product-inventory-worker @ file:///home/runner/work/multi-tenant/multi-tenant/workers/inventory
      Built product-inventory-worker @ file:///home/runner/work/multi-tenant/multi-tenant/workers/inventory
Prepared 1 package in 733ms
Installed 13 packages in 26ms
 + ast-serialize==0.12.1
 + iniconfig==2.3.0
 + librt==0.16.0
 + mypy==2.4.0
 + mypy-extensions==1.1.0
 + packaging==26.3
 + pathspec==1.1.1
 + pluggy==1.6.0
 + product-inventory-worker==0.1.0.dev0 (from file:///home/runner/work/multi-tenant/multi-tenant/workers/inventory)
 + pygments==2.21.0
 + pytest==9.1.1
 + ruff==0.16.10
 + typing-extensions==4.16.0
