#0 building with "default" instance using docker driver

#1 [internal] load build definition from Dockerfile
#1 transferring dockerfile: 1.98kB done
#1 DONE 0.0s

#2 [internal] load metadata for docker.io/library/python@sha256:1aaa65a85fda306ffb8b910824d4e93bdce61e212c7e87168123ea3073b41a1a
#2 DONE 0.0s

#3 [internal] load metadata for ghcr.io/astral-sh/uv@sha256:d46db4c7b7f2e75ff80aeef95da4c2c6ff1ad399c13ab85067db4430b7c3b9c3
#3 DONE 0.0s

#4 [internal] load .dockerignore
#4 transferring context: 179B done
#4 DONE 0.0s

#5 [uv-tool 1/1] FROM ghcr.io/astral-sh/uv@sha256:d46db4c7b7f2e75ff80aeef95da4c2c6ff1ad399c13ab85067db4430b7c3b9c3
#5 DONE 0.0s

#6 [build 1/6] FROM docker.io/library/python@sha256:1aaa65a85fda306ffb8b910824d4e93bdce61e212c7e87168123ea3073b41a1a
#6 DONE 0.0s

#7 [internal] load build context
#7 transferring context: 59.72kB done
#7 DONE 0.0s

#8 [build 2/6] COPY --from=uv-tool /uv /usr/local/bin/uv
#8 CACHED

#9 [build 3/6] WORKDIR /build
#9 CACHED

#10 [build 4/6] COPY .python-version pyproject.toml uv.lock README.md ./
#10 DONE 0.0s

#11 [build 5/6] COPY src/ ./src/
#11 DONE 0.0s

#12 [build 6/6] RUN uv sync --locked --only-group build --no-install-project --no-managed-python     && uv build --offline --no-build-isolation --wheel     && uv export --locked --no-default-groups --no-emit-project --no-annotate --no-header          --format requirements.txt --output-file /build/production-requirements.txt     && uv venv --no-managed-python --python /usr/local/bin/python /opt/venv     && uv pip sync --python /opt/venv/bin/python --require-hashes --only-binary :all: /build/production-requirements.txt     && uv pip install --python /opt/venv/bin/python --offline --no-index --no-deps dist/*.whl     && uv pip check --python /opt/venv/bin/python
#12 0.295 Using CPython 3.12.14 interpreter at: /usr/local/bin/python3.12
#12 0.295 Creating virtual environment at: .venv
#12 0.298 Resolved 22 packages in 0.83ms
#12 0.427 Prepared 3 packages in 127ms
#12 0.493 Installed 3 packages in 65ms
#12 0.493  + packaging==26.3
#12 0.493  + setuptools==84.0.0
#12 0.493  + wheel==0.48.0
#12 0.675 Building wheel...
#12 1.492 running bdist_wheel
#12 1.501 running build
#12 1.501 running build_py
#12 1.504 creating build/lib/lifecycle
#12 1.504 copying src/lifecycle/__init__.py -> build/lib/lifecycle
#12 1.504 creating build/lib/lifecycle/application
#12 1.505 copying src/lifecycle/application/foundation.py -> build/lib/lifecycle/application
#12 1.505 copying src/lifecycle/application/__init__.py -> build/lib/lifecycle/application
#12 1.506 creating build/lib/lifecycle/bootstrap
#12 1.506 copying src/lifecycle/bootstrap/server.py -> build/lib/lifecycle/bootstrap
#12 1.506 copying src/lifecycle/bootstrap/health.py -> build/lib/lifecycle/bootstrap
#12 1.506 copying src/lifecycle/bootstrap/__init__.py -> build/lib/lifecycle/bootstrap
#12 1.507 creating build/lib/lifecycle/infrastructure
#12 1.507 copying src/lifecycle/infrastructure/foundation.py -> build/lib/lifecycle/infrastructure
#12 1.507 copying src/lifecycle/infrastructure/__init__.py -> build/lib/lifecycle/infrastructure
#12 1.508 creating build/lib/lifecycle/interfaces
#12 1.508 copying src/lifecycle/interfaces/health.py -> build/lib/lifecycle/interfaces
#12 1.508 copying src/lifecycle/interfaces/http.py -> build/lib/lifecycle/interfaces
#12 1.509 copying src/lifecycle/interfaces/__init__.py -> build/lib/lifecycle/interfaces
#12 1.509 running egg_info
#12 1.511 creating src/product_lifecycle.egg-info
#12 1.512 writing src/product_lifecycle.egg-info/PKG-INFO
#12 1.512 writing dependency_links to src/product_lifecycle.egg-info/dependency_links.txt
#12 1.513 writing entry points to src/product_lifecycle.egg-info/entry_points.txt
#12 1.513 writing requirements to src/product_lifecycle.egg-info/requires.txt
#12 1.513 writing top-level names to src/product_lifecycle.egg-info/top_level.txt
#12 1.514 writing manifest file 'src/product_lifecycle.egg-info/SOURCES.txt'
#12 1.517 reading manifest file 'src/product_lifecycle.egg-info/SOURCES.txt'
#12 1.518 writing manifest file 'src/product_lifecycle.egg-info/SOURCES.txt'
#12 1.519 warning: build_py: byte-compiling is disabled, skipping.
#12 1.519 
#12 1.523 installing to build/bdist.linux-x86_64/wheel
#12 1.523 running install
#12 1.530 running install_lib
#12 1.531 creating build/bdist.linux-x86_64/wheel
#12 1.532 creating build/bdist.linux-x86_64/wheel/lifecycle
#12 1.532 creating build/bdist.linux-x86_64/wheel/lifecycle/application
#12 1.532 copying build/lib/lifecycle/application/foundation.py -> build/bdist.linux-x86_64/wheel/./lifecycle/application
#12 1.533 copying build/lib/lifecycle/application/__init__.py -> build/bdist.linux-x86_64/wheel/./lifecycle/application
#12 1.533 creating build/bdist.linux-x86_64/wheel/lifecycle/bootstrap
#12 1.534 copying build/lib/lifecycle/bootstrap/server.py -> build/bdist.linux-x86_64/wheel/./lifecycle/bootstrap
#12 1.534 copying build/lib/lifecycle/bootstrap/health.py -> build/bdist.linux-x86_64/wheel/./lifecycle/bootstrap
#12 1.534 copying build/lib/lifecycle/bootstrap/__init__.py -> build/bdist.linux-x86_64/wheel/./lifecycle/bootstrap
#12 1.534 creating build/bdist.linux-x86_64/wheel/lifecycle/infrastructure
#12 1.534 copying build/lib/lifecycle/infrastructure/foundation.py -> build/bdist.linux-x86_64/wheel/./lifecycle/infrastructure
#12 1.535 copying build/lib/lifecycle/infrastructure/__init__.py -> build/bdist.linux-x86_64/wheel/./lifecycle/infrastructure
#12 1.535 creating build/bdist.linux-x86_64/wheel/lifecycle/interfaces
#12 1.535 copying build/lib/lifecycle/interfaces/health.py -> build/bdist.linux-x86_64/wheel/./lifecycle/interfaces
#12 1.536 copying build/lib/lifecycle/interfaces/http.py -> build/bdist.linux-x86_64/wheel/./lifecycle/interfaces
#12 1.536 copying build/lib/lifecycle/interfaces/__init__.py -> build/bdist.linux-x86_64/wheel/./lifecycle/interfaces
#12 1.536 copying build/lib/lifecycle/__init__.py -> build/bdist.linux-x86_64/wheel/./lifecycle
#12 1.536 warning: install_lib: byte-compiling is disabled, skipping.
#12 1.536 
#12 1.537 running install_egg_info
#12 1.538 Copying src/product_lifecycle.egg-info to build/bdist.linux-x86_64/wheel/./product_lifecycle-0.1.0.dev0-py3.12.egg-info
#12 1.540 running install_scripts
#12 1.541 creating build/bdist.linux-x86_64/wheel/product_lifecycle-0.1.0.dev0.dist-info/WHEEL
#12 1.542 creating '/build/dist/.tmp-eqg2pj61/product_lifecycle-0.1.0.dev0-py3-none-any.whl' and adding 'build/bdist.linux-x86_64/wheel' to it
#12 1.542 adding 'lifecycle/__init__.py'
#12 1.543 adding 'lifecycle/application/__init__.py'
#12 1.543 adding 'lifecycle/application/foundation.py'
#12 1.544 adding 'lifecycle/bootstrap/__init__.py'
#12 1.544 adding 'lifecycle/bootstrap/health.py'
#12 1.544 adding 'lifecycle/bootstrap/server.py'
#12 1.544 adding 'lifecycle/infrastructure/__init__.py'
#12 1.545 adding 'lifecycle/infrastructure/foundation.py'
#12 1.546 adding 'lifecycle/interfaces/__init__.py'
#12 1.546 adding 'lifecycle/interfaces/health.py'
#12 1.546 adding 'lifecycle/interfaces/http.py'
#12 1.546 adding 'product_lifecycle-0.1.0.dev0.dist-info/METADATA'
#12 1.547 adding 'product_lifecycle-0.1.0.dev0.dist-info/WHEEL'
#12 1.547 adding 'product_lifecycle-0.1.0.dev0.dist-info/entry_points.txt'
#12 1.547 adding 'product_lifecycle-0.1.0.dev0.dist-info/top_level.txt'
#12 1.547 adding 'product_lifecycle-0.1.0.dev0.dist-info/RECORD'
#12 1.548 removing build/bdist.linux-x86_64/wheel
#12 1.577 Successfully built dist/product_lifecycle-0.1.0.dev0-py3-none-any.whl
#12 1.585 Resolved 22 packages in 0.71ms
#12 1.585 click==8.5.0 \
#12 1.585     --hash=sha256:255bc9599cf7748b4b1a446ccc735421bd08a2ae529a8b88597d3de5664ee360 \
#12 1.585     --hash=sha256:ba0d2089de75ea0310e2dde03160e6ca10009947fb95a182f9b54021bb272e34
#12 1.585 h11==0.16.0 \
#12 1.585     --hash=sha256:4e35b956cf45792e4caa5885e69fba00bdbc6ffafbfa020300e549b208ee5ff1 \
#12 1.585     --hash=sha256:63cf8bbe7522de3bf65932fda1d9c2772064ffb3dae62d55932da54b31cb6c86
#12 1.585 psycopg==3.3.6 \
#12 1.585     --hash=sha256:a1db9f7148b06a28606767efaca51fa6f9398c5c0a3810519be69d7000bdb631 \
#12 1.585     --hash=sha256:c081f2250df751a943036e42db6df4571c66cd0aabe8291a7a506512b12007d2
#12 1.585 psycopg-binary==3.3.6 ; implementation_name != 'pypy' \
#12 1.585     --hash=sha256:1679a1cb93fbe5a6d1fd58d82cbddcc6fcb8c61446ba7cae6eb2a7b19bc585de \
#12 1.585     --hash=sha256:289aadd6a00e151203c081f708348ec89f1e483c9b510ef4ac3981f847f01f79 \
#12 1.585     --hash=sha256:366db6e97e66b37211475f20c4c1324a2dc0dd825e46d4e87f9d599304d276f9 \
#12 1.585     --hash=sha256:37d40450659401600e6d043ff586c89a71a69f33cbb8bcdba6cdb2569beecdbe \
#12 1.585     --hash=sha256:3f84dab25e0385692ee13274c68678377e0b1a70ab9d14e56264cbf61f60c62d \
#12 1.585     --hash=sha256:612382ac3ed13651c7fa44b5fee9fbf7baaa2ddbc6f500391672682c5f1df9e0 \
#12 1.585     --hash=sha256:a4ee3bdd5468a725f2a4d9aab8a74b6d0279f768c8b5d3aeb102c5307ff3d59c \
#12 1.585     --hash=sha256:a5165300324efd5a772c48a88ab3a928513ab3979fca76553e62ee815f7b2b9c \
#12 1.585     --hash=sha256:d636338c8f21b0df2f84657b00bc34f9313f826ef93f1155bc743607e4a0c5eb \
#12 1.585     --hash=sha256:e23a66a763fbe83fcc210bc77c27e5a5ea380ebf091c06f34d8561b695e5a40f \
#12 1.585     --hash=sha256:f21d057f3e5f5491067e5b292498073b73847d48799b099803fef100775fcc52
#12 1.585 typing-extensions==4.16.0 \
#12 1.585     --hash=sha256:481caa481374e813c1b176ada14e97f1f67a4539ce9cfeb3f350d78d6370c2e8 \
#12 1.585     --hash=sha256:dc983d19a509c94dba722ee6abd33940f7c05a89e243c47e907eb4db6f1a43e5
#12 1.585 tzdata==2026.5 ; sys_platform == 'win32' \
#12 1.585     --hash=sha256:8cc73c0a0bfca7dbfa59235d60b2eff82231dee33f53d206db1acd9173cfc0a7 \
#12 1.585     --hash=sha256:b683bd1b6659ddcd810ff02ad09ba821d4bf1065072805063eb35c49617905ac
#12 1.585 uvicorn==0.53.0 \
#12 1.585     --hash=sha256:a9356f0cb89b3b8621529c5d5eebd69bfe154f4c3f68b4cf2de47e45fa855c2e \
#12 1.585     --hash=sha256:e8dca71ec86dce5f04e333f0d56cdedf942446e6643b9cea1af0d6d3a02cb03e
#12 1.774 Using CPython 3.12.14 interpreter at: /usr/local/bin/python
#12 1.775 Creating virtual environment at: /opt/venv
#12 1.965 Using Python 3.12.14 environment at: /opt/venv
#12 2.094 Resolved 6 packages in 127ms
#12 2.128 Downloading psycopg-binary (5.0MiB)
#12 2.232  Downloaded psycopg-binary
#12 2.233 Prepared 6 packages in 138ms
#12 2.266 Installed 6 packages in 33ms
#12 2.267  + click==8.5.0
#12 2.267  + h11==0.16.0
#12 2.267  + psycopg==3.3.6
#12 2.267  + psycopg-binary==3.3.6
#12 2.267  + typing-extensions==4.16.0
#12 2.267  + uvicorn==0.53.0
#12 2.276 Using Python 3.12.14 environment at: /opt/venv
#12 2.279 Resolved 1 package in 2ms
#12 2.284 Prepared 1 package in 4ms
#12 2.290 Installed 1 package in 5ms
#12 2.290  + product-lifecycle==0.1.0.dev0 (from file:///build/dist/product_lifecycle-0.1.0.dev0-py3-none-any.whl)
#12 2.297 Using Python 3.12.14 environment at: /opt/venv
#12 2.297 Checked 7 packages in 0.50ms
#12 2.299 All installed packages are compatible
#12 DONE 2.3s

#13 [runtime 2/3] WORKDIR /app
#13 CACHED

#14 [runtime 3/3] COPY --from=build /opt/venv/ /opt/venv/
#14 DONE 0.1s

#15 exporting to image
#15 exporting layers
#15 exporting layers 0.7s done
#15 writing image sha256:c25d199ed0c3e9779e30dda356debfcf8e00e8a8f00693c4158dc02a487fd861 done
#15 naming to docker.io/library/p01-lifecycle:72188a2dcf973ceee09eed05dfb79a6c53122ae2 done
#15 DONE 0.7s
