
Running 2 tests using 1 worker

  ✓  1 [chromium] › tests/browser-p02/identity.spec.ts:28:1 › deployment credential requires a change, survives reload and cannot be reused (3.0s)
  ✘  2 [chromium] › tests/browser-p02/identity.spec.ts:60:1 › console configuration verifies HTTPS federation and enforces tenant revocation across browsers (32.0s)


  1) [chromium] › tests/browser-p02/identity.spec.ts:60:1 › console configuration verifies HTTPS federation and enforces tenant revocation across browsers 

    Error: expect(locator).toBeVisible() failed

    Locator: getByText('Identity provider settings changed. Review the current values before saving.', { exact: true })
    Expected: visible
    Timeout: 30000ms
    Error: element(s) not found

    Call log:
      - Expect "toBeVisible" getByText('Identity provider settings changed. Review the current values before saving.', { exact: true }) with timeout 30000ms
      - waiting for getByText('Identity provider settings changed. Review the current values before saving.', { exact: true })


       98 |   await page.getByRole('button', { name: 'Save provider settings', exact: true }).click();
       99 |   await expect(page.getByRole('status').filter({ hasText: 'Settings saved' })).toBeVisible();
    > 100 |   await expect(setupSibling.getByText('Identity provider settings changed. Review the current values before saving.', { exact: true })).toBeVisible({ timeout: 30_000 });
          |                                                                                                                                         ^
      101 |   await expect(setupSibling.getByLabel('Client ID', { exact: true })).toHaveValue('unsaved-client-draft');
      102 |   await expect(setupSibling.getByLabel('Client secret', { exact: true })).toHaveValue('unsaved-secret-draft');
      103 |   await setupSibling.getByRole('button', { name: 'Discard edits and refresh', exact: true }).press('Enter');
        at /home/runner/work/multi-tenant/multi-tenant/apps/console/tests/browser-p02/identity.spec.ts:100:137

    Error Context: test-results/identity-console-configura-4c8e8--revocation-across-browsers-chromium/error-context.md

  1 failed
    [chromium] › tests/browser-p02/identity.spec.ts:60:1 › console configuration verifies HTTPS federation and enforces tenant revocation across browsers 
  1 passed (35.7s)
