Building wheel...
running bdist_wheel
running build
running build_py
creating build/lib/lifecycle_worker
copying src/lifecycle_worker/__init__.py -> build/lib/lifecycle_worker
creating build/lib/lifecycle_worker/interfaces
copying src/lifecycle_worker/interfaces/simulation.py -> build/lib/lifecycle_worker/interfaces
copying src/lifecycle_worker/interfaces/__init__.py -> build/lib/lifecycle_worker/interfaces
copying src/lifecycle_worker/interfaces/health.py -> build/lib/lifecycle_worker/interfaces
copying src/lifecycle_worker/interfaces/native.py -> build/lib/lifecycle_worker/interfaces
creating build/lib/lifecycle_worker/application
copying src/lifecycle_worker/application/platform_plan.py -> build/lib/lifecycle_worker/application
copying src/lifecycle_worker/application/api_plan.py -> build/lib/lifecycle_worker/application
copying src/lifecycle_worker/application/native_authority.py -> build/lib/lifecycle_worker/application
copying src/lifecycle_worker/application/migration_runtime.py -> build/lib/lifecycle_worker/application
copying src/lifecycle_worker/application/simulation.py -> build/lib/lifecycle_worker/application
copying src/lifecycle_worker/application/__init__.py -> build/lib/lifecycle_worker/application
copying src/lifecycle_worker/application/native.py -> build/lib/lifecycle_worker/application
copying src/lifecycle_worker/application/native_effect.py -> build/lib/lifecycle_worker/application
creating build/lib/lifecycle_worker/infrastructure
copying src/lifecycle_worker/infrastructure/vmware_capture.py -> build/lib/lifecycle_worker/infrastructure
copying src/lifecycle_worker/infrastructure/native_copy.py -> build/lib/lifecycle_worker/infrastructure
copying src/lifecycle_worker/infrastructure/native_authority.py -> build/lib/lifecycle_worker/infrastructure
copying src/lifecycle_worker/infrastructure/migration_bootstrap.py -> build/lib/lifecycle_worker/infrastructure
copying src/lifecycle_worker/infrastructure/native_runtime.py -> build/lib/lifecycle_worker/infrastructure
copying src/lifecycle_worker/infrastructure/native_http.py -> build/lib/lifecycle_worker/infrastructure
copying src/lifecycle_worker/infrastructure/__init__.py -> build/lib/lifecycle_worker/infrastructure
copying src/lifecycle_worker/infrastructure/native_files.py -> build/lib/lifecycle_worker/infrastructure
copying src/lifecycle_worker/infrastructure/openstack_api.py -> build/lib/lifecycle_worker/infrastructure
copying src/lifecycle_worker/infrastructure/openstack_readback.py -> build/lib/lifecycle_worker/infrastructure
copying src/lifecycle_worker/infrastructure/migration_archive.py -> build/lib/lifecycle_worker/infrastructure
copying src/lifecycle_worker/infrastructure/migration_import.py -> build/lib/lifecycle_worker/infrastructure
copying src/lifecycle_worker/infrastructure/image_conversion.py -> build/lib/lifecycle_worker/infrastructure
copying src/lifecycle_worker/infrastructure/platform_api.py -> build/lib/lifecycle_worker/infrastructure
copying src/lifecycle_worker/infrastructure/extension_trust.py -> build/lib/lifecycle_worker/infrastructure
copying src/lifecycle_worker/infrastructure/native_journal.py -> build/lib/lifecycle_worker/infrastructure
copying src/lifecycle_worker/infrastructure/runtime.py -> build/lib/lifecycle_worker/infrastructure
copying src/lifecycle_worker/infrastructure/migration_accounts.py -> build/lib/lifecycle_worker/infrastructure
copying src/lifecycle_worker/infrastructure/migration_protocol.py -> build/lib/lifecycle_worker/infrastructure
copying src/lifecycle_worker/infrastructure/migration_conversion.py -> build/lib/lifecycle_worker/infrastructure
copying src/lifecycle_worker/infrastructure/migration_budget.py -> build/lib/lifecycle_worker/infrastructure
creating build/lib/lifecycle_worker/bootstrap
copying src/lifecycle_worker/bootstrap/simulation.py -> build/lib/lifecycle_worker/bootstrap
copying src/lifecycle_worker/bootstrap/__init__.py -> build/lib/lifecycle_worker/bootstrap
copying src/lifecycle_worker/bootstrap/health.py -> build/lib/lifecycle_worker/bootstrap
copying src/lifecycle_worker/bootstrap/native_inspect.py -> build/lib/lifecycle_worker/bootstrap
copying src/lifecycle_worker/bootstrap/native.py -> build/lib/lifecycle_worker/bootstrap
copying src/lifecycle_worker/bootstrap/migration_accounts.py -> build/lib/lifecycle_worker/bootstrap
running egg_info
writing src/product_lifecycle_worker.egg-info/PKG-INFO
writing dependency_links to src/product_lifecycle_worker.egg-info/dependency_links.txt
writing entry points to src/product_lifecycle_worker.egg-info/entry_points.txt
writing requirements to src/product_lifecycle_worker.egg-info/requires.txt
writing top-level names to src/product_lifecycle_worker.egg-info/top_level.txt
reading manifest file 'src/product_lifecycle_worker.egg-info/SOURCES.txt'
writing manifest file 'src/product_lifecycle_worker.egg-info/SOURCES.txt'
installing to build/bdist.linux-x86_64/wheel
running install
running install_lib
creating build/bdist.linux-x86_64/wheel
creating build/bdist.linux-x86_64/wheel/lifecycle_worker
copying build/lib/lifecycle_worker/__init__.py -> build/bdist.linux-x86_64/wheel/./lifecycle_worker
creating build/bdist.linux-x86_64/wheel/lifecycle_worker/interfaces
copying build/lib/lifecycle_worker/interfaces/simulation.py -> build/bdist.linux-x86_64/wheel/./lifecycle_worker/interfaces
copying build/lib/lifecycle_worker/interfaces/__init__.py -> build/bdist.linux-x86_64/wheel/./lifecycle_worker/interfaces
copying build/lib/lifecycle_worker/interfaces/health.py -> build/bdist.linux-x86_64/wheel/./lifecycle_worker/interfaces
copying build/lib/lifecycle_worker/interfaces/native.py -> build/bdist.linux-x86_64/wheel/./lifecycle_worker/interfaces
creating build/bdist.linux-x86_64/wheel/lifecycle_worker/application
copying build/lib/lifecycle_worker/application/platform_plan.py -> build/bdist.linux-x86_64/wheel/./lifecycle_worker/application
copying build/lib/lifecycle_worker/application/api_plan.py -> build/bdist.linux-x86_64/wheel/./lifecycle_worker/application
copying build/lib/lifecycle_worker/application/native_authority.py -> build/bdist.linux-x86_64/wheel/./lifecycle_worker/application
copying build/lib/lifecycle_worker/application/migration_runtime.py -> build/bdist.linux-x86_64/wheel/./lifecycle_worker/application
copying build/lib/lifecycle_worker/application/simulation.py -> build/bdist.linux-x86_64/wheel/./lifecycle_worker/application
copying build/lib/lifecycle_worker/application/__init__.py -> build/bdist.linux-x86_64/wheel/./lifecycle_worker/application
copying build/lib/lifecycle_worker/application/native.py -> build/bdist.linux-x86_64/wheel/./lifecycle_worker/application
copying build/lib/lifecycle_worker/application/native_effect.py -> build/bdist.linux-x86_64/wheel/./lifecycle_worker/application
creating build/bdist.linux-x86_64/wheel/lifecycle_worker/infrastructure
copying build/lib/lifecycle_worker/infrastructure/vmware_capture.py -> build/bdist.linux-x86_64/wheel/./lifecycle_worker/infrastructure
copying build/lib/lifecycle_worker/infrastructure/native_copy.py -> build/bdist.linux-x86_64/wheel/./lifecycle_worker/infrastructure
copying build/lib/lifecycle_worker/infrastructure/native_authority.py -> build/bdist.linux-x86_64/wheel/./lifecycle_worker/infrastructure
copying build/lib/lifecycle_worker/infrastructure/migration_bootstrap.py -> build/bdist.linux-x86_64/wheel/./lifecycle_worker/infrastructure
copying build/lib/lifecycle_worker/infrastructure/native_runtime.py -> build/bdist.linux-x86_64/wheel/./lifecycle_worker/infrastructure
copying build/lib/lifecycle_worker/infrastructure/native_http.py -> build/bdist.linux-x86_64/wheel/./lifecycle_worker/infrastructure
copying build/lib/lifecycle_worker/infrastructure/__init__.py -> build/bdist.linux-x86_64/wheel/./lifecycle_worker/infrastructure
copying build/lib/lifecycle_worker/infrastructure/native_files.py -> build/bdist.linux-x86_64/wheel/./lifecycle_worker/infrastructure
copying build/lib/lifecycle_worker/infrastructure/openstack_api.py -> build/bdist.linux-x86_64/wheel/./lifecycle_worker/infrastructure
copying build/lib/lifecycle_worker/infrastructure/openstack_readback.py -> build/bdist.linux-x86_64/wheel/./lifecycle_worker/infrastructure
copying build/lib/lifecycle_worker/infrastructure/migration_archive.py -> build/bdist.linux-x86_64/wheel/./lifecycle_worker/infrastructure
copying build/lib/lifecycle_worker/infrastructure/migration_import.py -> build/bdist.linux-x86_64/wheel/./lifecycle_worker/infrastructure
copying build/lib/lifecycle_worker/infrastructure/image_conversion.py -> build/bdist.linux-x86_64/wheel/./lifecycle_worker/infrastructure
copying build/lib/lifecycle_worker/infrastructure/platform_api.py -> build/bdist.linux-x86_64/wheel/./lifecycle_worker/infrastructure
copying build/lib/lifecycle_worker/infrastructure/extension_trust.py -> build/bdist.linux-x86_64/wheel/./lifecycle_worker/infrastructure
copying build/lib/lifecycle_worker/infrastructure/native_journal.py -> build/bdist.linux-x86_64/wheel/./lifecycle_worker/infrastructure
copying build/lib/lifecycle_worker/infrastructure/runtime.py -> build/bdist.linux-x86_64/wheel/./lifecycle_worker/infrastructure
copying build/lib/lifecycle_worker/infrastructure/migration_accounts.py -> build/bdist.linux-x86_64/wheel/./lifecycle_worker/infrastructure
copying build/lib/lifecycle_worker/infrastructure/migration_protocol.py -> build/bdist.linux-x86_64/wheel/./lifecycle_worker/infrastructure
copying build/lib/lifecycle_worker/infrastructure/migration_conversion.py -> build/bdist.linux-x86_64/wheel/./lifecycle_worker/infrastructure
copying build/lib/lifecycle_worker/infrastructure/migration_budget.py -> build/bdist.linux-x86_64/wheel/./lifecycle_worker/infrastructure
creating build/bdist.linux-x86_64/wheel/lifecycle_worker/bootstrap
copying build/lib/lifecycle_worker/bootstrap/simulation.py -> build/bdist.linux-x86_64/wheel/./lifecycle_worker/bootstrap
copying build/lib/lifecycle_worker/bootstrap/__init__.py -> build/bdist.linux-x86_64/wheel/./lifecycle_worker/bootstrap
copying build/lib/lifecycle_worker/bootstrap/health.py -> build/bdist.linux-x86_64/wheel/./lifecycle_worker/bootstrap
copying build/lib/lifecycle_worker/bootstrap/native_inspect.py -> build/bdist.linux-x86_64/wheel/./lifecycle_worker/bootstrap
copying build/lib/lifecycle_worker/bootstrap/native.py -> build/bdist.linux-x86_64/wheel/./lifecycle_worker/bootstrap
copying build/lib/lifecycle_worker/bootstrap/migration_accounts.py -> build/bdist.linux-x86_64/wheel/./lifecycle_worker/bootstrap
running install_egg_info
Copying src/product_lifecycle_worker.egg-info to build/bdist.linux-x86_64/wheel/./product_lifecycle_worker-0.1.0.dev0-py3.12.egg-info
running install_scripts
creating build/bdist.linux-x86_64/wheel/product_lifecycle_worker-0.1.0.dev0.dist-info/WHEEL
creating '/workspace/scratch/86d322ce5558/multi-tenant/workers/lifecycle/dist/.tmp-p34tzi1h/product_lifecycle_worker-0.1.0.dev0-py3-none-any.whl' and adding 'build/bdist.linux-x86_64/wheel' to it
adding 'lifecycle_worker/__init__.py'
adding 'lifecycle_worker/application/__init__.py'
adding 'lifecycle_worker/application/api_plan.py'
adding 'lifecycle_worker/application/migration_runtime.py'
adding 'lifecycle_worker/application/native.py'
adding 'lifecycle_worker/application/native_authority.py'
adding 'lifecycle_worker/application/native_effect.py'
adding 'lifecycle_worker/application/platform_plan.py'
adding 'lifecycle_worker/application/simulation.py'
adding 'lifecycle_worker/bootstrap/__init__.py'
adding 'lifecycle_worker/bootstrap/health.py'
adding 'lifecycle_worker/bootstrap/migration_accounts.py'
adding 'lifecycle_worker/bootstrap/native.py'
adding 'lifecycle_worker/bootstrap/native_inspect.py'
adding 'lifecycle_worker/bootstrap/simulation.py'
adding 'lifecycle_worker/infrastructure/__init__.py'
adding 'lifecycle_worker/infrastructure/extension_trust.py'
adding 'lifecycle_worker/infrastructure/image_conversion.py'
adding 'lifecycle_worker/infrastructure/migration_accounts.py'
adding 'lifecycle_worker/infrastructure/migration_archive.py'
adding 'lifecycle_worker/infrastructure/migration_bootstrap.py'
adding 'lifecycle_worker/infrastructure/migration_budget.py'
adding 'lifecycle_worker/infrastructure/migration_conversion.py'
adding 'lifecycle_worker/infrastructure/migration_import.py'
adding 'lifecycle_worker/infrastructure/migration_protocol.py'
adding 'lifecycle_worker/infrastructure/native_authority.py'
adding 'lifecycle_worker/infrastructure/native_copy.py'
adding 'lifecycle_worker/infrastructure/native_files.py'
adding 'lifecycle_worker/infrastructure/native_http.py'
adding 'lifecycle_worker/infrastructure/native_journal.py'
adding 'lifecycle_worker/infrastructure/native_runtime.py'
adding 'lifecycle_worker/infrastructure/openstack_api.py'
adding 'lifecycle_worker/infrastructure/openstack_readback.py'
adding 'lifecycle_worker/infrastructure/platform_api.py'
adding 'lifecycle_worker/infrastructure/runtime.py'
adding 'lifecycle_worker/infrastructure/vmware_capture.py'
adding 'lifecycle_worker/interfaces/__init__.py'
adding 'lifecycle_worker/interfaces/health.py'
adding 'lifecycle_worker/interfaces/native.py'
adding 'lifecycle_worker/interfaces/simulation.py'
adding 'product_lifecycle_worker-0.1.0.dev0.dist-info/METADATA'
adding 'product_lifecycle_worker-0.1.0.dev0.dist-info/WHEEL'
adding 'product_lifecycle_worker-0.1.0.dev0.dist-info/entry_points.txt'
adding 'product_lifecycle_worker-0.1.0.dev0.dist-info/top_level.txt'
adding 'product_lifecycle_worker-0.1.0.dev0.dist-info/RECORD'
removing build/bdist.linux-x86_64/wheel
Successfully built dist/product_lifecycle_worker-0.1.0.dev0-py3-none-any.whl
