[
    {
        "Id": "sha256:3b8b26cc66a47001f2d265fcb442013897520af889ead7d1360d72788548032e",
        "RepoTags": [
            "p01-lifecycle-workers:c28c87e6c6804450fea9f6d6817a818eed37fc03"
        ],
        "RepoDigests": [],
        "Parent": "",
        "Comment": "buildkit.dockerfile.v0",
        "Created": "2026-10-04T23:44:05.254187406Z",
        "DockerVersion": "",
        "Author": "",
        "Config": {
            "Hostname": "",
            "Domainname": "",
            "User": "10001:10001",
            "AttachStdin": false,
            "AttachStdout": false,
            "AttachStderr": false,
            "Tty": false,
            "OpenStdin": false,
            "StdinOnce": false,
            "Env": [
                "PATH=/opt/venv/bin:/usr/local/bin:/usr/local/sbin:/usr/local/bin:/usr/sbin:/usr/bin:/sbin:/bin",
                "LANG=C.UTF-8",
                "GPG_KEY=7169605F62C751356D054A26A821E680E5FA6305",
                "PYTHON_VERSION=3.12.14",
                "PYTHON_SHA256=5c8462af5790baf43a321a1559dbe0db06d1be4300fb85fb53c40060668e548a",
                "PYTHONDONTWRITEBYTECODE=1",
                "PYTHONUNBUFFERED=1"
            ],
            "Cmd": [
                "liveness"
            ],
            "Healthcheck": {
                "Test": [
                    "NONE"
                ]
            },
            "ArgsEscaped": true,
            "Image": "",
            "Volumes": null,
            "WorkingDir": "/app",
            "Entrypoint": [
                "/opt/venv/bin/lifecycle-worker-health"
            ],
            "OnBuild": null,
            "Labels": {
                "org.opencontainers.image.revision": "c28c87e6c6804450fea9f6d6817a818eed37fc03",
                "org.opencontainers.image.source": "https://github.com/awalker0878/multi-tenant",
                "org.opencontainers.image.title": "product-lifecycle-worker bootstrap"
            }
        },
        "Architecture": "amd64",
        "Os": "linux",
        "Size": 124377119,
        "GraphDriver": {
            "Data": {
                "LowerDir": "/var/lib/docker/overlay2/190o6ea2cbg2jajq0azbnbmpg/diff:/var/lib/docker/overlay2/dd2b65f5a72d62064dd9749209c21191c3928242e9bb60903edc55e40bb0f454/diff:/var/lib/docker/overlay2/079e8c522f93bff7aa6382927933599faab6493a54a7563f9f56aaa2c396890c/diff:/var/lib/docker/overlay2/52d86eb30ee496454fb53da0b755572f80f9f6c730cf6dd5386f5fa4674824ef/diff:/var/lib/docker/overlay2/85fae18f0f5750d84351aadde954610a5d3f98e05c152d2842565e654affe2aa/diff",
                "MergedDir": "/var/lib/docker/overlay2/tvjpxj6q2g0b7zxi1al5fg5i9/merged",
                "UpperDir": "/var/lib/docker/overlay2/tvjpxj6q2g0b7zxi1al5fg5i9/diff",
                "WorkDir": "/var/lib/docker/overlay2/tvjpxj6q2g0b7zxi1al5fg5i9/work"
            },
            "Name": "overlay2"
        },
        "RootFS": {
            "Type": "layers",
            "Layers": [
                "sha256:34467cc93912af891dfee8a3902adf9b4f355a9bca4eaa46f658d1181a21de0d",
                "sha256:16df0073c13c96653ee2b601b16e514321513eb4af983de156c2d4e17df8a5d9",
                "sha256:9639007baab8a136bc468bd5d757fdf79cf5d77b6ff2a87889071252e334fab3",
                "sha256:abca6d63c9dbe51fa3bc42e75e0387da12803ef64430ad151814e468d5e1c203",
                "sha256:ac1ec0c9588bc21be7ca2d600440c3e348d49bb37404d57ec8a355bb0ba0e447",
                "sha256:a7ecc4596fa1ab73b597cf3b89c67878360baa8acc0e6ffa786d0566febd8c68"
            ]
        },
        "Metadata": {
            "LastTagTime": "2026-10-04T23:44:06.00846388Z"
        }
    }
]
