[
    {
        "Id": "sha256:abe1102f1d388ab9d15332d01b974fa8188c68c56f5826184d105403abbc3e26",
        "RepoTags": [
            "p01-console:e9eac175f2fb845847aa5954522a8470260180dc"
        ],
        "RepoDigests": [],
        "Parent": "",
        "Comment": "buildkit.dockerfile.v0",
        "Created": "2026-10-04T23:56:59.328840976Z",
        "DockerVersion": "",
        "Author": "",
        "Config": {
            "Hostname": "",
            "Domainname": "",
            "User": "10001:10001",
            "AttachStdin": false,
            "AttachStdout": false,
            "AttachStderr": false,
            "ExposedPorts": {
                "9000/tcp": {}
            },
            "Tty": false,
            "OpenStdin": false,
            "StdinOnce": false,
            "Env": [
                "PATH=/usr/local/sbin:/usr/local/bin:/usr/sbin:/usr/bin:/sbin:/bin",
                "PHPIZE_DEPS=autoconf \t\tdpkg-dev \t\tfile \t\tg++ \t\tgcc \t\tlibc-dev \t\tmake \t\tpkg-config \t\tre2c",
                "PHP_INI_DIR=/usr/local/etc/php",
                "PHP_CFLAGS=-fstack-protector-strong -fpic -fpie -O2 -D_LARGEFILE_SOURCE -D_FILE_OFFSET_BITS=64",
                "PHP_CPPFLAGS=-fstack-protector-strong -fpic -fpie -O2 -D_LARGEFILE_SOURCE -D_FILE_OFFSET_BITS=64",
                "PHP_LDFLAGS=-Wl,-O1 -pie",
                "GPG_KEYS=1198C0117593497A5EC5C199286AF1F9897469DC 49D9AF6BC72A80D6691719C8AA23F5BE9C7097D4 D95C03BC702BE9515344AE3374E44BC9067701A5",
                "PHP_VERSION=8.5.11",
                "PHP_URL=https://www.php.net/distributions/php-8.5.11.tar.xz",
                "PHP_ASC_URL=https://www.php.net/distributions/php-8.5.11.tar.xz.asc",
                "PHP_SHA256=d9be75c08e8c316f4c8f4194d8fbe1750a15f6a6d9d4e3fe72082abeeb800360",
                "APP_ENV=production",
                "APP_DEBUG=false"
            ],
            "Cmd": [
                "php-fpm",
                "-F"
            ],
            "ArgsEscaped": true,
            "Image": "",
            "Volumes": null,
            "WorkingDir": "/app",
            "Entrypoint": [
                "/usr/local/bin/service-entrypoint"
            ],
            "OnBuild": null,
            "Labels": {
                "io.product.component": "console",
                "org.opencontainers.image.revision": "e9eac175f2fb845847aa5954522a8470260180dc"
            },
            "StopSignal": "SIGQUIT"
        },
        "Architecture": "amd64",
        "Os": "linux",
        "Size": 552648577,
        "GraphDriver": {
            "Data": {
                "LowerDir": "/var/lib/docker/overlay2/340jjkm7ii3y7lzo32yq09vyc/diff:/var/lib/docker/overlay2/nlaryn8yj3sisa71yq4h6a4z0/diff:/var/lib/docker/overlay2/unox5og9vzq6ckvxi6wgwjfi9/diff:/var/lib/docker/overlay2/zn4yq01vz5w2fec8p2ynbajkd/diff:/var/lib/docker/overlay2/x2xzlk45u5mcuqa5o40xrsa6p/diff:/var/lib/docker/overlay2/0xn5xnnmbmwo2othli3pdsbhf/diff:/var/lib/docker/overlay2/kkfjs1029fghq8u27cg8kkbxh/diff:/var/lib/docker/overlay2/h5w1v2gmhb92bbor2e97zvd5g/diff:/var/lib/docker/overlay2/kj87oz2hqs2u7xpsniwa8ec8x/diff:/var/lib/docker/overlay2/xbx8loqj352rgqlhku7bugkj6/diff:/var/lib/docker/overlay2/tag4b0o3x3j4rayrn177acjd5/diff:/var/lib/docker/overlay2/hiamgj5l9z2ihc2ya0vv5v4ym/diff:/var/lib/docker/overlay2/5n5cxnybb3dvy1ccq7eajzdek/diff:/var/lib/docker/overlay2/1386451baecda6349f2bca09fb9ba16cb644d32ee64678ada89cadb4d9b43522/diff:/var/lib/docker/overlay2/d950950ed3e5d023a5c29391f95649e32cd849fb7bc09542473a01e1c7bdfad5/diff:/var/lib/docker/overlay2/80347acd9250a29f1fc39581961ab9f2786c7769ae3cdcd915cbb5b495c99b20/diff:/var/lib/docker/overlay2/12bff4815901161e0415e58d0040e3b0af8decd489a76d8c7ca0b3be267ac353/diff:/var/lib/docker/overlay2/8bfba2026208ce8e971e248ad8f67449c0e12a7266518e063b2cf02aae088398/diff:/var/lib/docker/overlay2/c2c6db397ed97373d0045db07a133803e4bbeba4ecdc6854d5639fd73b36b531/diff:/var/lib/docker/overlay2/5f117d25289021bd1c3ae83d0d1948e5e6983b8fa47ba4b426799781e8bbfc0d/diff:/var/lib/docker/overlay2/a375113926a19a4144f9aca51e589bf096f751cfe114c63129f42c0bc337c998/diff:/var/lib/docker/overlay2/ad1ee546bdd55c071762e1b329a8304594dd3d6cbde7b992d65cc248035c7fd8/diff:/var/lib/docker/overlay2/cb18c03a4a6bea2a4ea00adc6b2c7ad78d0bc1c58cbea01b1705077b8ab2d211/diff:/var/lib/docker/overlay2/398e10190e6d74381fdb97fabb6813fa6c4cfaf6e1cb5d9bafd63aa2f5ae3097/diff",
                "MergedDir": "/var/lib/docker/overlay2/tupwpobsqqyqm0zvfx1zehuye/merged",
                "UpperDir": "/var/lib/docker/overlay2/tupwpobsqqyqm0zvfx1zehuye/diff",
                "WorkDir": "/var/lib/docker/overlay2/tupwpobsqqyqm0zvfx1zehuye/work"
            },
            "Name": "overlay2"
        },
        "RootFS": {
            "Type": "layers",
            "Layers": [
                "sha256:34467cc93912af891dfee8a3902adf9b4f355a9bca4eaa46f658d1181a21de0d",
                "sha256:81274738dbf57317e5435144826219706147834290d012a351d5fc593b5adae2",
                "sha256:0504f653b699e414def5b49113f24c6e542a7846c5df9a799b27c809313dbb4d",
                "sha256:da1395a377a2acc8422d3bc4b7d862885a3a97a3421e3fed1adf62d061ff4f63",
                "sha256:27ac94f3ce3452f11b8a4e05cd00328bc38ad35848dfa0caa7ac7377e2b4c48c",
                "sha256:75906afbd8260b795e6e9b04941130b4bc0f4c137e76562f13753c62972bc5ef",
                "sha256:92e695b6cfd2d361a0864f12771aeb461c040dcd3ac66a0c704bf6e02cd2fc54",
                "sha256:ba5cfed66dabaf73234dbd89396a9011991392d027832714d3bbe68640c82d79",
                "sha256:c5687dee67cf6207590530c6c1c1bf4f1484aa1aeb2a44ff0e0ab0ebb7936ed7",
                "sha256:5f70bf18a086007016e948b04aed3b82103a36bea41755b6cddfaf10ace3c6ef",
                "sha256:a3d8babd0c9ce6e5640c2d87ef48eb3b4adf3e152f63414c1ef6ec0cc9ae911d",
                "sha256:48c0a10c1a57196589768bc6eaca89d3821910e3c66b38f5f293caef30bcab82",
                "sha256:634edf4664776c6bb3af3c3f42108a5de1369513494caed97d505d106e2fb281",
                "sha256:77203010109d58ae59b2f77203e34bba7b5068bcf3e1211b9ff574e58c44f101",
                "sha256:a5b846e3764fa54236c1d07ffbe25f4b6d1ed025836f3ab2e4385df47182b600",
                "sha256:6c41ba538991cef4801b416ff97121f095d3dcd7cd37c32b5977e86f38d0ae62",
                "sha256:fdd58c05e5c30bc2f0d900d5bd76c69bf57d221bc357d7b92398eacf2f01df44",
                "sha256:3584b550dfe98141d9fca11ea1b0681cae2f5043c6110d0b136661bedcbe4241",
                "sha256:2b3cf198060868e5b969006013b926b68d025b779b50e6da0ca96d5a6e03a2cd",
                "sha256:1e6475c5a5a08f4dcb9464a5e7f1294fad1f9b63f83de8d4d66d898da395ba94",
                "sha256:59405999de03c3da230274241741ed95bd45b904d9779267cc6a8d3ce84a1e9f",
                "sha256:be489a0adcb9c349e886071d97d6f16d762d075fad928ee75922667c4070f61b",
                "sha256:101c5913e1cefabdcd77bc80d3e3413920efcacde110935d43e1c85e8defb3b7",
                "sha256:0a4ad65631d95955dd80e76faa660bf60b4aa341973e610a84e4447201feabaa",
                "sha256:293ba063240ca50c253f6d7c08e768930c8892249688ac6525c47698b46971fb"
            ]
        },
        "Metadata": {
            "LastTagTime": "2026-10-04T23:57:03.786982946Z"
        }
    }
]
