[
    {
        "Id": "sha256:3fd401c2b406525137f517cec5ae4b5d84d35d34d0679ea9138babce7f0731e3",
        "RepoTags": [
            "p01-governance:72188a2dcf973ceee09eed05dfb79a6c53122ae2"
        ],
        "RepoDigests": [],
        "Parent": "",
        "Comment": "buildkit.dockerfile.v0",
        "Created": "2026-10-05T03:46:38.08822699Z",
        "DockerVersion": "",
        "Author": "",
        "Config": {
            "Hostname": "",
            "Domainname": "",
            "User": "10001:10001",
            "AttachStdin": false,
            "AttachStdout": false,
            "AttachStderr": false,
            "ExposedPorts": {
                "9000/tcp": {}
            },
            "Tty": false,
            "OpenStdin": false,
            "StdinOnce": false,
            "Env": [
                "PATH=/usr/local/sbin:/usr/local/bin:/usr/sbin:/usr/bin:/sbin:/bin",
                "PHPIZE_DEPS=autoconf \t\tdpkg-dev \t\tfile \t\tg++ \t\tgcc \t\tlibc-dev \t\tmake \t\tpkg-config \t\tre2c",
                "PHP_INI_DIR=/usr/local/etc/php",
                "PHP_CFLAGS=-fstack-protector-strong -fpic -fpie -O2 -D_LARGEFILE_SOURCE -D_FILE_OFFSET_BITS=64",
                "PHP_CPPFLAGS=-fstack-protector-strong -fpic -fpie -O2 -D_LARGEFILE_SOURCE -D_FILE_OFFSET_BITS=64",
                "PHP_LDFLAGS=-Wl,-O1 -pie",
                "GPG_KEYS=1198C0117593497A5EC5C199286AF1F9897469DC 49D9AF6BC72A80D6691719C8AA23F5BE9C7097D4 D95C03BC702BE9515344AE3374E44BC9067701A5",
                "PHP_VERSION=8.5.11",
                "PHP_URL=https://www.php.net/distributions/php-8.5.11.tar.xz",
                "PHP_ASC_URL=https://www.php.net/distributions/php-8.5.11.tar.xz.asc",
                "PHP_SHA256=d9be75c08e8c316f4c8f4194d8fbe1750a15f6a6d9d4e3fe72082abeeb800360",
                "APP_ENV=production",
                "APP_DEBUG=false"
            ],
            "Cmd": [
                "php-fpm",
                "-F"
            ],
            "ArgsEscaped": true,
            "Image": "",
            "Volumes": null,
            "WorkingDir": "/app",
            "Entrypoint": [
                "/usr/local/bin/service-entrypoint"
            ],
            "OnBuild": null,
            "Labels": {
                "io.product.component": "governance",
                "org.opencontainers.image.revision": "72188a2dcf973ceee09eed05dfb79a6c53122ae2"
            },
            "StopSignal": "SIGQUIT"
        },
        "Architecture": "amd64",
        "Os": "linux",
        "Size": 552206470,
        "GraphDriver": {
            "Data": {
                "LowerDir": "/var/lib/docker/overlay2/j85uvzz3f0z1t14rbyckxst25/diff:/var/lib/docker/overlay2/of4gd8cg6fhympulk10xynaws/diff:/var/lib/docker/overlay2/x7znx9kn1kgt0yxjt6t4tbska/diff:/var/lib/docker/overlay2/z4ydb67bfsl4a01z0an950mnu/diff:/var/lib/docker/overlay2/smu7jza70179436cijzswbtt5/diff:/var/lib/docker/overlay2/b4tl83ew7ggn2o3ulcvxqm79p/diff:/var/lib/docker/overlay2/lnfsafv7v6qva1y4im09livj7/diff:/var/lib/docker/overlay2/qau5nbfg8qeidrkoqy2bzr5td/diff:/var/lib/docker/overlay2/qs7jazjvtn4qdcu4mcbabx9y9/diff:/var/lib/docker/overlay2/hj29rrfhrg6y2f4p4bbzmiuaj/diff:/var/lib/docker/overlay2/e2t1qyyzayw2xlcu9totf42qi/diff:/var/lib/docker/overlay2/6cc00af930763652b715c1a68e2093e8041a6331235da7dc9d41e756e8b58ea4/diff:/var/lib/docker/overlay2/b2bdfd478060fb864a5dba556d594fdf91dbfb6cf22fcda1db5b99643768253e/diff:/var/lib/docker/overlay2/10e06182912591c7b6375180ed7bad37817df88dbf0256a468d4b95a470c4156/diff:/var/lib/docker/overlay2/bd75d59f35566b4c9daa22a3f99ba161509f1e12444b5af468bd0568ecb3d933/diff:/var/lib/docker/overlay2/0cc093ea185ec664acbd9d347f44f47fbb9feb88488520fd632fcdaed78e1c1c/diff:/var/lib/docker/overlay2/24b940b35e4b31a8991a822dd5c7ca46ed5017d8ccaf5bd8cae6338a43d4eb8e/diff:/var/lib/docker/overlay2/0b770c43edc2dd81d61d1d8b7ba02ecbbe01a7f2d823b8831cda7efaa69a90a2/diff:/var/lib/docker/overlay2/e327c1e7426a5bc47be2a2fef9189e0f845bc5e8f2f2fabffef8012b47839cb1/diff:/var/lib/docker/overlay2/b29b1c1c58304367acb08748f8173e1b44a178a14effb1bbff0acb010782616b/diff:/var/lib/docker/overlay2/d98a0b7ff610010220068ab638c1039ecd8ddeaa0517ac5db8603ef07522d426/diff:/var/lib/docker/overlay2/19564ac87aa444c6f482436271c10f8afe8629487efa58dba3436ff199def735/diff",
                "MergedDir": "/var/lib/docker/overlay2/33qozmmapceoqck1zon838zfz/merged",
                "UpperDir": "/var/lib/docker/overlay2/33qozmmapceoqck1zon838zfz/diff",
                "WorkDir": "/var/lib/docker/overlay2/33qozmmapceoqck1zon838zfz/work"
            },
            "Name": "overlay2"
        },
        "RootFS": {
            "Type": "layers",
            "Layers": [
                "sha256:34467cc93912af891dfee8a3902adf9b4f355a9bca4eaa46f658d1181a21de0d",
                "sha256:81274738dbf57317e5435144826219706147834290d012a351d5fc593b5adae2",
                "sha256:0504f653b699e414def5b49113f24c6e542a7846c5df9a799b27c809313dbb4d",
                "sha256:da1395a377a2acc8422d3bc4b7d862885a3a97a3421e3fed1adf62d061ff4f63",
                "sha256:27ac94f3ce3452f11b8a4e05cd00328bc38ad35848dfa0caa7ac7377e2b4c48c",
                "sha256:75906afbd8260b795e6e9b04941130b4bc0f4c137e76562f13753c62972bc5ef",
                "sha256:92e695b6cfd2d361a0864f12771aeb461c040dcd3ac66a0c704bf6e02cd2fc54",
                "sha256:ba5cfed66dabaf73234dbd89396a9011991392d027832714d3bbe68640c82d79",
                "sha256:c5687dee67cf6207590530c6c1c1bf4f1484aa1aeb2a44ff0e0ab0ebb7936ed7",
                "sha256:5f70bf18a086007016e948b04aed3b82103a36bea41755b6cddfaf10ace3c6ef",
                "sha256:a3d8babd0c9ce6e5640c2d87ef48eb3b4adf3e152f63414c1ef6ec0cc9ae911d",
                "sha256:189c44b27a59cb5757548490feff2bc79d5bd265ee8bb17749c1bbcadb6190c5",
                "sha256:3f6d0f3f55147912ff20849a3a2260e1f81cc0c17f8d3f5071e531a912d47dd9",
                "sha256:483eb7b35ffd4fb9f8603f9150367b68e244e2292a2ea90e6dcab4bdf73c6155",
                "sha256:1fe79562c73ad70a6ef2d667242096759de47038fae9e12e46333f4bb71f2729",
                "sha256:01abd00bcb2d7fdfd449bce1aa3d7441fc5ea7079ca8d7f18b6a9eeb6c048884",
                "sha256:c4ef5066eb446ff9f1fa0e251472ae4111321963a32f10179b9ac1f4354bb92f",
                "sha256:e9c7013ed04900a9dac4e2e8746a01515772fc5b6e5760b855c6792d5c532288",
                "sha256:3f570374ddc67803ddcfe624c9cafd9f0fa9f1bc407d9110b2435f92f5c7b924",
                "sha256:972febad964df2bef7084057428c88e1ded00478be83eb9083f5d126231e40ef",
                "sha256:3027e47711b5b694ec6f30f83f08f362699d499fca7b163392270dc8dc42a5c6",
                "sha256:7a0fd3acfe5d84c2971390a46d5dd3286d88456f36d1db57399bb3061c54482f",
                "sha256:c897221d2b10630e1545dfcf0c84d06892b72a122627d86ab0fca9de31a0e4f8"
            ]
        },
        "Metadata": {
            "LastTagTime": "2026-10-05T03:46:43.922071312Z"
        }
    }
]
