[
    {
        "Id": "sha256:a09d8847afa32289a0d8d75221fbdd3927720d370598238f59444e005a58162d",
        "RepoTags": [
            "p01-console:4142571874a53b351a9c6023313185fe718d0dac"
        ],
        "RepoDigests": [],
        "Parent": "",
        "Comment": "buildkit.dockerfile.v0",
        "Created": "2026-10-04T22:14:19.290701849Z",
        "DockerVersion": "",
        "Author": "",
        "Config": {
            "Hostname": "",
            "Domainname": "",
            "User": "10001:10001",
            "AttachStdin": false,
            "AttachStdout": false,
            "AttachStderr": false,
            "ExposedPorts": {
                "9000/tcp": {}
            },
            "Tty": false,
            "OpenStdin": false,
            "StdinOnce": false,
            "Env": [
                "PATH=/usr/local/sbin:/usr/local/bin:/usr/sbin:/usr/bin:/sbin:/bin",
                "PHPIZE_DEPS=autoconf \t\tdpkg-dev \t\tfile \t\tg++ \t\tgcc \t\tlibc-dev \t\tmake \t\tpkg-config \t\tre2c",
                "PHP_INI_DIR=/usr/local/etc/php",
                "PHP_CFLAGS=-fstack-protector-strong -fpic -fpie -O2 -D_LARGEFILE_SOURCE -D_FILE_OFFSET_BITS=64",
                "PHP_CPPFLAGS=-fstack-protector-strong -fpic -fpie -O2 -D_LARGEFILE_SOURCE -D_FILE_OFFSET_BITS=64",
                "PHP_LDFLAGS=-Wl,-O1 -pie",
                "GPG_KEYS=1198C0117593497A5EC5C199286AF1F9897469DC 49D9AF6BC72A80D6691719C8AA23F5BE9C7097D4 D95C03BC702BE9515344AE3374E44BC9067701A5",
                "PHP_VERSION=8.5.11",
                "PHP_URL=https://www.php.net/distributions/php-8.5.11.tar.xz",
                "PHP_ASC_URL=https://www.php.net/distributions/php-8.5.11.tar.xz.asc",
                "PHP_SHA256=d9be75c08e8c316f4c8f4194d8fbe1750a15f6a6d9d4e3fe72082abeeb800360",
                "APP_ENV=production",
                "APP_DEBUG=false"
            ],
            "Cmd": [
                "php-fpm",
                "-F"
            ],
            "ArgsEscaped": true,
            "Image": "",
            "Volumes": null,
            "WorkingDir": "/app",
            "Entrypoint": [
                "/usr/local/bin/service-entrypoint"
            ],
            "OnBuild": null,
            "Labels": {
                "org.opencontainers.image.revision": "4142571874a53b351a9c6023313185fe718d0dac"
            },
            "StopSignal": "SIGQUIT"
        },
        "Architecture": "amd64",
        "Os": "linux",
        "Size": 552636085,
        "GraphDriver": {
            "Data": {
                "LowerDir": "/var/lib/docker/overlay2/rkxak5d3wlnnkqpkxtpz27i9d/diff:/var/lib/docker/overlay2/3164mjqs8yqf2z48aw1rsisfs/diff:/var/lib/docker/overlay2/ld0akg5e605ouy7we25pq9txv/diff:/var/lib/docker/overlay2/yjy7l7j11rwg23en50abvtgtx/diff:/var/lib/docker/overlay2/r2qvxfk3wxzhli8adza1y4omc/diff:/var/lib/docker/overlay2/wps03z23gb1robpr8edzuq78u/diff:/var/lib/docker/overlay2/itn3r14yc6b4sau7nj1w7mdfg/diff:/var/lib/docker/overlay2/bfa2wimaku15jvbtu7hn61c4u/diff:/var/lib/docker/overlay2/ze64v5ewhe6ipxchytove3z7j/diff:/var/lib/docker/overlay2/qsms3dlz9j7j5c4noebntv7l2/diff:/var/lib/docker/overlay2/u2senpm33sxw4paqvjzzs3unj/diff:/var/lib/docker/overlay2/pi339gfe43yqspi4l5gg7hj55/diff:/var/lib/docker/overlay2/4353c21d49f8a69462ab615bd15e616ad1d16feba2b982c4dba30f3676762400/diff:/var/lib/docker/overlay2/25322a8a438bbee7cdd0fd0e29c2d4a32294b4a71eb32d661205fe95c4008366/diff:/var/lib/docker/overlay2/12d2e9597e49f3fa3251d5597376a73f8d31ad378149e490a526c14f5c0a89e4/diff:/var/lib/docker/overlay2/ee25658424e6f1ccb36f9c453c485f8e1d50916454b8e0b1ef72addfbd706179/diff:/var/lib/docker/overlay2/d36c81c0bf2c7c00f0802884dab4b9d810155a29c24c7b0167047f9ead682cea/diff:/var/lib/docker/overlay2/6d5159b49039dc8a3ae9cd49d2130b10fdf6ce160fe7ff7ae4b5d749117da918/diff:/var/lib/docker/overlay2/4274cf46fde8909e037463a4a22b097a08f636b630e14da1e8acb8af901687dd/diff:/var/lib/docker/overlay2/21f704a32af24e48bd18861888cb9b7bde7576fb683ff1bfab4bbb6b26784ee3/diff:/var/lib/docker/overlay2/23679ef2f5a136538b8f4fa356c04623926561234ce4621629a1d83a76a7ba9c/diff:/var/lib/docker/overlay2/af394c3f99c5fc0c5fcb05a5d6ab3539ab4aa1cf11ca376f81040f34f5fe5762/diff:/var/lib/docker/overlay2/b6b975f2ab9b76771e0b2c86a8e0bdda83e8990bf0ddda7646c27cb1006ccf6d/diff",
                "MergedDir": "/var/lib/docker/overlay2/9crm9z62ppr8f0rds8txsfdgg/merged",
                "UpperDir": "/var/lib/docker/overlay2/9crm9z62ppr8f0rds8txsfdgg/diff",
                "WorkDir": "/var/lib/docker/overlay2/9crm9z62ppr8f0rds8txsfdgg/work"
            },
            "Name": "overlay2"
        },
        "RootFS": {
            "Type": "layers",
            "Layers": [
                "sha256:34467cc93912af891dfee8a3902adf9b4f355a9bca4eaa46f658d1181a21de0d",
                "sha256:81274738dbf57317e5435144826219706147834290d012a351d5fc593b5adae2",
                "sha256:0504f653b699e414def5b49113f24c6e542a7846c5df9a799b27c809313dbb4d",
                "sha256:da1395a377a2acc8422d3bc4b7d862885a3a97a3421e3fed1adf62d061ff4f63",
                "sha256:27ac94f3ce3452f11b8a4e05cd00328bc38ad35848dfa0caa7ac7377e2b4c48c",
                "sha256:75906afbd8260b795e6e9b04941130b4bc0f4c137e76562f13753c62972bc5ef",
                "sha256:92e695b6cfd2d361a0864f12771aeb461c040dcd3ac66a0c704bf6e02cd2fc54",
                "sha256:ba5cfed66dabaf73234dbd89396a9011991392d027832714d3bbe68640c82d79",
                "sha256:c5687dee67cf6207590530c6c1c1bf4f1484aa1aeb2a44ff0e0ab0ebb7936ed7",
                "sha256:5f70bf18a086007016e948b04aed3b82103a36bea41755b6cddfaf10ace3c6ef",
                "sha256:a3d8babd0c9ce6e5640c2d87ef48eb3b4adf3e152f63414c1ef6ec0cc9ae911d",
                "sha256:31c4e81177ce877bbab82daa4f96f66677e7379d00aee6e4496d0757979ee6c6",
                "sha256:5778245a87813d195c890da818fd76df35ff71556b35d462b9dff7c1c4738ba8",
                "sha256:1b0e7526246ba8e56f0f8afded1252aafa0be6dde20a43cefed47c0a703d6ba5",
                "sha256:dbb8d2650691793c7d90b0fbf91a238a22849c34c7c8e2da9d920c218b1f79f8",
                "sha256:b53457b55923514470dcafc65ca92668f84fb99f000957da47673b82213d4982",
                "sha256:a8bc6100b97c44fdfbbbd199ed03d462b031ed2a6675fbc6c9394d63acb0c744",
                "sha256:9688748806caec2a85940af04d3fcec6ab404f07b9e15bd97c72601dd54aa86c",
                "sha256:77057c77ccf644fd0db990eb842d48d07ec2d3aa8c4c553f91f4d825ef006c61",
                "sha256:cef69d880ce918859df62b3afdcc4b2b40b91e4bddb2150e9ff8268cec37898e",
                "sha256:bdc5faba5225cf62d59e52f3eb323e3c4197377865467e5752739c1f1941908f",
                "sha256:a7ec5a6af7c06309454892792e8723a1b7135959a744106ca0ec37188dc18658",
                "sha256:f25fd927d3f175a14196e208291727fe1249220fcb8cb22c4b23d07e046bd95b",
                "sha256:965d3873047ac86a3ceefa9612991ab17083255541ab48bb3d0a646880ce40e4"
            ]
        },
        "Metadata": {
            "LastTagTime": "2026-10-04T22:14:21.892279047Z"
        }
    }
]
