 Network p01-685215de15e4-b84eee94_web_governance  Creating
 Network p01-685215de15e4-b84eee94_web_governance  Created
 Network p01-685215de15e4-b84eee94_web_planning  Creating
 Network p01-685215de15e4-b84eee94_web_planning  Created
 Network p01-685215de15e4-b84eee94_web_lifecycle  Creating
 Network p01-685215de15e4-b84eee94_web_lifecycle  Created
 Network p01-685215de15e4-b84eee94_web_catalogue  Creating
 Network p01-685215de15e4-b84eee94_web_catalogue  Created
 Network p01-685215de15e4-b84eee94_web_console  Creating
 Network p01-685215de15e4-b84eee94_web_console  Created
 Network p01-685215de15e4-b84eee94_web_assurance  Creating
 Network p01-685215de15e4-b84eee94_web_assurance  Created
 Network p01-685215de15e4-b84eee94_web_inventory  Creating
 Network p01-685215de15e4-b84eee94_web_inventory  Created
 Container p01-685215de15e4-b84eee94-postgres-1  Running
 Container p01-685215de15e4-b84eee94-planning-1  Creating
 Container p01-685215de15e4-b84eee94-lifecycle-1  Creating
 Container p01-685215de15e4-b84eee94-console-1  Creating
 Container p01-685215de15e4-b84eee94-assurance-1  Creating
 Container p01-685215de15e4-b84eee94-inventory-1  Creating
 Container p01-685215de15e4-b84eee94-governance-1  Creating
 Container p01-685215de15e4-b84eee94-catalogue-1  Creating
 Container p01-685215de15e4-b84eee94-catalogue-1  Created
 Container p01-685215de15e4-b84eee94-lifecycle-1  Created
 Container p01-685215de15e4-b84eee94-catalogue-proxy-1  Creating
 Container p01-685215de15e4-b84eee94-lifecycle-proxy-1  Creating
 Container p01-685215de15e4-b84eee94-assurance-1  Created
 Container p01-685215de15e4-b84eee94-assurance-proxy-1  Creating
 Container p01-685215de15e4-b84eee94-inventory-1  Created
 Container p01-685215de15e4-b84eee94-inventory-proxy-1  Creating
 Container p01-685215de15e4-b84eee94-console-1  Created
 Container p01-685215de15e4-b84eee94-console-proxy-1  Creating
 Container p01-685215de15e4-b84eee94-governance-1  Created
 Container p01-685215de15e4-b84eee94-governance-proxy-1  Creating
 Container p01-685215de15e4-b84eee94-planning-1  Created
 Container p01-685215de15e4-b84eee94-planning-proxy-1  Creating
 Container p01-685215de15e4-b84eee94-lifecycle-proxy-1  Created
 Container p01-685215de15e4-b84eee94-catalogue-proxy-1  Created
 Container p01-685215de15e4-b84eee94-assurance-proxy-1  Created
 Container p01-685215de15e4-b84eee94-console-proxy-1  Created
 Container p01-685215de15e4-b84eee94-governance-proxy-1  Created
 Container p01-685215de15e4-b84eee94-inventory-proxy-1  Created
 Container p01-685215de15e4-b84eee94-planning-proxy-1  Created
 Container p01-685215de15e4-b84eee94-catalogue-1  Starting
 Container p01-685215de15e4-b84eee94-console-1  Starting
 Container p01-685215de15e4-b84eee94-planning-1  Starting
 Container p01-685215de15e4-b84eee94-governance-1  Starting
 Container p01-685215de15e4-b84eee94-lifecycle-1  Starting
 Container p01-685215de15e4-b84eee94-inventory-1  Starting
 Container p01-685215de15e4-b84eee94-assurance-1  Starting
 Container p01-685215de15e4-b84eee94-lifecycle-1  Started
 Container p01-685215de15e4-b84eee94-lifecycle-proxy-1  Starting
 Container p01-685215de15e4-b84eee94-planning-1  Started
 Container p01-685215de15e4-b84eee94-planning-proxy-1  Starting
 Container p01-685215de15e4-b84eee94-catalogue-1  Started
 Container p01-685215de15e4-b84eee94-catalogue-proxy-1  Starting
 Container p01-685215de15e4-b84eee94-assurance-1  Started
 Container p01-685215de15e4-b84eee94-assurance-proxy-1  Starting
 Container p01-685215de15e4-b84eee94-governance-1  Started
 Container p01-685215de15e4-b84eee94-governance-proxy-1  Starting
 Container p01-685215de15e4-b84eee94-console-1  Started
 Container p01-685215de15e4-b84eee94-console-proxy-1  Starting
 Container p01-685215de15e4-b84eee94-lifecycle-proxy-1  Started
 Container p01-685215de15e4-b84eee94-inventory-1  Started
 Container p01-685215de15e4-b84eee94-inventory-proxy-1  Starting
 Container p01-685215de15e4-b84eee94-catalogue-proxy-1  Started
 Container p01-685215de15e4-b84eee94-assurance-proxy-1  Started
 Container p01-685215de15e4-b84eee94-planning-proxy-1  Started
 Container p01-685215de15e4-b84eee94-inventory-proxy-1  Started
 Container p01-685215de15e4-b84eee94-governance-proxy-1  Started
 Container p01-685215de15e4-b84eee94-console-proxy-1  Started
