postgres-1  | The files belonging to this database system will be owned by user "postgres".
postgres-1  | This user must also own the server process.
postgres-1  | 
postgres-1  | The database cluster will be initialized with locale "en_US.utf8".
postgres-1  | The default database encoding has accordingly been set to "UTF8".
postgres-1  | The default text search configuration will be set to "english".
postgres-1  | 
postgres-1  | Data page checksums are enabled.
postgres-1  | 
postgres-1  | fixing permissions on existing directory /var/lib/postgresql/18/docker ... ok
postgres-1  | creating subdirectories ... ok
postgres-1  | selecting dynamic shared memory implementation ... posix
postgres-1  | selecting default "max_connections" ... 100
postgres-1  | selecting default "shared_buffers" ... 128MB
postgres-1  | selecting default time zone ... Etc/UTC
postgres-1  | creating configuration files ... ok
postgres-1  | running bootstrap script ... ok
postgres-1  | performing post-bootstrap initialization ... ok
postgres-1  | syncing data to disk ... ok
postgres-1  | 
postgres-1  | Success. You can now start the database server using:
postgres-1  | 
postgres-1  |     pg_ctl -D /var/lib/postgresql/18/docker -l logfile start
postgres-1  | 
postgres-1  | waiting for server to start....2026-10-04 23:52:14.208 UTC [63] LOG:  starting PostgreSQL 18.6 (Debian 18.6-1.pgdg12+2) on x86_64-pc-linux-gnu, compiled by gcc (Debian 12.2.0-14+deb12u1) 12.2.0, 64-bit
postgres-1  | 2026-10-04 23:52:14.208 UTC [63] LOG:  listening on Unix socket "/var/run/postgresql/.s.PGSQL.5432"
postgres-1  | 2026-10-04 23:52:14.211 UTC [69] LOG:  database system was shut down at 2026-10-04 23:52:13 UTC
postgres-1  | 2026-10-04 23:52:14.214 UTC [63] LOG:  database system is ready to accept connections
postgres-1  |  done
postgres-1  | server started
postgres-1  | 
postgres-1  | /usr/local/bin/docker-entrypoint.sh: sourcing /docker-entrypoint-initdb.d/10-private-identities.sh
postgres-1  | Bootstrapped private database and identities: console
postgres-1  | Bootstrapped private database and identities: governance
postgres-1  | Bootstrapped private database and identities: catalogue
postgres-1  | Bootstrapped private database and identities: inventory
postgres-1  | Bootstrapped private database and identities: planning
postgres-1  | Bootstrapped private database and identities: lifecycle
postgres-1  | Bootstrapped private database and identities: assurance
postgres-1  | 
postgres-1  | waiting for server to shut down....2026-10-04 23:52:15.054 UTC [63] LOG:  received fast shutdown request
postgres-1  | 2026-10-04 23:52:15.054 UTC [63] LOG:  aborting any active transactions
postgres-1  | 2026-10-04 23:52:15.056 UTC [63] LOG:  background worker "logical replication launcher" (PID 72) exited with exit code 1
postgres-1  | 2026-10-04 23:52:15.057 UTC [67] LOG:  shutting down
postgres-1  | 2026-10-04 23:52:15.058 UTC [67] LOG:  checkpoint starting: shutdown immediate
postgres-1  | 2026-10-04 23:52:15.556 UTC [67] LOG:  checkpoint complete: wrote 6608 buffers (40.3%), wrote 3 SLRU buffers; 0 WAL file(s) added, 0 removed, 2 recycled; write=0.480 s, sync=0.017 s, total=0.499 s; sync files=2106, longest=0.009 s, average=0.001 s; distance=30407 kB, estimate=30407 kB; lsn=0/350B310, redo lsn=0/350B310
postgres-1  | 2026-10-04 23:52:15.571 UTC [63] LOG:  database system is shut down
postgres-1  |  done
postgres-1  | server stopped
postgres-1  | 
postgres-1  | PostgreSQL init process complete; ready for start up.
postgres-1  | 
postgres-1  | 2026-10-04 23:52:15.675 UTC [7] LOG:  starting PostgreSQL 18.6 (Debian 18.6-1.pgdg12+2) on x86_64-pc-linux-gnu, compiled by gcc (Debian 12.2.0-14+deb12u1) 12.2.0, 64-bit
postgres-1  | 2026-10-04 23:52:15.675 UTC [7] LOG:  listening on IPv4 address "0.0.0.0", port 5432
postgres-1  | 2026-10-04 23:52:15.675 UTC [7] LOG:  listening on IPv6 address "::", port 5432
postgres-1  | 2026-10-04 23:52:15.675 UTC [7] LOG:  listening on Unix socket "/var/run/postgresql/.s.PGSQL.5432"
postgres-1  | 2026-10-04 23:52:15.679 UTC [131] LOG:  database system was shut down at 2026-10-04 23:52:15 UTC
postgres-1  | 2026-10-04 23:52:15.683 UTC [7] LOG:  database system is ready to accept connections
postgres-1  | 2026-10-04 23:52:17.642 UTC [141] FATAL:  pg_hba.conf rejects connection for host "127.0.0.1", user "postgres", database "postgres", SSL encryption
postgres-1  | 2026-10-04 23:52:17.643 UTC [142] FATAL:  pg_hba.conf rejects connection for host "127.0.0.1", user "postgres", database "postgres", no encryption
postgres-1  | 2026-10-04 23:52:20.023 UTC [205] FATAL:  pg_hba.conf rejects connection for host "127.0.0.1", user "postgres", database "postgres", SSL encryption
postgres-1  | 2026-10-04 23:52:20.053 UTC [206] FATAL:  pg_hba.conf rejects connection for host "127.0.0.1", user "postgres", database "postgres", no encryption
console-1   | 
console-1   |    INFO  Configuration cached successfully.  
console-1   | 
console-1   | [04-Oct-2026 23:52:20] NOTICE: [pool www] 'user' directive is ignored when FPM is not running as root
console-1   | [04-Oct-2026 23:52:20] NOTICE: [pool www] 'group' directive is ignored when FPM is not running as root
console-1   | [04-Oct-2026 23:52:20] NOTICE: fpm is running, pid 8
console-1   | [04-Oct-2026 23:52:20] NOTICE: ready to handle connections
governance-1  | 
governance-1  |    INFO  Configuration cached successfully.  
governance-1  | 
governance-1  | [04-Oct-2026 23:52:20] NOTICE: [pool www] 'user' directive is ignored when FPM is not running as root
governance-1  | [04-Oct-2026 23:52:20] NOTICE: [pool www] 'group' directive is ignored when FPM is not running as root
governance-1  | [04-Oct-2026 23:52:20] NOTICE: fpm is running, pid 7
governance-1  | [04-Oct-2026 23:52:20] NOTICE: ready to handle connections
assurance-1   | 
assurance-1   |    INFO  Configuration cached successfully.  
assurance-1   | 
assurance-1   | [04-Oct-2026 23:52:20] NOTICE: [pool www] 'user' directive is ignored when FPM is not running as root
assurance-1   | [04-Oct-2026 23:52:20] NOTICE: [pool www] 'group' directive is ignored when FPM is not running as root
assurance-1   | [04-Oct-2026 23:52:20] NOTICE: fpm is running, pid 7
assurance-1   | [04-Oct-2026 23:52:20] NOTICE: ready to handle connections
catalogue-1   | 
catalogue-1   |    INFO  Configuration cached successfully.  
catalogue-1   | 
catalogue-1   | [04-Oct-2026 23:52:20] NOTICE: [pool www] 'user' directive is ignored when FPM is not running as root
catalogue-1   | [04-Oct-2026 23:52:20] NOTICE: [pool www] 'group' directive is ignored when FPM is not running as root
catalogue-1   | [04-Oct-2026 23:52:20] NOTICE: fpm is running, pid 7
catalogue-1   | [04-Oct-2026 23:52:20] NOTICE: ready to handle connections
