 Container p01-685215de15e4-b84eee94-governance-proxy-1  Stopping
 Container p01-685215de15e4-b84eee94-lifecycle-proxy-1  Stopping
 Container p01-685215de15e4-b84eee94-console-proxy-1  Stopping
 Container p01-685215de15e4-b84eee94-catalogue-proxy-1  Stopping
 Container p01-685215de15e4-b84eee94-assurance-proxy-1  Stopping
 Container p01-685215de15e4-b84eee94-planning-proxy-1  Stopping
 Container p01-685215de15e4-b84eee94-inventory-proxy-1  Stopping
 Container p01-685215de15e4-b84eee94-assurance-proxy-1  Stopped
 Container p01-685215de15e4-b84eee94-assurance-proxy-1  Removing
 Container p01-685215de15e4-b84eee94-governance-proxy-1  Stopped
 Container p01-685215de15e4-b84eee94-governance-proxy-1  Removing
 Container p01-685215de15e4-b84eee94-inventory-proxy-1  Stopped
 Container p01-685215de15e4-b84eee94-inventory-proxy-1  Removing
 Container p01-685215de15e4-b84eee94-assurance-proxy-1  Removed
 Container p01-685215de15e4-b84eee94-assurance-1  Stopping
 Container p01-685215de15e4-b84eee94-lifecycle-proxy-1  Stopped
 Container p01-685215de15e4-b84eee94-lifecycle-proxy-1  Removing
 Container p01-685215de15e4-b84eee94-governance-proxy-1  Removed
 Container p01-685215de15e4-b84eee94-governance-1  Stopping
 Container p01-685215de15e4-b84eee94-inventory-proxy-1  Removed
 Container p01-685215de15e4-b84eee94-inventory-1  Stopping
 Container p01-685215de15e4-b84eee94-catalogue-proxy-1  Stopped
 Container p01-685215de15e4-b84eee94-catalogue-proxy-1  Removing
 Container p01-685215de15e4-b84eee94-lifecycle-proxy-1  Removed
 Container p01-685215de15e4-b84eee94-lifecycle-1  Stopping
 Container p01-685215de15e4-b84eee94-catalogue-proxy-1  Removed
 Container p01-685215de15e4-b84eee94-catalogue-1  Stopping
 Container p01-685215de15e4-b84eee94-planning-proxy-1  Stopped
 Container p01-685215de15e4-b84eee94-planning-proxy-1  Removing
 Container p01-685215de15e4-b84eee94-console-proxy-1  Stopped
 Container p01-685215de15e4-b84eee94-console-proxy-1  Removing
 Container p01-685215de15e4-b84eee94-planning-proxy-1  Removed
 Container p01-685215de15e4-b84eee94-planning-1  Stopping
 Container p01-685215de15e4-b84eee94-console-proxy-1  Removed
 Container p01-685215de15e4-b84eee94-console-1  Stopping
 Container p01-685215de15e4-b84eee94-lifecycle-1  Stopped
 Container p01-685215de15e4-b84eee94-lifecycle-1  Removing
 Container p01-685215de15e4-b84eee94-inventory-1  Stopped
 Container p01-685215de15e4-b84eee94-inventory-1  Removing
 Container p01-685215de15e4-b84eee94-lifecycle-1  Removed
 Container p01-685215de15e4-b84eee94-governance-1  Stopped
 Container p01-685215de15e4-b84eee94-governance-1  Removing
 Container p01-685215de15e4-b84eee94-inventory-1  Removed
 Container p01-685215de15e4-b84eee94-assurance-1  Stopped
 Container p01-685215de15e4-b84eee94-assurance-1  Removing
 Container p01-685215de15e4-b84eee94-catalogue-1  Stopped
 Container p01-685215de15e4-b84eee94-catalogue-1  Removing
 Container p01-685215de15e4-b84eee94-governance-1  Removed
 Container p01-685215de15e4-b84eee94-console-1  Stopped
 Container p01-685215de15e4-b84eee94-console-1  Removing
 Container p01-685215de15e4-b84eee94-assurance-1  Removed
 Container p01-685215de15e4-b84eee94-catalogue-1  Removed
 Container p01-685215de15e4-b84eee94-console-1  Removed
 Container p01-685215de15e4-b84eee94-planning-1  Stopped
 Container p01-685215de15e4-b84eee94-planning-1  Removing
 Container p01-685215de15e4-b84eee94-planning-1  Removed
 Container p01-685215de15e4-b84eee94-postgres-1  Stopping
 Container p01-685215de15e4-b84eee94-postgres-1  Stopped
 Container p01-685215de15e4-b84eee94-postgres-1  Removing
 Container p01-685215de15e4-b84eee94-postgres-1  Removed
 Volume p01-685215de15e4-b84eee94_postgres_data  Removing
 Network p01-685215de15e4-b84eee94_web_console  Removing
 Network p01-685215de15e4-b84eee94_web_assurance  Removing
 Network p01-685215de15e4-b84eee94_db_catalogue  Removing
 Network p01-685215de15e4-b84eee94_web_catalogue  Removing
 Network p01-685215de15e4-b84eee94_db_planning  Removing
 Network p01-685215de15e4-b84eee94_db_inventory  Removing
 Network p01-685215de15e4-b84eee94_db_lifecycle  Removing
 Network p01-685215de15e4-b84eee94_web_inventory  Removing
 Network p01-685215de15e4-b84eee94_db_governance  Removing
 Network p01-685215de15e4-b84eee94_web_lifecycle  Removing
 Network p01-685215de15e4-b84eee94_db_console  Removing
 Network p01-685215de15e4-b84eee94_web_planning  Removing
 Network p01-685215de15e4-b84eee94_web_governance  Removing
 Network p01-685215de15e4-b84eee94_db_assurance  Removing
 Network p01-685215de15e4-b84eee94_web_console  Removed
 Network p01-685215de15e4-b84eee94_db_lifecycle  Removed
 Network p01-685215de15e4-b84eee94_web_catalogue  Removed
 Network p01-685215de15e4-b84eee94_db_assurance  Removed
 Network p01-685215de15e4-b84eee94_db_planning  Removed
 Network p01-685215de15e4-b84eee94_web_inventory  Removed
 Network p01-685215de15e4-b84eee94_db_inventory  Removed
 Network p01-685215de15e4-b84eee94_db_governance  Removed
 Network p01-685215de15e4-b84eee94_web_lifecycle  Removed
 Network p01-685215de15e4-b84eee94_web_assurance  Removed
 Network p01-685215de15e4-b84eee94_web_planning  Removed
 Network p01-685215de15e4-b84eee94_db_console  Removed
 Network p01-685215de15e4-b84eee94_web_governance  Removed
 Network p01-685215de15e4-b84eee94_db_catalogue  Removed
 Volume p01-685215de15e4-b84eee94_postgres_data  Removed
