4903551639f2fa469bf78dc279209a566c0bdb70f4d6f848c679c689800a5fac
Unable to find image 'rabbitmq@sha256:1d306c8f8c55cd3ed50271198f4094220e4caed9a8d04a14aca869339d3d3ca9' locally
docker.io/library/rabbitmq@sha256:1d306c8f8c55cd3ed50271198f4094220e4caed9a8d04a14aca869339d3d3ca9: Pulling from library/rabbitmq
a60ef8ec184e: Pulling fs layer
24115894b5ec: Pulling fs layer
9c7a463d7d1c: Pulling fs layer
9ed528f83dba: Pulling fs layer
0adf3148ebed: Pulling fs layer
33f640b417c5: Pulling fs layer
6fd91fa62bd5: Pulling fs layer
c620bb0ec711: Pulling fs layer
8217285fd709: Pulling fs layer
cc2241ef911e: Pulling fs layer
3327a78c258a: Pulling fs layer
6fd91fa62bd5: Waiting
9ed528f83dba: Waiting
0adf3148ebed: Waiting
33f640b417c5: Waiting
c620bb0ec711: Waiting
cc2241ef911e: Waiting
3327a78c258a: Waiting
8217285fd709: Waiting
9c7a463d7d1c: Verifying Checksum
9c7a463d7d1c: Download complete
9ed528f83dba: Verifying Checksum
9ed528f83dba: Download complete
a60ef8ec184e: Verifying Checksum
a60ef8ec184e: Download complete
33f640b417c5: Download complete
24115894b5ec: Verifying Checksum
24115894b5ec: Download complete
6fd91fa62bd5: Verifying Checksum
6fd91fa62bd5: Download complete
c620bb0ec711: Verifying Checksum
c620bb0ec711: Download complete
8217285fd709: Download complete
cc2241ef911e: Verifying Checksum
cc2241ef911e: Download complete
0adf3148ebed: Verifying Checksum
0adf3148ebed: Download complete
3327a78c258a: Verifying Checksum
3327a78c258a: Download complete
a60ef8ec184e: Pull complete
24115894b5ec: Pull complete
9c7a463d7d1c: Pull complete
9ed528f83dba: Pull complete
0adf3148ebed: Pull complete
33f640b417c5: Pull complete
6fd91fa62bd5: Pull complete
c620bb0ec711: Pull complete
8217285fd709: Pull complete
cc2241ef911e: Pull complete
3327a78c258a: Pull complete
Digest: sha256:1d306c8f8c55cd3ed50271198f4094220e4caed9a8d04a14aca869339d3d3ca9
Status: Downloaded newer image for rabbitmq@sha256:1d306c8f8c55cd3ed50271198f4094220e4caed9a8d04a14aca869339d3d3ca9
