
Running 1 test using 1 worker

  ✘  1 [chromium] › tests/browser-p03/catalogue.spec.ts:5:1 › authors complete intent, preserves conflicts and uncertain retries, compares history and clears revoked access (19.8s)


  1) [chromium] › tests/browser-p03/catalogue.spec.ts:5:1 › authors complete intent, preserves conflicts and uncertain retries, compares history and clears revoked access 

    Error: expect(page).toHaveURL(expected) failed

    Expected pattern: /\/account$/
    Received string:  "http://127.0.0.1:8031/tenants/43fb6fc2-659a-4bbe-a79e-6c745792ea04/applications"
    Timeout: 5000ms

    Call log:
      - Expect "toHaveURL" with timeout 5000ms
        14 × locator resolved to <html>…</html>
           - unexpected value "http://127.0.0.1:8031/tenants/43fb6fc2-659a-4bbe-a79e-6c745792ea04/applications"


      85 |   await expect(stale.getByLabel('Virtual CPUs', { exact: true })).toHaveCount(0);
      86 |   await page.goto(`/tenants/${fixture.foreign_tenant}/applications`);
    > 87 |   await expect(page).toHaveURL(/\/account$/);
         |                      ^
      88 |   expect(errors).toEqual([]);
      89 |   await context.close();
      90 | });
        at /home/runner/work/multi-tenant/multi-tenant/apps/console/tests/browser-p03/catalogue.spec.ts:87:22

    Error Context: test-results/p03-artifacts/catalogue-authors-complete-2c958-y-and-clears-revoked-access-chromium/error-context.md

  1 failed
    [chromium] › tests/browser-p03/catalogue.spec.ts:5:1 › authors complete intent, preserves conflicts and uncertain retries, compares history and clears revoked access 
