Using CPython 3.12.14 interpreter at: /opt/hostedtoolcache/Python/3.12.14/x64/bin/python3.12
Creating virtual environment at: .venv
Resolved 26 packages in 0.61ms
   Building product-lifecycle @ file:///home/runner/work/multi-tenant/multi-tenant/services/lifecycle
Downloading pygments (1.2MiB)
Downloading ruff (9.9MiB)
Downloading ast-serialize (1.3MiB)
Downloading psycopg-binary (5.0MiB)
Downloading temporalio (13.8MiB)
Downloading mypy (14.8MiB)
 Downloaded ast-serialize
 Downloaded pygments
 Downloaded psycopg-binary
 Downloaded ruff
 Downloaded temporalio
 Downloaded mypy
      Built product-lifecycle @ file:///home/runner/work/multi-tenant/multi-tenant/services/lifecycle
Prepared 22 packages in 1.26s
Installed 22 packages in 50ms
 + ast-serialize==0.12.1
 + click==8.5.0
 + h11==0.16.0
 + iniconfig==2.3.0
 + librt==0.16.0
 + mypy==2.4.0
 + mypy-extensions==1.1.0
 + nexus-rpc==1.4.0
 + packaging==26.3
 + pathspec==1.1.1
 + pluggy==1.6.0
 + product-lifecycle==0.1.0.dev0 (from file:///home/runner/work/multi-tenant/multi-tenant/services/lifecycle)
 + protobuf==7.36.2
 + psycopg==3.3.6
 + psycopg-binary==3.3.6
 + pygments==2.21.0
 + pytest==9.1.1
 + ruff==0.16.10
 + temporalio==1.34.0
 + types-protobuf==7.35.1.20260906
 + typing-extensions==4.16.0
 + uvicorn==0.53.0
