Using CPython 3.12.14 interpreter at: /opt/hostedtoolcache/Python/3.12.14/x64/bin/python3.12
Creating virtual environment at: .venv
Resolved 22 packages in 0.53ms
   Building product-lifecycle-worker @ file:///home/runner/work/multi-tenant/multi-tenant/workers/lifecycle
      Built product-lifecycle-worker @ file:///home/runner/work/multi-tenant/multi-tenant/workers/lifecycle
Prepared 1 package in 716ms
Installed 18 packages in 29ms
 + ast-serialize==0.12.1
 + click==8.5.0
 + h11==0.16.0
 + iniconfig==2.3.0
 + librt==0.16.0
 + mypy==2.4.0
 + mypy-extensions==1.1.0
 + packaging==26.3
 + pathspec==1.1.1
 + pluggy==1.6.0
 + product-lifecycle-worker==0.1.0.dev0 (from file:///home/runner/work/multi-tenant/multi-tenant/workers/lifecycle)
 + psycopg==3.3.6
 + psycopg-binary==3.3.6
 + pygments==2.21.0
 + pytest==9.1.1
 + ruff==0.16.10
 + typing-extensions==4.16.0
 + uvicorn==0.53.0
