[
    {
        "Id": "sha256:f796a87f362c77f4bcfbdedcfe75ddf3ba5b20922e9046d60a867cbfd4aed142",
        "RepoTags": [
            "p01-catalogue:88e44414e4add9706435e49d869090cc1b5f81c5"
        ],
        "RepoDigests": [],
        "Parent": "",
        "Comment": "buildkit.dockerfile.v0",
        "Created": "2026-10-05T20:41:26.055249558Z",
        "DockerVersion": "",
        "Author": "",
        "Config": {
            "Hostname": "",
            "Domainname": "",
            "User": "10001:10001",
            "AttachStdin": false,
            "AttachStdout": false,
            "AttachStderr": false,
            "ExposedPorts": {
                "9000/tcp": {}
            },
            "Tty": false,
            "OpenStdin": false,
            "StdinOnce": false,
            "Env": [
                "PATH=/usr/local/sbin:/usr/local/bin:/usr/sbin:/usr/bin:/sbin:/bin",
                "PHPIZE_DEPS=autoconf \t\tdpkg-dev dpkg \t\tfile \t\tg++ \t\tgcc \t\tlibc-dev \t\tmake \t\tpkgconf \t\tre2c",
                "PHP_INI_DIR=/usr/local/etc/php",
                "PHP_CFLAGS=-fstack-protector-strong -fpic -fpie -O2 -D_LARGEFILE_SOURCE -D_FILE_OFFSET_BITS=64",
                "PHP_CPPFLAGS=-fstack-protector-strong -fpic -fpie -O2 -D_LARGEFILE_SOURCE -D_FILE_OFFSET_BITS=64",
                "PHP_LDFLAGS=-Wl,-O1 -pie",
                "GPG_KEYS=1198C0117593497A5EC5C199286AF1F9897469DC 49D9AF6BC72A80D6691719C8AA23F5BE9C7097D4 D95C03BC702BE9515344AE3374E44BC9067701A5",
                "PHP_VERSION=8.5.11",
                "PHP_URL=https://www.php.net/distributions/php-8.5.11.tar.xz",
                "PHP_ASC_URL=https://www.php.net/distributions/php-8.5.11.tar.xz.asc",
                "PHP_SHA256=d9be75c08e8c316f4c8f4194d8fbe1750a15f6a6d9d4e3fe72082abeeb800360",
                "APP_ENV=production",
                "APP_DEBUG=false"
            ],
            "Cmd": [
                "php-fpm",
                "-F"
            ],
            "ArgsEscaped": true,
            "Image": "",
            "Volumes": null,
            "WorkingDir": "/app",
            "Entrypoint": [
                "/usr/local/bin/service-entrypoint"
            ],
            "OnBuild": null,
            "Labels": {
                "io.product.component": "catalogue",
                "org.opencontainers.image.revision": "88e44414e4add9706435e49d869090cc1b5f81c5"
            },
            "StopSignal": "SIGQUIT"
        },
        "Architecture": "amd64",
        "Os": "linux",
        "Size": 144629354,
        "GraphDriver": {
            "Data": {
                "LowerDir": "/var/lib/docker/overlay2/cclqdydqd276rfa6nli2bgh29/diff:/var/lib/docker/overlay2/qop6qwmlfcdxx6dq4xpyv1kdm/diff:/var/lib/docker/overlay2/j9lssx9keudct5y47ji6p3141/diff:/var/lib/docker/overlay2/u9rl33eefo44hw07k0cfzsyc8/diff:/var/lib/docker/overlay2/qcibllj6kr3c1mm3pvtmu6k00/diff:/var/lib/docker/overlay2/k8p7ntkzu9a4f2c2h65dq06yt/diff:/var/lib/docker/overlay2/qvid0yu4fevahhyn2vxvib5xd/diff:/var/lib/docker/overlay2/doc2l9w6vxo4pcluno7512max/diff:/var/lib/docker/overlay2/ifyzpxxneaytfg0hg04udw1bu/diff:/var/lib/docker/overlay2/4r0lbonsb34f7zd5aandxnney/diff:/var/lib/docker/overlay2/x3smpms0dqzyt35vdklw1lbc8/diff:/var/lib/docker/overlay2/be0247a6ab5759fcb02a532e2c0320c49cf49d1b6f2cb2607f7c992db07d54bf/diff:/var/lib/docker/overlay2/f756b7803ae0ae142e1662e5c6d44c42b0c28aa8bb23070fbab0fdac8bb7c4f0/diff:/var/lib/docker/overlay2/acb8219413d53f01faa9ab5f39d7b42093b16fea3f2ee2b6bf49f4c6074de190/diff:/var/lib/docker/overlay2/8c9905008d77027e141c13a9893ecdfac840207aadf9168117ab8602493cd5bc/diff:/var/lib/docker/overlay2/bd005320544637e8956521859e893e3378e1573e6ffea8a1b0a04006b1dec3c4/diff:/var/lib/docker/overlay2/af4e3bbbf3b2c516251d71676d0013a5883e8c020b0b8cf32d64e69694fd5b55/diff:/var/lib/docker/overlay2/4947aa932114bbe888c94baa03a418372d6f0c145acf620c8441b20896090e53/diff:/var/lib/docker/overlay2/a6e23e0aaf91a75eccd47d1c6f3663636f569afbadba8bab06b282a05dcd22f7/diff:/var/lib/docker/overlay2/bcd17695e228f66b4804ba481382cb8e90207fbe8d15b402ea9ab135c8888e6c/diff:/var/lib/docker/overlay2/2a04ae3992b51e501eab25af9ed82badc9328350b3c73dfb56dd35af9bd4dff3/diff:/var/lib/docker/overlay2/2ae0b48eecfe9a6e2756191da34c38096ffcefcfe60a3735da2ca81df409a0ef/diff",
                "MergedDir": "/var/lib/docker/overlay2/w984uxn020gnv6qn15du7sq6t/merged",
                "UpperDir": "/var/lib/docker/overlay2/w984uxn020gnv6qn15du7sq6t/diff",
                "WorkDir": "/var/lib/docker/overlay2/w984uxn020gnv6qn15du7sq6t/work"
            },
            "Name": "overlay2"
        },
        "RootFS": {
            "Type": "layers",
            "Layers": [
                "sha256:74d97c428c51a828f9051a7a40a53ff1fc99e54fc30323ce36760701b0b7f711",
                "sha256:1c2f060f7a595b33c6bab0d3363f650e06358b6d7467509146e75f7b75eeed16",
                "sha256:34485dd96663f24521931d3a910e61d501250545710a62dbb661a7d2810bac6c",
                "sha256:9300080927dd9e59a5b76239edc461444835b9bc903d07d170203da898efeae8",
                "sha256:364fe0d010bd8ba6e31e0b9708413c686a0709a11103f77826a6d8c70f1114f7",
                "sha256:3b223733175e42016635eb0e3d289707be3900cf9f6c03904277a97ade845f94",
                "sha256:bb9d2a2a22ecd56cb3de0f277e7e2c8bf43cb5dbdf6e31b5fa14a43d90956aa2",
                "sha256:3e9ad28155f6fadf965089a1b96b3e8f6750492610c98f9127faa8df19c39184",
                "sha256:0638497e28fbf72d460f27f2e8374b1655c9950e7f74e5de5b5b39f17144241a",
                "sha256:5f70bf18a086007016e948b04aed3b82103a36bea41755b6cddfaf10ace3c6ef",
                "sha256:e7e9b55a081b67c49c31b1ce99003174a9f74cd625a41533a9bf17cb4b38e6b0",
                "sha256:630e2cca2014863b4e4a8d1cce64fb597e990128919e78b7524138c6242a1c5d",
                "sha256:19a14358aa3a6d766e25e4846ee33a11040b859cfaf9df1e4202f3fc103eb0c7",
                "sha256:c0add108347c2220d90e8573feb8a075e3ba02ed922b971fd0d3efd5f833fe24",
                "sha256:0f0629c1dd0cbcdd02acd3816aa72e69b6201e5e4f598b4538c42481ec7ccbf0",
                "sha256:d6ebc6fdeea2932c226ab96b4d50faef12538749fb715ddb8a1ee701a56f580f",
                "sha256:49b48d6da0c298ab8107baf156f8ff050209242ce5fd99f3df9dffbed96eede5",
                "sha256:3475bfd47f8b28670f9108465fd47ff73df8908ce7b60ebe123a23d796c5087d",
                "sha256:21c927601dab49feb64565f36eb3cdb09add4f6d7d0d12b8694ea5233c8a60f0",
                "sha256:3eb734969554bce46c0ef295c33a3b444f6811930276fc4b320fdfb80629af26",
                "sha256:40f9dfd825e992e1b5552a19334c00f72785736dcfc175be485f35541c6c85fe",
                "sha256:18bc4f2f042f900930d1cc2708be98d8807da8a92abfc79e489b874323cb3b82",
                "sha256:e22f5cb2388228fc2877791532012c48a8810517b398ae386e38b1bcab28a16c"
            ]
        },
        "Metadata": {
            "LastTagTime": "2026-10-05T20:41:29.487143954Z"
        }
    }
]
