
Running 2 tests using 1 worker

  ✓  1 [webkit] › tests/browser-p02/identity.spec.ts:11:1 › deployment credential requires a change, survives reload and cannot be reused (5.6s)
  ✘  2 [webkit] › tests/browser-p02/identity.spec.ts:43:1 › console configuration verifies HTTPS federation and enforces tenant revocation across browsers (28.4s)


  1) [webkit] › tests/browser-p02/identity.spec.ts:43:1 › console configuration verifies HTTPS federation and enforces tenant revocation across browsers 

    Error: expect(received).toEqual(expected) // deep equality

    - Expected  - 1
    + Received  + 3

    - Array []
    + Array [
    +   "HttpNetworkError: Network error (http://127.0.0.1:8031/tenants/34119f30-7b14-42d2-8e8c-9e109a919578/quota)",
    + ]

      185 |   await expect(page).toHaveURL(/\/setup$/);
      186 |   await expect(page.getByText('External single sign-on: Active', { exact: true })).toBeVisible();
    > 187 |   expect(errors).toEqual([]);
          |                  ^
      188 | });
      189 |
        at /home/runner/work/multi-tenant/multi-tenant/apps/console/tests/browser-p02/identity.spec.ts:187:18

    Error Context: test-results/identity-console-configura-4c8e8--revocation-across-browsers-webkit/error-context.md

  1 failed
    [webkit] › tests/browser-p02/identity.spec.ts:43:1 › console configuration verifies HTTPS federation and enforces tenant revocation across browsers 
  1 passed (35.0s)
