
   PASS  Tests\Feature\NotificationInboxTest
  ✓ it commits minimal immutable receipts and hints before acknowledgem… 0.12s  
  ✓ it recovers a commit followed by an uncertain broker acknowledgemen… 0.02s  
  ✓ it rolls back the receipt and leaves delivery unacknowledged when t… 0.02s  
  ✓ it refuses to acknowledge inside an outer transaction                0.01s  
  ✓ it quarantines conflicting bytes without replacing a receipt or ano… 0.02s  
  ✓ it stores bounded poison envelopes encrypted and acknowledges only…  0.02s  
  ✓ it never acknowledges truncated or oversized payloads with ([true])  0.01s  
  ✓ it never acknowledges truncated or oversized payloads with (['xxxxx… 0.01s  
  ✓ it never acknowledges truncated or oversized payloads with (['xxxxx… 0.01s  
  ✓ it keeps reordered events as generic hints and isolates tenants      0.02s  
  ✓ it bounds command work and redacts operational errors while closing… 0.05s  

   PASS  Tests\Feature\NotificationContractTest
  ✓ it accepts the five tenant administration routes without projecting… 0.01s  
  ✓ it accepts the five tenant administration routes without projecting authority with ('governance.membership.changed')
  ✓ it accepts the five tenant administration routes without projecting authority with ('governance.grant.changed')
  ✓ it accepts the five tenant administration routes without projecting authority with ('governance.grant.revoked')
  ✓ it accepts the five tenant administration routes without projecting authority with ('governance.quota.changed')
  ✓ it rejects unauthorized families, unknown fields, versions and mismatched transport attribution with (['governance.approval.approved'], [])
  ✓ it rejects unauthorized families, unknown fields, versions and mismatched transport attribution with (['identity.session.created'], [])
  ✓ it rejects unauthorized families, unknown fields, versions and mismatched transport attribution with (['external-private-subject'], [])
  ✓ it rejects unauthorized families, unknown fields, versions and mismatched transport attribution with ([2], [])
  ✓ it rejects unauthorized families, unknown fields, versions and mismatched transport attribution with (['permission'], [])
  ✓ it rejects unauthorized families, unknown fields, versions and mismatched transport attribution with (['invalid'], [])
  ✓ it rejects unauthorized families, unknown fields, versions and mismatched transport attribution with ([], ['other-service'])
  ✓ it rejects unauthorized families, unknown fields, versions and mismatched transport attribution with ([], ['550e8400-e29b-41d4-a716-446655440099'])
  ✓ it rejects unauthorized families, unknown fields, versions and mismatched transport attribution with ([], ['governance.quota.changed.v2'])
  ✓ it rejects unauthorized families, unknown fields, versions and mismatched transport attribution with ([], ['text/plain'])
  ✓ it rejects unauthorized families, unknown fields, versions and mismatched transport attribution with ([], ['{bad'])
  ✓ it fails before a connection when broker custody is missing

   PASS  Tests\Feature\NotificationAccessTest
  ✓ it rechecks current owner authority on every poll and returns only…  0.03s  
  ✓ it denies readers and scoped administrators before the hint lookup…  0.01s  
  ✓ it denies readers and scoped administrators before the hint lookup…  0.01s  
  ✓ it denies readers and scoped administrators before the hint lookup…  0.01s  
  ✓ it does not expose a hint when the owner or session authority is un… 0.01s  
  ✓ it does not expose a hint when the owner or session authority is un… 0.01s  
  ✓ it does not expose a hint when the owner or session authority is un… 0.01s  
  ✓ it does not expose a hint when the owner or session authority is un… 0.01s  
  ✓ it reports hint storage outages without exposing database details    0.01s  
  ✓ it preserves owner-backed administration while marking unavailable…  0.02s  

   PASS  Tests\Feature\NotificationBrokerTest
  ✓ it consumes verified TLS messages into PostgreSQL and handles dupli… 0.09s  
  ✓ it redelivers the same bytes after the consumer closes between comm… 0.05s  
  ✓ it retains oversized bytes at the broker instead of acknowledging a… 0.04s  
  ✓ it rejects an untrusted broker certificate                           0.02s  
  ✓ it does not grant Console queue configuration or reads of another s… 0.03s  
  ✓ it does not grant Console queue configuration or reads of another s… 0.03s  

  Tests:    44 passed (163 assertions)
  Duration: 0.80s

