#0 building with "default" instance using docker driver

#1 [internal] load build definition from Dockerfile
#1 transferring dockerfile: 859B done
#1 DONE 0.0s

#2 [internal] load metadata for docker.io/library/python@sha256:1aaa65a85fda306ffb8b910824d4e93bdce61e212c7e87168123ea3073b41a1a
#2 ...

#3 [auth] library/python:pull token for registry-1.docker.io
#3 DONE 0.0s

#2 [internal] load metadata for docker.io/library/python@sha256:1aaa65a85fda306ffb8b910824d4e93bdce61e212c7e87168123ea3073b41a1a
#2 DONE 0.7s

#4 [internal] load .dockerignore
#4 transferring context: 2B done
#4 DONE 0.0s

#5 [internal] load build context
#5 transferring context: 12.52kB done
#5 DONE 0.0s

#6 [build 1/4] FROM docker.io/library/python@sha256:1aaa65a85fda306ffb8b910824d4e93bdce61e212c7e87168123ea3073b41a1a
#6 resolve docker.io/library/python@sha256:1aaa65a85fda306ffb8b910824d4e93bdce61e212c7e87168123ea3073b41a1a done
#6 sha256:1c5e03f304918f89aed0c098c8f4b6f163f7bf9d2702991696bf0132a2853e30 0B / 3.53MB 0.1s
#6 sha256:a2e58067964fcd8f46a6b5992975e9c8ab34e7620d96204e08e99bf0fdf4dab8 0B / 13.67MB 0.1s
#6 sha256:1aaa65a85fda306ffb8b910824d4e93bdce61e212c7e87168123ea3073b41a1a 1.75kB / 1.75kB done
#6 sha256:febd0be41adb897a0ab8f1f1c693d8912669ea60c4940e076e9946b60e210ef0 5.68kB / 5.68kB done
#6 sha256:774043ccc8ccd0d0833a9ee0792142ab7ad93df971e59dd248fbf82db16d0150 8.39MB / 28.24MB 0.1s
#6 sha256:1c5e03f304918f89aed0c098c8f4b6f163f7bf9d2702991696bf0132a2853e30 3.53MB / 3.53MB 0.2s done
#6 sha256:774043ccc8ccd0d0833a9ee0792142ab7ad93df971e59dd248fbf82db16d0150 28.24MB / 28.24MB 0.2s done
#6 extracting sha256:774043ccc8ccd0d0833a9ee0792142ab7ad93df971e59dd248fbf82db16d0150 0.1s
#6 sha256:7c6fab1667eb7d9029684d783e4c127f11dd7ed5120829f875b799a0b9431558 0B / 249B 0.2s
#6 sha256:a2e58067964fcd8f46a6b5992975e9c8ab34e7620d96204e08e99bf0fdf4dab8 13.67MB / 13.67MB 0.3s done
#6 sha256:7c6fab1667eb7d9029684d783e4c127f11dd7ed5120829f875b799a0b9431558 249B / 249B 0.2s done
#6 extracting sha256:774043ccc8ccd0d0833a9ee0792142ab7ad93df971e59dd248fbf82db16d0150 1.1s done
#6 extracting sha256:1c5e03f304918f89aed0c098c8f4b6f163f7bf9d2702991696bf0132a2853e30 0.1s
#6 extracting sha256:1c5e03f304918f89aed0c098c8f4b6f163f7bf9d2702991696bf0132a2853e30 0.1s done
#6 extracting sha256:a2e58067964fcd8f46a6b5992975e9c8ab34e7620d96204e08e99bf0fdf4dab8
#6 extracting sha256:a2e58067964fcd8f46a6b5992975e9c8ab34e7620d96204e08e99bf0fdf4dab8 0.6s done
#6 extracting sha256:7c6fab1667eb7d9029684d783e4c127f11dd7ed5120829f875b799a0b9431558 done
#6 DONE 3.3s

#7 [stage-1 2/5] WORKDIR /app
#7 DONE 0.0s

#8 [build 2/4] WORKDIR /build
#8 DONE 0.0s

#9 [build 3/4] COPY requirements.txt .
#9 DONE 0.0s

#10 [build 4/4] RUN python -m venv /opt/venv && /opt/venv/bin/pip install --no-cache-dir --require-hashes --only-binary=:all: -r requirements.txt && /opt/venv/bin/pip check
#10 3.328 Collecting psycopg==3.3.6 (from psycopg[binary]==3.3.6->-r requirements.txt (line 2))
#10 3.420   Downloading psycopg-3.3.6-py3-none-any.whl (215 kB)
#10 3.663 Collecting psycopg-binary==3.3.6 (from -r requirements.txt (line 3))
#10 3.685   Downloading psycopg_binary-3.3.6-cp312-cp312-manylinux2014_x86_64.manylinux_2_17_x86_64.whl (5.2 MB)
#10 4.125      ━━━━━━━━━━━━━━━━━━━━━━━━━━━━━━━━━━━━━━━━ 5.2/5.2 MB 12.5 MB/s eta 0:00:00
#10 4.150 Collecting typing-extensions==4.16.0 (from -r requirements.txt (line 4))
#10 4.170   Downloading typing_extensions-4.16.0-py3-none-any.whl (45 kB)
#10 4.183 Installing collected packages: typing-extensions, psycopg-binary, psycopg
#10 4.436 Successfully installed psycopg-3.3.6 psycopg-binary-3.3.6 typing-extensions-4.16.0
#10 4.569 
#10 4.569 [notice] A new release of pip is available: 25.0.1 -> 26.2.1
#10 4.569 [notice] To update, run: python -m pip install --upgrade pip
#10 4.838 No broken requirements found.
#10 DONE 4.9s

#11 [stage-1 3/5] COPY --from=build /opt/venv /opt/venv
#11 DONE 0.2s

#12 [stage-1 4/5] COPY app.py state.py ./
#12 DONE 0.0s

#13 [stage-1 5/5] RUN mkdir /attachments && chown 10001:10001 /attachments && chmod 0700 /attachments
#13 DONE 0.1s

#14 exporting to image
#14 exporting layers
#14 exporting layers 0.8s done
#14 writing image sha256:fdde91ba1d8ff973523608249f1637eada084f06d394ac2e8de0cf57eabdf2e6 done
#14 DONE 0.8s
