[
    {
        "Id": "sha256:fdde91ba1d8ff973523608249f1637eada084f06d394ac2e8de0cf57eabdf2e6",
        "RepoTags": [],
        "RepoDigests": [],
        "Parent": "",
        "Comment": "buildkit.dockerfile.v0",
        "Created": "2026-10-05T00:53:07.248240883Z",
        "DockerVersion": "",
        "Author": "",
        "Config": {
            "Hostname": "",
            "Domainname": "",
            "User": "10001:10001",
            "AttachStdin": false,
            "AttachStdout": false,
            "AttachStderr": false,
            "Tty": false,
            "OpenStdin": false,
            "StdinOnce": false,
            "Env": [
                "PATH=/opt/venv/bin:/usr/local/bin:/usr/local/sbin:/usr/local/bin:/usr/sbin:/usr/bin:/sbin:/bin",
                "LANG=C.UTF-8",
                "GPG_KEY=7169605F62C751356D054A26A821E680E5FA6305",
                "PYTHON_VERSION=3.12.14",
                "PYTHON_SHA256=5c8462af5790baf43a321a1559dbe0db06d1be4300fb85fb53c40060668e548a",
                "PYTHONDONTWRITEBYTECODE=1",
                "PYTHONUNBUFFERED=1"
            ],
            "Cmd": null,
            "Image": "",
            "Volumes": null,
            "WorkingDir": "/app",
            "Entrypoint": [
                "python",
                "/app/app.py"
            ],
            "OnBuild": null,
            "Labels": {
                "io.product.component": "permit-desk-fixture",
                "org.opencontainers.image.revision": "2c562dd70214b162c21269017062b243161d1141"
            }
        },
        "Architecture": "amd64",
        "Os": "linux",
        "Size": 157499435,
        "GraphDriver": {
            "Data": {
                "LowerDir": "/var/lib/docker/overlay2/091azt62ezdzxlj68jrj6zj46/diff:/var/lib/docker/overlay2/wq92nhapg9rytg6hvgooxef6c/diff:/var/lib/docker/overlay2/en182o1zmhihpuwbnmnrymocw/diff:/var/lib/docker/overlay2/faf2a98e0193311539f959658f947377ae777453969f44a406330c61222da344/diff:/var/lib/docker/overlay2/fba1667cd49c52df6b8e31dabe2fe8dd54dc53fb6758a04453ab1c72c2b3524d/diff:/var/lib/docker/overlay2/59d511ed335c9563760f233348cbec9cebad5282018cb49601f8c92c0a0ed0a0/diff:/var/lib/docker/overlay2/0219ac99dfba8b93b8176d051329ae444b2788f43cc7af4b9d4b33238e8b3c9e/diff",
                "MergedDir": "/var/lib/docker/overlay2/uh4u1nnmcf64pgobvegy9qlia/merged",
                "UpperDir": "/var/lib/docker/overlay2/uh4u1nnmcf64pgobvegy9qlia/diff",
                "WorkDir": "/var/lib/docker/overlay2/uh4u1nnmcf64pgobvegy9qlia/work"
            },
            "Name": "overlay2"
        },
        "RootFS": {
            "Type": "layers",
            "Layers": [
                "sha256:34467cc93912af891dfee8a3902adf9b4f355a9bca4eaa46f658d1181a21de0d",
                "sha256:16df0073c13c96653ee2b601b16e514321513eb4af983de156c2d4e17df8a5d9",
                "sha256:9639007baab8a136bc468bd5d757fdf79cf5d77b6ff2a87889071252e334fab3",
                "sha256:abca6d63c9dbe51fa3bc42e75e0387da12803ef64430ad151814e468d5e1c203",
                "sha256:677baa324a6f0e9f5880537c6590e7fdd13f19c00197fc18d698b51962e97be0",
                "sha256:bf442a503fbcd74eff1db509174ec0a5eb3748bd01b963d1bbb10cb1ce2aa5af",
                "sha256:4b7813d12657d3fc850ca08b175fc2922089bf70a9f87e4832224c8c8b35cdd0",
                "sha256:74211524c4bd566766143a5a01a4388cd807198150364860514946a22c9136c1"
            ]
        },
        "Metadata": {
            "LastTagTime": "0001-01-01T00:00:00Z"
        }
    }
]
