[
    {
        "Id": "sha256:8d76d8de17e883d3995f76252e260bc6b7761e9c23edbf3356b0676d37c49ddb",
        "RepoTags": [],
        "RepoDigests": [
            "postgres@sha256:9e73daeb439141c2b11eea2463f5f1a3b269fd90d897b41cddb7cb440f21aa5d"
        ],
        "Parent": "",
        "Comment": "buildkit.dockerfile.v0",
        "Created": "2026-09-19T00:36:23.342656378Z",
        "DockerVersion": "",
        "Author": "",
        "Config": {
            "Hostname": "",
            "Domainname": "",
            "User": "",
            "AttachStdin": false,
            "AttachStdout": false,
            "AttachStderr": false,
            "ExposedPorts": {
                "5432/tcp": {}
            },
            "Tty": false,
            "OpenStdin": false,
            "StdinOnce": false,
            "Env": [
                "PATH=/usr/local/sbin:/usr/local/bin:/usr/sbin:/usr/bin:/sbin:/bin:/usr/lib/postgresql/18/bin",
                "GOSU_VERSION=1.19",
                "LANG=en_US.utf8",
                "PG_MAJOR=18",
                "PG_VERSION=18.6-1.pgdg12+2",
                "PGDATA=/var/lib/postgresql/18/docker"
            ],
            "Cmd": [
                "postgres"
            ],
            "Image": "",
            "Volumes": {
                "/var/lib/postgresql": {}
            },
            "WorkingDir": "",
            "Entrypoint": [
                "docker-entrypoint.sh"
            ],
            "OnBuild": null,
            "Labels": null,
            "StopSignal": "SIGINT"
        },
        "Architecture": "amd64",
        "Os": "linux",
        "Size": 440353195,
        "GraphDriver": {
            "Data": {
                "LowerDir": "/var/lib/docker/overlay2/43bc1492a853a7a6533116a07782b21318c5eed3fdf232d69844c04f2e7f31f5/diff:/var/lib/docker/overlay2/16865c9d66de971a2489aca821e40b44e622ae0a59dabc1e56ee99e75cf98c4c/diff:/var/lib/docker/overlay2/1e513ac5944c04bf1b2c60bd6348d04953631f0dca7dda4e40ea951f08550b5f/diff:/var/lib/docker/overlay2/e88a55f25df0413603ae26cbc71bf91dbdd13439c7e31aff342f8820fa65798c/diff:/var/lib/docker/overlay2/ad7f07d9e2992955323a9e4615de225fd34697e0c0834329b43da818c60d78c6/diff:/var/lib/docker/overlay2/c264f26a98d42d804f3ebb5ac8f6965bd113af58eada93a36ddf648a7c75ecaf/diff:/var/lib/docker/overlay2/9556f678de30b3dcce565da907229dcff8a9feb8e926d39103e4e07c823cf3bb/diff:/var/lib/docker/overlay2/1e94a9cf3a3e843807fb660316e21d838c6f082e4aca445a53a19732ca211e9a/diff:/var/lib/docker/overlay2/e2dcf6a11555b73e00b49c77062e1e6d5410a590e93f651ad69d68fea3dd70ed/diff:/var/lib/docker/overlay2/45a34c7a5b757b8b5bf5de0a0994682e82be91512d8c6701b06592173b8ebc63/diff:/var/lib/docker/overlay2/41816ebe69cc625221e172380164a7036440ad2dba14c227f6cbb3071ac11fb8/diff:/var/lib/docker/overlay2/0219ac99dfba8b93b8176d051329ae444b2788f43cc7af4b9d4b33238e8b3c9e/diff",
                "MergedDir": "/var/lib/docker/overlay2/3783b515205367b09bbcd0b7dabb56de684a02786c732f3a26fbe0623da8da16/merged",
                "UpperDir": "/var/lib/docker/overlay2/3783b515205367b09bbcd0b7dabb56de684a02786c732f3a26fbe0623da8da16/diff",
                "WorkDir": "/var/lib/docker/overlay2/3783b515205367b09bbcd0b7dabb56de684a02786c732f3a26fbe0623da8da16/work"
            },
            "Name": "overlay2"
        },
        "RootFS": {
            "Type": "layers",
            "Layers": [
                "sha256:34467cc93912af891dfee8a3902adf9b4f355a9bca4eaa46f658d1181a21de0d",
                "sha256:8f045a3ab0a089995123e77d6a7bd7a0e2bc9632d000a2dcdc22273310736566",
                "sha256:adb195a998402ee496b46f19dc2010048f69c92cbef37cc1c7b32f1bdbf57966",
                "sha256:7af66262fa283cf5d3de6fcaf3b70b7de6bc4d870fa6e5d3636a1e2aacee705f",
                "sha256:8c44c9b8475091503263b0d13713534614522018794d15e9bcdd79a17f6f647d",
                "sha256:145212acd9861542f7e0e21886a27d942480bb8bbfc46af5c357e4866968f0d2",
                "sha256:e2fb01ca3015fe414db9e171b8015e08aaa6358b93cfc5da74b7eb93cf53f927",
                "sha256:32429d5a0f22ecd7edc84dd1757b6e33b0ae2fb0a0fa025e9a668dcdd30ba686",
                "sha256:1723d234ab75f6d9ccabfc2e82a877c9631f4c7ee3600997b8f3bd261b1f8777",
                "sha256:012ae39ecbccaba1c0515d28019f702e4fd5a5bb724a9aa98583c7801b5187d5",
                "sha256:f14c0baaa388fa3d2f8b3855b54dc32f1c1b61e8ba60d4e67205c0af97fc3b8f",
                "sha256:f1f20a65bc98d0b9a981a6fa982d35e14cb15f801183ff47a897b9addbd8bab1",
                "sha256:a00fbd9ec7b83b1c2a6aec49c29cc9915153ff118832e69ebe0d25eac8749509"
            ]
        },
        "Metadata": {
            "LastTagTime": "0001-01-01T00:00:00Z"
        }
    }
]
