postgres-1  | The files belonging to this database system will be owned by user "postgres".
postgres-1  | This user must also own the server process.
postgres-1  | 
postgres-1  | The database cluster will be initialized with locale "en_US.utf8".
postgres-1  | The default database encoding has accordingly been set to "UTF8".
postgres-1  | The default text search configuration will be set to "english".
postgres-1  | 
postgres-1  | Data page checksums are enabled.
postgres-1  | 
postgres-1  | fixing permissions on existing directory /var/lib/postgresql/18/docker ... ok
postgres-1  | creating subdirectories ... ok
postgres-1  | selecting dynamic shared memory implementation ... posix
postgres-1  | selecting default "max_connections" ... 100
postgres-1  | selecting default "shared_buffers" ... 128MB
postgres-1  | selecting default time zone ... Etc/UTC
postgres-1  | creating configuration files ... ok
postgres-1  | running bootstrap script ... ok
postgres-1  | performing post-bootstrap initialization ... ok
postgres-1  | syncing data to disk ... ok
postgres-1  | 
postgres-1  | Success. You can now start the database server using:
postgres-1  | 
postgres-1  |     pg_ctl -D /var/lib/postgresql/18/docker -l logfile start
postgres-1  | 
postgres-1  | waiting for server to start....2026-10-05 00:53:34.716 UTC [61] LOG:  starting PostgreSQL 18.6 (Debian 18.6-1.pgdg12+2) on x86_64-pc-linux-gnu, compiled by gcc (Debian 12.2.0-14+deb12u1) 12.2.0, 64-bit
postgres-1  | 2026-10-05 00:53:34.716 UTC [61] LOG:  listening on Unix socket "/var/run/postgresql/.s.PGSQL.5432"
postgres-1  | 2026-10-05 00:53:34.720 UTC [67] LOG:  database system was shut down at 2026-10-05 00:53:34 UTC
postgres-1  | 2026-10-05 00:53:34.723 UTC [61] LOG:  database system is ready to accept connections
postgres-1  |  done
postgres-1  | server started
postgres-1  | 
postgres-1  | /usr/local/bin/docker-entrypoint.sh: sourcing /docker-entrypoint-initdb.d/10-permit-desk.sh
postgres-1  | 
postgres-1  | 2026-10-05 00:53:34.982 UTC [61] LOG:  received fast shutdown request
postgres-1  | waiting for server to shut down....2026-10-05 00:53:34.982 UTC [61] LOG:  aborting any active transactions
postgres-1  | 2026-10-05 00:53:34.984 UTC [61] LOG:  background worker "logical replication launcher" (PID 70) exited with exit code 1
postgres-1  | 2026-10-05 00:53:34.986 UTC [65] LOG:  shutting down
postgres-1  | 2026-10-05 00:53:34.986 UTC [65] LOG:  checkpoint starting: shutdown immediate
postgres-1  | 2026-10-05 00:53:35.003 UTC [65] LOG:  checkpoint complete: wrote 959 buffers (5.9%), wrote 3 SLRU buffers; 0 WAL file(s) added, 0 removed, 0 recycled; write=0.014 s, sync=0.002 s, total=0.018 s; sync files=316, longest=0.001 s, average=0.001 s; distance=4359 kB, estimate=4359 kB; lsn=0/1B9B1D0, redo lsn=0/1B9B1D0
postgres-1  | 2026-10-05 00:53:35.015 UTC [61] LOG:  database system is shut down
postgres-1  |  done
postgres-1  | server stopped
postgres-1  | 
postgres-1  | PostgreSQL init process complete; ready for start up.
postgres-1  | 
postgres-1  | 2026-10-05 00:53:35.111 UTC [7] LOG:  starting PostgreSQL 18.6 (Debian 18.6-1.pgdg12+2) on x86_64-pc-linux-gnu, compiled by gcc (Debian 12.2.0-14+deb12u1) 12.2.0, 64-bit
postgres-1  | 2026-10-05 00:53:35.112 UTC [7] LOG:  listening on IPv4 address "0.0.0.0", port 5432
postgres-1  | 2026-10-05 00:53:35.112 UTC [7] LOG:  listening on IPv6 address "::", port 5432
postgres-1  | 2026-10-05 00:53:35.112 UTC [7] LOG:  listening on Unix socket "/var/run/postgresql/.s.PGSQL.5432"
postgres-1  | 2026-10-05 00:53:35.116 UTC [95] LOG:  database system was shut down at 2026-10-05 00:53:35 UTC
postgres-1  | 2026-10-05 00:53:35.119 UTC [7] LOG:  database system is ready to accept connections
postgres-1  | 2026-10-05 00:53:36.151 UTC [106] FATAL:  pg_hba.conf rejects connection for host "127.0.0.1", user "postgres", database "postgres", SSL encryption
postgres-1  | 2026-10-05 00:53:36.153 UTC [107] FATAL:  pg_hba.conf rejects connection for host "127.0.0.1", user "postgres", database "postgres", no encryption
postgres-1  | 2026-10-05 00:53:37.219 UTC [131] FATAL:  pg_hba.conf rejects connection for host "127.0.0.1", user "postgres", database "postgres", SSL encryption
postgres-1  | 2026-10-05 00:53:37.221 UTC [132] FATAL:  pg_hba.conf rejects connection for host "127.0.0.1", user "postgres", database "postgres", no encryption
postgres-1  | 2026-10-05 00:53:38.302 UTC [164] FATAL:  pg_hba.conf rejects connection for host "127.0.0.1", user "postgres", database "postgres", SSL encryption
postgres-1  | 2026-10-05 00:53:38.305 UTC [165] FATAL:  pg_hba.conf rejects connection for host "127.0.0.1", user "postgres", database "postgres", no encryption
postgres-1  | 2026-10-05 00:53:39.390 UTC [176] FATAL:  pg_hba.conf rejects connection for host "127.0.0.1", user "postgres", database "postgres", SSL encryption
postgres-1  | 2026-10-05 00:53:39.394 UTC [177] FATAL:  pg_hba.conf rejects connection for host "127.0.0.1", user "postgres", database "postgres", no encryption
