2026-10-07T23:09:21.9784570Z Current runner version: '2.337.0'
2026-10-07T23:09:21.9810959Z ##[group]Runner Image Provisioner
2026-10-07T23:09:21.9811815Z Hosted Compute Agent
2026-10-07T23:09:21.9812519Z Version: 20261002.596
2026-10-07T23:09:21.9813160Z Commit: c3d12f3313a95f25162a1503be624f3b0617f8c0
2026-10-07T23:09:21.9813930Z Build Date: 2026-10-02T22:28:27Z
2026-10-07T23:09:21.9814703Z Worker ID: {63ed479e-077d-4d65-b266-98ad637c106a}
2026-10-07T23:09:21.9815463Z Region: eastus
2026-10-07T23:09:21.9816064Z Cloud: Azure
2026-10-07T23:09:21.9816622Z ##[endgroup]
2026-10-07T23:09:21.9818204Z ##[group]Operating System
2026-10-07T23:09:21.9818913Z Ubuntu
2026-10-07T23:09:21.9819655Z 24.04.5
2026-10-07T23:09:21.9820243Z LTS
2026-10-07T23:09:21.9820803Z ##[endgroup]
2026-10-07T23:09:21.9821343Z ##[group]Runner Image
2026-10-07T23:09:21.9822526Z Image: ubuntu-24.04
2026-10-07T23:09:21.9823105Z Version: 20261004.327.1
2026-10-07T23:09:21.9824458Z Included Software: https://github.com/actions/runner-images/blob/ubuntu24/20261004.327/images/ubuntu/Ubuntu2404-Readme.md
2026-10-07T23:09:21.9826010Z Image Release: https://github.com/actions/runner-images/releases/tag/ubuntu24%2F20261004.327
2026-10-07T23:09:21.9827088Z ##[endgroup]
2026-10-07T23:09:21.9828191Z ##[group]GITHUB_TOKEN Permissions
2026-10-07T23:09:21.9830677Z Contents: read
2026-10-07T23:09:21.9831299Z Metadata: read
2026-10-07T23:09:21.9831929Z ##[endgroup]
2026-10-07T23:09:21.9834114Z Secret source: Actions
2026-10-07T23:09:21.9835119Z Cache mode: write
2026-10-07T23:09:21.9836182Z Prepare workflow directory
2026-10-07T23:09:22.0175680Z Prepare all required actions
2026-10-07T23:09:22.0224931Z Getting action download info
2026-10-07T23:09:22.2763127Z Download action repository 'actions/checkout@fbc6f3992d24b796d5a048ff273f7fcc4a7b6c09' (SHA:fbc6f3992d24b796d5a048ff273f7fcc4a7b6c09)
2026-10-07T23:09:22.4742177Z Download action repository 'actions/setup-python@ece7cb06caefa5fff74198d8649806c4678c61a1' (SHA:ece7cb06caefa5fff74198d8649806c4678c61a1)
2026-10-07T23:09:22.7768415Z Download action repository 'astral-sh/setup-uv@37802adc94f370d6bfd71619e3f0bf239e1f3b78' (SHA:37802adc94f370d6bfd71619e3f0bf239e1f3b78)
2026-10-07T23:09:22.9908530Z Download action repository 'actions/upload-artifact@ea165f8d65b6e75b540449e92b4886f43607fa02' (SHA:ea165f8d65b6e75b540449e92b4886f43607fa02)
2026-10-07T23:09:23.3534433Z Complete job name: qualification
2026-10-07T23:09:23.4405835Z ##[group]Run actions/checkout@fbc6f3992d24b796d5a048ff273f7fcc4a7b6c09
2026-10-07T23:09:23.4407276Z with:
2026-10-07T23:09:23.4407798Z   persist-credentials: false
2026-10-07T23:09:23.4408518Z   repository: awalker0878/multi-tenant
2026-10-07T23:09:23.4416357Z   token: ***
2026-10-07T23:09:23.4416863Z   ssh-strict: true
2026-10-07T23:09:23.4417372Z   ssh-user: git
2026-10-07T23:09:23.4417857Z   clean: true
2026-10-07T23:09:23.4418385Z   sparse-checkout-cone-mode: true
2026-10-07T23:09:23.4419058Z   fetch-depth: 1
2026-10-07T23:09:23.4419701Z   fetch-tags: false
2026-10-07T23:09:23.4420241Z   show-progress: true
2026-10-07T23:09:23.4420800Z   lfs: false
2026-10-07T23:09:23.4421286Z   submodules: false
2026-10-07T23:09:23.4421839Z   set-safe-directory: true
2026-10-07T23:09:23.4422495Z   allow-unsafe-pr-checkout: false
2026-10-07T23:09:23.4423490Z ##[endgroup]
2026-10-07T23:09:23.5453256Z Syncing repository: awalker0878/multi-tenant
2026-10-07T23:09:23.5456810Z ##[group]Getting Git version info
2026-10-07T23:09:23.5458652Z Working directory is '/home/runner/work/multi-tenant/multi-tenant'
2026-10-07T23:09:23.5461407Z [command]/usr/bin/git version
2026-10-07T23:09:23.6447527Z git version 2.55.0
2026-10-07T23:09:23.6470929Z ##[endgroup]
2026-10-07T23:09:23.6487015Z Temporarily overriding HOME='/home/runner/work/_temp/a169278c-c6c8-4d52-9576-9e48c124a552' before making global git config changes
2026-10-07T23:09:23.6491899Z Adding repository directory to the temporary git global config as a safe directory
2026-10-07T23:09:23.6493835Z [command]/usr/bin/git config --global --add safe.directory /home/runner/work/multi-tenant/multi-tenant
2026-10-07T23:09:23.6692796Z Deleting the contents of '/home/runner/work/multi-tenant/multi-tenant'
2026-10-07T23:09:23.6697744Z ##[group]Initializing the repository
2026-10-07T23:09:23.6702746Z [command]/usr/bin/git init /home/runner/work/multi-tenant/multi-tenant
2026-10-07T23:09:23.7150384Z hint: Using 'master' as the name for the initial branch. This default branch name
2026-10-07T23:09:23.7153168Z hint: will change to "main" in Git 3.0. To configure the initial branch name
2026-10-07T23:09:23.7155473Z hint: to use in all of your new repositories, which will suppress this warning,
2026-10-07T23:09:23.7157375Z hint: call:
2026-10-07T23:09:23.7158162Z hint:
2026-10-07T23:09:23.7159024Z hint: 	git config --global init.defaultBranch <name>
2026-10-07T23:09:23.7160575Z hint:
2026-10-07T23:09:23.7161949Z hint: Names commonly chosen instead of 'master' are 'main', 'trunk' and
2026-10-07T23:09:23.7163545Z hint: 'development'. The just-created branch can be renamed via this command:
2026-10-07T23:09:23.7164684Z hint:
2026-10-07T23:09:23.7165598Z hint: 	git branch -m <name>
2026-10-07T23:09:23.7166660Z hint:
2026-10-07T23:09:23.7167736Z hint: Disable this message with "git config set advice.defaultBranchName false"
2026-10-07T23:09:23.7169768Z Initialized empty Git repository in /home/runner/work/multi-tenant/multi-tenant/.git/
2026-10-07T23:09:23.7172450Z [command]/usr/bin/git remote add origin https://github.com/awalker0878/multi-tenant
2026-10-07T23:09:23.7426142Z ##[endgroup]
2026-10-07T23:09:23.7427361Z ##[group]Disabling automatic garbage collection
2026-10-07T23:09:23.7429660Z [command]/usr/bin/git config --local gc.auto 0
2026-10-07T23:09:23.7466746Z ##[endgroup]
2026-10-07T23:09:23.7468195Z ##[group]Setting up auth
2026-10-07T23:09:23.7473470Z [command]/usr/bin/git config --local --name-only --get-regexp core\.sshCommand
2026-10-07T23:09:23.7508705Z [command]/usr/bin/git submodule foreach --recursive sh -c "git config --local --name-only --get-regexp 'core\.sshCommand' && git config --local --unset-all 'core.sshCommand' || :"
2026-10-07T23:09:23.9023017Z [command]/usr/bin/git config --local --name-only --get-regexp http\.https\:\/\/github\.com\/\.extraheader
2026-10-07T23:09:23.9059812Z [command]/usr/bin/git submodule foreach --recursive sh -c "git config --local --name-only --get-regexp 'http\.https\:\/\/github\.com\/\.extraheader' && git config --local --unset-all 'http.https://github.com/.extraheader' || :"
2026-10-07T23:09:23.9286909Z [command]/usr/bin/git config --local --name-only --get-regexp ^includeIf\.gitdir:
2026-10-07T23:09:23.9324423Z [command]/usr/bin/git submodule foreach --recursive git config --local --show-origin --name-only --get-regexp remote.origin.url
2026-10-07T23:09:23.9568899Z [command]/usr/bin/git config --local http.https://github.com/.extraheader AUTHORIZATION: basic ***
2026-10-07T23:09:23.9612930Z ##[endgroup]
2026-10-07T23:09:23.9615019Z ##[group]Fetching the repository
2026-10-07T23:09:23.9625123Z [command]/usr/bin/git -c protocol.version=2 fetch --no-tags --prune --no-recurse-submodules --depth=1 origin +eb8805ff74fa780b6ab0ba021322253c62a7d37f:refs/remotes/origin/greenfield/enterprise-microservices-plan
2026-10-07T23:09:25.7330859Z From https://github.com/awalker0878/multi-tenant
2026-10-07T23:09:25.7334819Z  * [new ref]         eb8805ff74fa780b6ab0ba021322253c62a7d37f -> origin/greenfield/enterprise-microservices-plan
2026-10-07T23:09:25.7338914Z ##[endgroup]
2026-10-07T23:09:25.7340432Z ##[group]Determining the checkout info
2026-10-07T23:09:25.7341603Z ##[endgroup]
2026-10-07T23:09:25.7347241Z [command]/usr/bin/git sparse-checkout disable
2026-10-07T23:09:25.7507918Z [command]/usr/bin/git config --local --unset-all extensions.worktreeConfig
2026-10-07T23:09:25.7543330Z ##[group]Checking out the ref
2026-10-07T23:09:25.7549073Z [command]/usr/bin/git checkout --progress --force -B greenfield/enterprise-microservices-plan refs/remotes/origin/greenfield/enterprise-microservices-plan
2026-10-07T23:09:26.4433665Z Switched to a new branch 'greenfield/enterprise-microservices-plan'
2026-10-07T23:09:26.4438698Z branch 'greenfield/enterprise-microservices-plan' set up to track 'origin/greenfield/enterprise-microservices-plan'.
2026-10-07T23:09:26.4475229Z ##[endgroup]
2026-10-07T23:09:26.4522302Z [command]/usr/bin/git log -1 --format=%H
2026-10-07T23:09:26.4550497Z eb8805ff74fa780b6ab0ba021322253c62a7d37f
2026-10-07T23:09:26.4559824Z ##[group]Removing auth
2026-10-07T23:09:26.4564077Z [command]/usr/bin/git config --local --name-only --get-regexp core\.sshCommand
2026-10-07T23:09:26.4600459Z [command]/usr/bin/git submodule foreach --recursive sh -c "git config --local --name-only --get-regexp 'core\.sshCommand' && git config --local --unset-all 'core.sshCommand' || :"
2026-10-07T23:09:26.4838254Z [command]/usr/bin/git config --local --name-only --get-regexp http\.https\:\/\/github\.com\/\.extraheader
2026-10-07T23:09:26.4868399Z http.https://github.com/.extraheader
2026-10-07T23:09:26.4877303Z [command]/usr/bin/git config --local --unset-all http.https://github.com/.extraheader
2026-10-07T23:09:26.4914635Z [command]/usr/bin/git submodule foreach --recursive sh -c "git config --local --name-only --get-regexp 'http\.https\:\/\/github\.com\/\.extraheader' && git config --local --unset-all 'http.https://github.com/.extraheader' || :"
2026-10-07T23:09:26.5221995Z [command]/usr/bin/git config --local --name-only --get-regexp ^includeIf\.gitdir:
2026-10-07T23:09:26.5233236Z [command]/usr/bin/git submodule foreach --recursive git config --local --show-origin --name-only --get-regexp remote.origin.url
2026-10-07T23:09:26.5421185Z ##[endgroup]
2026-10-07T23:09:26.5691333Z ##[group]Run actions/setup-python@ece7cb06caefa5fff74198d8649806c4678c61a1
2026-10-07T23:09:26.5691848Z with:
2026-10-07T23:09:26.5692132Z   python-version: 3.12.14
2026-10-07T23:09:26.5692422Z   check-latest: false
2026-10-07T23:09:26.5694860Z   token: ***
2026-10-07T23:09:26.5695151Z   update-environment: true
2026-10-07T23:09:26.5695493Z   allow-prereleases: false
2026-10-07T23:09:26.5695780Z   freethreaded: false
2026-10-07T23:09:26.5696072Z ##[endgroup]
2026-10-07T23:09:26.6978288Z ##[group]Installed versions
2026-10-07T23:09:26.7701006Z Version 3.12.14 was not found in the local cache
2026-10-07T23:09:27.3400939Z Version 3.12.14 is available for downloading
2026-10-07T23:09:27.3402335Z Download from "https://github.com/actions/python-versions/releases/download/3.12.14-31661455385/python-3.12.14-linux-24.04-x64.tar.gz"
2026-10-07T23:09:27.8398031Z Extract downloaded archive
2026-10-07T23:09:27.8519753Z [command]/usr/bin/tar xz --warning=no-unknown-keyword --overwrite -C /home/runner/work/_temp/7e897aa7-beaa-4b5b-a95b-026df99cf5b9 -f /home/runner/work/_temp/98cbec27-df78-49a1-bfc2-dc329e742c30
2026-10-07T23:09:29.7912643Z Execute installation script
2026-10-07T23:09:29.8012269Z Check if Python hostedtoolcache folder exist...
2026-10-07T23:09:29.8013302Z Create Python 3.12.14 folder
2026-10-07T23:09:29.8061991Z Copy Python binaries to hostedtoolcache folder
2026-10-07T23:09:30.3807793Z Create additional symlinks (Required for the UsePythonVersion Azure Pipelines task and the setup-python GitHub Action)
2026-10-07T23:09:30.3849046Z Upgrading pip...
2026-10-07T23:09:32.4671299Z Collecting pip
2026-10-07T23:09:32.5230451Z Downloading pip-26.2.1-py3-none-any.whl.metadata (4.6 kB)
2026-10-07T23:09:32.5379507Z Downloading pip-26.2.1-py3-none-any.whl (1.8 MB)
2026-10-07T23:09:32.6293040Z ━━━━━━━━━━━━━━━━━━━━━━━━━━━━━━━━━━━━━━━━ 1.8/1.8 MB 24.3 MB/s eta 0:00:00
2026-10-07T23:09:32.6293551Z 
2026-10-07T23:09:32.6527636Z Installing collected packages: pip
2026-10-07T23:09:32.6529488Z Attempting uninstall: pip
2026-10-07T23:09:32.6551504Z Found existing installation: pip 25.0.1
2026-10-07T23:09:32.6908799Z Uninstalling pip-25.0.1:
2026-10-07T23:09:32.6967038Z Successfully uninstalled pip-25.0.1
2026-10-07T23:09:34.3992478Z Successfully installed pip-26.2.1
2026-10-07T23:09:34.4544560Z Create complete file
2026-10-07T23:09:34.4579629Z Successfully set up CPython (3.12.14)
2026-10-07T23:09:34.4581041Z ##[endgroup]
2026-10-07T23:09:34.4821741Z ##[group]Run astral-sh/setup-uv@37802adc94f370d6bfd71619e3f0bf239e1f3b78
2026-10-07T23:09:34.4822325Z with:
2026-10-07T23:09:34.4822518Z   version: 0.12.19
2026-10-07T23:09:34.4822723Z   enable-cache: false
2026-10-07T23:09:34.4822959Z   activate-environment: false
2026-10-07T23:09:34.4823295Z   working-directory: /home/runner/work/multi-tenant/multi-tenant
2026-10-07T23:09:34.4825802Z   github-token: ***
2026-10-07T23:09:34.4826387Z   cache-dependency-glob: **/*requirements*.txt
**/*requirements*.in
**/*constraints*.txt
**/*constraints*.in
**/pyproject.toml
**/uv.lock
**/*.py.lock

2026-10-07T23:09:34.4826998Z   restore-cache: true
2026-10-07T23:09:34.4827214Z   save-cache: true
2026-10-07T23:09:34.4827412Z   prune-cache: true
2026-10-07T23:09:34.4827614Z   cache-python: false
2026-10-07T23:09:34.4827834Z   ignore-nothing-to-cache: false
2026-10-07T23:09:34.4828093Z   ignore-empty-workdir: false
2026-10-07T23:09:34.4828342Z   add-problem-matchers: true
2026-10-07T23:09:34.4828624Z   resolution-strategy: highest
2026-10-07T23:09:34.4828856Z env:
2026-10-07T23:09:34.4829107Z   pythonLocation: /opt/hostedtoolcache/Python/3.12.14/x64
2026-10-07T23:09:34.4829870Z   PKG_CONFIG_PATH: /opt/hostedtoolcache/Python/3.12.14/x64/lib/pkgconfig
2026-10-07T23:09:34.4830311Z   Python_ROOT_DIR: /opt/hostedtoolcache/Python/3.12.14/x64
2026-10-07T23:09:34.4830700Z   Python2_ROOT_DIR: /opt/hostedtoolcache/Python/3.12.14/x64
2026-10-07T23:09:34.4831081Z   Python3_ROOT_DIR: /opt/hostedtoolcache/Python/3.12.14/x64
2026-10-07T23:09:34.4831453Z   LD_LIBRARY_PATH: /opt/hostedtoolcache/Python/3.12.14/x64/lib
2026-10-07T23:09:34.4831770Z ##[endgroup]
2026-10-07T23:09:34.6586815Z Fetching version data from https://raw.githubusercontent.com/astral-sh/versions/main/v1/uv.ndjson ...
2026-10-07T23:09:34.7327905Z Downloading uv from "https://releases.astral.sh/github/uv/releases/download/0.12.19/uv-x86_64-unknown-linux-gnu.tar.gz" ...
2026-10-07T23:09:34.9113285Z [command]/usr/bin/tar xz --warning=no-unknown-keyword --overwrite -C /home/runner/work/_temp/98bf7aec-378b-41c2-8750-cb67599d3f6b -f /home/runner/work/_temp/3ffc6902-af12-402e-8974-72bb99e24609
2026-10-07T23:09:35.3033746Z Added /home/runner/.local/bin to the path
2026-10-07T23:09:35.3034980Z Added /opt/hostedtoolcache/uv/0.12.19/x86_64 to the path
2026-10-07T23:09:35.3035944Z Set UV_PYTHON_INSTALL_DIR to /home/runner/work/_temp/uv-python-dir
2026-10-07T23:09:35.3037232Z Added /home/runner/work/_temp/uv-python-dir to the path
2026-10-07T23:09:35.3046056Z Successfully installed uv version 0.12.19
2026-10-07T23:09:35.4293182Z ##[group]Run python -m pip install --requirement requirements-docs.txt
2026-10-07T23:09:35.4293781Z [36;1mpython -m pip install --requirement requirements-docs.txt[0m
2026-10-07T23:09:35.4550795Z shell: /usr/bin/bash -e {0}
2026-10-07T23:09:35.4551082Z env:
2026-10-07T23:09:35.4551381Z   pythonLocation: /opt/hostedtoolcache/Python/3.12.14/x64
2026-10-07T23:09:35.4551877Z   PKG_CONFIG_PATH: /opt/hostedtoolcache/Python/3.12.14/x64/lib/pkgconfig
2026-10-07T23:09:35.4552385Z   Python_ROOT_DIR: /opt/hostedtoolcache/Python/3.12.14/x64
2026-10-07T23:09:35.4552840Z   Python2_ROOT_DIR: /opt/hostedtoolcache/Python/3.12.14/x64
2026-10-07T23:09:35.4553266Z   Python3_ROOT_DIR: /opt/hostedtoolcache/Python/3.12.14/x64
2026-10-07T23:09:35.4553696Z   LD_LIBRARY_PATH: /opt/hostedtoolcache/Python/3.12.14/x64/lib
2026-10-07T23:09:35.4554153Z   UV_PYTHON_INSTALL_DIR: /home/runner/work/_temp/uv-python-dir
2026-10-07T23:09:35.4554507Z ##[endgroup]
2026-10-07T23:09:36.4357505Z Collecting PyYAML==6.0.3 (from -r requirements-docs.txt (line 1))
2026-10-07T23:09:36.4850555Z   Downloading pyyaml-6.0.3-cp312-cp312-manylinux2014_x86_64.manylinux_2_17_x86_64.manylinux_2_28_x86_64.whl.metadata (2.4 kB)
2026-10-07T23:09:36.4945871Z Downloading pyyaml-6.0.3-cp312-cp312-manylinux2014_x86_64.manylinux_2_17_x86_64.manylinux_2_28_x86_64.whl (807 kB)
2026-10-07T23:09:36.5463892Z    ━━━━━━━━━━━━━━━━━━━━━━━━━━━━━━━━━━━━━━━━ 807.9/807.9 kB 34.3 MB/s  0:00:00
2026-10-07T23:09:36.5706306Z Installing collected packages: PyYAML
2026-10-07T23:09:36.6359920Z Successfully installed PyYAML-6.0.3
2026-10-07T23:09:36.6912073Z ##[group]Run python scripts/p10/qualify.py --output "$RUNNER_TEMP/p10-qualification"
2026-10-07T23:09:36.6912729Z [36;1mpython scripts/p10/qualify.py --output "$RUNNER_TEMP/p10-qualification"[0m
2026-10-07T23:09:36.6976981Z shell: /usr/bin/bash -e {0}
2026-10-07T23:09:36.6977224Z env:
2026-10-07T23:09:36.6977499Z   pythonLocation: /opt/hostedtoolcache/Python/3.12.14/x64
2026-10-07T23:09:36.6977928Z   PKG_CONFIG_PATH: /opt/hostedtoolcache/Python/3.12.14/x64/lib/pkgconfig
2026-10-07T23:09:36.6978349Z   Python_ROOT_DIR: /opt/hostedtoolcache/Python/3.12.14/x64
2026-10-07T23:09:36.6978717Z   Python2_ROOT_DIR: /opt/hostedtoolcache/Python/3.12.14/x64
2026-10-07T23:09:36.6979097Z   Python3_ROOT_DIR: /opt/hostedtoolcache/Python/3.12.14/x64
2026-10-07T23:09:36.6979734Z   LD_LIBRARY_PATH: /opt/hostedtoolcache/Python/3.12.14/x64/lib
2026-10-07T23:09:36.6980135Z   UV_PYTHON_INSTALL_DIR: /home/runner/work/_temp/uv-python-dir
2026-10-07T23:09:36.6980534Z   P05_POSTGRES_BIN: /usr/lib/postgresql/16/bin
2026-10-07T23:09:36.6980818Z ##[endgroup]
2026-10-07T23:09:38.5430199Z 00: PASS /opt/hostedtoolcache/Python/3.12.14/x64/bin/python .
2026-10-07T23:11:46.7883673Z 01: PASS /opt/hostedtoolcache/Python/3.12.14/x64/bin/python .
2026-10-07T23:11:47.1267443Z 02: PASS uv scripts/p01/contracts
2026-10-07T23:11:48.1720940Z 03: PASS /home/runner/work/multi-tenant/multi-tenant/scripts/p01/contracts/.venv/bin/python .
2026-10-07T23:11:48.4077985Z 04: PASS /home/runner/work/multi-tenant/multi-tenant/services/planning/.venv/bin/python .
2026-10-07T23:11:48.7125779Z 05: PASS /home/runner/work/multi-tenant/multi-tenant/services/planning/.venv/bin/python .
2026-10-07T23:11:51.3916117Z 06: PASS /opt/hostedtoolcache/Python/3.12.14/x64/bin/python .
2026-10-07T23:11:54.5142647Z 07: PASS /opt/hostedtoolcache/Python/3.12.14/x64/bin/python .
2026-10-07T23:11:57.9858965Z 08: PASS /opt/hostedtoolcache/Python/3.12.14/x64/bin/python .
2026-10-07T23:11:57.9870286Z P10_MEASUREMENTS={"capacity_claim":false,"error_fraction":0.0,"jain_fairness":1.0,"latency_ms":{"max":19.449634,"p50":17.070183,"p95":18.6622,"p99":19.449634},"measurement_seconds":3.394591451,"non_success":0,"percentile_method":"nearest_rank_all_attempts_no_warmup_exclusion","samples":48,"slo_result":"NOT_EVALUATED","succeeded":48,"tenant_attempts":{"1d1eab4b-445c-457f-9ee0-60efa3fa7ec4":4,"3d115f13-fdb0-4c67-b0ce-3fdbced23600":4,"55399730-a187-4966-acff-b769bde5d850":4,"5bfed23b-c424-44f3-b1b3-9aa865529701":4,"5f3f7d89-06e5-431a-8deb-23fc4d9a248c":4,"8feb40b5-2fbf-4887-8f3e-a8d278fb426b":4,"b9608e81-17c3-4dcb-b993-2759abe0ecd5":4,"bccdaca4-ab4e-48aa-8df7-f36cbffde7a7":4,"d0d3a863-fb06-4f5f-9e69-58d7ba993230":4,"f40e75b0-ca08-4cc6-9d25-03e0eccfc974":4,"fce24c5a-116e-4549-af46-d25cfcf9dd46":4,"fe4416cd-bf47-4f6d-9432-16b95bb346ba":4},"tenant_successes":{"1d1eab4b-445c-457f-9ee0-60efa3fa7ec4":4,"3d115f13-fdb0-4c67-b0ce-3fdbced23600":4,"55399730-a187-4966-acff-b769bde5d850":4,"5bfed23b-c424-44f3-b1b3-9aa865529701":4,"5f3f7d89-06e5-431a-8deb-23fc4d9a248c":4,"8feb40b5-2fbf-4887-8f3e-a8d278fb426b":4,"b9608e81-17c3-4dcb-b993-2759abe0ecd5":4,"bccdaca4-ab4e-48aa-8df7-f36cbffde7a7":4,"d0d3a863-fb06-4f5f-9e69-58d7ba993230":4,"f40e75b0-ca08-4cc6-9d25-03e0eccfc974":4,"fce24c5a-116e-4549-af46-d25cfcf9dd46":4,"fe4416cd-bf47-4f6d-9432-16b95bb346ba":4},"throughput_per_second":14.140140483138216,"unserved_tenants":[]}
2026-10-07T23:11:57.9876767Z P10_RESTORE={"scope": "single_lifecycle_database_real_pg_dump_restore_synthetic_custody", "restore_and_denial_ms": 285.988129, "old_grant_denied": true, "accepted_synthetic_effects": 1, "native_write_authorized": false, "full_control_plane_rto_claim": false}
2026-10-07T23:11:57.9917732Z {"result": "PASSED_ENGINEERING_CHECKS", "g10_status": "HELD", "release_authorized": false}
2026-10-07T23:11:58.0075085Z ##[group]Run actions/upload-artifact@ea165f8d65b6e75b540449e92b4886f43607fa02
2026-10-07T23:11:58.0075507Z with:
2026-10-07T23:11:58.0075723Z   name: p10-qualification-37700591172-1
2026-10-07T23:11:58.0076238Z   path: /home/runner/work/_temp/p10-qualification/
2026-10-07T23:11:58.0076549Z   if-no-files-found: error
2026-10-07T23:11:58.0076774Z   retention-days: 90
2026-10-07T23:11:58.0076982Z   compression-level: 6
2026-10-07T23:11:58.0077197Z   overwrite: false
2026-10-07T23:11:58.0077413Z   include-hidden-files: false
2026-10-07T23:11:58.0077640Z env:
2026-10-07T23:11:58.0077887Z   pythonLocation: /opt/hostedtoolcache/Python/3.12.14/x64
2026-10-07T23:11:58.0078306Z   PKG_CONFIG_PATH: /opt/hostedtoolcache/Python/3.12.14/x64/lib/pkgconfig
2026-10-07T23:11:58.0078720Z   Python_ROOT_DIR: /opt/hostedtoolcache/Python/3.12.14/x64
2026-10-07T23:11:58.0079088Z   Python2_ROOT_DIR: /opt/hostedtoolcache/Python/3.12.14/x64
2026-10-07T23:11:58.0079838Z   Python3_ROOT_DIR: /opt/hostedtoolcache/Python/3.12.14/x64
2026-10-07T23:11:58.0080233Z   LD_LIBRARY_PATH: /opt/hostedtoolcache/Python/3.12.14/x64/lib
2026-10-07T23:11:58.0080621Z   UV_PYTHON_INSTALL_DIR: /home/runner/work/_temp/uv-python-dir
2026-10-07T23:11:58.0080941Z ##[endgroup]
2026-10-07T23:11:58.1751116Z (node:5315) [DEP0040] DeprecationWarning: The `punycode` module is deprecated. Please use a userland alternative instead.
2026-10-07T23:11:58.1751846Z (Use `node --trace-deprecation ...` to show where the warning was created)
2026-10-07T23:11:58.1885477Z With the provided path, there will be 39 files uploaded
2026-10-07T23:11:58.1892320Z Artifact name is valid!
2026-10-07T23:11:58.1893041Z Root directory input is valid!
2026-10-07T23:11:58.3792760Z Beginning upload of artifact content to blob storage
2026-10-07T23:11:58.4497323Z (node:5315) [DEP0169] DeprecationWarning: `url.parse()` behavior is not standardized and prone to errors that have security implications. Use the WHATWG URL API instead. CVEs are not issued for `url.parse()` vulnerabilities.
2026-10-07T23:11:58.4924351Z Uploaded bytes 108501
2026-10-07T23:11:58.5074938Z Finished uploading artifact content to blob storage!
2026-10-07T23:11:58.5076094Z SHA256 digest of uploaded artifact zip is c6f719fb66981a5f918787c49686e7cbad49c99d2378be38e4f5a64e137e0a54
2026-10-07T23:11:58.5078372Z Finalizing artifact upload
2026-10-07T23:11:58.6888608Z Artifact p10-qualification-37700591172-1.zip successfully finalized. Artifact ID 11517127973
2026-10-07T23:11:58.6889910Z Artifact p10-qualification-37700591172-1 has been successfully uploaded! Final size is 108501 bytes. Artifact ID is 11517127973
2026-10-07T23:11:58.6895351Z Artifact download URL: https://github.com/awalker0878/multi-tenant/actions/runs/37700591172/artifacts/11517127973
2026-10-07T23:11:58.7099426Z Post job cleanup.
2026-10-07T23:11:58.8214247Z UV_PYTHON_INSTALL_DIR is already set to /home/runner/work/_temp/uv-python-dir
2026-10-07T23:11:58.8369779Z Post job cleanup.
2026-10-07T23:11:58.9895113Z Post job cleanup.
2026-10-07T23:11:59.0872237Z [command]/usr/bin/git version
2026-10-07T23:11:59.0896307Z git version 2.55.0
2026-10-07T23:11:59.0941143Z Temporarily overriding HOME='/home/runner/work/_temp/ff4a0cb4-b617-4c6a-ad5c-e39060d255b6' before making global git config changes
2026-10-07T23:11:59.0942633Z Adding repository directory to the temporary git global config as a safe directory
2026-10-07T23:11:59.0960118Z [command]/usr/bin/git config --global --add safe.directory /home/runner/work/multi-tenant/multi-tenant
2026-10-07T23:11:59.0992560Z [command]/usr/bin/git config --local --name-only --get-regexp core\.sshCommand
2026-10-07T23:11:59.1029806Z [command]/usr/bin/git submodule foreach --recursive sh -c "git config --local --name-only --get-regexp 'core\.sshCommand' && git config --local --unset-all 'core.sshCommand' || :"
2026-10-07T23:11:59.1295088Z [command]/usr/bin/git config --local --name-only --get-regexp http\.https\:\/\/github\.com\/\.extraheader
2026-10-07T23:11:59.1333356Z [command]/usr/bin/git submodule foreach --recursive sh -c "git config --local --name-only --get-regexp 'http\.https\:\/\/github\.com\/\.extraheader' && git config --local --unset-all 'http.https://github.com/.extraheader' || :"
2026-10-07T23:11:59.1611833Z [command]/usr/bin/git config --local --name-only --get-regexp ^includeIf\.gitdir:
2026-10-07T23:11:59.1651695Z [command]/usr/bin/git submodule foreach --recursive git config --local --show-origin --name-only --get-regexp remote.origin.url
2026-10-07T23:11:59.2084022Z Cleaning up orphan processes
2026-10-07T23:11:59.2372722Z ##[warning]Node.js 20 is deprecated. The following actions target Node.js 20 but are being forced to run on Node.js 24: actions/upload-artifact@ea165f8d65b6e75b540449e92b4886f43607fa02. For more information see: https://github.blog/changelog/2025-09-19-deprecation-of-node-20-on-github-actions-runners/
