[
    {
        "Id": "sha256:a9304f9d7563502f69410257f1172875dae5d6f840dc06e79145984f045377dd",
        "RepoTags": [
            "p01-console:c28c87e6c6804450fea9f6d6817a818eed37fc03"
        ],
        "RepoDigests": [],
        "Parent": "",
        "Comment": "buildkit.dockerfile.v0",
        "Created": "2026-10-04T23:44:28.953971572Z",
        "DockerVersion": "",
        "Author": "",
        "Config": {
            "Hostname": "",
            "Domainname": "",
            "User": "10001:10001",
            "AttachStdin": false,
            "AttachStdout": false,
            "AttachStderr": false,
            "ExposedPorts": {
                "9000/tcp": {}
            },
            "Tty": false,
            "OpenStdin": false,
            "StdinOnce": false,
            "Env": [
                "PATH=/usr/local/sbin:/usr/local/bin:/usr/sbin:/usr/bin:/sbin:/bin",
                "PHPIZE_DEPS=autoconf \t\tdpkg-dev \t\tfile \t\tg++ \t\tgcc \t\tlibc-dev \t\tmake \t\tpkg-config \t\tre2c",
                "PHP_INI_DIR=/usr/local/etc/php",
                "PHP_CFLAGS=-fstack-protector-strong -fpic -fpie -O2 -D_LARGEFILE_SOURCE -D_FILE_OFFSET_BITS=64",
                "PHP_CPPFLAGS=-fstack-protector-strong -fpic -fpie -O2 -D_LARGEFILE_SOURCE -D_FILE_OFFSET_BITS=64",
                "PHP_LDFLAGS=-Wl,-O1 -pie",
                "GPG_KEYS=1198C0117593497A5EC5C199286AF1F9897469DC 49D9AF6BC72A80D6691719C8AA23F5BE9C7097D4 D95C03BC702BE9515344AE3374E44BC9067701A5",
                "PHP_VERSION=8.5.11",
                "PHP_URL=https://www.php.net/distributions/php-8.5.11.tar.xz",
                "PHP_ASC_URL=https://www.php.net/distributions/php-8.5.11.tar.xz.asc",
                "PHP_SHA256=d9be75c08e8c316f4c8f4194d8fbe1750a15f6a6d9d4e3fe72082abeeb800360",
                "APP_ENV=production",
                "APP_DEBUG=false"
            ],
            "Cmd": [
                "php-fpm",
                "-F"
            ],
            "ArgsEscaped": true,
            "Image": "",
            "Volumes": null,
            "WorkingDir": "/app",
            "Entrypoint": [
                "/usr/local/bin/service-entrypoint"
            ],
            "OnBuild": null,
            "Labels": {
                "io.product.component": "console",
                "org.opencontainers.image.revision": "c28c87e6c6804450fea9f6d6817a818eed37fc03"
            },
            "StopSignal": "SIGQUIT"
        },
        "Architecture": "amd64",
        "Os": "linux",
        "Size": 552648577,
        "GraphDriver": {
            "Data": {
                "LowerDir": "/var/lib/docker/overlay2/k1y0xu38ozcoij38o492wn523/diff:/var/lib/docker/overlay2/f9555727t3rm0v6bwegd3zp3d/diff:/var/lib/docker/overlay2/yd5zk5ybjslv48uove8udf6ou/diff:/var/lib/docker/overlay2/s1b730hg9b2inqeymxwdb3yrs/diff:/var/lib/docker/overlay2/08f7t929up03ukhh0gmwj2ehe/diff:/var/lib/docker/overlay2/y2g5jqgivk0xsvuu3dfv5vyot/diff:/var/lib/docker/overlay2/kd7jwi9rgmxqp6gdfjpf0bxlt/diff:/var/lib/docker/overlay2/8pn439t4rjtogtlnglfr6gn8h/diff:/var/lib/docker/overlay2/yaplfbypvsm08u6t1dm3cytxd/diff:/var/lib/docker/overlay2/q8eee6uygg702citvsyyfhra4/diff:/var/lib/docker/overlay2/vjmacrmycd6qe0hw0sdttsnja/diff:/var/lib/docker/overlay2/c1gggs9hjiko490rjxzjnfer1/diff:/var/lib/docker/overlay2/0xqg1oqmnudxncmmv8m4x6na2/diff:/var/lib/docker/overlay2/7750dda183465031a0f3566095b24981e877750a083fad65e10e2b8acec3a2f2/diff:/var/lib/docker/overlay2/f1a665ccbec4d631251d09b5e44dee17ce728c7cf50ad6cfddbadb928fcec972/diff:/var/lib/docker/overlay2/ef10cd0381582c0d8392ab0c7243ee9a343bdda74394f9e81e2e12ef4b11f86b/diff:/var/lib/docker/overlay2/a461f140cf57f2e8d3b2dba2a0329266dd48acfaba0e653cd92dd317f5010701/diff:/var/lib/docker/overlay2/796382e4f258201c30ffecf1d2975d250b37ecf6694ca44a81da1e5e1d20cca0/diff:/var/lib/docker/overlay2/b521cb16f5e8cb45e7bc9a95d101e1513942dff004b9947dbad3e68da81568a1/diff:/var/lib/docker/overlay2/1a1215455408c6d7f6f37c9ce99feca3a0e0aeac71001ccd60e6a67c680ae99e/diff:/var/lib/docker/overlay2/fc9dbe09081c15298567279db9276052768ddad92f0cdf01fa003333b2b7cd6d/diff:/var/lib/docker/overlay2/c4111024a830cf06b15fbfa3f9dc4b19191de8080fba2350550935a3d04d0575/diff:/var/lib/docker/overlay2/2c8906bf4c6e8a541c79e785669e4e03ff32aeaafe201e6f49472fe037997308/diff:/var/lib/docker/overlay2/aa198db0779d4cbf87df15979a18d031072ebebe0a906932157a22e69b62dee0/diff",
                "MergedDir": "/var/lib/docker/overlay2/23zulqzwadz7a2dw9s6g900ip/merged",
                "UpperDir": "/var/lib/docker/overlay2/23zulqzwadz7a2dw9s6g900ip/diff",
                "WorkDir": "/var/lib/docker/overlay2/23zulqzwadz7a2dw9s6g900ip/work"
            },
            "Name": "overlay2"
        },
        "RootFS": {
            "Type": "layers",
            "Layers": [
                "sha256:34467cc93912af891dfee8a3902adf9b4f355a9bca4eaa46f658d1181a21de0d",
                "sha256:81274738dbf57317e5435144826219706147834290d012a351d5fc593b5adae2",
                "sha256:0504f653b699e414def5b49113f24c6e542a7846c5df9a799b27c809313dbb4d",
                "sha256:da1395a377a2acc8422d3bc4b7d862885a3a97a3421e3fed1adf62d061ff4f63",
                "sha256:27ac94f3ce3452f11b8a4e05cd00328bc38ad35848dfa0caa7ac7377e2b4c48c",
                "sha256:75906afbd8260b795e6e9b04941130b4bc0f4c137e76562f13753c62972bc5ef",
                "sha256:92e695b6cfd2d361a0864f12771aeb461c040dcd3ac66a0c704bf6e02cd2fc54",
                "sha256:ba5cfed66dabaf73234dbd89396a9011991392d027832714d3bbe68640c82d79",
                "sha256:c5687dee67cf6207590530c6c1c1bf4f1484aa1aeb2a44ff0e0ab0ebb7936ed7",
                "sha256:5f70bf18a086007016e948b04aed3b82103a36bea41755b6cddfaf10ace3c6ef",
                "sha256:a3d8babd0c9ce6e5640c2d87ef48eb3b4adf3e152f63414c1ef6ec0cc9ae911d",
                "sha256:11e00caef7a3215b24a2db1d48c79143fa08d53249da9d3e88c74d5ef225a42e",
                "sha256:5ecc49a4d007bc165e229ba04d9413ad54e62f52f339d2eecb51c316113ddd9d",
                "sha256:32d9f69da4b7290c9d0f69436201f32b839358fa6d9b23419fe5dcb73c962883",
                "sha256:4da1d728fee1c1764fe7820e0f7e94bbb713401ba8265effe63e8f8066f39f3b",
                "sha256:237047b3f59bbcc3109afc1bbaf34d16239d08e452b59891ce9d13bca2706f4c",
                "sha256:e8b2a5fa7ac24371cf46486b63645723197fc356df12900b7639c8905703a33d",
                "sha256:1277876bc6508c41e621bc685a977fd821946987730d9c96b7863aa4de346c72",
                "sha256:81a51a92ae62add87a3f2c5882496644fcc56021592fd3242c613b059fdcd59a",
                "sha256:486654421edf67f23bb6407678b1adbc5279542c125de358cec5080e15e1db58",
                "sha256:ec110c7c2bf7c60d067f9f0c45ea515d85a5349647a344cf069502fe61965415",
                "sha256:c3bab7259ee90190a9229fc13bd3d57142d28c14bbe5d7b5969d5c6dea1b43b6",
                "sha256:623d109369a5121c046bd3e02707827ff915199ab05eb6297f0255c85edd5ee3",
                "sha256:4e55de58dd4c27b707b304e790e6c396fc43c4ddf64bb1178e683f5e7ced1961",
                "sha256:6e66421db9da7eb7acfdecaa32197ab403096e43cf18c628039ca994baabfda0"
            ]
        },
        "Metadata": {
            "LastTagTime": "2026-10-04T23:44:31.790438717Z"
        }
    }
]
