
  [30;42;1m PASS [39;49;22m[39m Tests\Feature\DependencyHealthTest[39m
  [32;1m✓[39;22m[90m [39m[90munknown or malformed health identities never reach a dependency wit[39m[90m…[39m [90m0.09s[39m  
  [32;1m✓[39;22m[90m [39m[90munknown or malformed health identities never reach a dependency wit[39m[90m…[39m [90m0.01s[39m  
  [32;1m✓[39;22m[90m [39m[90munknown or malformed health identities never reach a dependency wit[39m[90m…[39m [90m0.01s[39m  
  [32;1m✓[39;22m[90m [39m[90munknown or malformed health identities never reach a dependency with ('Basic TOKEN')[39m
  [32;1m✓[39;22m[90m [39m[90munknown or malformed health identities never reach a dependency with ('Basic Bearer TOKEN')[39m
  [32;1m✓[39;22m[90m [39m[90munknown or malformed health identities never reach a dependency with ('Bearer TOKEN extra')[39m
  [32;1m✓[39;22m[90m [39m[90man absent or malformed mounted identity denies even the formerly va[39m[90m…[39m [90m0.01s[39m  
  [32;1m✓[39;22m[90m [39m[90man absent or malformed mounted identity denies even the formerly valid credential with ('empty')[39m
  [32;1m✓[39;22m[90m [39m[90man absent or malformed mounted identity denies even the formerly va[39m[90m…[39m [90m0.01s[39m  
  [32;1m✓[39;22m[90m [39m[90man absent or malformed mounted identity denies even the formerly valid credential with ('oversize')[39m
  [32;1m✓[39;22m[90m [39m[90mauthenticated dependency failure is sanitized and never changes pro[39m[90m…[39m [90m0.01s[39m  
  [32;1m✓[39;22m[90m [39m[90msuccessful foundation checks grant only dependency readiness and no[39m[90m…[39m [90m0.01s[39m  
  [32;1m✓[39;22m[90m [39m[90mreplacing a credential file revokes the old token without restartin[39m[90m…[39m [90m0.01s[39m  
  [32;1m✓[39;22m[90m [39m[90mcredential paths cannot use a stream wrapper[39m
  [32;1m✓[39;22m[90m [39m[90mmounted application key wins and an unavailable file never falls back to the environment key[39m

  [30;42;1m PASS [39;49;22m[39m Tests\Feature\HealthTest[39m
  [32;1m✓[39;22m[90m [39m[90mliveness reports only a running process with no configured authorit[39m[90m…[39m [90m0.03s[39m  
  [32;1m✓[39;22m[90m [39m[90mreadiness remains closed until the governance dependencies are implemented[39m
  [32;1m✓[39;22m[90m [39m[90mhealth endpoints reject writes with ('/health/live')[39m
  [32;1m✓[39;22m[90m [39m[90mhealth endpoints reject writes with ('/health/ready')[39m
  [32;1m✓[39;22m[90m [39m[90mbusiness authority routes are absent and expose no exception diagnostics with ('/v1/tenants')[39m
  [32;1m✓[39;22m[90m [39m[90mbusiness authority routes are absent and expose no exception diagnostics with ('/v1/authorization-decisions')[39m
  [32;1m✓[39;22m[90m [39m[90mbusiness authority routes are absent and expose no exception diagnostics with ('/v1/approvals')[39m
  [32;1m✓[39;22m[90m [39m[90ma caller cannot configure readiness or start a browser session through health input[39m
  [32;1m✓[39;22m[90m [39m[90munknown routes return JSON even without an accept header[39m

  [30;42;1m PASS [39;49;22m[39m Tests\Architecture\FoundationTest[39m
  [32;1m✓[39;22m[90m [39m[90mservice autoload exposes only its own application and tests[39m[90m         [39m [90m0.01s[39m  
  [32;1m✓[39;22m[90m [39m[90mthe actual bootstrap classes are loaded from the service source[39m
  [32;1m✓[39;22m[90m [39m[90mimplemented application classes use strict types[39m[90m                    [39m [90m0.03s[39m  
  [32;1m✓[39;22m[90m [39m[90mimplemented application classes are final[39m
  [32;1m✓[39;22m[90m [39m[90mdelivery does not reference sibling source or frontend transport[39m

  [90mTests:[39m    [32;1m29 passed[39;22m[90m (125 assertions)[39m
  [90mDuration:[39m [39m0.34s[39m

