2026-10-07T19:24:29.1007173Z Current runner version: '2.337.0'
2026-10-07T19:24:29.1028917Z ##[group]Runner Image Provisioner
2026-10-07T19:24:29.1029717Z Hosted Compute Agent
2026-10-07T19:24:29.1030210Z Version: 20261002.596
2026-10-07T19:24:29.1030691Z Commit: c3d12f3313a95f25162a1503be624f3b0617f8c0
2026-10-07T19:24:29.1031243Z Build Date: 2026-10-02T22:28:27Z
2026-10-07T19:24:29.1031815Z Worker ID: {75089e8f-0bc1-4f08-b7f8-a8a5d7b6fd7a}
2026-10-07T19:24:29.1032363Z Region: centralus
2026-10-07T19:24:29.1032793Z Cloud: Azure
2026-10-07T19:24:29.1033284Z ##[endgroup]
2026-10-07T19:24:29.1034396Z ##[group]Operating System
2026-10-07T19:24:29.1035013Z Ubuntu
2026-10-07T19:24:29.1035413Z 24.04.5
2026-10-07T19:24:29.1035803Z LTS
2026-10-07T19:24:29.1036212Z ##[endgroup]
2026-10-07T19:24:29.1036858Z ##[group]Runner Image
2026-10-07T19:24:29.1037662Z Image: ubuntu-24.04
2026-10-07T19:24:29.1038101Z Version: 20261004.327.1
2026-10-07T19:24:29.1039121Z Included Software: https://github.com/actions/runner-images/blob/ubuntu24/20261004.327/images/ubuntu/Ubuntu2404-Readme.md
2026-10-07T19:24:29.1040284Z Image Release: https://github.com/actions/runner-images/releases/tag/ubuntu24%2F20261004.327
2026-10-07T19:24:29.1041047Z ##[endgroup]
2026-10-07T19:24:29.1041914Z ##[group]GITHUB_TOKEN Permissions
2026-10-07T19:24:29.1043808Z Contents: read
2026-10-07T19:24:29.1044255Z Metadata: read
2026-10-07T19:24:29.1044686Z ##[endgroup]
2026-10-07T19:24:29.1046584Z Secret source: Actions
2026-10-07T19:24:29.1047389Z Cache mode: write
2026-10-07T19:24:29.1048017Z Prepare workflow directory
2026-10-07T19:24:29.1321347Z Prepare all required actions
2026-10-07T19:24:29.1362999Z Getting action download info
2026-10-07T19:24:29.3903471Z Download action repository 'actions/checkout@fbc6f3992d24b796d5a048ff273f7fcc4a7b6c09' (SHA:fbc6f3992d24b796d5a048ff273f7fcc4a7b6c09)
2026-10-07T19:24:29.5259832Z Download action repository 'actions/upload-artifact@ea165f8d65b6e75b540449e92b4886f43607fa02' (SHA:ea165f8d65b6e75b540449e92b4886f43607fa02)
2026-10-07T19:24:29.7855175Z Complete job name: lifecycle-workers isolated image
2026-10-07T19:24:29.8446914Z ##[group]Run actions/checkout@fbc6f3992d24b796d5a048ff273f7fcc4a7b6c09
2026-10-07T19:24:29.8447792Z with:
2026-10-07T19:24:29.8448230Z   persist-credentials: false
2026-10-07T19:24:29.8448721Z   repository: awalker0878/multi-tenant
2026-10-07T19:24:29.8451747Z   token: ***
2026-10-07T19:24:29.8452187Z   ssh-strict: true
2026-10-07T19:24:29.8452594Z   ssh-user: git
2026-10-07T19:24:29.8452988Z   clean: true
2026-10-07T19:24:29.8453412Z   sparse-checkout-cone-mode: true
2026-10-07T19:24:29.8453898Z   fetch-depth: 1
2026-10-07T19:24:29.8454305Z   fetch-tags: false
2026-10-07T19:24:29.8454705Z   show-progress: true
2026-10-07T19:24:29.8455406Z   lfs: false
2026-10-07T19:24:29.8455875Z   submodules: false
2026-10-07T19:24:29.8456514Z   set-safe-directory: true
2026-10-07T19:24:29.8457008Z   allow-unsafe-pr-checkout: false
2026-10-07T19:24:29.8457662Z ##[endgroup]
2026-10-07T19:24:29.9337449Z Syncing repository: awalker0878/multi-tenant
2026-10-07T19:24:29.9340073Z ##[group]Getting Git version info
2026-10-07T19:24:29.9341044Z Working directory is '/home/runner/work/multi-tenant/multi-tenant'
2026-10-07T19:24:29.9342305Z [command]/usr/bin/git version
2026-10-07T19:24:29.9416314Z git version 2.55.0
2026-10-07T19:24:29.9438767Z ##[endgroup]
2026-10-07T19:24:29.9449598Z Temporarily overriding HOME='/home/runner/work/_temp/e7886b16-f797-404a-93be-9e6752c85dce' before making global git config changes
2026-10-07T19:24:29.9451579Z Adding repository directory to the temporary git global config as a safe directory
2026-10-07T19:24:29.9455045Z [command]/usr/bin/git config --global --add safe.directory /home/runner/work/multi-tenant/multi-tenant
2026-10-07T19:24:29.9495045Z Deleting the contents of '/home/runner/work/multi-tenant/multi-tenant'
2026-10-07T19:24:29.9500127Z ##[group]Initializing the repository
2026-10-07T19:24:29.9503235Z [command]/usr/bin/git init /home/runner/work/multi-tenant/multi-tenant
2026-10-07T19:24:29.9608185Z hint: Using 'master' as the name for the initial branch. This default branch name
2026-10-07T19:24:29.9610075Z hint: will change to "main" in Git 3.0. To configure the initial branch name
2026-10-07T19:24:29.9611557Z hint: to use in all of your new repositories, which will suppress this warning,
2026-10-07T19:24:29.9613006Z hint: call:
2026-10-07T19:24:29.9614186Z hint:
2026-10-07T19:24:29.9614986Z hint: 	git config --global init.defaultBranch <name>
2026-10-07T19:24:29.9616013Z hint:
2026-10-07T19:24:29.9617291Z hint: Names commonly chosen instead of 'master' are 'main', 'trunk' and
2026-10-07T19:24:29.9618672Z hint: 'development'. The just-created branch can be renamed via this command:
2026-10-07T19:24:29.9619733Z hint:
2026-10-07T19:24:29.9620585Z hint: 	git branch -m <name>
2026-10-07T19:24:29.9621197Z hint:
2026-10-07T19:24:29.9621930Z hint: Disable this message with "git config set advice.defaultBranchName false"
2026-10-07T19:24:29.9623476Z Initialized empty Git repository in /home/runner/work/multi-tenant/multi-tenant/.git/
2026-10-07T19:24:29.9626509Z [command]/usr/bin/git remote add origin https://github.com/awalker0878/multi-tenant
2026-10-07T19:24:29.9689519Z ##[endgroup]
2026-10-07T19:24:29.9690445Z ##[group]Disabling automatic garbage collection
2026-10-07T19:24:29.9692541Z [command]/usr/bin/git config --local gc.auto 0
2026-10-07T19:24:29.9724110Z ##[endgroup]
2026-10-07T19:24:29.9725108Z ##[group]Setting up auth
2026-10-07T19:24:29.9730097Z [command]/usr/bin/git config --local --name-only --get-regexp core\.sshCommand
2026-10-07T19:24:29.9756040Z [command]/usr/bin/git submodule foreach --recursive sh -c "git config --local --name-only --get-regexp 'core\.sshCommand' && git config --local --unset-all 'core.sshCommand' || :"
2026-10-07T19:24:30.0203454Z [command]/usr/bin/git config --local --name-only --get-regexp http\.https\:\/\/github\.com\/\.extraheader
2026-10-07T19:24:30.0232912Z [command]/usr/bin/git submodule foreach --recursive sh -c "git config --local --name-only --get-regexp 'http\.https\:\/\/github\.com\/\.extraheader' && git config --local --unset-all 'http.https://github.com/.extraheader' || :"
2026-10-07T19:24:30.0393950Z [command]/usr/bin/git config --local --name-only --get-regexp ^includeIf\.gitdir:
2026-10-07T19:24:30.0421831Z [command]/usr/bin/git submodule foreach --recursive git config --local --show-origin --name-only --get-regexp remote.origin.url
2026-10-07T19:24:30.0587739Z [command]/usr/bin/git config --local http.https://github.com/.extraheader AUTHORIZATION: basic ***
2026-10-07T19:24:30.0623405Z ##[endgroup]
2026-10-07T19:24:30.0624244Z ##[group]Fetching the repository
2026-10-07T19:24:30.0632365Z [command]/usr/bin/git -c protocol.version=2 fetch --no-tags --prune --no-recurse-submodules --depth=1 origin +d7d350befb4aab531dd2dfa79a23996e5441c5ff:refs/remotes/origin/greenfield/enterprise-microservices-plan
2026-10-07T19:24:31.2910597Z From https://github.com/awalker0878/multi-tenant
2026-10-07T19:24:31.2912546Z  * [new ref]         d7d350befb4aab531dd2dfa79a23996e5441c5ff -> origin/greenfield/enterprise-microservices-plan
2026-10-07T19:24:31.2917371Z ##[endgroup]
2026-10-07T19:24:31.2918963Z ##[group]Determining the checkout info
2026-10-07T19:24:31.2920631Z ##[endgroup]
2026-10-07T19:24:31.2923303Z [command]/usr/bin/git sparse-checkout disable
2026-10-07T19:24:31.3033678Z [command]/usr/bin/git config --local --unset-all extensions.worktreeConfig
2026-10-07T19:24:31.3064181Z ##[group]Checking out the ref
2026-10-07T19:24:31.3069386Z [command]/usr/bin/git checkout --progress --force -B greenfield/enterprise-microservices-plan refs/remotes/origin/greenfield/enterprise-microservices-plan
2026-10-07T19:24:31.7364454Z Switched to a new branch 'greenfield/enterprise-microservices-plan'
2026-10-07T19:24:31.7366761Z branch 'greenfield/enterprise-microservices-plan' set up to track 'origin/greenfield/enterprise-microservices-plan'.
2026-10-07T19:24:31.7384427Z ##[endgroup]
2026-10-07T19:24:31.7430370Z [command]/usr/bin/git log -1 --format=%H
2026-10-07T19:24:31.7452220Z d7d350befb4aab531dd2dfa79a23996e5441c5ff
2026-10-07T19:24:31.7460626Z ##[group]Removing auth
2026-10-07T19:24:31.7463851Z [command]/usr/bin/git config --local --name-only --get-regexp core\.sshCommand
2026-10-07T19:24:31.7488086Z [command]/usr/bin/git submodule foreach --recursive sh -c "git config --local --name-only --get-regexp 'core\.sshCommand' && git config --local --unset-all 'core.sshCommand' || :"
2026-10-07T19:24:31.7668323Z [command]/usr/bin/git config --local --name-only --get-regexp http\.https\:\/\/github\.com\/\.extraheader
2026-10-07T19:24:31.7691247Z http.https://github.com/.extraheader
2026-10-07T19:24:31.7695251Z [command]/usr/bin/git config --local --unset-all http.https://github.com/.extraheader
2026-10-07T19:24:31.7724507Z [command]/usr/bin/git submodule foreach --recursive sh -c "git config --local --name-only --get-regexp 'http\.https\:\/\/github\.com\/\.extraheader' && git config --local --unset-all 'http.https://github.com/.extraheader' || :"
2026-10-07T19:24:31.7911586Z [command]/usr/bin/git config --local --name-only --get-regexp ^includeIf\.gitdir:
2026-10-07T19:24:31.7937106Z [command]/usr/bin/git submodule foreach --recursive git config --local --show-origin --name-only --get-regexp remote.origin.url
2026-10-07T19:24:31.8119182Z ##[endgroup]
2026-10-07T19:24:31.8338991Z ##[group]Run python3 scripts/p01/run_images.py --component "$P01_COMPONENT" --output "$RUNNER_TEMP/p01-image-$P01_COMPONENT" --source-revision "$GITHUB_SHA"
2026-10-07T19:24:31.8340865Z [36;1mpython3 scripts/p01/run_images.py --component "$P01_COMPONENT" --output "$RUNNER_TEMP/p01-image-$P01_COMPONENT" --source-revision "$GITHUB_SHA"[0m
2026-10-07T19:24:31.8587958Z shell: /usr/bin/bash -e {0}
2026-10-07T19:24:31.8588972Z env:
2026-10-07T19:24:31.8589955Z   P01_COMPONENT: lifecycle-workers
2026-10-07T19:24:31.8590902Z ##[endgroup]
2026-10-07T19:24:31.9940511Z Traceback (most recent call last):
2026-10-07T19:24:31.9941396Z   File "/home/runner/work/multi-tenant/multi-tenant/scripts/p01/run_images.py", line 359, in <module>
2026-10-07T19:24:31.9942338Z     raise SystemExit(main())
2026-10-07T19:24:31.9942901Z                      ^^^^^^
2026-10-07T19:24:31.9943695Z   File "/home/runner/work/multi-tenant/multi-tenant/scripts/p01/run_images.py", line 255, in main
2026-10-07T19:24:31.9944625Z     lock, component, sources = load_inputs(workspace, args.component)
2026-10-07T19:24:31.9945320Z                                ^^^^^^^^^^^^^^^^^^^^^^^^^^^^^^^^^^^^^^
2026-10-07T19:24:31.9946061Z   File "/home/runner/work/multi-tenant/multi-tenant/scripts/p01/run_images.py", line 109, in load_inputs
2026-10-07T19:24:31.9947114Z     require(project["dependencies"] == component["runtime_requirements"] and project["scripts"] == allowed,
2026-10-07T19:24:31.9947946Z   File "/home/runner/work/multi-tenant/multi-tenant/scripts/p01/run_images.py", line 29, in require
2026-10-07T19:24:31.9948627Z     raise ValueError(message)
2026-10-07T19:24:31.9949274Z ValueError: Worker must match its declared runtime and owned entrypoints
2026-10-07T19:24:32.0126983Z ##[error]Process completed with exit code 1.
2026-10-07T19:24:32.0238914Z ##[group]Run actions/upload-artifact@ea165f8d65b6e75b540449e92b4886f43607fa02
2026-10-07T19:24:32.0239393Z with:
2026-10-07T19:24:32.0239851Z   name: p01-artifact-lifecycle-workers-d7d350befb4aab531dd2dfa79a23996e5441c5ff
2026-10-07T19:24:32.0240409Z   path: /home/runner/work/_temp/p01-artifact-lifecycle-workers/
2026-10-07T19:24:32.0240801Z   if-no-files-found: error
2026-10-07T19:24:32.0241148Z   retention-days: 14
2026-10-07T19:24:32.0241480Z   compression-level: 6
2026-10-07T19:24:32.0241775Z   overwrite: false
2026-10-07T19:24:32.0242107Z   include-hidden-files: false
2026-10-07T19:24:32.0242433Z ##[endgroup]
2026-10-07T19:24:32.1620142Z (node:2157) [DEP0040] DeprecationWarning: The `punycode` module is deprecated. Please use a userland alternative instead.
2026-10-07T19:24:32.1620945Z (Use `node --trace-deprecation ...` to show where the warning was created)
2026-10-07T19:24:32.1651149Z ##[error]No files were found with the provided path: /home/runner/work/_temp/p01-artifact-lifecycle-workers/. No artifacts will be uploaded.
2026-10-07T19:24:32.1845261Z ##[group]Run actions/upload-artifact@ea165f8d65b6e75b540449e92b4886f43607fa02
2026-10-07T19:24:32.1845760Z with:
2026-10-07T19:24:32.1846169Z   name: p01-image-lifecycle-workers-d7d350befb4aab531dd2dfa79a23996e5441c5ff
2026-10-07T19:24:32.1846932Z   path: /home/runner/work/_temp/p01-image-lifecycle-workers/
2026-10-07T19:24:32.1847404Z   if-no-files-found: error
2026-10-07T19:24:32.1847710Z   retention-days: 14
2026-10-07T19:24:32.1848039Z   compression-level: 6
2026-10-07T19:24:32.1848338Z   overwrite: false
2026-10-07T19:24:32.1848641Z   include-hidden-files: false
2026-10-07T19:24:32.1848985Z ##[endgroup]
2026-10-07T19:24:32.3355003Z (node:2169) [DEP0040] DeprecationWarning: The `punycode` module is deprecated. Please use a userland alternative instead.
2026-10-07T19:24:32.3355780Z (Use `node --trace-deprecation ...` to show where the warning was created)
2026-10-07T19:24:32.3370954Z ##[error]No files were found with the provided path: /home/runner/work/_temp/p01-image-lifecycle-workers/. No artifacts will be uploaded.
2026-10-07T19:24:32.3633508Z Post job cleanup.
2026-10-07T19:24:32.4354581Z [command]/usr/bin/git version
2026-10-07T19:24:32.4391147Z git version 2.55.0
2026-10-07T19:24:32.4423152Z Temporarily overriding HOME='/home/runner/work/_temp/90ff3c73-a206-4509-bda2-20f2171eceef' before making global git config changes
2026-10-07T19:24:32.4424207Z Adding repository directory to the temporary git global config as a safe directory
2026-10-07T19:24:32.4427678Z [command]/usr/bin/git config --global --add safe.directory /home/runner/work/multi-tenant/multi-tenant
2026-10-07T19:24:32.4463268Z [command]/usr/bin/git config --local --name-only --get-regexp core\.sshCommand
2026-10-07T19:24:32.4517514Z [command]/usr/bin/git submodule foreach --recursive sh -c "git config --local --name-only --get-regexp 'core\.sshCommand' && git config --local --unset-all 'core.sshCommand' || :"
2026-10-07T19:24:32.4712419Z [command]/usr/bin/git config --local --name-only --get-regexp http\.https\:\/\/github\.com\/\.extraheader
2026-10-07T19:24:32.4742759Z [command]/usr/bin/git submodule foreach --recursive sh -c "git config --local --name-only --get-regexp 'http\.https\:\/\/github\.com\/\.extraheader' && git config --local --unset-all 'http.https://github.com/.extraheader' || :"
2026-10-07T19:24:32.4941826Z [command]/usr/bin/git config --local --name-only --get-regexp ^includeIf\.gitdir:
2026-10-07T19:24:32.4971426Z [command]/usr/bin/git submodule foreach --recursive git config --local --show-origin --name-only --get-regexp remote.origin.url
2026-10-07T19:24:32.5302769Z Cleaning up orphan processes
2026-10-07T19:24:32.5518656Z ##[warning]Node.js 20 is deprecated. The following actions target Node.js 20 but are being forced to run on Node.js 24: actions/upload-artifact@ea165f8d65b6e75b540449e92b4886f43607fa02. For more information see: https://github.blog/changelog/2025-09-19-deprecation-of-node-20-on-github-actions-runners/

