#0 building with "default" instance using docker driver

#1 [internal] load build definition from Dockerfile
#1 transferring dockerfile: 3.17kB done
#1 DONE 0.0s

#2 [internal] load metadata for docker.io/library/composer@sha256:bdd249749908be12facc9dec72e19704371bb893f96dff3e024ec89528a5a08d
#2 ...

#3 [auth] library/composer:pull token for registry-1.docker.io
#3 DONE 0.0s

#4 [auth] library/php:pull token for registry-1.docker.io
#4 DONE 0.0s

#5 [internal] load metadata for docker.io/library/php@sha256:aba7168955e4b1e1f5e61e2e5a0257eff5b1563d3fc4ca272373183b57f53005
#5 ...

#2 [internal] load metadata for docker.io/library/composer@sha256:bdd249749908be12facc9dec72e19704371bb893f96dff3e024ec89528a5a08d
#2 DONE 0.6s

#5 [internal] load metadata for docker.io/library/php@sha256:aba7168955e4b1e1f5e61e2e5a0257eff5b1563d3fc4ca272373183b57f53005
#5 DONE 0.7s

#6 [internal] load .dockerignore
#6 transferring context: 459B done
#6 DONE 0.0s

#7 [internal] load build context
#7 transferring context: 419.77kB 0.0s done
#7 DONE 0.0s

#8 [php-base 1/4] FROM docker.io/library/php@sha256:aba7168955e4b1e1f5e61e2e5a0257eff5b1563d3fc4ca272373183b57f53005
#8 resolve docker.io/library/php@sha256:aba7168955e4b1e1f5e61e2e5a0257eff5b1563d3fc4ca272373183b57f53005 done
#8 sha256:57b8ec589d859e1168ce64a7fbc82824564ca41c25e46de2875e9aa3aa7e5fef 0B / 14.49MB 0.1s
#8 sha256:85f9cb16cda15e529ff77ae3e00e7e8d3a843ceee194b9c2dfd8c0d74309cca1 10.34kB / 10.34kB done
#8 sha256:934d19571d8a4f7b570ed89cb61f5bcb538475fbc4938299f4599d3a3596193b 0B / 3.49MB 0.1s
#8 sha256:4c278b0a8d2c61c0a002423a220cfdf9ca79aab868a97f7e5b3eb16d94088547 930B / 930B 0.1s done
#8 sha256:4f5c3887d482c8caa210c801211fc5eb67e44983796b4660cb729b000e3f56de 0B / 223B 0.1s
#8 sha256:aba7168955e4b1e1f5e61e2e5a0257eff5b1563d3fc4ca272373183b57f53005 3.06kB / 3.06kB done
#8 sha256:57b8ec589d859e1168ce64a7fbc82824564ca41c25e46de2875e9aa3aa7e5fef 9.44MB / 14.49MB 0.2s
#8 sha256:934d19571d8a4f7b570ed89cb61f5bcb538475fbc4938299f4599d3a3596193b 3.49MB / 3.49MB 0.2s done
#8 sha256:4f5c3887d482c8caa210c801211fc5eb67e44983796b4660cb729b000e3f56de 223B / 223B 0.2s done
#8 extracting sha256:934d19571d8a4f7b570ed89cb61f5bcb538475fbc4938299f4599d3a3596193b 0.1s
#8 sha256:1648a51c22c2f4ef597100b621c5c7e25c17142413fd33a0e1aca12b4033eae5 0B / 488B 0.2s
#8 sha256:6548a80622581338b724b916df3347c97fe9dac3d1014f33ffcb031bdfd6e461 0B / 16.86MB 0.2s
#8 sha256:57b8ec589d859e1168ce64a7fbc82824564ca41c25e46de2875e9aa3aa7e5fef 14.49MB / 14.49MB 0.3s done
#8 extracting sha256:934d19571d8a4f7b570ed89cb61f5bcb538475fbc4938299f4599d3a3596193b 0.1s done
#8 sha256:1648a51c22c2f4ef597100b621c5c7e25c17142413fd33a0e1aca12b4033eae5 488B / 488B 0.3s done
#8 sha256:6548a80622581338b724b916df3347c97fe9dac3d1014f33ffcb031bdfd6e461 16.86MB / 16.86MB 0.4s done
#8 sha256:d17435b90723edae2dde2757045a29da3c2f4b0ba24a47f7d1a03fd473648732 22.43kB / 22.43kB 0.4s done
#8 sha256:ff3df8f32479794328057f8a707add445da333f9cc82c9f1750dca2ce16854d0 2.45kB / 2.45kB 0.4s done
#8 sha256:760ec49cf7f828a1bca9e0cb21b2ef44a9e854b5aee73dc93b769f09cb9f83c6 0B / 9.26kB 0.4s
#8 sha256:760ec49cf7f828a1bca9e0cb21b2ef44a9e854b5aee73dc93b769f09cb9f83c6 9.26kB / 9.26kB 0.5s
#8 sha256:4f4fb700ef54461cfa02571ae0db9a0dc1e0cdb5577484a6d75e68dc38e8acc1 32B / 32B 0.5s
#8 sha256:760ec49cf7f828a1bca9e0cb21b2ef44a9e854b5aee73dc93b769f09cb9f83c6 9.26kB / 9.26kB 0.7s done
#8 sha256:4f4fb700ef54461cfa02571ae0db9a0dc1e0cdb5577484a6d75e68dc38e8acc1 32B / 32B 0.8s done
#8 extracting sha256:4c278b0a8d2c61c0a002423a220cfdf9ca79aab868a97f7e5b3eb16d94088547
#8 extracting sha256:4c278b0a8d2c61c0a002423a220cfdf9ca79aab868a97f7e5b3eb16d94088547 done
#8 extracting sha256:4f5c3887d482c8caa210c801211fc5eb67e44983796b4660cb729b000e3f56de done
#8 extracting sha256:57b8ec589d859e1168ce64a7fbc82824564ca41c25e46de2875e9aa3aa7e5fef
#8 extracting sha256:57b8ec589d859e1168ce64a7fbc82824564ca41c25e46de2875e9aa3aa7e5fef 0.1s done
#8 extracting sha256:1648a51c22c2f4ef597100b621c5c7e25c17142413fd33a0e1aca12b4033eae5
#8 extracting sha256:1648a51c22c2f4ef597100b621c5c7e25c17142413fd33a0e1aca12b4033eae5 done
#8 extracting sha256:6548a80622581338b724b916df3347c97fe9dac3d1014f33ffcb031bdfd6e461 0.1s
#8 extracting sha256:6548a80622581338b724b916df3347c97fe9dac3d1014f33ffcb031bdfd6e461 0.5s done
#8 extracting sha256:ff3df8f32479794328057f8a707add445da333f9cc82c9f1750dca2ce16854d0 done
#8 ...

#9 [composer-tool 1/1] FROM docker.io/library/composer@sha256:bdd249749908be12facc9dec72e19704371bb893f96dff3e024ec89528a5a08d
#9 resolve docker.io/library/composer@sha256:bdd249749908be12facc9dec72e19704371bb893f96dff3e024ec89528a5a08d done
#9 sha256:87ef1f7078ab07ff3822199a1572016cd47bc5dc5cd9aae9e6f2d9b2884a50f9 12.14kB / 12.14kB done
#9 sha256:bdd249749908be12facc9dec72e19704371bb893f96dff3e024ec89528a5a08d 3.61kB / 3.61kB done
#9 sha256:c74954296e3dcddf622cc98260e98c4dcf93fa3a75aa35323873dd266bd4bd1e 3.49MB / 3.49MB 1.1s done
#9 sha256:108ad594590ceb72747aa8d762dc9fb9d1f6377ac3e991684c4ee9c46d38e2fa 215B / 215B 1.3s done
#9 extracting sha256:c74954296e3dcddf622cc98260e98c4dcf93fa3a75aa35323873dd266bd4bd1e 0.7s done
#9 sha256:88c97ededfa581ed39cd2fad6551d825b2f6527397e92c2eafa80648778438b6 14.49MB / 14.49MB 1.7s done
#9 sha256:406faa0b22ce98d8b28e44c625e146357adf030ab36c13a5bcdc3d4d05696978 931B / 931B 1.6s done
#9 sha256:0bfa53ef058425d39dda0dc330b0afa6aef24ed3cac2b9cb8461ee73d98e1667 490B / 490B 1.8s done
#9 sha256:b7fa1c822b375082f66aed3706a736de5ac75f201b684d75f728d3f8218d94be 2.45kB / 2.45kB 2.0s done
#9 sha256:52bc90a67a58631429510dce4678820c6c9f4f7401f893e131eab5e61d6e4ba1 22.43kB / 22.43kB 2.0s done
#9 sha256:6361c0c16a9abd0a1ac1a96c836fd6273a651e1a15d291e2811f1e36904c0f96 22.83MB / 22.83MB 2.4s done
#9 sha256:b643345218f3d9927c0c0a2c77e668efb8875590c035958d065feb6c5ae2b1b1 31.96MB / 31.96MB 2.5s done
#9 sha256:8806a571cc741e14b8f9231f56c52579b3d524dfddf2ba831dfc13dbdafcb292 253B / 253B 2.2s done
#9 sha256:6f7b1962d76481345b26e2686cfd94cb8f3d3d9d4b9bd5473b4c8e9a7929cd76 1.08MB / 1.08MB 2.5s done
#9 sha256:92421a00585b560d1bf778295d236587186c4650824389f597ff4f21925040f8 419B / 419B 2.6s done
#9 sha256:1755349a9517f4193071aca80c53be43652721fbd4ca9b15bb18c4fb1fed3a96 93B / 93B 2.6s done
#9 extracting sha256:406faa0b22ce98d8b28e44c625e146357adf030ab36c13a5bcdc3d4d05696978 done
#9 extracting sha256:108ad594590ceb72747aa8d762dc9fb9d1f6377ac3e991684c4ee9c46d38e2fa done
#9 extracting sha256:88c97ededfa581ed39cd2fad6551d825b2f6527397e92c2eafa80648778438b6 0.1s done
#9 extracting sha256:0bfa53ef058425d39dda0dc330b0afa6aef24ed3cac2b9cb8461ee73d98e1667 done
#9 extracting sha256:6361c0c16a9abd0a1ac1a96c836fd6273a651e1a15d291e2811f1e36904c0f96 0.6s done
#9 extracting sha256:b7fa1c822b375082f66aed3706a736de5ac75f201b684d75f728d3f8218d94be done
#9 extracting sha256:52bc90a67a58631429510dce4678820c6c9f4f7401f893e131eab5e61d6e4ba1
#9 ...

#8 [php-base 1/4] FROM docker.io/library/php@sha256:aba7168955e4b1e1f5e61e2e5a0257eff5b1563d3fc4ca272373183b57f53005
#8 extracting sha256:d17435b90723edae2dde2757045a29da3c2f4b0ba24a47f7d1a03fd473648732 done
#8 extracting sha256:4f4fb700ef54461cfa02571ae0db9a0dc1e0cdb5577484a6d75e68dc38e8acc1 done
#8 extracting sha256:760ec49cf7f828a1bca9e0cb21b2ef44a9e854b5aee73dc93b769f09cb9f83c6 done
#8 DONE 8.4s

#9 [composer-tool 1/1] FROM docker.io/library/composer@sha256:bdd249749908be12facc9dec72e19704371bb893f96dff3e024ec89528a5a08d
#9 extracting sha256:52bc90a67a58631429510dce4678820c6c9f4f7401f893e131eab5e61d6e4ba1 done
#9 extracting sha256:b643345218f3d9927c0c0a2c77e668efb8875590c035958d065feb6c5ae2b1b1 0.1s
#9 ...

#10 [php-base 2/4] COPY build/download-apks.php build/apk.lock.json /tmp/service-build/
#10 DONE 0.1s

#9 [composer-tool 1/1] FROM docker.io/library/composer@sha256:bdd249749908be12facc9dec72e19704371bb893f96dff3e024ec89528a5a08d
#9 extracting sha256:b643345218f3d9927c0c0a2c77e668efb8875590c035958d065feb6c5ae2b1b1 0.9s done
#9 extracting sha256:8806a571cc741e14b8f9231f56c52579b3d524dfddf2ba831dfc13dbdafcb292
#9 extracting sha256:8806a571cc741e14b8f9231f56c52579b3d524dfddf2ba831dfc13dbdafcb292 done
#9 extracting sha256:6f7b1962d76481345b26e2686cfd94cb8f3d3d9d4b9bd5473b4c8e9a7929cd76 0.0s done
#9 extracting sha256:92421a00585b560d1bf778295d236587186c4650824389f597ff4f21925040f8
#9 extracting sha256:92421a00585b560d1bf778295d236587186c4650824389f597ff4f21925040f8 done
#9 extracting sha256:1755349a9517f4193071aca80c53be43652721fbd4ca9b15bb18c4fb1fed3a96 done
#9 DONE 9.8s

#11 [php-base 3/4] RUN : > /etc/apk/repositories     && php /tmp/service-build/download-apks.php build     && apk add --no-network --repositories-file /dev/null --virtual .phpize-deps /tmp/service-apks/*.apk     && docker-php-ext-install -j2 pdo_pgsql     && apk add --no-network --repositories-file /dev/null libpq=18.6-r0 openssl=3.5.9-r0     && apk del --no-network .phpize-deps     && rm -rf /tmp/service-apks /tmp/service-build     && cp "/usr/local/etc/php/php.ini-production" "/usr/local/etc/php/php.ini"
#11 6.439 ( 1/57) Installing m4 (1.4.20-r1)
#11 6.441 ( 2/57) Installing libbz2 (1.0.8-r6)
#11 6.442 ( 3/57) Installing perl (5.42.2-r1)
#11 6.664 ( 4/57) Installing autoconf (2.73-r0)
#11 6.675 ( 5/57) Installing jansson (2.15.0-r0)
#11 6.676 ( 6/57) Installing libstdc++ (15.2.0-r5)
#11 6.686 ( 7/57) Installing binutils (2.45.1-r1)
#11 6.734 ( 8/57) Installing clang22-headers (22.1.3-r2)
#11 6.776 ( 9/57) Installing libffi (3.5.2-r1)
#11 6.777 (10/57) Installing llvm22-libs (22.1.3-r0)
#11 7.465 (11/57) Installing clang22-libs (22.1.3-r2)
#11 7.842 (12/57) Installing fortify-headers (3.0.1-r2)
#11 7.843 (13/57) Installing libgcc-static (15.2.0-r5)
#11 7.852 (14/57) Installing libstdc++-dev (15.2.0-r5)
#11 7.964 (15/57) Installing llvm22-linker-tools (22.1.3-r0)
#11 7.965 (16/57) Installing musl-dev (1.2.6-r2)
#11 8.006 (17/57) Installing clang22 (22.1.3-r2)
#11 8.016 (18/57) Installing libmd (1.2.0-r0)
#11 8.017 (19/57) Installing dpkg (1.23.7-r0)
#11 8.033 (20/57) Installing pkgconf (2.5.1-r0)
#11 8.035 (21/57) Installing dpkg-dev (1.23.7-r0)
#11 8.053 (22/57) Installing libmagic (5.47-r2)
#11 8.072 (23/57) Installing file (5.47-r2)
#11 8.072 (24/57) Installing libgomp (15.2.0-r5)
#11 8.074 (25/57) Installing libatomic (15.2.0-r5)
#11 8.075 (26/57) Installing gmp (6.3.0-r4)
#11 8.077 (27/57) Installing isl26 (0.26-r2)
#11 8.087 (28/57) Installing mpfr4 (4.2.2-r0)
#11 8.090 (29/57) Installing mpc1 (1.3.1-r1)
#11 8.091 (30/57) Installing gcc (15.2.0-r5)
#11 8.753 (31/57) Installing g++ (15.2.0-r5)
#11 8.933 (32/57) Installing icu-data-en (78.1-r0)
#11 8.944   Executing icu-data-en-78.1-r0.post-install
#11 8.945   * If you need ICU with non-English locales and legacy charset support, install
#11 8.945   * package icu-data-full.
#11 8.945 (33/57) Installing icu-libs (78.1-r0)
#11 8.966 (34/57) Installing icu (78.1-r0)
#11 8.971 (35/57) Installing icu-dev (78.1-r0)
#11 9.001 (36/57) Upgrading libcrypto3 (3.5.8-r0 -> 3.5.9-r0)
#11 9.045 (37/57) Upgrading nghttp2-libs (1.69.0-r0 -> 1.70.0-r0)
#11 9.046 (38/57) Upgrading libssl3 (3.5.8-r0 -> 3.5.9-r0)
#11 9.051 (39/57) Installing libpq (18.6-r0)
#11 9.053 (40/57) Installing libecpg (18.6-r0)
#11 9.054 (41/57) Installing openssl-dev (3.5.9-r0)
#11 9.069 (42/57) Installing libpq-dev (18.6-r0)
#11 9.078 (43/57) Installing libecpg-dev (18.6-r0)
#11 9.083 (44/57) Installing liburing (2.14-r0)
#11 9.084 (45/57) Installing liburing-ffi (2.14-r0)
#11 9.084 (46/57) Installing liburing-dev (2.14-r0)
#11 9.086 (47/57) Installing linux-headers (7.0.0-r1)
#11 9.180 (48/57) Installing llvm22 (22.1.3-r0)
#11 9.659 (49/57) Installing lz4-libs (1.10.0-r1)
#11 9.660 (50/57) Installing lz4-dev (1.10.0-r1)
#11 9.662 (51/57) Installing make (4.4.1-r4)
#11 9.663 (52/57) Upgrading openssl (3.5.8-r0 -> 3.5.9-r0)
#11 9.667 (53/57) Installing zstd (1.5.7-r2)
#11 9.669 (54/57) Installing zstd-dev (1.5.7-r2)
#11 9.671 (55/57) Installing postgresql18-dev (18.6-r0)
#11 9.760 (56/57) Installing re2c (4.5.1-r0)
#11 9.793 (57/57) Installing .phpize-deps (20261005.073733)
#11 9.794 Executing busybox-1.37.0-r31.trigger
#11 9.799 Executing ca-certificates-20260909-r0.trigger
#11 9.849 OK: 778.5 MiB in 94 packages
#11 11.26 Configuring for:
#11 11.26 PHP Version:             8.5
#11 11.26 PHP Api Version:         20250925
#11 11.26 Zend Module Api No:      20250925
#11 11.26 Zend Extension Api No:   420250925
#11 11.95 checking for grep that handles long lines and -e... /bin/grep
#11 12.16 checking for egrep... /bin/grep -E
#11 12.16 checking for a sed that does not truncate output... /bin/sed
#11 12.18 checking build system type... x86_64-pc-linux-musl
#11 12.18 checking host system type... x86_64-pc-linux-musl
#11 12.18 checking target system type... x86_64-pc-linux-musl
#11 12.19 shtool:echo:Warning: unable to determine terminal sequence for bold mode
#11 12.21 shtool:echo:Warning: unable to determine terminal sequence for bold mode
#11 12.22 checking for gawk... no
#11 12.22 checking for nawk... no
#11 12.22 checking for awk... awk
#11 12.22 checking if awk is broken... no
#11 12.22 checking for pkg-config... /usr/bin/pkg-config
#11 12.22 checking pkg-config is at least version 0.9.0... yes
#11 12.22 checking for cc... cc
#11 12.24 checking whether the C compiler works... yes
#11 12.27 checking for C compiler default output file name... a.out
#11 12.27 checking for suffix of executables... 
#11 12.29 checking whether we are cross compiling... no
#11 12.33 checking for suffix of object files... o
#11 12.35 checking whether the compiler supports GNU C... yes
#11 12.37 checking whether cc accepts -g... yes
#11 12.39 checking for cc option to enable C23 features... unsupported
#11 12.65 checking for cc option to enable C11 features... none needed
#11 12.78 checking how to run the C preprocessor... cc -E
#11 13.00 checking for egrep -e... (cached) /bin/grep -E
#11 13.00 checking for icc... no
#11 13.01 checking for suncc... no
#11 13.02 checking for system library directory... lib
#11 13.02 checking if compiler supports -Wl,-rpath,... yes
#11 13.22 checking for PHP prefix... /usr/local
#11 13.22 checking for PHP includes... -I/usr/local/include/php -I/usr/local/include/php/main -I/usr/local/include/php/TSRM -I/usr/local/include/php/Zend -I/usr/local/include/php/ext -I/usr/local/include/php/ext/date/lib
#11 13.22 checking for PHP extension directory... /usr/local/lib/php/extensions/no-debug-non-zts-20250925
#11 13.22 checking for PHP installed headers prefix... /usr/local/include/php
#11 13.22 checking if debugging is enabled... no
#11 13.23 checking if PHP is built with thread safety (ZTS)... no
#11 13.24 
#11 13.24 Configuring extension
#11 13.24 checking for PostgreSQL support for PDO... yes, shared
#11 13.25 checking for libpq >= 10.0... yes
#11 13.26 checking for PQencryptPasswordConn in -lpq... yes
#11 13.34 checking for PQresultMemorySize in -lpq... yes
#11 13.43 checking for PQclosePrepared in -lpq... yes
#11 13.50 checking for PQclosePortal in -lpq... yes
#11 13.55 checking for PDO includes... /usr/local/include/php/ext
#11 13.55 
#11 13.55 Configuring libtool
#11 13.55 checking for a sed that does not truncate output... /bin/sed
#11 13.55 checking for ld used by cc... /usr/x86_64-alpine-linux-musl/bin/ld
#11 13.56 checking if the linker (/usr/x86_64-alpine-linux-musl/bin/ld) is GNU ld... yes
#11 13.56 checking for /usr/x86_64-alpine-linux-musl/bin/ld option to reload object files... -r
#11 13.56 checking for BSD-compatible nm... /usr/bin/nm -B
#11 13.57 checking whether ln -s works... yes
#11 13.57 checking how to recognize dependent libraries... pass_all
#11 13.58 checking for stdio.h... yes
#11 13.59 checking for stdlib.h... yes
#11 13.61 checking for string.h... yes
#11 13.63 checking for inttypes.h... yes
#11 13.65 checking for stdint.h... yes
#11 13.67 checking for strings.h... yes
#11 13.69 checking for sys/stat.h... yes
#11 13.71 checking for sys/types.h... yes
#11 13.74 checking for unistd.h... yes
#11 13.77 checking for dlfcn.h... yes
#11 13.79 checking the maximum length of command line arguments... 98304
#11 13.80 checking command to parse /usr/bin/nm -B output from cc object... ok
#11 13.85 checking for objdir... .libs
#11 13.85 checking for ar... ar
#11 13.85 checking for ranlib... ranlib
#11 13.85 checking for strip... strip
#11 13.89 checking if cc supports -fno-rtti -fno-exceptions... no
#11 13.91 checking for cc option to produce PIC... -fPIC
#11 13.91 checking if cc PIC flag -fPIC works... yes
#11 13.92 checking if cc static flag -static works... yes
#11 13.95 checking if cc supports -c -o file.o... yes
#11 13.97 checking whether the cc linker (/usr/x86_64-alpine-linux-musl/bin/ld -m elf_x86_64) supports shared libraries... yes
#11 13.98 checking whether -lc should be explicitly linked in... no
#11 14.00 checking dynamic linker characteristics... GNU/Linux ld.so
#11 14.01 checking how to hardcode library paths into programs... immediate
#11 14.01 checking whether stripping libraries is possible... yes
#11 14.01 checking if libtool supports shared libraries... yes
#11 14.01 checking whether to build shared libraries... yes
#11 14.01 checking whether to build static libraries... no
#11 14.06 
#11 14.06 creating libtool
#11 14.10 appending configuration tag "CXX" to libtool
#11 14.11 
#11 14.11 Generating files
#11 14.12 configure: creating build directories
#11 14.13 configure: creating Makefile
#11 14.13 configure: patching config.h.in
#11 14.13 configure: creating ./config.status
#11 14.16 config.status: creating config.h
#11 14.18 /bin/sh /usr/src/php/ext/pdo_pgsql/libtool --tag=CC --mode=compile cc -I. -I/usr/src/php/ext/pdo_pgsql -I/usr/local/include/php -I/usr/local/include/php/main -I/usr/local/include/php/TSRM -I/usr/local/include/php/Zend -I/usr/local/include/php/ext -I/usr/local/include/php/ext/date/lib -I/usr/include/postgresql  -fstack-protector-strong -fpic -fpie -O2 -D_LARGEFILE_SOURCE -D_FILE_OFFSET_BITS=64 -DHAVE_CONFIG_H  -fstack-protector-strong -fpic -fpie -O2 -D_LARGEFILE_SOURCE -D_FILE_OFFSET_BITS=64 -D_GNU_SOURCE    -DZEND_COMPILE_DL_EXT=1 -c /usr/src/php/ext/pdo_pgsql/pdo_pgsql.c -o pdo_pgsql.lo  -MMD -MF pdo_pgsql.dep -MT pdo_pgsql.lo
#11 14.18 /bin/sh /usr/src/php/ext/pdo_pgsql/libtool --tag=CC --mode=compile cc -I. -I/usr/src/php/ext/pdo_pgsql -I/usr/local/include/php -I/usr/local/include/php/main -I/usr/local/include/php/TSRM -I/usr/local/include/php/Zend -I/usr/local/include/php/ext -I/usr/local/include/php/ext/date/lib -I/usr/include/postgresql  -fstack-protector-strong -fpic -fpie -O2 -D_LARGEFILE_SOURCE -D_FILE_OFFSET_BITS=64 -DHAVE_CONFIG_H  -fstack-protector-strong -fpic -fpie -O2 -D_LARGEFILE_SOURCE -D_FILE_OFFSET_BITS=64 -D_GNU_SOURCE    -DZEND_COMPILE_DL_EXT=1 -c /usr/src/php/ext/pdo_pgsql/pgsql_driver.c -o pgsql_driver.lo  -MMD -MF pgsql_driver.dep -MT pgsql_driver.lo
#11 14.22 mkdir .libs
#11 14.22 mkdir .libs
#11 14.22 mkdir: can't create directory '.libs': File exists
#11 14.23  cc -I. -I/usr/src/php/ext/pdo_pgsql -I/usr/local/include/php -I/usr/local/include/php/main -I/usr/local/include/php/TSRM -I/usr/local/include/php/Zend -I/usr/local/include/php/ext -I/usr/local/include/php/ext/date/lib -I/usr/include/postgresql -fstack-protector-strong -fpic -fpie -O2 -D_LARGEFILE_SOURCE -D_FILE_OFFSET_BITS=64 -DHAVE_CONFIG_H -fstack-protector-strong -fpic -fpie -O2 -D_LARGEFILE_SOURCE -D_FILE_OFFSET_BITS=64 -D_GNU_SOURCE -DZEND_COMPILE_DL_EXT=1 -c /usr/src/php/ext/pdo_pgsql/pdo_pgsql.c -MMD -MF pdo_pgsql.dep -MT pdo_pgsql.lo  -fPIC -DPIC -o .libs/pdo_pgsql.o
#11 14.23  cc -I. -I/usr/src/php/ext/pdo_pgsql -I/usr/local/include/php -I/usr/local/include/php/main -I/usr/local/include/php/TSRM -I/usr/local/include/php/Zend -I/usr/local/include/php/ext -I/usr/local/include/php/ext/date/lib -I/usr/include/postgresql -fstack-protector-strong -fpic -fpie -O2 -D_LARGEFILE_SOURCE -D_FILE_OFFSET_BITS=64 -DHAVE_CONFIG_H -fstack-protector-strong -fpic -fpie -O2 -D_LARGEFILE_SOURCE -D_FILE_OFFSET_BITS=64 -D_GNU_SOURCE -DZEND_COMPILE_DL_EXT=1 -c /usr/src/php/ext/pdo_pgsql/pgsql_driver.c -MMD -MF pgsql_driver.dep -MT pgsql_driver.lo  -fPIC -DPIC -o .libs/pgsql_driver.o
#11 14.51 /bin/sh /usr/src/php/ext/pdo_pgsql/libtool --tag=CC --mode=compile cc -I. -I/usr/src/php/ext/pdo_pgsql -I/usr/local/include/php -I/usr/local/include/php/main -I/usr/local/include/php/TSRM -I/usr/local/include/php/Zend -I/usr/local/include/php/ext -I/usr/local/include/php/ext/date/lib -I/usr/include/postgresql  -fstack-protector-strong -fpic -fpie -O2 -D_LARGEFILE_SOURCE -D_FILE_OFFSET_BITS=64 -DHAVE_CONFIG_H  -fstack-protector-strong -fpic -fpie -O2 -D_LARGEFILE_SOURCE -D_FILE_OFFSET_BITS=64 -D_GNU_SOURCE    -DZEND_COMPILE_DL_EXT=1 -c /usr/src/php/ext/pdo_pgsql/pgsql_statement.c -o pgsql_statement.lo  -MMD -MF pgsql_statement.dep -MT pgsql_statement.lo
#11 14.55  cc -I. -I/usr/src/php/ext/pdo_pgsql -I/usr/local/include/php -I/usr/local/include/php/main -I/usr/local/include/php/TSRM -I/usr/local/include/php/Zend -I/usr/local/include/php/ext -I/usr/local/include/php/ext/date/lib -I/usr/include/postgresql -fstack-protector-strong -fpic -fpie -O2 -D_LARGEFILE_SOURCE -D_FILE_OFFSET_BITS=64 -DHAVE_CONFIG_H -fstack-protector-strong -fpic -fpie -O2 -D_LARGEFILE_SOURCE -D_FILE_OFFSET_BITS=64 -D_GNU_SOURCE -DZEND_COMPILE_DL_EXT=1 -c /usr/src/php/ext/pdo_pgsql/pgsql_statement.c -MMD -MF pgsql_statement.dep -MT pgsql_statement.lo  -fPIC -DPIC -o .libs/pgsql_statement.o
#11 14.99 /bin/sh /usr/src/php/ext/pdo_pgsql/libtool --tag=CC --mode=compile cc -I. -I/usr/src/php/ext/pdo_pgsql -I/usr/local/include/php -I/usr/local/include/php/main -I/usr/local/include/php/TSRM -I/usr/local/include/php/Zend -I/usr/local/include/php/ext -I/usr/local/include/php/ext/date/lib -I/usr/include/postgresql  -fstack-protector-strong -fpic -fpie -O2 -D_LARGEFILE_SOURCE -D_FILE_OFFSET_BITS=64 -DHAVE_CONFIG_H  -fstack-protector-strong -fpic -fpie -O2 -D_LARGEFILE_SOURCE -D_FILE_OFFSET_BITS=64 -D_GNU_SOURCE    -DZEND_COMPILE_DL_EXT=1 -c /usr/src/php/ext/pdo_pgsql/pgsql_sql_parser.c -o pgsql_sql_parser.lo  -MMD -MF pgsql_sql_parser.dep -MT pgsql_sql_parser.lo
#11 15.03  cc -I. -I/usr/src/php/ext/pdo_pgsql -I/usr/local/include/php -I/usr/local/include/php/main -I/usr/local/include/php/TSRM -I/usr/local/include/php/Zend -I/usr/local/include/php/ext -I/usr/local/include/php/ext/date/lib -I/usr/include/postgresql -fstack-protector-strong -fpic -fpie -O2 -D_LARGEFILE_SOURCE -D_FILE_OFFSET_BITS=64 -DHAVE_CONFIG_H -fstack-protector-strong -fpic -fpie -O2 -D_LARGEFILE_SOURCE -D_FILE_OFFSET_BITS=64 -D_GNU_SOURCE -DZEND_COMPILE_DL_EXT=1 -c /usr/src/php/ext/pdo_pgsql/pgsql_sql_parser.c -MMD -MF pgsql_sql_parser.dep -MT pgsql_sql_parser.lo  -fPIC -DPIC -o .libs/pgsql_sql_parser.o
#11 15.20 /bin/sh /usr/src/php/ext/pdo_pgsql/libtool --tag=CC --mode=link cc -shared -I/usr/local/include/php -I/usr/local/include/php/main -I/usr/local/include/php/TSRM -I/usr/local/include/php/Zend -I/usr/local/include/php/ext -I/usr/local/include/php/ext/date/lib -I/usr/include/postgresql  -fstack-protector-strong -fpic -fpie -O2 -D_LARGEFILE_SOURCE -D_FILE_OFFSET_BITS=64 -DHAVE_CONFIG_H  -fstack-protector-strong -fpic -fpie -O2 -D_LARGEFILE_SOURCE -D_FILE_OFFSET_BITS=64 -D_GNU_SOURCE  -Wl,-O1 -pie  -o pdo_pgsql.la -export-dynamic -avoid-version -prefer-pic -module -rpath /usr/src/php/ext/pdo_pgsql/modules  pdo_pgsql.lo pgsql_driver.lo pgsql_statement.lo pgsql_sql_parser.lo -lpq
#11 15.24 cc -shared  .libs/pdo_pgsql.o .libs/pgsql_driver.o .libs/pgsql_statement.o .libs/pgsql_sql_parser.o  -lpq  -Wl,-O1 -Wl,-soname -Wl,pdo_pgsql.so -o .libs/pdo_pgsql.so
#11 15.26 creating pdo_pgsql.la
#11 15.26 (cd .libs && rm -f pdo_pgsql.la && ln -s ../pdo_pgsql.la pdo_pgsql.la)
#11 15.26 /bin/sh /usr/src/php/ext/pdo_pgsql/libtool --tag=CC --mode=install cp ./pdo_pgsql.la /usr/src/php/ext/pdo_pgsql/modules
#11 15.27 cp ./.libs/pdo_pgsql.so /usr/src/php/ext/pdo_pgsql/modules/pdo_pgsql.so
#11 15.27 cp ./.libs/pdo_pgsql.lai /usr/src/php/ext/pdo_pgsql/modules/pdo_pgsql.la
#11 15.28 PATH="$PATH:/sbin" ldconfig -n /usr/src/php/ext/pdo_pgsql/modules
#11 15.30 ----------------------------------------------------------------------
#11 15.30 Libraries have been installed in:
#11 15.30    /usr/src/php/ext/pdo_pgsql/modules
#11 15.30 
#11 15.30 If you ever happen to want to link against installed libraries
#11 15.30 in a given directory, LIBDIR, you must either use libtool, and
#11 15.30 specify the full pathname of the library, or use the `-LLIBDIR'
#11 15.30 flag during linking and do at least one of the following:
#11 15.30    - add LIBDIR to the `LD_LIBRARY_PATH' environment variable
#11 15.30      during execution
#11 15.30    - add LIBDIR to the `LD_RUN_PATH' environment variable
#11 15.30      during linking
#11 15.30    - use the `-Wl,--rpath -Wl,LIBDIR' linker flag
#11 15.30 
#11 15.30 See any operating system documentation about shared libraries for
#11 15.30 more information, such as the ld(1) and ld.so(8) manual pages.
#11 15.30 ----------------------------------------------------------------------
#11 15.30 
#11 15.30 Build complete.
#11 15.30 Don't forget to run 'make test'.
#11 15.30 
#11 15.31 + strip --strip-all modules/pdo_pgsql.so
#11 15.33 Installing shared extensions:     /usr/local/lib/php/extensions/no-debug-non-zts-20250925/
#11 15.40 find . -name \*.gcno -o -name \*.gcda | xargs rm -f
#11 15.40 find . -name \*.lo -o -name \*.o -o -name \*.dep | xargs rm -f
#11 15.40 find . -name \*.la -o -name \*.a | xargs rm -f
#11 15.40 find . -name \*.so | xargs rm -f
#11 15.40 find . -name .libs -a -type d|xargs rm -rf
#11 15.41 rm -f libphp.la        modules/* libs/*
#11 15.41 rm -f ext/opcache/jit/ir/gen_ir_fold_hash
#11 15.41 rm -f ext/opcache/jit/ir/minilua
#11 15.41 rm -f ext/opcache/jit/ir/ir_fold_hash.h
#11 15.41 rm -f ext/opcache/jit/ir/ir_emit_x86.h
#11 15.41 rm -f ext/opcache/jit/ir/ir_emit_aarch64.h
#11 16.09 OK: 778.5 MiB in 94 packages
#11 16.10 ( 1/52) Purging .phpize-deps (20261005.073733)
#11 16.10 ( 2/52) Purging autoconf (2.73-r0)
#11 16.11 ( 3/52) Purging dpkg (1.23.7-r0)
#11 16.11 ( 4/52) Purging dpkg-dev (1.23.7-r0)
#11 16.11 ( 5/52) Purging file (5.47-r2)
#11 16.11 ( 6/52) Purging g++ (15.2.0-r5)
#11 16.12 ( 7/52) Purging gcc (15.2.0-r5)
#11 16.14 ( 8/52) Purging binutils (2.45.1-r1)
#11 16.17 ( 9/52) Purging isl26 (0.26-r2)
#11 16.17 (10/52) Purging jansson (2.15.0-r0)
#11 16.17 (11/52) Purging libatomic (15.2.0-r5)
#11 16.17 (12/52) Purging libgomp (15.2.0-r5)
#11 16.17 (13/52) Purging libmagic (5.47-r2)
#11 16.17 (14/52) Purging libmd (1.2.0-r0)
#11 16.17 (15/52) Purging linux-headers (7.0.0-r1)
#11 16.19 (16/52) Purging m4 (1.4.20-r1)
#11 16.19 (17/52) Purging make (4.4.1-r4)
#11 16.19 (18/52) Purging mpc1 (1.3.1-r1)
#11 16.19 (19/52) Purging mpfr4 (4.2.2-r0)
#11 16.19 (20/52) Purging perl (5.42.2-r1)
#11 16.39 (21/52) Purging postgresql18-dev (18.6-r0)
#11 16.41 (22/52) Purging libecpg-dev (18.6-r0)
#11 16.41 (23/52) Purging libecpg (18.6-r0)
#11 16.41 (24/52) Purging liburing-dev (2.14-r0)
#11 16.41 (25/52) Purging liburing-ffi (2.14-r0)
#11 16.41 (26/52) Purging liburing (2.14-r0)
#11 16.41 (27/52) Purging clang22 (22.1.3-r2)
#11 16.42 (28/52) Purging fortify-headers (3.0.1-r2)
#11 16.42 (29/52) Purging libgcc-static (15.2.0-r5)
#11 16.42 (30/52) Purging libstdc++-dev (15.2.0-r5)
#11 16.43 (31/52) Purging musl-dev (1.2.6-r2)
#11 16.44 (32/52) Purging clang22-headers (22.1.3-r2)
#11 16.47 (33/52) Purging icu-dev (78.1-r0)
#11 16.48 (34/52) Purging llvm22 (22.1.3-r0)
#11 16.49 (35/52) Purging llvm22-linker-tools (22.1.3-r0)
#11 16.49 (36/52) Purging lz4-dev (1.10.0-r1)
#11 16.49 (37/52) Purging lz4-libs (1.10.0-r1)
#11 16.49 (38/52) Purging re2c (4.5.1-r0)
#11 16.49 (39/52) Purging zstd-dev (1.5.7-r2)
#11 16.49 (40/52) Purging zstd (1.5.7-r2)
#11 16.49 (41/52) Purging clang22-libs (22.1.3-r2)
#11 16.50 (42/52) Purging gmp (6.3.0-r4)
#11 16.50 (43/52) Purging icu (78.1-r0)
#11 16.50 (44/52) Purging icu-libs (78.1-r0)
#11 16.50 (45/52) Purging libbz2 (1.0.8-r6)
#11 16.50 (46/52) Purging libpq-dev (18.6-r0)
#11 16.50 (47/52) Purging llvm22-libs (22.1.3-r0)
#11 16.51 (48/52) Purging openssl-dev (3.5.9-r0)
#11 16.51 (49/52) Purging pkgconf (2.5.1-r0)
#11 16.51 (50/52) Purging icu-data-en (78.1-r0)
#11 16.51 (51/52) Purging libffi (3.5.2-r1)
#11 16.51 (52/52) Purging libstdc++ (15.2.0-r5)
#11 16.51 Executing busybox-1.37.0-r31.trigger
#11 16.52 OK: 20.7 MiB in 42 packages
#11 DONE 16.8s

#12 [php-base 4/4] WORKDIR /app
#12 DONE 0.0s

#13 [dependencies 1/5] COPY --from=composer-tool /usr/bin/composer /usr/local/bin/composer
#13 DONE 0.0s

#14 [dependencies 2/5] COPY build/download-apks.php build/apk.lock.json /tmp/service-build/
#14 DONE 0.0s

#15 [dependencies 3/5] RUN php /tmp/service-build/download-apks.php composer     && apk add --no-network --repositories-file /dev/null /tmp/service-apks/*.apk     && rm -rf /tmp/service-apks /tmp/service-build
#15 0.268 (1/1) Installing unzip (6.0-r16)
#15 0.270 Executing busybox-1.37.0-r31.trigger
#15 0.275 OK: 20.9 MiB in 43 packages
#15 DONE 0.3s

#16 [dependencies 4/5] COPY . ./
#16 DONE 0.0s

#17 [dependencies 5/5] RUN composer --version     && composer validate --strict --no-check-all     && composer install --no-dev --no-plugins --no-scripts --no-interaction         --prefer-dist --no-progress --classmap-authoritative     && composer check-platform-reqs --no-dev     && mkdir -p resources bootstrap/cache
#17 0.180 PHP version 8.5.11 (/usr/local/bin/php)
#17 0.180 Run the "diagnose" command to get more detailed diagnostics output.
#17 0.180 Composer version 2.10.3 2026-08-27 13:34:23
#17 0.284 ./composer.json is valid
#17 0.369 Installing dependencies from lock file
#17 0.372 Verifying lock file contents can be installed on current platform.
#17 0.444 Package operations: 73 installs, 0 updates, 0 removals
#17 0.446   - Downloading doctrine/lexer (3.0.3)
#17 0.446   - Downloading voku/portable-ascii (2.1.1)
#17 0.447   - Downloading symfony/polyfill-php80 (v1.43.0)
#17 0.447   - Downloading symfony/polyfill-mbstring (v1.43.0)
#17 0.447   - Downloading symfony/polyfill-ctype (v1.37.0)
#17 0.448   - Downloading phpoption/phpoption (1.10.0)
#17 0.448   - Downloading graham-campbell/result-type (v1.2.0)
#17 0.448   - Downloading vlucas/phpdotenv (v5.7.0)
#17 0.449   - Downloading symfony/css-selector (v8.1.6)
#17 0.449   - Downloading tijsverkoyen/css-to-inline-styles (v2.4.0)
#17 0.449   - Downloading symfony/var-dumper (v8.1.7)
#17 0.450   - Downloading symfony/polyfill-uuid (v1.43.0)
#17 0.450   - Downloading symfony/uid (v8.1.8)
#17 0.451   - Downloading symfony/deprecation-contracts (v3.7.1)
#17 0.451   - Downloading symfony/routing (v8.1.8)
#17 0.451   - Downloading symfony/process (v8.1.7)
#17 0.451   - Downloading symfony/polyfill-php86 (v1.43.0)
#17 0.451   - Downloading symfony/polyfill-php85 (v1.43.0)
#17 0.451   - Downloading symfony/polyfill-php84 (v1.43.0)
#17 0.451   - Downloading symfony/polyfill-intl-normalizer (v1.43.0)
#17 0.451   - Downloading symfony/polyfill-intl-idn (v1.43.0)
#17 0.451   - Downloading symfony/mime (v8.1.7)
#17 0.451   - Downloading psr/container (2.0.2)
#17 0.452   - Downloading symfony/service-contracts (v3.7.3)
#17 0.452   - Downloading psr/event-dispatcher (1.0.0)
#17 0.452   - Downloading symfony/event-dispatcher-contracts (v3.7.1)
#17 0.452   - Downloading symfony/event-dispatcher (v8.1.5)
#17 0.452   - Downloading psr/log (3.0.2)
#17 0.452   - Downloading egulias/email-validator (4.0.4)
#17 0.453   - Downloading symfony/mailer (v8.1.7)
#17 0.453   - Downloading symfony/http-foundation (v8.1.8)
#17 0.453   - Downloading symfony/error-handler (v8.1.8)
#17 0.453   - Downloading symfony/http-kernel (v8.1.8)
#17 0.453   - Downloading symfony/finder (v8.1.8)
#17 0.454   - Downloading symfony/polyfill-intl-grapheme (v1.43.0)
#17 0.454   - Downloading symfony/string (v8.1.7)
#17 0.454   - Downloading symfony/console (v8.1.8)
#17 0.454   - Downloading ramsey/collection (2.1.1)
#17 0.454   - Downloading brick/math (1.0.0)
#17 0.454   - Downloading ramsey/uuid (4.9.4)
#17 0.455   - Downloading psr/simple-cache (3.0.0)
#17 0.455   - Downloading psr/http-message (2.0)
#17 0.455   - Downloading nunomaduro/termwind (v2.4.0)
#17 0.455   - Downloading symfony/translation-contracts (v3.7.1)
#17 0.455   - Downloading symfony/translation (v8.1.5)
#17 0.456   - Downloading psr/clock (1.0.0)
#17 0.456   - Downloading symfony/clock (v8.1.0)
#17 0.456   - Downloading carbonphp/carbon-doctrine-types (3.2.1)
#17 0.456   - Downloading nesbot/carbon (3.14.2)
#17 0.456   - Downloading monolog/monolog (3.12.1)
#17 0.457   - Downloading psr/http-factory (1.1.0)
#17 0.458   - Downloading league/uri-interfaces (7.8.1)
#17 0.458   - Downloading league/uri (7.8.1)
#17 0.458   - Downloading league/mime-type-detection (1.17.0)
#17 0.458   - Downloading league/flysystem-local (3.35.3)
#17 0.459   - Downloading league/flysystem (3.36.0)
#17 0.459   - Downloading nette/utils (v4.1.5)
#17 0.459   - Downloading nette/schema (v1.3.6)
#17 0.459   - Downloading dflydev/dot-access-data (v3.0.3)
#17 0.459   - Downloading league/config (v1.2.0)
#17 0.459   - Downloading league/commonmark (2.10.3)
#17 0.460   - Downloading laravel/serializable-closure (v2.1.0)
#17 0.460   - Downloading laravel/prompts (v0.3.24)
#17 0.460   - Downloading guzzlehttp/uri-template (v2.0.1)
#17 0.460   - Downloading symfony/polyfill-php82 (v1.43.0)
#17 0.460   - Downloading guzzlehttp/psr7 (3.1.0)
#17 0.461   - Downloading guzzlehttp/promises (3.0.2)
#17 0.461   - Downloading psr/http-client (1.0.3)
#17 0.461   - Downloading guzzlehttp/guzzle (8.2.0)
#17 0.461   - Downloading fruitcake/php-cors (v1.4.0)
#17 0.461   - Downloading dragonmantank/cron-expression (v3.6.0)
#17 0.462   - Downloading doctrine/inflector (2.1.0)
#17 0.462   - Downloading laravel/framework (v13.34.0)
#17 1.858   - Installing doctrine/lexer (3.0.3): Extracting archive
#17 1.859   - Installing voku/portable-ascii (2.1.1): Extracting archive
#17 1.860   - Installing symfony/polyfill-php80 (v1.43.0): Extracting archive
#17 1.860   - Installing symfony/polyfill-mbstring (v1.43.0): Extracting archive
#17 1.862   - Installing symfony/polyfill-ctype (v1.37.0): Extracting archive
#17 1.863   - Installing phpoption/phpoption (1.10.0): Extracting archive
#17 1.866   - Installing graham-campbell/result-type (v1.2.0): Extracting archive
#17 1.866   - Installing vlucas/phpdotenv (v5.7.0): Extracting archive
#17 1.867   - Installing symfony/css-selector (v8.1.6): Extracting archive
#17 1.868   - Installing tijsverkoyen/css-to-inline-styles (v2.4.0): Extracting archive
#17 1.871   - Installing symfony/var-dumper (v8.1.7): Extracting archive
#17 1.871   - Installing symfony/polyfill-uuid (v1.43.0): Extracting archive
#17 1.871   - Installing symfony/uid (v8.1.8): Extracting archive
#17 1.871   - Installing symfony/deprecation-contracts (v3.7.1): Extracting archive
#17 1.871   - Installing symfony/routing (v8.1.8): Extracting archive
#17 1.872   - Installing symfony/process (v8.1.7): Extracting archive
#17 1.872   - Installing symfony/polyfill-php86 (v1.43.0): Extracting archive
#17 1.873   - Installing symfony/polyfill-php85 (v1.43.0): Extracting archive
#17 1.873   - Installing symfony/polyfill-php84 (v1.43.0): Extracting archive
#17 1.874   - Installing symfony/polyfill-intl-normalizer (v1.43.0): Extracting archive
#17 1.874   - Installing symfony/polyfill-intl-idn (v1.43.0): Extracting archive
#17 1.875   - Installing symfony/mime (v8.1.7): Extracting archive
#17 1.875   - Installing psr/container (2.0.2): Extracting archive
#17 1.875   - Installing symfony/service-contracts (v3.7.3): Extracting archive
#17 1.875   - Installing psr/event-dispatcher (1.0.0): Extracting archive
#17 1.876   - Installing symfony/event-dispatcher-contracts (v3.7.1): Extracting archive
#17 1.876   - Installing symfony/event-dispatcher (v8.1.5): Extracting archive
#17 1.876   - Installing psr/log (3.0.2): Extracting archive
#17 1.876   - Installing egulias/email-validator (4.0.4): Extracting archive
#17 1.877   - Installing symfony/mailer (v8.1.7): Extracting archive
#17 1.877   - Installing symfony/http-foundation (v8.1.8): Extracting archive
#17 1.877   - Installing symfony/error-handler (v8.1.8): Extracting archive
#17 1.877   - Installing symfony/http-kernel (v8.1.8): Extracting archive
#17 1.878   - Installing symfony/finder (v8.1.8): Extracting archive
#17 1.878   - Installing symfony/polyfill-intl-grapheme (v1.43.0): Extracting archive
#17 1.878   - Installing symfony/string (v8.1.7): Extracting archive
#17 1.878   - Installing symfony/console (v8.1.8): Extracting archive
#17 1.879   - Installing ramsey/collection (2.1.1): Extracting archive
#17 1.879   - Installing brick/math (1.0.0): Extracting archive
#17 1.879   - Installing ramsey/uuid (4.9.4): Extracting archive
#17 1.879   - Installing psr/simple-cache (3.0.0): Extracting archive
#17 1.879   - Installing psr/http-message (2.0): Extracting archive
#17 1.880   - Installing nunomaduro/termwind (v2.4.0): Extracting archive
#17 1.880   - Installing symfony/translation-contracts (v3.7.1): Extracting archive
#17 1.880   - Installing symfony/translation (v8.1.5): Extracting archive
#17 1.880   - Installing psr/clock (1.0.0): Extracting archive
#17 1.880   - Installing symfony/clock (v8.1.0): Extracting archive
#17 1.881   - Installing carbonphp/carbon-doctrine-types (3.2.1): Extracting archive
#17 1.881   - Installing nesbot/carbon (3.14.2): Extracting archive
#17 1.881   - Installing monolog/monolog (3.12.1): Extracting archive
#17 1.881   - Installing psr/http-factory (1.1.0): Extracting archive
#17 1.881   - Installing league/uri-interfaces (7.8.1): Extracting archive
#17 1.882   - Installing league/uri (7.8.1): Extracting archive
#17 1.882   - Installing league/mime-type-detection (1.17.0): Extracting archive
#17 1.882   - Installing league/flysystem-local (3.35.3): Extracting archive
#17 1.882   - Installing league/flysystem (3.36.0): Extracting archive
#17 1.883   - Installing nette/utils (v4.1.5): Extracting archive
#17 1.883   - Installing nette/schema (v1.3.6): Extracting archive
#17 1.883   - Installing dflydev/dot-access-data (v3.0.3): Extracting archive
#17 1.883   - Installing league/config (v1.2.0): Extracting archive
#17 1.883   - Installing league/commonmark (2.10.3): Extracting archive
#17 1.883   - Installing laravel/serializable-closure (v2.1.0): Extracting archive
#17 1.884   - Installing laravel/prompts (v0.3.24): Extracting archive
#17 1.884   - Installing guzzlehttp/uri-template (v2.0.1): Extracting archive
#17 1.884   - Installing symfony/polyfill-php82 (v1.43.0): Extracting archive
#17 1.884   - Installing guzzlehttp/psr7 (3.1.0): Extracting archive
#17 1.885   - Installing guzzlehttp/promises (3.0.2): Extracting archive
#17 1.885   - Installing psr/http-client (1.0.3): Extracting archive
#17 1.885   - Installing guzzlehttp/guzzle (8.2.0): Extracting archive
#17 1.885   - Installing fruitcake/php-cors (v1.4.0): Extracting archive
#17 1.885   - Installing dragonmantank/cron-expression (v3.6.0): Extracting archive
#17 1.886   - Installing doctrine/inflector (2.1.0): Extracting archive
#17 1.886   - Installing laravel/framework (v13.34.0): Extracting archive
#17 2.746 Generating optimized autoload files
#17 3.290 54 packages you are using are looking for funding.
#17 3.290 Use the `composer fund` command to find out more!
#17 3.398 Checking non-dev platform requirements for packages in the vendor dir
#17 3.404 composer-runtime-api 2.2.2      success                                       
#17 3.404 ext-ctype            *          success provided by symfony/polyfill-ctype    
#17 3.404 ext-dom              20031129   success                                       
#17 3.405 ext-fileinfo         8.5.11     success                                       
#17 3.405 ext-filter           8.5.11     success                                       
#17 3.405 ext-hash             8.5.11     success                                       
#17 3.405 ext-iconv            8.5.11     success                                       
#17 3.405 ext-json             8.5.11     success                                       
#17 3.405 ext-libxml           8.5.11     success                                       
#17 3.405 ext-mbstring         *          success provided by symfony/polyfill-mbstring 
#17 3.405 ext-openssl          8.5.11     success                                       
#17 3.405 ext-pcre             8.5.11     success                                       
#17 3.405 ext-pdo              8.5.11     success                                       
#17 3.405 ext-pdo_pgsql        8.5.11     success                                       
#17 3.405 ext-session          8.5.11     success                                       
#17 3.405 ext-tokenizer        8.5.11     success                                       
#17 3.405 php                  8.5.11     success                                       
#17 DONE 3.7s

#18 [php-runtime 1/9] COPY --from=dependencies /app/vendor/ ./vendor/
#18 DONE 0.7s

#19 [php-runtime 2/9] COPY --from=dependencies /app/app/ ./app/
#19 DONE 0.0s

#20 [php-runtime 3/9] COPY --from=dependencies /app/bootstrap/ ./bootstrap/
#20 DONE 0.0s

#21 [php-runtime 4/9] COPY --from=dependencies /app/config/ ./config/
#21 DONE 0.0s

#22 [php-runtime 5/9] COPY --from=dependencies /app/public/ ./public/
#22 DONE 0.0s

#23 [php-runtime 6/9] COPY --from=dependencies /app/routes/ ./routes/
#23 DONE 0.1s

#24 [php-runtime 7/9] COPY --from=dependencies /app/artisan /app/composer.json /app/composer.lock ./
#24 DONE 0.0s

#25 [php-runtime 8/9] COPY --from=dependencies /app/resources/ ./resources/
#25 DONE 0.0s

#26 [php-runtime 9/9] RUN mkdir -p bootstrap/cache storage/framework/cache storage/framework/sessions storage/framework/views storage/logs     && chown -R 10001:10001 bootstrap/cache storage     && printf '[global]\npid = /tmp/php-fpm.pid\n[www]\nlisten = 9000\nclear_env = no\n' > /usr/local/etc/php-fpm.d/zz-service.conf     && printf '%s\n' '#!/bin/sh' 'set -eu'         'mkdir -p /app/bootstrap/cache /app/storage/framework/cache /app/storage/framework/sessions /app/storage/framework/views /app/storage/logs'         'exec docker-php-entrypoint "$@"' > /usr/local/bin/service-entrypoint     && chmod 0755 /usr/local/bin/service-entrypoint
#26 DONE 0.1s

#27 exporting to image
#27 exporting layers
#27 exporting layers 1.2s done
#27 writing image sha256:947c24121c0176b38a5f75cb5e9e6bdb652a7f8b5930c713eedb42981fd763c0 done
#27 naming to docker.io/library/p01-governance:36a14811b5afa23717566d5e8a08632e011f44a5 done
#27 DONE 1.2s
