[
    {
        "Id": "sha256:947c24121c0176b38a5f75cb5e9e6bdb652a7f8b5930c713eedb42981fd763c0",
        "RepoTags": [
            "p01-governance:36a14811b5afa23717566d5e8a08632e011f44a5"
        ],
        "RepoDigests": [],
        "Parent": "",
        "Comment": "buildkit.dockerfile.v0",
        "Created": "2026-10-05T07:37:49.301590679Z",
        "DockerVersion": "",
        "Author": "",
        "Config": {
            "Hostname": "",
            "Domainname": "",
            "User": "10001:10001",
            "AttachStdin": false,
            "AttachStdout": false,
            "AttachStderr": false,
            "ExposedPorts": {
                "9000/tcp": {}
            },
            "Tty": false,
            "OpenStdin": false,
            "StdinOnce": false,
            "Env": [
                "PATH=/usr/local/sbin:/usr/local/bin:/usr/sbin:/usr/bin:/sbin:/bin",
                "PHPIZE_DEPS=autoconf \t\tdpkg-dev dpkg \t\tfile \t\tg++ \t\tgcc \t\tlibc-dev \t\tmake \t\tpkgconf \t\tre2c",
                "PHP_INI_DIR=/usr/local/etc/php",
                "PHP_CFLAGS=-fstack-protector-strong -fpic -fpie -O2 -D_LARGEFILE_SOURCE -D_FILE_OFFSET_BITS=64",
                "PHP_CPPFLAGS=-fstack-protector-strong -fpic -fpie -O2 -D_LARGEFILE_SOURCE -D_FILE_OFFSET_BITS=64",
                "PHP_LDFLAGS=-Wl,-O1 -pie",
                "GPG_KEYS=1198C0117593497A5EC5C199286AF1F9897469DC 49D9AF6BC72A80D6691719C8AA23F5BE9C7097D4 D95C03BC702BE9515344AE3374E44BC9067701A5",
                "PHP_VERSION=8.5.11",
                "PHP_URL=https://www.php.net/distributions/php-8.5.11.tar.xz",
                "PHP_ASC_URL=https://www.php.net/distributions/php-8.5.11.tar.xz.asc",
                "PHP_SHA256=d9be75c08e8c316f4c8f4194d8fbe1750a15f6a6d9d4e3fe72082abeeb800360",
                "APP_ENV=production",
                "APP_DEBUG=false"
            ],
            "Cmd": [
                "php-fpm",
                "-F"
            ],
            "ArgsEscaped": true,
            "Image": "",
            "Volumes": null,
            "WorkingDir": "/app",
            "Entrypoint": [
                "/usr/local/bin/service-entrypoint"
            ],
            "OnBuild": null,
            "Labels": {
                "io.product.component": "governance",
                "org.opencontainers.image.revision": "36a14811b5afa23717566d5e8a08632e011f44a5"
            },
            "StopSignal": "SIGQUIT"
        },
        "Architecture": "amd64",
        "Os": "linux",
        "Size": 140596280,
        "GraphDriver": {
            "Data": {
                "LowerDir": "/var/lib/docker/overlay2/9c41aftmitn79rmrocp9yck3w/diff:/var/lib/docker/overlay2/pb1l07js95eil6uh8suipp995/diff:/var/lib/docker/overlay2/w8hmkx9oyk9nauudg4s6gh961/diff:/var/lib/docker/overlay2/8zeihvz1g4g0gugy0062uup2d/diff:/var/lib/docker/overlay2/ywf1xn2v7ln4tceb6pcepcb92/diff:/var/lib/docker/overlay2/w21za72r6y8kgg8t2k27tpgt1/diff:/var/lib/docker/overlay2/yg05b4iadw1mm8l1oa9tzggtm/diff:/var/lib/docker/overlay2/7ppjvifadm00k57nh50lzf0t8/diff:/var/lib/docker/overlay2/v60yd162309sd25pda7hob0hf/diff:/var/lib/docker/overlay2/9c408jiygnp0duuilss0msp8a/diff:/var/lib/docker/overlay2/zf9xtd5un6mmguen70xwmjrda/diff:/var/lib/docker/overlay2/3592e8ae91a68e38428b6dbb4fd2f9e104937990a7d3bb125014035018a9a653/diff:/var/lib/docker/overlay2/921a410c2039b4948e0b89267b5a4e82bdf0a14d66e7cbcc89049b7afc97bc30/diff:/var/lib/docker/overlay2/4ee76c69840762907cac0b085298de53d3837cf3ddb813999308318eca4bd866/diff:/var/lib/docker/overlay2/ae954a8d701f622e72c8832a00090195f9917788237a59b573f82d9c3bc82b3c/diff:/var/lib/docker/overlay2/a917aea78434702b94ee8a80d6c894c5561727be281c9f47a99c0e4b56da562f/diff:/var/lib/docker/overlay2/93d75e04e5c27abb1342ca7d7dbf89aa1c7eab53d7d18bbcca7823f796b6e32d/diff:/var/lib/docker/overlay2/c8d37ea4eef277882a440ade4f1842aef5a404db29040bebdaaec41f446cc0b6/diff:/var/lib/docker/overlay2/f4a8139bf1a44d0fc7ad95130924effad13e20c20051a86474c8c0c4c4f4f10b/diff:/var/lib/docker/overlay2/ad5a646c59504f6f4d3511996ec5b2b4e867de4c00df18d9d4ccd845dcda319b/diff:/var/lib/docker/overlay2/9d79f81be9d7bba2f52a6c772558b5de96b264394364e448f54625f275989897/diff:/var/lib/docker/overlay2/2ae0b48eecfe9a6e2756191da34c38096ffcefcfe60a3735da2ca81df409a0ef/diff",
                "MergedDir": "/var/lib/docker/overlay2/8qikj1yzxbx4gxa362yujuw0f/merged",
                "UpperDir": "/var/lib/docker/overlay2/8qikj1yzxbx4gxa362yujuw0f/diff",
                "WorkDir": "/var/lib/docker/overlay2/8qikj1yzxbx4gxa362yujuw0f/work"
            },
            "Name": "overlay2"
        },
        "RootFS": {
            "Type": "layers",
            "Layers": [
                "sha256:74d97c428c51a828f9051a7a40a53ff1fc99e54fc30323ce36760701b0b7f711",
                "sha256:1c2f060f7a595b33c6bab0d3363f650e06358b6d7467509146e75f7b75eeed16",
                "sha256:34485dd96663f24521931d3a910e61d501250545710a62dbb661a7d2810bac6c",
                "sha256:9300080927dd9e59a5b76239edc461444835b9bc903d07d170203da898efeae8",
                "sha256:364fe0d010bd8ba6e31e0b9708413c686a0709a11103f77826a6d8c70f1114f7",
                "sha256:3b223733175e42016635eb0e3d289707be3900cf9f6c03904277a97ade845f94",
                "sha256:bb9d2a2a22ecd56cb3de0f277e7e2c8bf43cb5dbdf6e31b5fa14a43d90956aa2",
                "sha256:3e9ad28155f6fadf965089a1b96b3e8f6750492610c98f9127faa8df19c39184",
                "sha256:0638497e28fbf72d460f27f2e8374b1655c9950e7f74e5de5b5b39f17144241a",
                "sha256:5f70bf18a086007016e948b04aed3b82103a36bea41755b6cddfaf10ace3c6ef",
                "sha256:e7e9b55a081b67c49c31b1ce99003174a9f74cd625a41533a9bf17cb4b38e6b0",
                "sha256:04d950f6a174554338b34cc3a63fdb43c204c91a21dcb8ba558c9a28bd4e9d96",
                "sha256:9b5f19a8c599a1b97fa7906778d71f5f56016f55bbd0b59f8c6c44c2d82eb426",
                "sha256:41630fc05345313fc7cb8020d89992531d0113d11e1eacb364209eecff3dea18",
                "sha256:91fa50d55826e6d26a503c03ea93ebba04ab282136dce0537479113798bcde4c",
                "sha256:717901ba14ca0606b521337e11a0c43ddc92ddd01fde43233fc0b467afd3cf2d",
                "sha256:ca06906c4449115d381dad9366c40fe468ead15b7ad0d506680c9347882adf69",
                "sha256:d130d6221d4d2a36479232caa9e8745f7feb95e0e250c44fdfeba258d1f343f1",
                "sha256:6c59d62e3b8e700266ba1032318d64177c46aecc417142547638cfeb2097a742",
                "sha256:e234269b45e8523d44168c64151dfc735d90c95832bd7e6a546a17d8e0c0c030",
                "sha256:ff0f432672d662ce0d16c3d2189b27c6e691c8205ed22e3810edd323f03107ed",
                "sha256:bc2bb3673e643763fe7a76850bfedda6a50c17754f92f7244a5028a8063a3311",
                "sha256:56cb26d4b7de2fbd02bb278bc0f8a2829ee0f8ef2a0d8c2957851474aac85e2a"
            ]
        },
        "Metadata": {
            "LastTagTime": "2026-10-05T07:37:50.544552516Z"
        }
    }
]
