
  [30;42;1m PASS [39;49;22m[39m Tests\Feature\ActorDelegationTest[39m
  [32;1m✓[39;22m[90m [39m[90mit binds an opaque delegation to current actor service action and e[39m[90m…[39m [90m0.57s[39m  
  [32;1m✓[39;22m[90m [39m[90mit rejects the wrong service and changed action or resource scope[39m[90m   [39m [90m0.05s[39m  
  [32;1m✓[39;22m[90m [39m[90mit rejects service identity alone and never accepts console identit[39m[90m…[39m [90m0.05s[39m  
  [32;1m✓[39;22m[90m [39m[90mit expires within sixty seconds and cannot extend its source sessio[39m[90m…[39m [90m0.05s[39m  
  [32;1m✓[39;22m[90m [39m[90mit immediately denies logout disabled actors and credential rotatio[39m[90m…[39m [90m0.05s[39m  
  [32;1m✓[39;22m[90m [39m[90mit immediately denies logout disabled actors and credential rotatio[39m[90m…[39m [90m0.05s[39m  
  [32;1m✓[39;22m[90m [39m[90mit immediately denies logout disabled actors and credential rotatio[39m[90m…[39m [90m0.05s[39m  
  [32;1m✓[39;22m[90m [39m[90mit immediately denies logout disabled actors and credential rotatio[39m[90m…[39m [90m0.04s[39m  
  [32;1m✓[39;22m[90m [39m[90mit denies the old delegation with a newly rotated valid service cre[39m[90m…[39m [90m0.05s[39m  
  [32;1m✓[39;22m[90m [39m[90mit cannot revive a delegated request after membership revocation an[39m[90m…[39m [90m0.05s[39m  
  [32;1m✓[39;22m[90m [39m[90mit permits only its originating actor to revoke and records one imm[39m[90m…[39m [90m0.05s[39m  
  [32;1m✓[39;22m[90m [39m[90mit denies administrative native and support delegation and caller s[39m[90m…[39m [90m0.05s[39m  
  [32;1m✓[39;22m[90m [39m[90mit fails closed on missing or shared service credentials and rolls[39m[90m… [39m [90m0.05s[39m  

  [30;42;1m PASS [39;49;22m[39m Tests\Feature\ApprovalTest[39m
  [32;1m✓[39;22m[90m [39m[90mit binds an independent approval to an immutable plan and named exe[39m[90m…[39m [90m0.11s[39m  
  [32;1m✓[39;22m[90m [39m[90mit denies self-approval even if the requestor also has a reviewer g[39m[90m…[39m [90m0.06s[39m  
  [32;1m✓[39;22m[90m [39m[90mit denies a named executor from approving even if given approval au[39m[90m…[39m [90m0.07s[39m  
  [32;1m✓[39;22m[90m [39m[90mit rejects every changed approval binding rather than widening the[39m[90m… [39m [90m0.07s[39m  
  [32;1m✓[39;22m[90m [39m[90mit rejects every changed approval binding rather than widening the[39m[90m… [39m [90m0.06s[39m  
  [32;1m✓[39;22m[90m [39m[90mit rejects every changed approval binding rather than widening the[39m[90m… [39m [90m0.07s[39m  
  [32;1m✓[39;22m[90m [39m[90mit rejects every changed approval binding rather than widening the[39m[90m… [39m [90m0.06s[39m  
  [32;1m✓[39;22m[90m [39m[90mit rejects every changed approval binding rather than widening the[39m[90m… [39m [90m0.06s[39m  
  [32;1m✓[39;22m[90m [39m[90mit rejects every changed approval binding rather than widening the[39m[90m… [39m [90m0.06s[39m  
  [32;1m✓[39;22m[90m [39m[90mit rejects every changed approval binding rather than widening the[39m[90m… [39m [90m0.06s[39m  
  [32;1m✓[39;22m[90m [39m[90mit denies an unnamed executor and cross-tenant approval identifiers[39m[90m [39m [90m0.07s[39m  
  [32;1m✓[39;22m[90m [39m[90mit records rejection and revocation without destroying history or p[39m[90m…[39m [90m0.07s[39m  
  [32;1m✓[39;22m[90m [39m[90mit expires approval authoritatively and records the transition once[39m[90m [39m [90m0.07s[39m  
  [32;1m✓[39;22m[90m [39m[90mit requires fresh authority and cannot resurrect an approval after[39m[90m… [39m [90m0.07s[39m  
  [32;1m✓[39;22m[90m [39m[90mit fails closed on missing plan authority and detects changed autho[39m[90m…[39m [90m0.06s[39m  
  [32;1m✓[39;22m[90m [39m[90mit returns the original idempotent decision but rejects changed rea[39m[90m…[39m [90m0.07s[39m  
  [32;1m✓[39;22m[90m [39m[90mit does not fall back to a synthetic plan source in the deployed ad[39m[90m…[39m [90m0.06s[39m  
  [32;1m✓[39;22m[90m [39m[90mit records background expiry once without a live session or availab[39m[90m…[39m [90m0.11s[39m  
  [32;1m✓[39;22m[90m [39m[90mit preserves the v1 audit UUID contract without attributing system[39m[90m… [39m [90m0.07s[39m  
  [32;1m✓[39;22m[90m [39m[90mit expires bounded batches at the exact deadline and leaves termina[39m[90m…[39m [90m0.07s[39m  
  [32;1m✓[39;22m[90m [39m[90mit rolls expiry back if its durable outbox cannot be written[39m[90m        [39m [90m0.06s[39m  

  [30;42;1m PASS [39;49;22m[39m Tests\Feature\DependencyHealthTest[39m
  [32;1m✓[39;22m[90m [39m[90munknown or malformed health identities never reach a dependency wit[39m[90m…[39m [90m0.02s[39m  
  [32;1m✓[39;22m[90m [39m[90munknown or malformed health identities never reach a dependency wit[39m[90m…[39m [90m0.01s[39m  
  [32;1m✓[39;22m[90m [39m[90munknown or malformed health identities never reach a dependency wit[39m[90m…[39m [90m0.01s[39m  
  [32;1m✓[39;22m[90m [39m[90munknown or malformed health identities never reach a dependency wit[39m[90m…[39m [90m0.01s[39m  
  [32;1m✓[39;22m[90m [39m[90munknown or malformed health identities never reach a dependency wit[39m[90m…[39m [90m0.01s[39m  
  [32;1m✓[39;22m[90m [39m[90munknown or malformed health identities never reach a dependency wit[39m[90m…[39m [90m0.01s[39m  
  [32;1m✓[39;22m[90m [39m[90man absent or malformed mounted identity denies even the formerly va[39m[90m…[39m [90m0.01s[39m  
  [32;1m✓[39;22m[90m [39m[90man absent or malformed mounted identity denies even the formerly va[39m[90m…[39m [90m0.01s[39m  
  [32;1m✓[39;22m[90m [39m[90man absent or malformed mounted identity denies even the formerly va[39m[90m…[39m [90m0.01s[39m  
  [32;1m✓[39;22m[90m [39m[90man absent or malformed mounted identity denies even the formerly va[39m[90m…[39m [90m0.01s[39m  
  [32;1m✓[39;22m[90m [39m[90mauthenticated dependency failure is sanitized and never changes pro[39m[90m…[39m [90m0.01s[39m  
  [32;1m✓[39;22m[90m [39m[90msuccessful foundation checks grant only dependency readiness and no[39m[90m…[39m [90m0.01s[39m  
  [32;1m✓[39;22m[90m [39m[90mreplacing a credential file revokes the old token without restartin[39m[90m…[39m [90m0.01s[39m  
  [32;1m✓[39;22m[90m [39m[90mcredential paths cannot use a stream wrapper[39m[90m                        [39m [90m0.01s[39m  
  [32;1m✓[39;22m[90m [39m[90mmounted application key wins and an unavailable file never falls ba[39m[90m…[39m [90m0.01s[39m  
  [32;1m✓[39;22m[90m [39m[90ma TCP peer that never answers TLS negotiation fails within the conn[39m[90m…[39m [90m2.01s[39m  

  [30;42;1m PASS [39;49;22m[39m Tests\Feature\DirectoryTest[39m
  [32;1m✓[39;22m[90m [39m[90mit pages every authorized tenant beyond the old bound without dupli[39m[90m…[39m [90m0.08s[39m  
  [32;1m✓[39;22m[90m [39m[90mit pages memberships beyond 200 and preserves the published v1 proj[39m[90m…[39m [90m0.07s[39m  
  [32;1m✓[39;22m[90m [39m[90mit rejects cursor tampering expiry and reuse across views tenants o[39m[90m…[39m [90m0.07s[39m  
  [32;1m✓[39;22m[90m [39m[90mit rechecks revocation and role scope before returning a continued[39m[90m… [39m [90m0.06s[39m  
  [32;1m✓[39;22m[90m [39m[90mit denies unknown tenants missing workload identity and malformed p[39m[90m…[39m [90m0.04s[39m  

  [30;43;1m WARN [39;49;22m[39m Tests\Feature\GovernanceBrokerTest[39m
  [33;1m-[39;22m[90m [39m[90mit recovers a killed confirmed publisher with a stable wire and durable duplicate witness[39m[90m [39m[33m→ Real TLS broker campaign only.[39m
  [33;1m-[39;22m[90m [39m[90mit skips a locked claim then permits two independent relays to finish one remaining event[39m[90m [39m[33m→ Real TLS broker campaign only.[39m
  [33;1m-[39;22m[90m [39m[90mit requires a routed confirmation and verified TLS, then recovers after trust is restored[39m[90m [39m[33m→ Real TLS broker campaign only.[39m

  [30;42;1m PASS [39;49;22m[39m Tests\Feature\GovernanceOutboxTest[39m
  [32;1m✓[39;22m[90m [39m[90mit publishes a schema-validated minimal fact reference and preserve[39m[90m…[39m [90m0.03s[39m  
  [32;1m✓[39;22m[90m [39m[90mit retains an uncertain publication and replays exactly the same ev[39m[90m…[39m [90m0.03s[39m  
  [32;1m✓[39;22m[90m [39m[90mit replays a confirmed event after the database acknowledgement is[39m[90m… [39m [90m0.03s[39m  
  [32;1m✓[39;22m[90m [39m[90mit delivers committed history even when its originating actor no lo[39m[90m…[39m [90m0.03s[39m  
  [32;1m✓[39;22m[90m [39m[90mit quarantines malformed facts without blocking independent tenant[39m[90m… [39m [90m0.04s[39m  
  [32;1m✓[39;22m[90m [39m[90mit rejects unknown event types and mismatched scope without publish[39m[90m…[39m [90m0.03s[39m  
  [32;1m✓[39;22m[90m [39m[90mit rejects unknown event types and mismatched scope without publish[39m[90m…[39m [90m0.03s[39m  
  [32;1m✓[39;22m[90m [39m[90mit fails closed without broker custody and bounds operator commands[39m[90m [39m [90m0.03s[39m  

  [30;42;1m PASS [39;49;22m[39m Tests\Feature\HealthTest[39m
  [32;1m✓[39;22m[90m [39m[90mliveness reports only a running process with no configured authorit[39m[90m…[39m [90m0.01s[39m  
  [32;1m✓[39;22m[90m [39m[90mreadiness remains closed until the governance dependencies are impl[39m[90m…[39m [90m0.01s[39m  
  [32;1m✓[39;22m[90m [39m[90mhealth endpoints reject writes with ('/health/live')[39m[90m                [39m [90m0.01s[39m  
  [32;1m✓[39;22m[90m [39m[90mhealth endpoints reject writes with ('/health/ready')[39m[90m               [39m [90m0.01s[39m  
  [32;1m✓[39;22m[90m [39m[90mbusiness authority routes are absent and expose no exception diagno[39m[90m…[39m [90m0.01s[39m  
  [32;1m✓[39;22m[90m [39m[90mbusiness authority routes are absent and expose no exception diagno[39m[90m…[39m [90m0.01s[39m  
  [32;1m✓[39;22m[90m [39m[90ma caller cannot configure readiness or start a browser session thro[39m[90m…[39m [90m0.01s[39m  
  [32;1m✓[39;22m[90m [39m[90munknown routes return JSON even without an accept header[39m[90m            [39m [90m0.01s[39m  

  [30;43;1m WARN [39;49;22m[39m Tests\Feature\IdentityBrokerTest[39m
  [33;1m-[39;22m[90m [39m[90mit recovers a killed confirmed publisher with a stable wire and durable duplicate witness[39m[90m [39m[33m→ Real TLS broker campaign only.[39m
  [33;1m-[39;22m[90m [39m[90mit skips a locked claim then permits two independent relays to finish one remaining event[39m[90m [39m[33m→ Real TLS broker campaign only.[39m
  [33;1m-[39;22m[90m [39m[90mit requires a routed confirmation and verified TLS, then recovers after trust is restored[39m[90m [39m[33m→ Real TLS broker campaign only.[39m

  [39;41;1m FAIL [39;49;22m[39m Tests\Feature\IdentityOutboxTest[39m
  [32;1m✓[39;22m[90m [39m[90mit delivers an existing bootstrap fact without rewriting its audit[39m[90m… [39m [90m0.01s[39m  
  [32;1m✓[39;22m[90m [39m[90mit preserves identical identity wire bytes across uncertain confirm[39m[90m…[39m [90m0.01s[39m  
  [32;1m✓[39;22m[90m [39m[90mit replays identity history after database acknowledgement rollback[39m[90m [39m [90m0.01s[39m  
  [32;1m✓[39;22m[90m [39m[90mit caps retry delay and isolates a malformed event from the remaini[39m[90m…[39m [90m0.02s[39m  
  [32;1m✓[39;22m[90m [39m[90mit validates identity event types, audit attribution and immutable[39m[90m… [39m [90m0.01s[39m  
  [32;1m✓[39;22m[90m [39m[90mit validates identity event types, audit attribution and immutable[39m[90m… [39m [90m0.02s[39m  
  [32;1m✓[39;22m[90m [39m[90mit validates identity event types, audit attribution and immutable[39m[90m… [39m [90m0.01s[39m  
  [32;1m✓[39;22m[90m [39m[90mit validates identity event types, audit attribution and immutable[39m[90m… [39m [90m0.01s[39m  
  [32;1m✓[39;22m[90m [39m[90mit validates identity event types, audit attribution and immutable[39m[90m… [39m [90m0.01s[39m  
  [32;1m✓[39;22m[90m [39m[90mit validates identity event types, audit attribution and immutable[39m[90m… [39m [90m0.01s[39m  
  [32;1m✓[39;22m[90m [39m[90mit reports unavailable audit storage without poisoning a pending fa[39m[90m…[39m [90m0.02s[39m  
  [32;1m✓[39;22m[90m [39m[90mit continues delivery after federation retirement and session revoc[39m[90m…[39m [90m0.03s[39m  
  [31;1m⨯[39;22m[90m [39m[90mit denies invalid batch limits and keeps schemata byte-identical[39m[90m    [39m [90m0.01s[39m  
  [32;1m✓[39;22m[90m [39m[90mit encodes every supported identity event using internal attributio[39m[90m…[39m [90m0.01s[39m  
  [32;1m✓[39;22m[90m [39m[90mit encodes every supported identity event using internal attributio[39m[90m…[39m [90m0.01s[39m  
  [32;1m✓[39;22m[90m [39m[90mit encodes every supported identity event using internal attributio[39m[90m…[39m [90m0.01s[39m  
  [32;1m✓[39;22m[90m [39m[90mit encodes every supported identity event using internal attributio[39m[90m…[39m [90m0.01s[39m  
  [32;1m✓[39;22m[90m [39m[90mit encodes every supported identity event using internal attributio[39m[90m…[39m [90m0.01s[39m  
  [32;1m✓[39;22m[90m [39m[90mit encodes every supported identity event using internal attributio[39m[90m…[39m [90m0.01s[39m  
  [32;1m✓[39;22m[90m [39m[90mit encodes every supported identity event using internal attributio[39m[90m…[39m [90m0.01s[39m  
  [32;1m✓[39;22m[90m [39m[90mit encodes every supported identity event using internal attributio[39m[90m…[39m [90m0.01s[39m  
  [32;1m✓[39;22m[90m [39m[90mit encodes every supported identity event using internal attributio[39m[90m…[39m [90m0.01s[39m  
  [32;1m✓[39;22m[90m [39m[90mit encodes every supported identity event using internal attributio[39m[90m…[39m [90m0.01s[39m  
  [32;1m✓[39;22m[90m [39m[90mit encodes every supported identity event using internal attributio[39m[90m…[39m [90m0.01s[39m  
  [32;1m✓[39;22m[90m [39m[90mit encodes every supported identity event using internal attributio[39m[90m…[39m [90m0.01s[39m  

  [30;42;1m PASS [39;49;22m[39m Tests\Feature\LocalIdentityTest[39m
  [32;1m✓[39;22m[90m [39m[90mit generates one high entropy credential and never redisplays or re[39m[90m…[39m [90m0.02s[39m  
  [32;1m✓[39;22m[90m [39m[90mit requires independent mounted console identity and rejects health[39m[90m…[39m [90m0.01s[39m  
  [32;1m✓[39;22m[90m [39m[90mit enforces first-login restrictions in direct APIs then rotates al[39m[90m…[39m [90m0.03s[39m  
  [32;1m✓[39;22m[90m [39m[90mit requires the current password and rejects reuse, short or mismat[39m[90m…[39m [90m0.02s[39m  
  [32;1m✓[39;22m[90m [39m[90mit expires temporary sessions and invalidates an explicitly logged[39m[90m… [39m [90m0.02s[39m  
  [32;1m✓[39;22m[90m [39m[90mit commits throttling across requests and denies attempts during th[39m[90m…[39m [90m0.02s[39m  
  [32;1m✓[39;22m[90m [39m[90mit never recreates a retired identity and rejects its existing sess[39m[90m…[39m [90m0.02s[39m  
  [32;1m✓[39;22m[90m [39m[90mit rolls back identity and audit together when outbox persistence f[39m[90m…[39m [90m0.01s[39m  
  [32;1m✓[39;22m[90m [39m[90mit refuses bootstrap through redirected or noninteractive command o[39m[90m…[39m [90m0.01s[39m  

  [30;42;1m PASS [39;49;22m[39m Tests\Feature\OidcIdentityTest[39m
  [32;1m✓[39;22m[90m [39m[90mit stores secret references with encrypted custody and rejects pre-[39m[90m…[39m [90m0.03s[39m  
  [32;1m✓[39;22m[90m [39m[90mit preserves local setup after provider failure and never activates[39m[90m…[39m [90m0.02s[39m  
  [32;1m✓[39;22m[90m [39m[90mit uses real signed tokens, verifies PKCE and atomically retires ev[39m[90m…[39m [90m0.05s[39m  
  [32;1m✓[39;22m[90m [39m[90mit denies forged issuer audience expiry nonce authorized party and[39m[90m… [39m [90m0.03s[39m  
  [32;1m✓[39;22m[90m [39m[90mit denies forged issuer audience expiry nonce authorized party and[39m[90m… [39m [90m0.03s[39m  
  [32;1m✓[39;22m[90m [39m[90mit denies forged issuer audience expiry nonce authorized party and[39m[90m… [39m [90m0.03s[39m  
  [32;1m✓[39;22m[90m [39m[90mit denies forged issuer audience expiry nonce authorized party and[39m[90m… [39m [90m0.03s[39m  
  [32;1m✓[39;22m[90m [39m[90mit denies forged issuer audience expiry nonce authorized party and[39m[90m… [39m [90m0.03s[39m  
  [32;1m✓[39;22m[90m [39m[90mit denies forged issuer audience expiry nonce authorized party and[39m[90m… [39m [90m0.03s[39m  
  [32;1m✓[39;22m[90m [39m[90mit denies forged issuer audience expiry nonce authorized party and[39m[90m… [39m [90m0.03s[39m  
  [32;1m✓[39;22m[90m [39m[90mit denies forged issuer audience expiry nonce authorized party and[39m[90m… [39m [90m0.03s[39m  
  [32;1m✓[39;22m[90m [39m[90mit denies forged issuer audience expiry nonce authorized party and[39m[90m… [39m [90m0.03s[39m  
  [32;1m✓[39;22m[90m [39m[90mit denies forged issuer audience expiry nonce authorized party and[39m[90m… [39m [90m0.03s[39m  
  [32;1m✓[39;22m[90m [39m[90mit rejects a forged signature and consumes the failed flow[39m[90m          [39m [90m0.03s[39m  
  [32;1m✓[39;22m[90m [39m[90mit binds browser state and proof to their initiating session and se[39m[90m…[39m [90m0.04s[39m  
  [32;1m✓[39;22m[90m [39m[90mit expires sign-in attempts and handover proofs[39m[90m                     [39m [90m0.03s[39m  
  [32;1m✓[39;22m[90m [39m[90mit keeps the active connection during draft edits and denies setup[39m[90m… [39m [90m0.04s[39m  
  [32;1m✓[39;22m[90m [39m[90mit rolls activation back if its audit outbox cannot commit[39m[90m          [39m [90m0.03s[39m  
  [32;1m✓[39;22m[90m [39m[90mit refuses insecure URLs and discovery that redirects authority or[39m[90m… [39m [90m0.03s[39m  
  [32;1m✓[39;22m[90m [39m[90mit denies metadata and loopback targets and permits only selected p[39m[90m…[39m [90m0.02s[39m  

  [30;42;1m PASS [39;49;22m[39m Tests\Feature\TelemetryTest[39m
  [32;1m✓[39;22m[90m [39m[90mdiagnostic buffer is bounded and stale acknowledgement preserves ne[39m[90m…[39m [90m0.02s[39m  
  [32;1m✓[39;22m[90m [39m[90mlock contention and oversized records are explicit without overwrit[39m[90m…[39m [90m0.01s[39m  
  [32;1m✓[39;22m[90m [39m[90munavailable buffer preserves liveness and reports missing collectio[39m[90m…[39m [90m0.01s[39m  
  [32;1m✓[39;22m[90m [39m[90mrequest signals redact arbitrary inputs and correlate without grant[39m[90m…[39m [90m0.01s[39m  
  [32;1m✓[39;22m[90m [39m[90mmalformed or zero correlation is replaced and never echoed with ('m[39m[90m…[39m [90m0.01s[39m  
  [32;1m✓[39;22m[90m [39m[90mmalformed or zero correlation is replaced and never echoed with ('0[39m[90m…[39m [90m0.01s[39m  
  [32;1m✓[39;22m[90m [39m[90mmalformed or zero correlation is replaced and never echoed with ('0[39m[90m…[39m [90m0.01s[39m  

  [30;42;1m PASS [39;49;22m[39m Tests\Feature\TenancyTest[39m
  [32;1m✓[39;22m[90m [39m[90mit requires workload and federated identity and grants no implied e[39m[90m…[39m [90m0.06s[39m  
  [32;1m✓[39;22m[90m [39m[90mit scopes role decisions by tenant site environment and current mem[39m[90m…[39m [90m0.06s[39m  
  [32;1m✓[39;22m[90m [39m[90mit bounds delegated grants and revokes them without trusting a stal[39m[90m…[39m [90m0.05s[39m  
  [32;1m✓[39;22m[90m [39m[90mit invalidates old delegated grants when membership revision change[39m[90m…[39m [90m0.06s[39m  
  [32;1m✓[39;22m[90m [39m[90mit rejects guessed cross-tenant membership and grant identifiers[39m[90m    [39m [90m0.05s[39m  
  [32;1m✓[39;22m[90m [39m[90mit keeps quota entitlement distinct from capacity and reservations[39m[90m… [39m [90m0.04s[39m  
  [32;1m✓[39;22m[90m [39m[90mit preserves independent immutable histories and refuses removal of[39m[90m…[39m [90m0.04s[39m  
  [32;1m✓[39;22m[90m [39m[90mit suspends new access and permits the scoped tenant administrator[39m[90m… [39m [90m0.04s[39m  
  [32;1m✓[39;22m[90m [39m[90mit rolls back quota and command receipts if its durable outbox fail[39m[90m…[39m [90m0.04s[39m  

  [30;42;1m PASS [39;49;22m[39m Tests\Architecture\FoundationTest[39m
  [32;1m✓[39;22m[90m [39m[90mservice autoload exposes only its own application and tests[39m
  [32;1m✓[39;22m[90m [39m[90mthe actual bootstrap classes are loaded from the service source[39m
  [32;1m✓[39;22m[90m [39m[90mimplemented application classes use strict types[39m[90m                    [39m [90m0.19s[39m  
  [32;1m✓[39;22m[90m [39m[90mimplemented application classes are final[39m
  [32;1m✓[39;22m[90m [39m[90mdelivery does not reference sibling source or frontend transport[39m[90m    [39m [90m0.03s[39m  
  [31m────────────────────────────────────────────────────────────────────────────[39m  
  [41;1m FAILED [49;22m [1mTests\Feature\IdentityOutboxTest[22m [90m>[39m it denies inva… [41;1m ErrorException [49;22m  
[39;1m  file_get_contents(/home/runner/work/_temp/p01-quality/component/../../contracts/schemas/events/identity-change-v1.json): Failed to open stream: No such file or directory[39;22m

  at [32mtests/Feature/IdentityOutboxTest.php[39m:[32m134[39m
    130▕ it('denies invalid batch limits and keeps schemata byte-identical', function (): void {
    131▕     $this->artisan('identity:publish-outbox --limit=0')->assertExitCode(1);
    132▕     $this->artisan('identity:publish-outbox --limit=501')->assertExitCode(1);
    133▕     expect(file_get_contents(resource_path('contracts/identity-change-v1.json')))
  ➜ 134▕         ->toBe(file_get_contents(base_path('../../contracts/schemas/events/identity-change-v1.json')));
    135▕ });
    136▕ 
    137▕ it('encodes every supported identity event using internal attribution only', function (string $event, string $actor): void {
    138▕     DB::transaction(fn () => IdentityLedger::record($event, $actor));


  [90mTests:[39m    [31;1m1 failed[39;22m[90m,[39m[39m [39m[33;1m6 skipped[39;22m[90m,[39m[39m [39m[32;1m145 passed[39;22m[90m (2077 assertions)[39m
  [90mDuration:[39m [39m7.39s[39m

