{
  "schemaVersion": 2,
  "mediaType": "application/vnd.oci.image.index.v1+json",
  "manifests": [
    {
      "mediaType": "application/vnd.oci.image.manifest.v1+json",
      "digest": "sha256:8bb84e24db4336de48031a66dbda25a7477d300736fe825893e467042135da1f",
      "size": 1057,
      "platform": {
        "architecture": "amd64",
        "os": "linux"
      }
    },
    {
      "mediaType": "application/vnd.oci.image.manifest.v1+json",
      "digest": "sha256:2fe54408e988e3b53860f77f06742592f1b50a4256d64f28f02fc73213ed6687",
      "size": 1056,
      "platform": {
        "architecture": "arm64",
        "os": "linux"
      }
    },
    {
      "mediaType": "application/vnd.oci.image.manifest.v1+json",
      "digest": "sha256:de0bcfd74edff5cfc5fe8231e9a8bc37db45e7e095444f5062c16129fcacac9d",
      "size": 838,
      "annotations": {
        "vnd.docker.reference.digest": "sha256:8bb84e24db4336de48031a66dbda25a7477d300736fe825893e467042135da1f",
        "vnd.docker.reference.type": "attestation-manifest"
      },
      "platform": {
        "architecture": "unknown",
        "os": "unknown"
      }
    },
    {
      "mediaType": "application/vnd.oci.image.manifest.v1+json",
      "digest": "sha256:a0bf43fc67b68ed46b4c2b5297a88c423c1407fcdd402292388802f5e023df2a",
      "size": 838,
      "annotations": {
        "vnd.docker.reference.digest": "sha256:2fe54408e988e3b53860f77f06742592f1b50a4256d64f28f02fc73213ed6687",
        "vnd.docker.reference.type": "attestation-manifest"
      },
      "platform": {
        "architecture": "unknown",
        "os": "unknown"
      }
    }
  ]
}