
  [30;42;1m PASS [39;49;22m[39m Tests\Feature\DependencyHealthTest[39m
  [32;1m✓[39;22m[90m [39m[90munknown or malformed health identities never reach a dependency wit[39m[90m…[39m [90m0.09s[39m  
  [32;1m✓[39;22m[90m [39m[90munknown or malformed health identities never reach a dependency wit[39m[90m…[39m [90m0.01s[39m  
  [32;1m✓[39;22m[90m [39m[90munknown or malformed health identities never reach a dependency wit[39m[90m…[39m [90m0.01s[39m  
  [32;1m✓[39;22m[90m [39m[90munknown or malformed health identities never reach a dependency wit[39m[90m…[39m [90m0.01s[39m  
  [32;1m✓[39;22m[90m [39m[90munknown or malformed health identities never reach a dependency wit[39m[90m…[39m [90m0.01s[39m  
  [32;1m✓[39;22m[90m [39m[90munknown or malformed health identities never reach a dependency wit[39m[90m…[39m [90m0.01s[39m  
  [32;1m✓[39;22m[90m [39m[90man absent or malformed mounted identity denies even the formerly va[39m[90m…[39m [90m0.01s[39m  
  [32;1m✓[39;22m[90m [39m[90man absent or malformed mounted identity denies even the formerly va[39m[90m…[39m [90m0.01s[39m  
  [32;1m✓[39;22m[90m [39m[90man absent or malformed mounted identity denies even the formerly va[39m[90m…[39m [90m0.01s[39m  
  [32;1m✓[39;22m[90m [39m[90man absent or malformed mounted identity denies even the formerly va[39m[90m…[39m [90m0.01s[39m  
  [32;1m✓[39;22m[90m [39m[90mauthenticated dependency failure is sanitized and never changes pro[39m[90m…[39m [90m0.01s[39m  
  [32;1m✓[39;22m[90m [39m[90msuccessful foundation checks grant only dependency readiness and no[39m[90m…[39m [90m0.02s[39m  
  [32;1m✓[39;22m[90m [39m[90mreplacing a credential file revokes the old token without restartin[39m[90m…[39m [90m0.01s[39m  
  [32;1m✓[39;22m[90m [39m[90mcredential paths cannot use a stream wrapper[39m[90m                        [39m [90m0.01s[39m  
  [32;1m✓[39;22m[90m [39m[90mmounted application key wins and an unavailable file never falls back to the environment key[39m
  [32;1m✓[39;22m[90m [39m[90ma TCP peer that never answers TLS negotiation fails within the conn[39m[90m…[39m [90m2.01s[39m  

  [30;42;1m PASS [39;49;22m[39m Tests\Feature\HealthTest[39m
  [32;1m✓[39;22m[90m [39m[90mliveness reports only a running process with no configured service[39m[90m… [39m [90m0.04s[39m  
  [32;1m✓[39;22m[90m [39m[90mreadiness remains closed until the assurance dependencies are implemented[39m
  [32;1m✓[39;22m[90m [39m[90mhealth endpoints reject writes with ('/health/live')[39m
  [32;1m✓[39;22m[90m [39m[90mhealth endpoints reject writes with ('/health/ready')[39m
  [32;1m✓[39;22m[90m [39m[90mbusiness routes are absent and expose no exception diagnostics with ('/v1/tenants/tenant-a/evidence')[39m
  [32;1m✓[39;22m[90m [39m[90mbusiness routes are absent and expose no exception diagnostics with ('/v1/tenants/tenant-a/qualific…isions')[39m
  [32;1m✓[39;22m[90m [39m[90mbusiness routes are absent and expose no exception diagnostics with ('/v1/tenants/tenant-a/supporte…lities')[39m
  [32;1m✓[39;22m[90m [39m[90ma caller cannot configure readiness or start a browser session through health input[39m
  [32;1m✓[39;22m[90m [39m[90munknown routes return JSON even without an accept header[39m

  [30;42;1m PASS [39;49;22m[39m Tests\Architecture\FoundationTest[39m
  [32;1m✓[39;22m[90m [39m[90mservice autoload exposes only its own application and tests[39m[90m         [39m [90m0.01s[39m  
  [32;1m✓[39;22m[90m [39m[90mthe actual bootstrap classes are loaded from the service source[39m
  [32;1m✓[39;22m[90m [39m[90mimplemented application classes use strict types[39m[90m                    [39m [90m0.03s[39m  
  [32;1m✓[39;22m[90m [39m[90mimplemented application classes are final[39m
  [32;1m✓[39;22m[90m [39m[90mdelivery does not reference sibling source or frontend transport[39m

  [90mTests:[39m    [32;1m30 passed[39;22m[90m (135 assertions)[39m
  [90mDuration:[39m [39m2.43s[39m

