[
    {
        "Id": "sha256:8096d07465a167aa32aab451c19a6b020f79acf3a85eb9f2301cd8addfb11e81",
        "RepoTags": [
            "p01-catalogue:4142571874a53b351a9c6023313185fe718d0dac"
        ],
        "RepoDigests": [],
        "Parent": "",
        "Comment": "buildkit.dockerfile.v0",
        "Created": "2026-10-04T22:14:13.531621711Z",
        "DockerVersion": "",
        "Author": "",
        "Config": {
            "Hostname": "",
            "Domainname": "",
            "User": "10001:10001",
            "AttachStdin": false,
            "AttachStdout": false,
            "AttachStderr": false,
            "ExposedPorts": {
                "9000/tcp": {}
            },
            "Tty": false,
            "OpenStdin": false,
            "StdinOnce": false,
            "Env": [
                "PATH=/usr/local/sbin:/usr/local/bin:/usr/sbin:/usr/bin:/sbin:/bin",
                "PHPIZE_DEPS=autoconf \t\tdpkg-dev \t\tfile \t\tg++ \t\tgcc \t\tlibc-dev \t\tmake \t\tpkg-config \t\tre2c",
                "PHP_INI_DIR=/usr/local/etc/php",
                "PHP_CFLAGS=-fstack-protector-strong -fpic -fpie -O2 -D_LARGEFILE_SOURCE -D_FILE_OFFSET_BITS=64",
                "PHP_CPPFLAGS=-fstack-protector-strong -fpic -fpie -O2 -D_LARGEFILE_SOURCE -D_FILE_OFFSET_BITS=64",
                "PHP_LDFLAGS=-Wl,-O1 -pie",
                "GPG_KEYS=1198C0117593497A5EC5C199286AF1F9897469DC 49D9AF6BC72A80D6691719C8AA23F5BE9C7097D4 D95C03BC702BE9515344AE3374E44BC9067701A5",
                "PHP_VERSION=8.5.11",
                "PHP_URL=https://www.php.net/distributions/php-8.5.11.tar.xz",
                "PHP_ASC_URL=https://www.php.net/distributions/php-8.5.11.tar.xz.asc",
                "PHP_SHA256=d9be75c08e8c316f4c8f4194d8fbe1750a15f6a6d9d4e3fe72082abeeb800360",
                "APP_ENV=production",
                "APP_DEBUG=false"
            ],
            "Cmd": [
                "php-fpm",
                "-F"
            ],
            "ArgsEscaped": true,
            "Image": "",
            "Volumes": null,
            "WorkingDir": "/app",
            "Entrypoint": [
                "/usr/local/bin/service-entrypoint"
            ],
            "OnBuild": null,
            "Labels": {
                "org.opencontainers.image.revision": "4142571874a53b351a9c6023313185fe718d0dac"
            },
            "StopSignal": "SIGQUIT"
        },
        "Architecture": "amd64",
        "Os": "linux",
        "Size": 552195220,
        "GraphDriver": {
            "Data": {
                "LowerDir": "/var/lib/docker/overlay2/hwn3qrv1fa61hpjp92eli4noa/diff:/var/lib/docker/overlay2/xkdo440p4uytgycwd9yga0qw0/diff:/var/lib/docker/overlay2/t5ff820smqt25v0zr8cqqq8kv/diff:/var/lib/docker/overlay2/17rn5qas18c7zl2rasu2iuj7u/diff:/var/lib/docker/overlay2/rixtw30ocqh0bhuh4sslris6m/diff:/var/lib/docker/overlay2/n16v8huzas2dre1wmbmynk7n8/diff:/var/lib/docker/overlay2/swn7cp7ahy2t2dzll00vmb4fx/diff:/var/lib/docker/overlay2/snt8z02d8t4o8gdp9cv281m6k/diff:/var/lib/docker/overlay2/u88e7p3sh7k068qjpodruk9z4/diff:/var/lib/docker/overlay2/phxvp1d78qlolpp3puxrvxzsc/diff:/var/lib/docker/overlay2/hsqial5khne2ydl1b6nj9s7h3/diff:/var/lib/docker/overlay2/9c8d035939b0c042418481dbc2fb38291a42f22702c78a19668d0429eb3f098e/diff:/var/lib/docker/overlay2/e00e57c3c79e0f67c7c1bfeb8c2f8e07e6f63964622185f7db0a9d56138fb92c/diff:/var/lib/docker/overlay2/ddeb2e22cf61fd6a88c34c4be077309bf37806519851f679e9de9e1da8289d60/diff:/var/lib/docker/overlay2/cff31f7285abbcc11070ad0ce700bef65017208adc6c7570d5786acda444caf8/diff:/var/lib/docker/overlay2/9dffd9c6c3e36239946c030ff91173e9dd0ba2d5d2b4b5a5013cd35af091d359/diff:/var/lib/docker/overlay2/911ead02cfc9e11f604b033516c6ec0bea1d447d11371dd63131528c36a95e5d/diff:/var/lib/docker/overlay2/50de75272f115143d6e38d118f664e664a52ccda7826ea0524bcc8ecd864957c/diff:/var/lib/docker/overlay2/9534a3dc005a893cf89e53d0919e3628fd79c9ba7ed6ad51e323f66b3320bf7e/diff:/var/lib/docker/overlay2/4561398716f069cce37db6c15546ee7e1528357e754ea033bd4ba836d8bf1df7/diff:/var/lib/docker/overlay2/8440fb283f9e9ed8d670e6301158832c877499eab10dd4dd23edbf1cb41fc250/diff:/var/lib/docker/overlay2/982db3a2de63afa6018a84d028100d4e2b8fe06671b4d01585439969267366bd/diff",
                "MergedDir": "/var/lib/docker/overlay2/ueikkoqkbjmc903h4bges0aln/merged",
                "UpperDir": "/var/lib/docker/overlay2/ueikkoqkbjmc903h4bges0aln/diff",
                "WorkDir": "/var/lib/docker/overlay2/ueikkoqkbjmc903h4bges0aln/work"
            },
            "Name": "overlay2"
        },
        "RootFS": {
            "Type": "layers",
            "Layers": [
                "sha256:34467cc93912af891dfee8a3902adf9b4f355a9bca4eaa46f658d1181a21de0d",
                "sha256:81274738dbf57317e5435144826219706147834290d012a351d5fc593b5adae2",
                "sha256:0504f653b699e414def5b49113f24c6e542a7846c5df9a799b27c809313dbb4d",
                "sha256:da1395a377a2acc8422d3bc4b7d862885a3a97a3421e3fed1adf62d061ff4f63",
                "sha256:27ac94f3ce3452f11b8a4e05cd00328bc38ad35848dfa0caa7ac7377e2b4c48c",
                "sha256:75906afbd8260b795e6e9b04941130b4bc0f4c137e76562f13753c62972bc5ef",
                "sha256:92e695b6cfd2d361a0864f12771aeb461c040dcd3ac66a0c704bf6e02cd2fc54",
                "sha256:ba5cfed66dabaf73234dbd89396a9011991392d027832714d3bbe68640c82d79",
                "sha256:c5687dee67cf6207590530c6c1c1bf4f1484aa1aeb2a44ff0e0ab0ebb7936ed7",
                "sha256:5f70bf18a086007016e948b04aed3b82103a36bea41755b6cddfaf10ace3c6ef",
                "sha256:a3d8babd0c9ce6e5640c2d87ef48eb3b4adf3e152f63414c1ef6ec0cc9ae911d",
                "sha256:e4711caf028b155006252cd88a057002041b81d001d79697bbfa7253ca43c7c3",
                "sha256:ed302438b273676c20c31bc1ac76af8c66802f05e2d37e9e52acd464c1ddf62d",
                "sha256:ff5edddbe20cf4efea7e87eff76c79914dc3de145ec1331502091c5e80d0d9e3",
                "sha256:224c629845ee6690ddbaff83b17fa25c3075e60d210c6a8524b04ca466d497c3",
                "sha256:66bf713794fb34f5bbdb48978cccdd7f9071c446debc5db7910e3222bef4c154",
                "sha256:f8b9d165f0ba748e06ea6360a0d555cc9a6ea1069fe27166de085d4a3db9e20d",
                "sha256:840d3938db7146320d53e8bad4f12182cec8228ab63121bc10fd0bcd06c29454",
                "sha256:e63142df3c4b8a05d73dbed5a865235454c61b5aed604affaf52eb50afdf10e8",
                "sha256:6d85804cabed52eab2586474da3c69db0950a931e032a22f0acd891ffed3ff99",
                "sha256:1eaa87414aba2a16c4c2ee190425b0a90eb59ebcde120951bed925d6c694b8fd",
                "sha256:4aecc76283ff79c7d7abe0ec15ef02b2e316bb5a9822e23a06fd6a8247e33c1e",
                "sha256:093ae0d3fd73548c71c1c4be1fd3962f2d747dfd919c83f92b42a7727e73f698"
            ]
        },
        "Metadata": {
            "LastTagTime": "2026-10-04T22:14:15.993470597Z"
        }
    }
]
