{
  "schema_version": 1,
  "scope": "route",
  "record_valid": true,
  "input_ready": false,
  "authorizes_execution": false,
  "establishes_feasibility": false,
  "errors": [],
  "missing_inputs": [
    {
      "input": "RT01.direction",
      "status": "PROPOSED",
      "review": "NOT_REVIEWED",
      "accountable_role": "Product/application owners"
    },
    {
      "input": "RT01.method",
      "status": "PROPOSED",
      "review": "NOT_REVIEWED",
      "accountable_role": "Product/application owners"
    },
    {
      "input": "RT01.application_workload_ids",
      "status": "UNKNOWN",
      "review": "NOT_REVIEWED",
      "accountable_role": "Product/application owners"
    },
    {
      "input": "RT01.target_environment",
      "status": "UNKNOWN",
      "review": "NOT_REVIEWED",
      "accountable_role": "Product/application owners"
    },
    {
      "input": "RT01.fixture_revision",
      "status": "UNKNOWN",
      "review": "NOT_REVIEWED",
      "accountable_role": "Product/application owners"
    },
    {
      "input": "RT02.vcenter_esxi_builds",
      "status": "UNKNOWN",
      "review": "NOT_REVIEWED",
      "accountable_role": "VMware platform owner"
    },
    {
      "input": "RT02.api_version",
      "status": "UNKNOWN",
      "review": "NOT_REVIEWED",
      "accountable_role": "VMware platform owner"
    },
    {
      "input": "RT02.endpoint_tenant_scope",
      "status": "UNKNOWN",
      "review": "NOT_REVIEWED",
      "accountable_role": "VMware platform owner"
    },
    {
      "input": "RT02.native_vm_ids",
      "status": "UNKNOWN",
      "review": "NOT_REVIEWED",
      "accountable_role": "VMware platform owner"
    },
    {
      "input": "RT02.observation_generation_completeness",
      "status": "UNKNOWN",
      "review": "NOT_REVIEWED",
      "accountable_role": "VMware platform owner"
    },
    {
      "input": "RT02.permitted_reads_effects",
      "status": "UNKNOWN",
      "review": "NOT_REVIEWED",
      "accountable_role": "VMware platform owner"
    },
    {
      "input": "RT03.distribution_release",
      "status": "UNKNOWN",
      "review": "NOT_REVIEWED",
      "accountable_role": "OpenStack platform owner"
    },
    {
      "input": "RT03.service_api_microversions",
      "status": "UNKNOWN",
      "review": "NOT_REVIEWED",
      "accountable_role": "OpenStack platform owner"
    },
    {
      "input": "RT03.hypervisor_storage_network_backends",
      "status": "UNKNOWN",
      "review": "NOT_REVIEWED",
      "accountable_role": "OpenStack platform owner"
    },
    {
      "input": "RT03.project_region",
      "status": "UNKNOWN",
      "review": "NOT_REVIEWED",
      "accountable_role": "OpenStack platform owner"
    },
    {
      "input": "RT03.failure_domains",
      "status": "UNKNOWN",
      "review": "NOT_REVIEWED",
      "accountable_role": "OpenStack platform owner"
    },
    {
      "input": "RT03.quotas",
      "status": "UNKNOWN",
      "review": "NOT_REVIEWED",
      "accountable_role": "OpenStack platform owner"
    },
    {
      "input": "RT03.feature_configuration",
      "status": "UNKNOWN",
      "review": "NOT_REVIEWED",
      "accountable_role": "OpenStack platform owner"
    },
    {
      "input": "RT04.source_target_os_architecture",
      "status": "UNKNOWN",
      "review": "NOT_REVIEWED",
      "accountable_role": "Application/guest/platform owners"
    },
    {
      "input": "RT04.runtime_versions",
      "status": "UNKNOWN",
      "review": "NOT_REVIEWED",
      "accountable_role": "Application/guest/platform owners"
    },
    {
      "input": "RT04.application_dependency_artifacts",
      "status": "UNKNOWN",
      "review": "NOT_REVIEWED",
      "accountable_role": "Application/guest/platform owners"
    },
    {
      "input": "RT04.database_compatibility",
      "status": "UNKNOWN",
      "review": "NOT_REVIEWED",
      "accountable_role": "Application/guest/platform owners"
    },
    {
      "input": "RT04.service_units",
      "status": "UNKNOWN",
      "review": "NOT_REVIEWED",
      "accountable_role": "Application/guest/platform owners"
    },
    {
      "input": "RT04.guest_device_features",
      "status": "UNKNOWN",
      "review": "NOT_REVIEWED",
      "accountable_role": "Application/guest/platform owners"
    },
    {
      "input": "RT04.volume_mount_mappings",
      "status": "UNKNOWN",
      "review": "NOT_REVIEWED",
      "accountable_role": "Application/guest/platform owners"
    },
    {
      "input": "RT04.configuration_secret_references",
      "status": "UNKNOWN",
      "review": "NOT_REVIEWED",
      "accountable_role": "Application/guest/platform owners"
    },
    {
      "input": "RT05.encryption_layers",
      "status": "UNKNOWN",
      "review": "NOT_REVIEWED",
      "accountable_role": "Security/key owners"
    },
    {
      "input": "RT05.key_certificate_custody",
      "status": "UNKNOWN",
      "review": "NOT_REVIEWED",
      "accountable_role": "Security/key owners"
    },
    {
      "input": "RT05.authorized_capture_access",
      "status": "UNKNOWN",
      "review": "NOT_REVIEWED",
      "accountable_role": "Security/key owners"
    },
    {
      "input": "RT05.destination_key_availability",
      "status": "UNKNOWN",
      "review": "NOT_REVIEWED",
      "accountable_role": "Security/key owners"
    },
    {
      "input": "RT05.identity_replacement",
      "status": "UNKNOWN",
      "review": "NOT_REVIEWED",
      "accountable_role": "Security/key owners"
    },
    {
      "input": "RT06.seed_revision",
      "status": "UNKNOWN",
      "review": "NOT_REVIEWED",
      "accountable_role": "Application/data owner"
    },
    {
      "input": "RT06.database_engine_version",
      "status": "UNKNOWN",
      "review": "NOT_REVIEWED",
      "accountable_role": "Application/data owner"
    },
    {
      "input": "RT06.schema_datasets",
      "status": "UNKNOWN",
      "review": "NOT_REVIEWED",
      "accountable_role": "Application/data owner"
    },
    {
      "input": "RT06.attachment_inventory",
      "status": "UNKNOWN",
      "review": "NOT_REVIEWED",
      "accountable_role": "Application/data owner"
    },
    {
      "input": "RT06.relationship_digest_metadata_expectations",
      "status": "UNKNOWN",
      "review": "NOT_REVIEWED",
      "accountable_role": "Application/data owner"
    },
    {
      "input": "RT06.writer_manifest",
      "status": "UNKNOWN",
      "review": "NOT_REVIEWED",
      "accountable_role": "Application/data owner"
    },
    {
      "input": "RT06.consistency_procedure",
      "status": "UNKNOWN",
      "review": "NOT_REVIEWED",
      "accountable_role": "Application/data owner"
    },
    {
      "input": "RT06.correctness_queries",
      "status": "UNKNOWN",
      "review": "NOT_REVIEWED",
      "accountable_role": "Application/data owner"
    },
    {
      "input": "RT06.post_activation_write_marker",
      "status": "UNKNOWN",
      "review": "NOT_REVIEWED",
      "accountable_role": "Application/data owner"
    },
    {
      "input": "RT07.nic_zone_mappings",
      "status": "UNKNOWN",
      "review": "NOT_REVIEWED",
      "accountable_role": "Network/service owners"
    },
    {
      "input": "RT07.addressing_ipam_dns",
      "status": "UNKNOWN",
      "review": "NOT_REVIEWED",
      "accountable_role": "Network/service owners"
    },
    {
      "input": "RT07.allowed_denied_forward_reply_flows",
      "status": "UNKNOWN",
      "review": "NOT_REVIEWED",
      "accountable_role": "Network/service owners"
    },
    {
      "input": "RT07.mtu",
      "status": "UNKNOWN",
      "review": "NOT_REVIEWED",
      "accountable_role": "Network/service owners"
    },
    {
      "input": "RT07.service_dependencies",
      "status": "UNKNOWN",
      "review": "NOT_REVIEWED",
      "accountable_role": "Network/service owners"
    },
    {
      "input": "RT07.business_effect_suppression",
      "status": "UNKNOWN",
      "review": "NOT_REVIEWED",
      "accountable_role": "Network/service owners"
    },
    {
      "input": "RT08.deployment_capture_transfer_restore_tools",
      "status": "UNKNOWN",
      "review": "NOT_REVIEWED",
      "accountable_role": "Engineering/application owners"
    },
    {
      "input": "RT08.schema_compatibility",
      "status": "UNKNOWN",
      "review": "NOT_REVIEWED",
      "accountable_role": "Engineering/application owners"
    },
    {
      "input": "RT08.configuration_secret_references",
      "status": "UNKNOWN",
      "review": "NOT_REVIEWED",
      "accountable_role": "Engineering/application owners"
    },
    {
      "input": "RT08.metadata_treatment",
      "status": "UNKNOWN",
      "review": "NOT_REVIEWED",
      "accountable_role": "Engineering/application owners"
    },
    {
      "input": "RT08.artifact_manifests",
      "status": "UNKNOWN",
      "review": "NOT_REVIEWED",
      "accountable_role": "Engineering/application owners"
    },
    {
      "input": "RT08.operation_ownership",
      "status": "UNKNOWN",
      "review": "NOT_REVIEWED",
      "accountable_role": "Engineering/application owners"
    },
    {
      "input": "RT09.deployment_capture_restore_measurements",
      "status": "UNKNOWN",
      "review": "NOT_REVIEWED",
      "accountable_role": "SRE/platform owners"
    },
    {
      "input": "RT09.effective_transfer_rate",
      "status": "UNKNOWN",
      "review": "NOT_REVIEWED",
      "accountable_role": "SRE/platform owners"
    },
    {
      "input": "RT09.staging_backup_target_retained_source_bytes",
      "status": "UNKNOWN",
      "review": "NOT_REVIEWED",
      "accountable_role": "SRE/platform owners"
    },
    {
      "input": "RT09.attachment_limits",
      "status": "UNKNOWN",
      "review": "NOT_REVIEWED",
      "accountable_role": "SRE/platform owners"
    },
    {
      "input": "RT09.tenant_endpoint_concurrency_caps",
      "status": "UNKNOWN",
      "review": "NOT_REVIEWED",
      "accountable_role": "SRE/platform owners"
    },
    {
      "input": "RT10.quiesce_fence_observers",
      "status": "UNKNOWN",
      "review": "NOT_REVIEWED",
      "accountable_role": "Application/platform/security/qualification owners"
    },
    {
      "input": "RT10.stop_cleanup_authorities",
      "status": "UNKNOWN",
      "review": "NOT_REVIEWED",
      "accountable_role": "Application/platform/security/qualification owners"
    },
    {
      "input": "RT10.first_write_proof_design",
      "status": "UNKNOWN",
      "review": "NOT_REVIEWED",
      "accountable_role": "Application/platform/security/qualification owners"
    },
    {
      "input": "RT10.application_outage_data_bounds",
      "status": "UNKNOWN",
      "review": "NOT_REVIEWED",
      "accountable_role": "Application/platform/security/qualification owners"
    },
    {
      "input": "RT10.pre_write_return_procedure",
      "status": "UNKNOWN",
      "review": "NOT_REVIEWED",
      "accountable_role": "Application/platform/security/qualification owners"
    },
    {
      "input": "RT10.post_write_recovery_method",
      "status": "UNKNOWN",
      "review": "NOT_REVIEWED",
      "accountable_role": "Application/platform/security/qualification owners"
    },
    {
      "input": "RT10.post_write_preservation_procedure",
      "status": "UNKNOWN",
      "review": "NOT_REVIEWED",
      "accountable_role": "Application/platform/security/qualification owners"
    },
    {
      "input": "RT10.source_target_key_retention",
      "status": "UNKNOWN",
      "review": "NOT_REVIEWED",
      "accountable_role": "Application/platform/security/qualification owners"
    },
    {
      "input": "RT10.independent_reviewers",
      "status": "UNKNOWN",
      "review": "NOT_REVIEWED",
      "accountable_role": "Application/platform/security/qualification owners"
    },
    {
      "input": "RT10.permitted_resource_scope",
      "status": "UNKNOWN",
      "review": "NOT_REVIEWED",
      "accountable_role": "Application/platform/security/qualification owners"
    },
    {
      "input": "RT10.permitted_effects",
      "status": "UNKNOWN",
      "review": "NOT_REVIEWED",
      "accountable_role": "Application/platform/security/qualification owners"
    },
    {
      "input": "RT10.campaign_window",
      "status": "UNKNOWN",
      "review": "NOT_REVIEWED",
      "accountable_role": "Application/platform/security/qualification owners"
    }
  ],
  "packages": {
    "IP01": {
      "input_ready": false,
      "groups": [
        "IP01"
      ],
      "missing_inputs": [
        "IP01.criterion_reviewers",
        "IP01.decision_dispositions",
        "IP01.retained_records_inventory",
        "IP01.unresolved_checkpoints"
      ]
    },
    "IP02": {
      "input_ready": false,
      "groups": [
        "IP02"
      ],
      "missing_inputs": [
        "IP02.component_environment_bom",
        "IP02.support_update_ownership",
        "IP02.registry_mirror_verification",
        "IP02.deployment_network_constraints",
        "IP02.identity_key_evidence_custody",
        "IP02.browser_assistive_matrix"
      ]
    },
    "IP03": {
      "input_ready": false,
      "groups": [
        "RT02",
        "RT03",
        "RT04",
        "RT05"
      ],
      "missing_inputs": [
        "RT02.vcenter_esxi_builds",
        "RT02.api_version",
        "RT02.endpoint_tenant_scope",
        "RT02.native_vm_ids",
        "RT02.observation_generation_completeness",
        "RT02.permitted_reads_effects",
        "RT03.distribution_release",
        "RT03.service_api_microversions",
        "RT03.hypervisor_storage_network_backends",
        "RT03.project_region",
        "RT03.failure_domains",
        "RT03.quotas",
        "RT03.feature_configuration",
        "RT04.source_target_os_architecture",
        "RT04.runtime_versions",
        "RT04.application_dependency_artifacts",
        "RT04.database_compatibility",
        "RT04.service_units",
        "RT04.guest_device_features",
        "RT04.volume_mount_mappings",
        "RT04.configuration_secret_references",
        "RT05.encryption_layers",
        "RT05.key_certificate_custody",
        "RT05.authorized_capture_access",
        "RT05.destination_key_availability",
        "RT05.identity_replacement"
      ]
    },
    "IP04": {
      "input_ready": false,
      "groups": [
        "RT04",
        "RT06",
        "RT08",
        "RT10"
      ],
      "missing_inputs": [
        "RT04.source_target_os_architecture",
        "RT04.runtime_versions",
        "RT04.application_dependency_artifacts",
        "RT04.database_compatibility",
        "RT04.service_units",
        "RT04.guest_device_features",
        "RT04.volume_mount_mappings",
        "RT04.configuration_secret_references",
        "RT06.seed_revision",
        "RT06.database_engine_version",
        "RT06.schema_datasets",
        "RT06.attachment_inventory",
        "RT06.relationship_digest_metadata_expectations",
        "RT06.writer_manifest",
        "RT06.consistency_procedure",
        "RT06.correctness_queries",
        "RT06.post_activation_write_marker",
        "RT08.deployment_capture_transfer_restore_tools",
        "RT08.schema_compatibility",
        "RT08.configuration_secret_references",
        "RT08.metadata_treatment",
        "RT08.artifact_manifests",
        "RT08.operation_ownership",
        "RT10.quiesce_fence_observers",
        "RT10.stop_cleanup_authorities",
        "RT10.first_write_proof_design",
        "RT10.application_outage_data_bounds",
        "RT10.pre_write_return_procedure",
        "RT10.post_write_recovery_method",
        "RT10.post_write_preservation_procedure",
        "RT10.source_target_key_retention",
        "RT10.independent_reviewers",
        "RT10.permitted_resource_scope",
        "RT10.permitted_effects",
        "RT10.campaign_window"
      ]
    },
    "IP05": {
      "input_ready": false,
      "groups": [
        "RT02",
        "RT03",
        "RT07",
        "RT09",
        "RT10"
      ],
      "missing_inputs": [
        "RT02.vcenter_esxi_builds",
        "RT02.api_version",
        "RT02.endpoint_tenant_scope",
        "RT02.native_vm_ids",
        "RT02.observation_generation_completeness",
        "RT02.permitted_reads_effects",
        "RT03.distribution_release",
        "RT03.service_api_microversions",
        "RT03.hypervisor_storage_network_backends",
        "RT03.project_region",
        "RT03.failure_domains",
        "RT03.quotas",
        "RT03.feature_configuration",
        "RT07.nic_zone_mappings",
        "RT07.addressing_ipam_dns",
        "RT07.allowed_denied_forward_reply_flows",
        "RT07.mtu",
        "RT07.service_dependencies",
        "RT07.business_effect_suppression",
        "RT09.deployment_capture_restore_measurements",
        "RT09.effective_transfer_rate",
        "RT09.staging_backup_target_retained_source_bytes",
        "RT09.attachment_limits",
        "RT09.tenant_endpoint_concurrency_caps",
        "RT10.quiesce_fence_observers",
        "RT10.stop_cleanup_authorities",
        "RT10.first_write_proof_design",
        "RT10.application_outage_data_bounds",
        "RT10.pre_write_return_procedure",
        "RT10.post_write_recovery_method",
        "RT10.post_write_preservation_procedure",
        "RT10.source_target_key_retention",
        "RT10.independent_reviewers",
        "RT10.permitted_resource_scope",
        "RT10.permitted_effects",
        "RT10.campaign_window"
      ]
    },
    "IP06": {
      "input_ready": false,
      "groups": [
        "RT05",
        "RT09",
        "RT10",
        "IP06"
      ],
      "missing_inputs": [
        "RT05.encryption_layers",
        "RT05.key_certificate_custody",
        "RT05.authorized_capture_access",
        "RT05.destination_key_availability",
        "RT05.identity_replacement",
        "RT09.deployment_capture_restore_measurements",
        "RT09.effective_transfer_rate",
        "RT09.staging_backup_target_retained_source_bytes",
        "RT09.attachment_limits",
        "RT09.tenant_endpoint_concurrency_caps",
        "RT10.quiesce_fence_observers",
        "RT10.stop_cleanup_authorities",
        "RT10.first_write_proof_design",
        "RT10.application_outage_data_bounds",
        "RT10.pre_write_return_procedure",
        "RT10.post_write_recovery_method",
        "RT10.post_write_preservation_procedure",
        "RT10.source_target_key_retention",
        "RT10.independent_reviewers",
        "RT10.permitted_resource_scope",
        "RT10.permitted_effects",
        "RT10.campaign_window",
        "IP06.capacity_freshness_native_call_budgets",
        "IP06.support_access",
        "IP06.evidence_alert_recipients",
        "IP06.measurement_conditions",
        "IP06.control_plane_targets",
        "IP06.trust_restore_model"
      ]
    },
    "IP07": {
      "input_ready": false,
      "groups": [
        "IP07"
      ],
      "missing_inputs": [
        "IP07.workstream_reviewer_capacity",
        "IP07.availability",
        "IP07.external_requested_confirmed_dates",
        "IP07.affected_dependencies",
        "IP07.reviewer_implementer_conflicts"
      ]
    }
  }
}
