#0 building with "default" instance using docker driver

#1 [internal] load build definition from Dockerfile
#1 transferring dockerfile: 3.18kB done
#1 DONE 0.0s

#2 [auth] library/composer:pull token for registry-1.docker.io
#2 DONE 0.0s

#3 [auth] library/php:pull token for registry-1.docker.io
#3 DONE 0.0s

#4 [internal] load metadata for docker.io/library/composer@sha256:bdd249749908be12facc9dec72e19704371bb893f96dff3e024ec89528a5a08d
#4 ...

#5 [internal] load metadata for docker.io/library/php@sha256:aba7168955e4b1e1f5e61e2e5a0257eff5b1563d3fc4ca272373183b57f53005
#5 DONE 0.6s

#4 [internal] load metadata for docker.io/library/composer@sha256:bdd249749908be12facc9dec72e19704371bb893f96dff3e024ec89528a5a08d
#4 DONE 0.6s

#6 [internal] load .dockerignore
#6 transferring context: 459B done
#6 DONE 0.0s

#7 [internal] load build context
#7 transferring context: 447.43kB 0.0s done
#7 DONE 0.0s

#8 [php-base 1/4] FROM docker.io/library/php@sha256:aba7168955e4b1e1f5e61e2e5a0257eff5b1563d3fc4ca272373183b57f53005
#8 resolve docker.io/library/php@sha256:aba7168955e4b1e1f5e61e2e5a0257eff5b1563d3fc4ca272373183b57f53005 done
#8 sha256:aba7168955e4b1e1f5e61e2e5a0257eff5b1563d3fc4ca272373183b57f53005 3.06kB / 3.06kB done
#8 sha256:85f9cb16cda15e529ff77ae3e00e7e8d3a843ceee194b9c2dfd8c0d74309cca1 10.34kB / 10.34kB done
#8 sha256:934d19571d8a4f7b570ed89cb61f5bcb538475fbc4938299f4599d3a3596193b 0B / 3.49MB 0.1s
#8 sha256:4c278b0a8d2c61c0a002423a220cfdf9ca79aab868a97f7e5b3eb16d94088547 0B / 930B 0.1s
#8 sha256:4f5c3887d482c8caa210c801211fc5eb67e44983796b4660cb729b000e3f56de 0B / 223B 0.1s
#8 sha256:934d19571d8a4f7b570ed89cb61f5bcb538475fbc4938299f4599d3a3596193b 1.05MB / 3.49MB 0.2s
#8 sha256:4c278b0a8d2c61c0a002423a220cfdf9ca79aab868a97f7e5b3eb16d94088547 930B / 930B 0.2s done
#8 sha256:4f5c3887d482c8caa210c801211fc5eb67e44983796b4660cb729b000e3f56de 223B / 223B 0.2s done
#8 sha256:57b8ec589d859e1168ce64a7fbc82824564ca41c25e46de2875e9aa3aa7e5fef 0B / 14.49MB 0.2s
#8 sha256:1648a51c22c2f4ef597100b621c5c7e25c17142413fd33a0e1aca12b4033eae5 0B / 488B 0.2s
#8 sha256:934d19571d8a4f7b570ed89cb61f5bcb538475fbc4938299f4599d3a3596193b 3.49MB / 3.49MB 0.2s done
#8 sha256:1648a51c22c2f4ef597100b621c5c7e25c17142413fd33a0e1aca12b4033eae5 488B / 488B 0.3s done
#8 extracting sha256:934d19571d8a4f7b570ed89cb61f5bcb538475fbc4938299f4599d3a3596193b 0.1s
#8 sha256:6548a80622581338b724b916df3347c97fe9dac3d1014f33ffcb031bdfd6e461 0B / 16.86MB 0.3s
#8 sha256:ff3df8f32479794328057f8a707add445da333f9cc82c9f1750dca2ce16854d0 0B / 2.45kB 0.3s
#8 sha256:57b8ec589d859e1168ce64a7fbc82824564ca41c25e46de2875e9aa3aa7e5fef 14.49MB / 14.49MB 0.5s
#8 extracting sha256:934d19571d8a4f7b570ed89cb61f5bcb538475fbc4938299f4599d3a3596193b 0.1s done
#8 sha256:6548a80622581338b724b916df3347c97fe9dac3d1014f33ffcb031bdfd6e461 16.86MB / 16.86MB 0.4s done
#8 sha256:ff3df8f32479794328057f8a707add445da333f9cc82c9f1750dca2ce16854d0 2.45kB / 2.45kB 0.3s done
#8 sha256:d17435b90723edae2dde2757045a29da3c2f4b0ba24a47f7d1a03fd473648732 22.43kB / 22.43kB 0.4s done
#8 sha256:4f4fb700ef54461cfa02571ae0db9a0dc1e0cdb5577484a6d75e68dc38e8acc1 0B / 32B 0.5s
#8 sha256:760ec49cf7f828a1bca9e0cb21b2ef44a9e854b5aee73dc93b769f09cb9f83c6 9.26kB / 9.26kB 0.5s
#8 sha256:57b8ec589d859e1168ce64a7fbc82824564ca41c25e46de2875e9aa3aa7e5fef 14.49MB / 14.49MB 0.6s done
#8 sha256:4f4fb700ef54461cfa02571ae0db9a0dc1e0cdb5577484a6d75e68dc38e8acc1 32B / 32B 0.7s
#8 sha256:4f4fb700ef54461cfa02571ae0db9a0dc1e0cdb5577484a6d75e68dc38e8acc1 32B / 32B 0.9s done
#8 sha256:760ec49cf7f828a1bca9e0cb21b2ef44a9e854b5aee73dc93b769f09cb9f83c6 9.26kB / 9.26kB 0.7s done
#8 extracting sha256:4c278b0a8d2c61c0a002423a220cfdf9ca79aab868a97f7e5b3eb16d94088547 done
#8 extracting sha256:4f5c3887d482c8caa210c801211fc5eb67e44983796b4660cb729b000e3f56de done
#8 extracting sha256:57b8ec589d859e1168ce64a7fbc82824564ca41c25e46de2875e9aa3aa7e5fef
#8 extracting sha256:57b8ec589d859e1168ce64a7fbc82824564ca41c25e46de2875e9aa3aa7e5fef 0.1s done
#8 extracting sha256:1648a51c22c2f4ef597100b621c5c7e25c17142413fd33a0e1aca12b4033eae5 done
#8 extracting sha256:6548a80622581338b724b916df3347c97fe9dac3d1014f33ffcb031bdfd6e461 0.1s
#8 extracting sha256:6548a80622581338b724b916df3347c97fe9dac3d1014f33ffcb031bdfd6e461 0.6s done
#8 extracting sha256:ff3df8f32479794328057f8a707add445da333f9cc82c9f1750dca2ce16854d0
#8 extracting sha256:ff3df8f32479794328057f8a707add445da333f9cc82c9f1750dca2ce16854d0 done
#8 extracting sha256:d17435b90723edae2dde2757045a29da3c2f4b0ba24a47f7d1a03fd473648732 done
#8 extracting sha256:4f4fb700ef54461cfa02571ae0db9a0dc1e0cdb5577484a6d75e68dc38e8acc1 done
#8 extracting sha256:760ec49cf7f828a1bca9e0cb21b2ef44a9e854b5aee73dc93b769f09cb9f83c6 done
#8 DONE 4.4s

#9 [php-base 2/4] COPY build/download-apks.php build/apk.lock.json /tmp/service-build/
#9 DONE 0.0s

#10 [composer-tool 1/1] FROM docker.io/library/composer@sha256:bdd249749908be12facc9dec72e19704371bb893f96dff3e024ec89528a5a08d
#10 resolve docker.io/library/composer@sha256:bdd249749908be12facc9dec72e19704371bb893f96dff3e024ec89528a5a08d done
#10 sha256:bdd249749908be12facc9dec72e19704371bb893f96dff3e024ec89528a5a08d 3.61kB / 3.61kB done
#10 sha256:87ef1f7078ab07ff3822199a1572016cd47bc5dc5cd9aae9e6f2d9b2884a50f9 12.14kB / 12.14kB done
#10 sha256:c74954296e3dcddf622cc98260e98c4dcf93fa3a75aa35323873dd266bd4bd1e 3.49MB / 3.49MB 1.2s done
#10 sha256:108ad594590ceb72747aa8d762dc9fb9d1f6377ac3e991684c4ee9c46d38e2fa 215B / 215B 1.2s done
#10 extracting sha256:c74954296e3dcddf622cc98260e98c4dcf93fa3a75aa35323873dd266bd4bd1e 0.2s done
#10 sha256:406faa0b22ce98d8b28e44c625e146357adf030ab36c13a5bcdc3d4d05696978 931B / 931B 1.3s done
#10 sha256:88c97ededfa581ed39cd2fad6551d825b2f6527397e92c2eafa80648778438b6 14.49MB / 14.49MB 1.4s done
#10 sha256:0bfa53ef058425d39dda0dc330b0afa6aef24ed3cac2b9cb8461ee73d98e1667 490B / 490B 1.4s done
#10 sha256:6361c0c16a9abd0a1ac1a96c836fd6273a651e1a15d291e2811f1e36904c0f96 22.83MB / 22.83MB 2.0s done
#10 sha256:b7fa1c822b375082f66aed3706a736de5ac75f201b684d75f728d3f8218d94be 2.45kB / 2.45kB 1.5s done
#10 sha256:52bc90a67a58631429510dce4678820c6c9f4f7401f893e131eab5e61d6e4ba1 22.43kB / 22.43kB 1.8s done
#10 sha256:b643345218f3d9927c0c0a2c77e668efb8875590c035958d065feb6c5ae2b1b1 31.96MB / 31.96MB 2.0s done
#10 sha256:8806a571cc741e14b8f9231f56c52579b3d524dfddf2ba831dfc13dbdafcb292 253B / 253B 2.1s done
#10 sha256:92421a00585b560d1bf778295d236587186c4650824389f597ff4f21925040f8 419B / 419B 2.1s done
#10 sha256:6f7b1962d76481345b26e2686cfd94cb8f3d3d9d4b9bd5473b4c8e9a7929cd76 1.08MB / 1.08MB 2.1s done
#10 sha256:1755349a9517f4193071aca80c53be43652721fbd4ca9b15bb18c4fb1fed3a96 93B / 93B 2.1s done
#10 extracting sha256:406faa0b22ce98d8b28e44c625e146357adf030ab36c13a5bcdc3d4d05696978 done
#10 extracting sha256:108ad594590ceb72747aa8d762dc9fb9d1f6377ac3e991684c4ee9c46d38e2fa done
#10 extracting sha256:88c97ededfa581ed39cd2fad6551d825b2f6527397e92c2eafa80648778438b6 0.1s done
#10 extracting sha256:0bfa53ef058425d39dda0dc330b0afa6aef24ed3cac2b9cb8461ee73d98e1667 done
#10 extracting sha256:6361c0c16a9abd0a1ac1a96c836fd6273a651e1a15d291e2811f1e36904c0f96 0.7s done
#10 extracting sha256:b7fa1c822b375082f66aed3706a736de5ac75f201b684d75f728d3f8218d94be done
#10 extracting sha256:52bc90a67a58631429510dce4678820c6c9f4f7401f893e131eab5e61d6e4ba1 done
#10 extracting sha256:b643345218f3d9927c0c0a2c77e668efb8875590c035958d065feb6c5ae2b1b1
#10 extracting sha256:b643345218f3d9927c0c0a2c77e668efb8875590c035958d065feb6c5ae2b1b1 1.1s done
#10 extracting sha256:8806a571cc741e14b8f9231f56c52579b3d524dfddf2ba831dfc13dbdafcb292
#10 extracting sha256:8806a571cc741e14b8f9231f56c52579b3d524dfddf2ba831dfc13dbdafcb292 done
#10 extracting sha256:6f7b1962d76481345b26e2686cfd94cb8f3d3d9d4b9bd5473b4c8e9a7929cd76 0.0s done
#10 extracting sha256:92421a00585b560d1bf778295d236587186c4650824389f597ff4f21925040f8 done
#10 extracting sha256:1755349a9517f4193071aca80c53be43652721fbd4ca9b15bb18c4fb1fed3a96 done
#10 DONE 5.6s

#11 [php-base 3/4] RUN : > /etc/apk/repositories     && php /tmp/service-build/download-apks.php build     && apk add --no-network --repositories-file /dev/null --virtual .phpize-deps /tmp/service-apks/*.apk     && docker-php-ext-install -j2 pdo_pgsql sockets     && apk add --no-network --repositories-file /dev/null libpq=18.6-r0 openssl=3.5.9-r0     && apk del --no-network .phpize-deps     && rm -rf /tmp/service-apks /tmp/service-build     && cp "/usr/local/etc/php/php.ini-production" "/usr/local/etc/php/php.ini"
#11 13.45 ( 1/57) Installing m4 (1.4.20-r1)
#11 13.46 ( 2/57) Installing libbz2 (1.0.8-r6)
#11 13.46 ( 3/57) Installing perl (5.42.2-r1)
#11 13.74 ( 4/57) Installing autoconf (2.73-r0)
#11 13.75 ( 5/57) Installing jansson (2.15.0-r0)
#11 13.75 ( 6/57) Installing libstdc++ (15.2.0-r5)
#11 13.76 ( 7/57) Installing binutils (2.45.1-r1)
#11 13.82 ( 8/57) Installing clang22-headers (22.1.3-r2)
#11 13.87 ( 9/57) Installing libffi (3.5.2-r1)
#11 13.87 (10/57) Installing llvm22-libs (22.1.3-r0)
#11 14.67 (11/57) Installing clang22-libs (22.1.3-r2)
#11 15.12 (12/57) Installing fortify-headers (3.0.1-r2)
#11 15.12 (13/57) Installing libgcc-static (15.2.0-r5)
#11 15.13 (14/57) Installing libstdc++-dev (15.2.0-r5)
#11 15.27 (15/57) Installing llvm22-linker-tools (22.1.3-r0)
#11 15.27 (16/57) Installing musl-dev (1.2.6-r2)
#11 15.32 (17/57) Installing clang22 (22.1.3-r2)
#11 15.33 (18/57) Installing libmd (1.2.0-r0)
#11 15.33 (19/57) Installing dpkg (1.23.7-r0)
#11 15.34 (20/57) Installing pkgconf (2.5.1-r0)
#11 15.35 (21/57) Installing dpkg-dev (1.23.7-r0)
#11 15.37 (22/57) Installing libmagic (5.47-r2)
#11 15.39 (23/57) Installing file (5.47-r2)
#11 15.39 (24/57) Installing libgomp (15.2.0-r5)
#11 15.39 (25/57) Installing libatomic (15.2.0-r5)
#11 15.39 (26/57) Installing gmp (6.3.0-r4)
#11 15.39 (27/57) Installing isl26 (0.26-r2)
#11 15.40 (28/57) Installing mpfr4 (4.2.2-r0)
#11 15.41 (29/57) Installing mpc1 (1.3.1-r1)
#11 15.41 (30/57) Installing gcc (15.2.0-r5)
#11 16.19 (31/57) Installing g++ (15.2.0-r5)
#11 16.40 (32/57) Installing icu-data-en (78.1-r0)
#11 16.41   Executing icu-data-en-78.1-r0.post-install
#11 16.41   * If you need ICU with non-English locales and legacy charset support, install
#11 16.41   * package icu-data-full.
#11 16.41 (33/57) Installing icu-libs (78.1-r0)
#11 16.44 (34/57) Installing icu (78.1-r0)
#11 16.44 (35/57) Installing icu-dev (78.1-r0)
#11 16.49 (36/57) Upgrading libcrypto3 (3.5.8-r0 -> 3.5.9-r0)
#11 16.52 (37/57) Upgrading nghttp2-libs (1.69.0-r0 -> 1.70.0-r0)
#11 16.52 (38/57) Upgrading libssl3 (3.5.8-r0 -> 3.5.9-r0)
#11 16.52 (39/57) Installing libpq (18.6-r0)
#11 16.53 (40/57) Installing libecpg (18.6-r0)
#11 16.53 (41/57) Installing openssl-dev (3.5.9-r0)
#11 16.55 (42/57) Installing libpq-dev (18.6-r0)
#11 16.56 (43/57) Installing libecpg-dev (18.6-r0)
#11 16.56 (44/57) Installing liburing (2.14-r0)
#11 16.56 (45/57) Installing liburing-ffi (2.14-r0)
#11 16.57 (46/57) Installing liburing-dev (2.14-r0)
#11 16.57 (47/57) Installing linux-headers (7.0.0-r1)
#11 16.69 (48/57) Installing llvm22 (22.1.3-r0)
#11 17.27 (49/57) Installing lz4-libs (1.10.0-r1)
#11 17.27 (50/57) Installing lz4-dev (1.10.0-r1)
#11 17.27 (51/57) Installing make (4.4.1-r4)
#11 17.27 (52/57) Upgrading openssl (3.5.8-r0 -> 3.5.9-r0)
#11 17.27 (53/57) Installing zstd (1.5.7-r2)
#11 17.28 (54/57) Installing zstd-dev (1.5.7-r2)
#11 17.28 (55/57) Installing postgresql18-dev (18.6-r0)
#11 17.39 (56/57) Installing re2c (4.5.1-r0)
#11 17.43 (57/57) Installing .phpize-deps (20261005.073735)
#11 17.43 Executing busybox-1.37.0-r31.trigger
#11 17.44 Executing ca-certificates-20260909-r0.trigger
#11 17.47 OK: 778.5 MiB in 94 packages
#11 19.35 Configuring for:
#11 19.35 PHP Version:             8.5
#11 19.35 PHP Api Version:         20250925
#11 19.35 Zend Module Api No:      20250925
#11 19.35 Zend Extension Api No:   420250925
#11 20.20 checking for grep that handles long lines and -e... /bin/grep
#11 20.24 checking for egrep... /bin/grep -E
#11 20.24 checking for a sed that does not truncate output... /bin/sed
#11 20.26 checking build system type... x86_64-pc-linux-musl
#11 20.26 checking host system type... x86_64-pc-linux-musl
#11 20.26 checking target system type... x86_64-pc-linux-musl
#11 20.28 shtool:echo:Warning: unable to determine terminal sequence for bold mode
#11 20.30 shtool:echo:Warning: unable to determine terminal sequence for bold mode
#11 20.31 checking for gawk... no
#11 20.31 checking for nawk... no
#11 20.31 checking for awk... awk
#11 20.31 checking if awk is broken... no
#11 20.31 checking for pkg-config... /usr/bin/pkg-config
#11 20.31 checking pkg-config is at least version 0.9.0... yes
#11 20.31 checking for cc... cc
#11 20.33 checking whether the C compiler works... yes
#11 20.37 checking for C compiler default output file name... a.out
#11 20.37 checking for suffix of executables... 
#11 20.40 checking whether we are cross compiling... no
#11 20.44 checking for suffix of object files... o
#11 20.46 checking whether the compiler supports GNU C... yes
#11 20.48 checking whether cc accepts -g... yes
#11 20.50 checking for cc option to enable C23 features... unsupported
#11 20.54 checking for cc option to enable C11 features... none needed
#11 20.60 checking how to run the C preprocessor... cc -E
#11 20.65 checking for egrep -e... (cached) /bin/grep -E
#11 20.65 checking for icc... no
#11 20.66 checking for suncc... no
#11 20.67 checking for system library directory... lib
#11 20.67 checking if compiler supports -Wl,-rpath,... yes
#11 20.71 checking for PHP prefix... /usr/local
#11 20.71 checking for PHP includes... -I/usr/local/include/php -I/usr/local/include/php/main -I/usr/local/include/php/TSRM -I/usr/local/include/php/Zend -I/usr/local/include/php/ext -I/usr/local/include/php/ext/date/lib
#11 20.71 checking for PHP extension directory... /usr/local/lib/php/extensions/no-debug-non-zts-20250925
#11 20.71 checking for PHP installed headers prefix... /usr/local/include/php
#11 20.71 checking if debugging is enabled... no
#11 20.73 checking if PHP is built with thread safety (ZTS)... no
#11 20.74 
#11 20.74 Configuring extension
#11 20.74 checking for PostgreSQL support for PDO... yes, shared
#11 20.74 checking for libpq >= 10.0... yes
#11 20.75 checking for PQencryptPasswordConn in -lpq... yes
#11 20.81 checking for PQresultMemorySize in -lpq... yes
#11 20.86 checking for PQclosePrepared in -lpq... yes
#11 20.91 checking for PQclosePortal in -lpq... yes
#11 20.96 checking for PDO includes... /usr/local/include/php/ext
#11 20.96 
#11 20.96 Configuring libtool
#11 20.96 checking for a sed that does not truncate output... /bin/sed
#11 20.96 checking for ld used by cc... /usr/x86_64-alpine-linux-musl/bin/ld
#11 20.97 checking if the linker (/usr/x86_64-alpine-linux-musl/bin/ld) is GNU ld... yes
#11 20.97 checking for /usr/x86_64-alpine-linux-musl/bin/ld option to reload object files... -r
#11 20.97 checking for BSD-compatible nm... /usr/bin/nm -B
#11 20.97 checking whether ln -s works... yes
#11 20.98 checking how to recognize dependent libraries... pass_all
#11 20.99 checking for stdio.h... yes
#11 21.01 checking for stdlib.h... yes
#11 21.03 checking for string.h... yes
#11 21.05 checking for inttypes.h... yes
#11 21.08 checking for stdint.h... yes
#11 21.10 checking for strings.h... yes
#11 21.13 checking for sys/stat.h... yes
#11 21.16 checking for sys/types.h... yes
#11 21.18 checking for unistd.h... yes
#11 21.22 checking for dlfcn.h... yes
#11 21.25 checking the maximum length of command line arguments... 98304
#11 21.25 checking command to parse /usr/bin/nm -B output from cc object... ok
#11 21.31 checking for objdir... .libs
#11 21.31 checking for ar... ar
#11 21.31 checking for ranlib... ranlib
#11 21.31 checking for strip... strip
#11 21.36 checking if cc supports -fno-rtti -fno-exceptions... no
#11 21.38 checking for cc option to produce PIC... -fPIC
#11 21.38 checking if cc PIC flag -fPIC works... yes
#11 21.39 checking if cc static flag -static works... yes
#11 21.43 checking if cc supports -c -o file.o... yes
#11 21.45 checking whether the cc linker (/usr/x86_64-alpine-linux-musl/bin/ld -m elf_x86_64) supports shared libraries... yes
#11 21.46 checking whether -lc should be explicitly linked in... no
#11 21.48 checking dynamic linker characteristics... GNU/Linux ld.so
#11 21.49 checking how to hardcode library paths into programs... immediate
#11 21.49 checking whether stripping libraries is possible... yes
#11 21.49 checking if libtool supports shared libraries... yes
#11 21.49 checking whether to build shared libraries... yes
#11 21.49 checking whether to build static libraries... no
#11 21.56 
#11 21.56 creating libtool
#11 21.60 appending configuration tag "CXX" to libtool
#11 21.61 
#11 21.61 Generating files
#11 21.63 configure: creating build directories
#11 21.64 configure: creating Makefile
#11 21.65 configure: patching config.h.in
#11 21.65 configure: creating ./config.status
#11 21.68 config.status: creating config.h
#11 21.71 /bin/sh /usr/src/php/ext/pdo_pgsql/libtool --tag=CC --mode=compile cc -I. -I/usr/src/php/ext/pdo_pgsql -I/usr/local/include/php -I/usr/local/include/php/main -I/usr/local/include/php/TSRM -I/usr/local/include/php/Zend -I/usr/local/include/php/ext -I/usr/local/include/php/ext/date/lib -I/usr/include/postgresql  -fstack-protector-strong -fpic -fpie -O2 -D_LARGEFILE_SOURCE -D_FILE_OFFSET_BITS=64 -DHAVE_CONFIG_H  -fstack-protector-strong -fpic -fpie -O2 -D_LARGEFILE_SOURCE -D_FILE_OFFSET_BITS=64 -D_GNU_SOURCE    -DZEND_COMPILE_DL_EXT=1 -c /usr/src/php/ext/pdo_pgsql/pdo_pgsql.c -o pdo_pgsql.lo  -MMD -MF pdo_pgsql.dep -MT pdo_pgsql.lo
#11 21.71 /bin/sh /usr/src/php/ext/pdo_pgsql/libtool --tag=CC --mode=compile cc -I. -I/usr/src/php/ext/pdo_pgsql -I/usr/local/include/php -I/usr/local/include/php/main -I/usr/local/include/php/TSRM -I/usr/local/include/php/Zend -I/usr/local/include/php/ext -I/usr/local/include/php/ext/date/lib -I/usr/include/postgresql  -fstack-protector-strong -fpic -fpie -O2 -D_LARGEFILE_SOURCE -D_FILE_OFFSET_BITS=64 -DHAVE_CONFIG_H  -fstack-protector-strong -fpic -fpie -O2 -D_LARGEFILE_SOURCE -D_FILE_OFFSET_BITS=64 -D_GNU_SOURCE    -DZEND_COMPILE_DL_EXT=1 -c /usr/src/php/ext/pdo_pgsql/pgsql_driver.c -o pgsql_driver.lo  -MMD -MF pgsql_driver.dep -MT pgsql_driver.lo
#11 21.76 mkdir .libs
#11 21.76 mkdir .libs
#11 21.76 mkdir: can't create directory '.libs': File exists
#11 21.76  cc -I. -I/usr/src/php/ext/pdo_pgsql -I/usr/local/include/php -I/usr/local/include/php/main -I/usr/local/include/php/TSRM -I/usr/local/include/php/Zend -I/usr/local/include/php/ext -I/usr/local/include/php/ext/date/lib -I/usr/include/postgresql -fstack-protector-strong -fpic -fpie -O2 -D_LARGEFILE_SOURCE -D_FILE_OFFSET_BITS=64 -DHAVE_CONFIG_H -fstack-protector-strong -fpic -fpie -O2 -D_LARGEFILE_SOURCE -D_FILE_OFFSET_BITS=64 -D_GNU_SOURCE -DZEND_COMPILE_DL_EXT=1 -c /usr/src/php/ext/pdo_pgsql/pgsql_driver.c -MMD -MF pgsql_driver.dep -MT pgsql_driver.lo  -fPIC -DPIC -o .libs/pgsql_driver.o
#11 21.76  cc -I. -I/usr/src/php/ext/pdo_pgsql -I/usr/local/include/php -I/usr/local/include/php/main -I/usr/local/include/php/TSRM -I/usr/local/include/php/Zend -I/usr/local/include/php/ext -I/usr/local/include/php/ext/date/lib -I/usr/include/postgresql -fstack-protector-strong -fpic -fpie -O2 -D_LARGEFILE_SOURCE -D_FILE_OFFSET_BITS=64 -DHAVE_CONFIG_H -fstack-protector-strong -fpic -fpie -O2 -D_LARGEFILE_SOURCE -D_FILE_OFFSET_BITS=64 -D_GNU_SOURCE -DZEND_COMPILE_DL_EXT=1 -c /usr/src/php/ext/pdo_pgsql/pdo_pgsql.c -MMD -MF pdo_pgsql.dep -MT pdo_pgsql.lo  -fPIC -DPIC -o .libs/pdo_pgsql.o
#11 22.12 /bin/sh /usr/src/php/ext/pdo_pgsql/libtool --tag=CC --mode=compile cc -I. -I/usr/src/php/ext/pdo_pgsql -I/usr/local/include/php -I/usr/local/include/php/main -I/usr/local/include/php/TSRM -I/usr/local/include/php/Zend -I/usr/local/include/php/ext -I/usr/local/include/php/ext/date/lib -I/usr/include/postgresql  -fstack-protector-strong -fpic -fpie -O2 -D_LARGEFILE_SOURCE -D_FILE_OFFSET_BITS=64 -DHAVE_CONFIG_H  -fstack-protector-strong -fpic -fpie -O2 -D_LARGEFILE_SOURCE -D_FILE_OFFSET_BITS=64 -D_GNU_SOURCE    -DZEND_COMPILE_DL_EXT=1 -c /usr/src/php/ext/pdo_pgsql/pgsql_statement.c -o pgsql_statement.lo  -MMD -MF pgsql_statement.dep -MT pgsql_statement.lo
#11 22.17  cc -I. -I/usr/src/php/ext/pdo_pgsql -I/usr/local/include/php -I/usr/local/include/php/main -I/usr/local/include/php/TSRM -I/usr/local/include/php/Zend -I/usr/local/include/php/ext -I/usr/local/include/php/ext/date/lib -I/usr/include/postgresql -fstack-protector-strong -fpic -fpie -O2 -D_LARGEFILE_SOURCE -D_FILE_OFFSET_BITS=64 -DHAVE_CONFIG_H -fstack-protector-strong -fpic -fpie -O2 -D_LARGEFILE_SOURCE -D_FILE_OFFSET_BITS=64 -D_GNU_SOURCE -DZEND_COMPILE_DL_EXT=1 -c /usr/src/php/ext/pdo_pgsql/pgsql_statement.c -MMD -MF pgsql_statement.dep -MT pgsql_statement.lo  -fPIC -DPIC -o .libs/pgsql_statement.o
#11 22.73 /bin/sh /usr/src/php/ext/pdo_pgsql/libtool --tag=CC --mode=compile cc -I. -I/usr/src/php/ext/pdo_pgsql -I/usr/local/include/php -I/usr/local/include/php/main -I/usr/local/include/php/TSRM -I/usr/local/include/php/Zend -I/usr/local/include/php/ext -I/usr/local/include/php/ext/date/lib -I/usr/include/postgresql  -fstack-protector-strong -fpic -fpie -O2 -D_LARGEFILE_SOURCE -D_FILE_OFFSET_BITS=64 -DHAVE_CONFIG_H  -fstack-protector-strong -fpic -fpie -O2 -D_LARGEFILE_SOURCE -D_FILE_OFFSET_BITS=64 -D_GNU_SOURCE    -DZEND_COMPILE_DL_EXT=1 -c /usr/src/php/ext/pdo_pgsql/pgsql_sql_parser.c -o pgsql_sql_parser.lo  -MMD -MF pgsql_sql_parser.dep -MT pgsql_sql_parser.lo
#11 22.78  cc -I. -I/usr/src/php/ext/pdo_pgsql -I/usr/local/include/php -I/usr/local/include/php/main -I/usr/local/include/php/TSRM -I/usr/local/include/php/Zend -I/usr/local/include/php/ext -I/usr/local/include/php/ext/date/lib -I/usr/include/postgresql -fstack-protector-strong -fpic -fpie -O2 -D_LARGEFILE_SOURCE -D_FILE_OFFSET_BITS=64 -DHAVE_CONFIG_H -fstack-protector-strong -fpic -fpie -O2 -D_LARGEFILE_SOURCE -D_FILE_OFFSET_BITS=64 -D_GNU_SOURCE -DZEND_COMPILE_DL_EXT=1 -c /usr/src/php/ext/pdo_pgsql/pgsql_sql_parser.c -MMD -MF pgsql_sql_parser.dep -MT pgsql_sql_parser.lo  -fPIC -DPIC -o .libs/pgsql_sql_parser.o
#11 23.00 /bin/sh /usr/src/php/ext/pdo_pgsql/libtool --tag=CC --mode=link cc -shared -I/usr/local/include/php -I/usr/local/include/php/main -I/usr/local/include/php/TSRM -I/usr/local/include/php/Zend -I/usr/local/include/php/ext -I/usr/local/include/php/ext/date/lib -I/usr/include/postgresql  -fstack-protector-strong -fpic -fpie -O2 -D_LARGEFILE_SOURCE -D_FILE_OFFSET_BITS=64 -DHAVE_CONFIG_H  -fstack-protector-strong -fpic -fpie -O2 -D_LARGEFILE_SOURCE -D_FILE_OFFSET_BITS=64 -D_GNU_SOURCE  -Wl,-O1 -pie  -o pdo_pgsql.la -export-dynamic -avoid-version -prefer-pic -module -rpath /usr/src/php/ext/pdo_pgsql/modules  pdo_pgsql.lo pgsql_driver.lo pgsql_statement.lo pgsql_sql_parser.lo -lpq
#11 23.05 cc -shared  .libs/pdo_pgsql.o .libs/pgsql_driver.o .libs/pgsql_statement.o .libs/pgsql_sql_parser.o  -lpq  -Wl,-O1 -Wl,-soname -Wl,pdo_pgsql.so -o .libs/pdo_pgsql.so
#11 23.06 creating pdo_pgsql.la
#11 23.06 (cd .libs && rm -f pdo_pgsql.la && ln -s ../pdo_pgsql.la pdo_pgsql.la)
#11 23.07 /bin/sh /usr/src/php/ext/pdo_pgsql/libtool --tag=CC --mode=install cp ./pdo_pgsql.la /usr/src/php/ext/pdo_pgsql/modules
#11 23.08 cp ./.libs/pdo_pgsql.so /usr/src/php/ext/pdo_pgsql/modules/pdo_pgsql.so
#11 23.08 cp ./.libs/pdo_pgsql.lai /usr/src/php/ext/pdo_pgsql/modules/pdo_pgsql.la
#11 23.09 PATH="$PATH:/sbin" ldconfig -n /usr/src/php/ext/pdo_pgsql/modules
#11 23.10 ----------------------------------------------------------------------
#11 23.10 Libraries have been installed in:
#11 23.10    /usr/src/php/ext/pdo_pgsql/modules
#11 23.10 
#11 23.10 If you ever happen to want to link against installed libraries
#11 23.10 in a given directory, LIBDIR, you must either use libtool, and
#11 23.10 specify the full pathname of the library, or use the `-LLIBDIR'
#11 23.10 flag during linking and do at least one of the following:
#11 23.10    - add LIBDIR to the `LD_LIBRARY_PATH' environment variable
#11 23.10      during execution
#11 23.10    - add LIBDIR to the `LD_RUN_PATH' environment variable
#11 23.10      during linking
#11 23.10    - use the `-Wl,--rpath -Wl,LIBDIR' linker flag
#11 23.10 
#11 23.10 See any operating system documentation about shared libraries for
#11 23.10 more information, such as the ld(1) and ld.so(8) manual pages.
#11 23.10 ----------------------------------------------------------------------
#11 23.10 
#11 23.10 Build complete.
#11 23.10 Don't forget to run 'make test'.
#11 23.10 
#11 23.12 + strip --strip-all modules/pdo_pgsql.so
#11 23.14 Installing shared extensions:     /usr/local/lib/php/extensions/no-debug-non-zts-20250925/
#11 23.22 find . -name \*.gcno -o -name \*.gcda | xargs rm -f
#11 23.23 find . -name \*.lo -o -name \*.o -o -name \*.dep | xargs rm -f
#11 23.23 find . -name \*.la -o -name \*.a | xargs rm -f
#11 23.23 find . -name \*.so | xargs rm -f
#11 23.23 find . -name .libs -a -type d|xargs rm -rf
#11 23.24 rm -f libphp.la        modules/* libs/*
#11 23.24 rm -f ext/opcache/jit/ir/gen_ir_fold_hash
#11 23.24 rm -f ext/opcache/jit/ir/minilua
#11 23.24 rm -f ext/opcache/jit/ir/ir_fold_hash.h
#11 23.24 rm -f ext/opcache/jit/ir/ir_emit_x86.h
#11 23.24 rm -f ext/opcache/jit/ir/ir_emit_aarch64.h
#11 23.27 Configuring for:
#11 23.27 PHP Version:             8.5
#11 23.27 PHP Api Version:         20250925
#11 23.27 Zend Module Api No:      20250925
#11 23.27 Zend Extension Api No:   420250925
#11 24.11 checking for grep that handles long lines and -e... /bin/grep
#11 24.15 checking for egrep... /bin/grep -E
#11 24.15 checking for a sed that does not truncate output... /bin/sed
#11 24.17 checking build system type... x86_64-pc-linux-musl
#11 24.17 checking host system type... x86_64-pc-linux-musl
#11 24.17 checking target system type... x86_64-pc-linux-musl
#11 24.19 shtool:echo:Warning: unable to determine terminal sequence for bold mode
#11 24.21 shtool:echo:Warning: unable to determine terminal sequence for bold mode
#11 24.22 checking for gawk... no
#11 24.22 checking for nawk... no
#11 24.22 checking for awk... awk
#11 24.22 checking if awk is broken... no
#11 24.22 checking for pkg-config... /usr/bin/pkg-config
#11 24.22 checking pkg-config is at least version 0.9.0... yes
#11 24.22 checking for cc... cc
#11 24.24 checking whether the C compiler works... yes
#11 24.27 checking for C compiler default output file name... a.out
#11 24.28 checking for suffix of executables... 
#11 24.31 checking whether we are cross compiling... no
#11 24.35 checking for suffix of object files... o
#11 24.37 checking whether the compiler supports GNU C... yes
#11 24.39 checking whether cc accepts -g... yes
#11 24.41 checking for cc option to enable C23 features... unsupported
#11 24.44 checking for cc option to enable C11 features... none needed
#11 24.51 checking how to run the C preprocessor... cc -E
#11 24.55 checking for egrep -e... (cached) /bin/grep -E
#11 24.55 checking for icc... no
#11 24.56 checking for suncc... no
#11 24.57 checking for system library directory... lib
#11 24.57 checking if compiler supports -Wl,-rpath,... yes
#11 24.62 checking for PHP prefix... /usr/local
#11 24.62 checking for PHP includes... -I/usr/local/include/php -I/usr/local/include/php/main -I/usr/local/include/php/TSRM -I/usr/local/include/php/Zend -I/usr/local/include/php/ext -I/usr/local/include/php/ext/date/lib
#11 24.62 checking for PHP extension directory... /usr/local/lib/php/extensions/no-debug-non-zts-20250925
#11 24.62 checking for PHP installed headers prefix... /usr/local/include/php
#11 24.62 checking if debugging is enabled... no
#11 24.63 checking if PHP is built with thread safety (ZTS)... no
#11 24.65 
#11 24.65 Configuring extension
#11 24.65 checking whether to enable sockets support... yes, shared
#11 24.65 checking for hstrerror... yes
#11 24.68 checking for if_nametoindex... yes
#11 24.71 checking for if_indextoname... yes
#11 24.75 checking for sockatmark... yes
#11 24.78 checking for accept4... yes
#11 24.82 checking for stdio.h... yes
#11 24.83 checking for stdlib.h... yes
#11 24.85 checking for string.h... yes
#11 24.88 checking for inttypes.h... yes
#11 24.90 checking for stdint.h... yes
#11 24.93 checking for strings.h... yes
#11 24.96 checking for sys/stat.h... yes
#11 24.98 checking for sys/types.h... yes
#11 25.01 checking for unistd.h... yes
#11 25.04 checking for sys/sockio.h... no
#11 25.07 checking for linux/filter.h... yes
#11 25.11 checking for linux/if_packet.h... yes
#11 25.14 checking for linux/if_ether.h... yes
#11 25.17 checking for linux/udp.h... yes
#11 25.21 checking for struct sockaddr_storage.ss_family... yes
#11 25.23 checking for struct ucred... yes
#11 25.27 checking for struct cmsgcred... no
#11 25.29 
#11 25.29 Configuring libtool
#11 25.29 checking for a sed that does not truncate output... /bin/sed
#11 25.30 checking for ld used by cc... /usr/x86_64-alpine-linux-musl/bin/ld
#11 25.30 checking if the linker (/usr/x86_64-alpine-linux-musl/bin/ld) is GNU ld... yes
#11 25.31 checking for /usr/x86_64-alpine-linux-musl/bin/ld option to reload object files... -r
#11 25.31 checking for BSD-compatible nm... /usr/bin/nm -B
#11 25.31 checking whether ln -s works... yes
#11 25.31 checking how to recognize dependent libraries... pass_all
#11 25.32 checking for dlfcn.h... yes
#11 25.35 checking the maximum length of command line arguments... 98304
#11 25.36 checking command to parse /usr/bin/nm -B output from cc object... ok
#11 25.41 checking for objdir... .libs
#11 25.42 checking for ar... ar
#11 25.42 checking for ranlib... ranlib
#11 25.42 checking for strip... strip
#11 25.46 checking if cc supports -fno-rtti -fno-exceptions... no
#11 25.48 checking for cc option to produce PIC... -fPIC
#11 25.48 checking if cc PIC flag -fPIC works... yes
#11 25.50 checking if cc static flag -static works... yes
#11 25.53 checking if cc supports -c -o file.o... yes
#11 25.55 checking whether the cc linker (/usr/x86_64-alpine-linux-musl/bin/ld -m elf_x86_64) supports shared libraries... yes
#11 25.56 checking whether -lc should be explicitly linked in... no
#11 25.58 checking dynamic linker characteristics... GNU/Linux ld.so
#11 25.59 checking how to hardcode library paths into programs... immediate
#11 25.59 checking whether stripping libraries is possible... yes
#11 25.59 checking if libtool supports shared libraries... yes
#11 25.59 checking whether to build shared libraries... yes
#11 25.59 checking whether to build static libraries... no
#11 25.66 
#11 25.66 creating libtool
#11 25.70 appending configuration tag "CXX" to libtool
#11 25.71 
#11 25.71 Generating files
#11 25.73 configure: creating build directories
#11 25.74 configure: creating Makefile
#11 25.74 configure: patching config.h.in
#11 25.75 configure: creating ./config.status
#11 25.78 config.status: creating config.h
#11 25.81 /bin/sh /usr/src/php/ext/sockets/libtool --tag=CC --mode=compile cc -I. -I/usr/src/php/ext/sockets -I/usr/local/include/php -I/usr/local/include/php/main -I/usr/local/include/php/TSRM -I/usr/local/include/php/Zend -I/usr/local/include/php/ext -I/usr/local/include/php/ext/date/lib  -fstack-protector-strong -fpic -fpie -O2 -D_LARGEFILE_SOURCE -D_FILE_OFFSET_BITS=64 -DHAVE_CONFIG_H  -fstack-protector-strong -fpic -fpie -O2 -D_LARGEFILE_SOURCE -D_FILE_OFFSET_BITS=64 -D_GNU_SOURCE   -DZEND_ENABLE_STATIC_TSRMLS_CACHE=1 -DZEND_COMPILE_DL_EXT=1 -c /usr/src/php/ext/sockets/sockets.c -o sockets.lo  -MMD -MF sockets.dep -MT sockets.lo
#11 25.81 /bin/sh /usr/src/php/ext/sockets/libtool --tag=CC --mode=compile cc -I. -I/usr/src/php/ext/sockets -I/usr/local/include/php -I/usr/local/include/php/main -I/usr/local/include/php/TSRM -I/usr/local/include/php/Zend -I/usr/local/include/php/ext -I/usr/local/include/php/ext/date/lib  -fstack-protector-strong -fpic -fpie -O2 -D_LARGEFILE_SOURCE -D_FILE_OFFSET_BITS=64 -DHAVE_CONFIG_H  -fstack-protector-strong -fpic -fpie -O2 -D_LARGEFILE_SOURCE -D_FILE_OFFSET_BITS=64 -D_GNU_SOURCE   -DZEND_ENABLE_STATIC_TSRMLS_CACHE=1 -DZEND_COMPILE_DL_EXT=1 -c /usr/src/php/ext/sockets/multicast.c -o multicast.lo  -MMD -MF multicast.dep -MT multicast.lo
#11 25.86 mkdir .libs
#11 25.86  cc -I. -I/usr/src/php/ext/sockets -I/usr/local/include/php -I/usr/local/include/php/main -I/usr/local/include/php/TSRM -I/usr/local/include/php/Zend -I/usr/local/include/php/ext -I/usr/local/include/php/ext/date/lib -fstack-protector-strong -fpic -fpie -O2 -D_LARGEFILE_SOURCE -D_FILE_OFFSET_BITS=64 -DHAVE_CONFIG_H -fstack-protector-strong -fpic -fpie -O2 -D_LARGEFILE_SOURCE -D_FILE_OFFSET_BITS=64 -D_GNU_SOURCE -DZEND_ENABLE_STATIC_TSRMLS_CACHE=1 -DZEND_COMPILE_DL_EXT=1 -c /usr/src/php/ext/sockets/sockets.c -MMD -MF sockets.dep -MT sockets.lo  -fPIC -DPIC -o .libs/sockets.o
#11 25.86  cc -I. -I/usr/src/php/ext/sockets -I/usr/local/include/php -I/usr/local/include/php/main -I/usr/local/include/php/TSRM -I/usr/local/include/php/Zend -I/usr/local/include/php/ext -I/usr/local/include/php/ext/date/lib -fstack-protector-strong -fpic -fpie -O2 -D_LARGEFILE_SOURCE -D_FILE_OFFSET_BITS=64 -DHAVE_CONFIG_H -fstack-protector-strong -fpic -fpie -O2 -D_LARGEFILE_SOURCE -D_FILE_OFFSET_BITS=64 -D_GNU_SOURCE -DZEND_ENABLE_STATIC_TSRMLS_CACHE=1 -DZEND_COMPILE_DL_EXT=1 -c /usr/src/php/ext/sockets/multicast.c -MMD -MF multicast.dep -MT multicast.lo  -fPIC -DPIC -o .libs/multicast.o
#11 26.22 /bin/sh /usr/src/php/ext/sockets/libtool --tag=CC --mode=compile cc -I. -I/usr/src/php/ext/sockets -I/usr/local/include/php -I/usr/local/include/php/main -I/usr/local/include/php/TSRM -I/usr/local/include/php/Zend -I/usr/local/include/php/ext -I/usr/local/include/php/ext/date/lib  -fstack-protector-strong -fpic -fpie -O2 -D_LARGEFILE_SOURCE -D_FILE_OFFSET_BITS=64 -DHAVE_CONFIG_H  -fstack-protector-strong -fpic -fpie -O2 -D_LARGEFILE_SOURCE -D_FILE_OFFSET_BITS=64 -D_GNU_SOURCE   -DZEND_ENABLE_STATIC_TSRMLS_CACHE=1 -DZEND_COMPILE_DL_EXT=1 -c /usr/src/php/ext/sockets/conversions.c -o conversions.lo  -MMD -MF conversions.dep -MT conversions.lo
#11 26.28  cc -I. -I/usr/src/php/ext/sockets -I/usr/local/include/php -I/usr/local/include/php/main -I/usr/local/include/php/TSRM -I/usr/local/include/php/Zend -I/usr/local/include/php/ext -I/usr/local/include/php/ext/date/lib -fstack-protector-strong -fpic -fpie -O2 -D_LARGEFILE_SOURCE -D_FILE_OFFSET_BITS=64 -DHAVE_CONFIG_H -fstack-protector-strong -fpic -fpie -O2 -D_LARGEFILE_SOURCE -D_FILE_OFFSET_BITS=64 -D_GNU_SOURCE -DZEND_ENABLE_STATIC_TSRMLS_CACHE=1 -DZEND_COMPILE_DL_EXT=1 -c /usr/src/php/ext/sockets/conversions.c -MMD -MF conversions.dep -MT conversions.lo  -fPIC -DPIC -o .libs/conversions.o
#11 27.06 /bin/sh /usr/src/php/ext/sockets/libtool --tag=CC --mode=compile cc -I. -I/usr/src/php/ext/sockets -I/usr/local/include/php -I/usr/local/include/php/main -I/usr/local/include/php/TSRM -I/usr/local/include/php/Zend -I/usr/local/include/php/ext -I/usr/local/include/php/ext/date/lib  -fstack-protector-strong -fpic -fpie -O2 -D_LARGEFILE_SOURCE -D_FILE_OFFSET_BITS=64 -DHAVE_CONFIG_H  -fstack-protector-strong -fpic -fpie -O2 -D_LARGEFILE_SOURCE -D_FILE_OFFSET_BITS=64 -D_GNU_SOURCE   -DZEND_ENABLE_STATIC_TSRMLS_CACHE=1 -DZEND_COMPILE_DL_EXT=1 -c /usr/src/php/ext/sockets/sockaddr_conv.c -o sockaddr_conv.lo  -MMD -MF sockaddr_conv.dep -MT sockaddr_conv.lo
#11 27.11  cc -I. -I/usr/src/php/ext/sockets -I/usr/local/include/php -I/usr/local/include/php/main -I/usr/local/include/php/TSRM -I/usr/local/include/php/Zend -I/usr/local/include/php/ext -I/usr/local/include/php/ext/date/lib -fstack-protector-strong -fpic -fpie -O2 -D_LARGEFILE_SOURCE -D_FILE_OFFSET_BITS=64 -DHAVE_CONFIG_H -fstack-protector-strong -fpic -fpie -O2 -D_LARGEFILE_SOURCE -D_FILE_OFFSET_BITS=64 -D_GNU_SOURCE -DZEND_ENABLE_STATIC_TSRMLS_CACHE=1 -DZEND_COMPILE_DL_EXT=1 -c /usr/src/php/ext/sockets/sockaddr_conv.c -MMD -MF sockaddr_conv.dep -MT sockaddr_conv.lo  -fPIC -DPIC -o .libs/sockaddr_conv.o
#11 27.32 /bin/sh /usr/src/php/ext/sockets/libtool --tag=CC --mode=compile cc -I. -I/usr/src/php/ext/sockets -I/usr/local/include/php -I/usr/local/include/php/main -I/usr/local/include/php/TSRM -I/usr/local/include/php/Zend -I/usr/local/include/php/ext -I/usr/local/include/php/ext/date/lib  -fstack-protector-strong -fpic -fpie -O2 -D_LARGEFILE_SOURCE -D_FILE_OFFSET_BITS=64 -DHAVE_CONFIG_H  -fstack-protector-strong -fpic -fpie -O2 -D_LARGEFILE_SOURCE -D_FILE_OFFSET_BITS=64 -D_GNU_SOURCE   -DZEND_ENABLE_STATIC_TSRMLS_CACHE=1 -DZEND_COMPILE_DL_EXT=1 -c /usr/src/php/ext/sockets/sendrecvmsg.c -o sendrecvmsg.lo  -MMD -MF sendrecvmsg.dep -MT sendrecvmsg.lo
#11 27.37  cc -I. -I/usr/src/php/ext/sockets -I/usr/local/include/php -I/usr/local/include/php/main -I/usr/local/include/php/TSRM -I/usr/local/include/php/Zend -I/usr/local/include/php/ext -I/usr/local/include/php/ext/date/lib -fstack-protector-strong -fpic -fpie -O2 -D_LARGEFILE_SOURCE -D_FILE_OFFSET_BITS=64 -DHAVE_CONFIG_H -fstack-protector-strong -fpic -fpie -O2 -D_LARGEFILE_SOURCE -D_FILE_OFFSET_BITS=64 -D_GNU_SOURCE -DZEND_ENABLE_STATIC_TSRMLS_CACHE=1 -DZEND_COMPILE_DL_EXT=1 -c /usr/src/php/ext/sockets/sendrecvmsg.c -MMD -MF sendrecvmsg.dep -MT sendrecvmsg.lo  -fPIC -DPIC -o .libs/sendrecvmsg.o
#11 27.66 /bin/sh /usr/src/php/ext/sockets/libtool --tag=CC --mode=link cc -shared -I/usr/local/include/php -I/usr/local/include/php/main -I/usr/local/include/php/TSRM -I/usr/local/include/php/Zend -I/usr/local/include/php/ext -I/usr/local/include/php/ext/date/lib  -fstack-protector-strong -fpic -fpie -O2 -D_LARGEFILE_SOURCE -D_FILE_OFFSET_BITS=64 -DHAVE_CONFIG_H  -fstack-protector-strong -fpic -fpie -O2 -D_LARGEFILE_SOURCE -D_FILE_OFFSET_BITS=64 -D_GNU_SOURCE  -Wl,-O1 -pie  -o sockets.la -export-dynamic -avoid-version -prefer-pic -module -rpath /usr/src/php/ext/sockets/modules  sockets.lo multicast.lo conversions.lo sockaddr_conv.lo sendrecvmsg.lo 
#11 27.71 cc -shared  .libs/sockets.o .libs/multicast.o .libs/conversions.o .libs/sockaddr_conv.o .libs/sendrecvmsg.o   -Wl,-O1 -Wl,-soname -Wl,sockets.so -o .libs/sockets.so
#11 27.72 creating sockets.la
#11 27.73 (cd .libs && rm -f sockets.la && ln -s ../sockets.la sockets.la)
#11 27.73 /bin/sh /usr/src/php/ext/sockets/libtool --tag=CC --mode=install cp ./sockets.la /usr/src/php/ext/sockets/modules
#11 27.74 cp ./.libs/sockets.so /usr/src/php/ext/sockets/modules/sockets.so
#11 27.74 cp ./.libs/sockets.lai /usr/src/php/ext/sockets/modules/sockets.la
#11 27.75 PATH="$PATH:/sbin" ldconfig -n /usr/src/php/ext/sockets/modules
#11 27.76 ----------------------------------------------------------------------
#11 27.76 Libraries have been installed in:
#11 27.76    /usr/src/php/ext/sockets/modules
#11 27.76 
#11 27.76 If you ever happen to want to link against installed libraries
#11 27.76 in a given directory, LIBDIR, you must either use libtool, and
#11 27.76 specify the full pathname of the library, or use the `-LLIBDIR'
#11 27.76 flag during linking and do at least one of the following:
#11 27.76    - add LIBDIR to the `LD_LIBRARY_PATH' environment variable
#11 27.76      during execution
#11 27.76    - add LIBDIR to the `LD_RUN_PATH' environment variable
#11 27.76      during linking
#11 27.76    - use the `-Wl,--rpath -Wl,LIBDIR' linker flag
#11 27.76 
#11 27.76 See any operating system documentation about shared libraries for
#11 27.76 more information, such as the ld(1) and ld.so(8) manual pages.
#11 27.76 ----------------------------------------------------------------------
#11 27.76 
#11 27.76 Build complete.
#11 27.76 Don't forget to run 'make test'.
#11 27.76 
#11 27.78 + strip --strip-all modules/sockets.so
#11 27.80 Installing shared extensions:     /usr/local/lib/php/extensions/no-debug-non-zts-20250925/
#11 27.83 Installing header files:          /usr/local/include/php/
#11 27.89 find . -name \*.gcno -o -name \*.gcda | xargs rm -f
#11 27.90 find . -name \*.lo -o -name \*.o -o -name \*.dep | xargs rm -f
#11 27.90 find . -name \*.la -o -name \*.a | xargs rm -f
#11 27.90 find . -name \*.so | xargs rm -f
#11 27.91 find . -name .libs -a -type d|xargs rm -rf
#11 27.91 rm -f libphp.la        modules/* libs/*
#11 27.91 rm -f ext/opcache/jit/ir/gen_ir_fold_hash
#11 27.91 rm -f ext/opcache/jit/ir/minilua
#11 27.91 rm -f ext/opcache/jit/ir/ir_fold_hash.h
#11 27.91 rm -f ext/opcache/jit/ir/ir_emit_x86.h
#11 27.91 rm -f ext/opcache/jit/ir/ir_emit_aarch64.h
#11 28.73 OK: 778.5 MiB in 94 packages
#11 28.74 ( 1/52) Purging .phpize-deps (20261005.073735)
#11 28.74 ( 2/52) Purging autoconf (2.73-r0)
#11 28.74 ( 3/52) Purging dpkg (1.23.7-r0)
#11 28.74 ( 4/52) Purging dpkg-dev (1.23.7-r0)
#11 28.75 ( 5/52) Purging file (5.47-r2)
#11 28.75 ( 6/52) Purging g++ (15.2.0-r5)
#11 28.75 ( 7/52) Purging gcc (15.2.0-r5)
#11 28.78 ( 8/52) Purging binutils (2.45.1-r1)
#11 28.79 ( 9/52) Purging isl26 (0.26-r2)
#11 28.79 (10/52) Purging jansson (2.15.0-r0)
#11 28.79 (11/52) Purging libatomic (15.2.0-r5)
#11 28.79 (12/52) Purging libgomp (15.2.0-r5)
#11 28.79 (13/52) Purging libmagic (5.47-r2)
#11 28.79 (14/52) Purging libmd (1.2.0-r0)
#11 28.79 (15/52) Purging linux-headers (7.0.0-r1)
#11 28.81 (16/52) Purging m4 (1.4.20-r1)
#11 28.81 (17/52) Purging make (4.4.1-r4)
#11 28.81 (18/52) Purging mpc1 (1.3.1-r1)
#11 28.81 (19/52) Purging mpfr4 (4.2.2-r0)
#11 28.81 (20/52) Purging perl (5.42.2-r1)
#11 28.86 (21/52) Purging postgresql18-dev (18.6-r0)
#11 28.88 (22/52) Purging libecpg-dev (18.6-r0)
#11 28.88 (23/52) Purging libecpg (18.6-r0)
#11 28.88 (24/52) Purging liburing-dev (2.14-r0)
#11 28.88 (25/52) Purging liburing-ffi (2.14-r0)
#11 28.88 (26/52) Purging liburing (2.14-r0)
#11 28.88 (27/52) Purging clang22 (22.1.3-r2)
#11 28.88 (28/52) Purging fortify-headers (3.0.1-r2)
#11 28.88 (29/52) Purging libgcc-static (15.2.0-r5)
#11 28.88 (30/52) Purging libstdc++-dev (15.2.0-r5)
#11 28.90 (31/52) Purging musl-dev (1.2.6-r2)
#11 28.91 (32/52) Purging clang22-headers (22.1.3-r2)
#11 28.92 (33/52) Purging icu-dev (78.1-r0)
#11 28.92 (34/52) Purging llvm22 (22.1.3-r0)
#11 28.94 (35/52) Purging llvm22-linker-tools (22.1.3-r0)
#11 28.94 (36/52) Purging lz4-dev (1.10.0-r1)
#11 28.94 (37/52) Purging lz4-libs (1.10.0-r1)
#11 28.94 (38/52) Purging re2c (4.5.1-r0)
#11 28.94 (39/52) Purging zstd-dev (1.5.7-r2)
#11 28.94 (40/52) Purging zstd (1.5.7-r2)
#11 28.94 (41/52) Purging clang22-libs (22.1.3-r2)
#11 28.95 (42/52) Purging gmp (6.3.0-r4)
#11 28.95 (43/52) Purging icu (78.1-r0)
#11 28.95 (44/52) Purging icu-libs (78.1-r0)
#11 28.95 (45/52) Purging libbz2 (1.0.8-r6)
#11 28.95 (46/52) Purging libpq-dev (18.6-r0)
#11 28.95 (47/52) Purging llvm22-libs (22.1.3-r0)
#11 28.96 (48/52) Purging openssl-dev (3.5.9-r0)
#11 28.97 (49/52) Purging pkgconf (2.5.1-r0)
#11 28.97 (50/52) Purging icu-data-en (78.1-r0)
#11 28.97 (51/52) Purging libffi (3.5.2-r1)
#11 28.97 (52/52) Purging libstdc++ (15.2.0-r5)
#11 28.97 Executing busybox-1.37.0-r31.trigger
#11 28.97 OK: 20.7 MiB in 42 packages
#11 DONE 29.1s

#12 [php-base 4/4] WORKDIR /app
#12 DONE 0.0s

#13 [dependencies 1/5] COPY --from=composer-tool /usr/bin/composer /usr/local/bin/composer
#13 DONE 0.0s

#14 [dependencies 2/5] COPY build/download-apks.php build/apk.lock.json /tmp/service-build/
#14 DONE 0.0s

#15 [dependencies 3/5] RUN php /tmp/service-build/download-apks.php composer     && apk add --no-network --repositories-file /dev/null /tmp/service-apks/*.apk     && rm -rf /tmp/service-apks /tmp/service-build
#15 0.434 (1/1) Installing unzip (6.0-r16)
#15 0.437 Executing busybox-1.37.0-r31.trigger
#15 0.442 OK: 20.9 MiB in 43 packages
#15 DONE 0.4s

#16 [dependencies 4/5] COPY . ./
#16 DONE 0.0s

#17 [dependencies 5/5] RUN composer --version     && composer validate --strict --no-check-all     && composer install --no-dev --no-plugins --no-scripts --no-interaction         --prefer-dist --no-progress --classmap-authoritative     && composer check-platform-reqs --no-dev     && mkdir -p resources bootstrap/cache
#17 0.217 Composer version 2.10.3 2026-08-27 13:34:23
#17 0.217 PHP version 8.5.11 (/usr/local/bin/php)
#17 0.217 Run the "diagnose" command to get more detailed diagnostics output.
#17 0.345 ./composer.json is valid
#17 0.452 Installing dependencies from lock file
#17 0.456 Verifying lock file contents can be installed on current platform.
#17 0.595 Package operations: 79 installs, 0 updates, 0 removals
#17 0.597   - Downloading doctrine/lexer (3.0.3)
#17 0.598   - Downloading voku/portable-ascii (2.1.1)
#17 0.599   - Downloading symfony/polyfill-php80 (v1.43.0)
#17 0.599   - Downloading symfony/polyfill-mbstring (v1.43.0)
#17 0.599   - Downloading symfony/polyfill-ctype (v1.37.0)
#17 0.600   - Downloading phpoption/phpoption (1.10.0)
#17 0.600   - Downloading graham-campbell/result-type (v1.2.0)
#17 0.601   - Downloading vlucas/phpdotenv (v5.7.0)
#17 0.601   - Downloading symfony/css-selector (v8.1.6)
#17 0.601   - Downloading tijsverkoyen/css-to-inline-styles (v2.4.0)
#17 0.602   - Downloading symfony/var-dumper (v8.1.7)
#17 0.602   - Downloading symfony/polyfill-uuid (v1.43.0)
#17 0.603   - Downloading symfony/uid (v8.1.8)
#17 0.603   - Downloading symfony/deprecation-contracts (v3.7.1)
#17 0.603   - Downloading symfony/routing (v8.1.8)
#17 0.603   - Downloading symfony/process (v8.1.7)
#17 0.604   - Downloading symfony/polyfill-php86 (v1.43.0)
#17 0.604   - Downloading symfony/polyfill-php85 (v1.43.0)
#17 0.604   - Downloading symfony/polyfill-php84 (v1.43.0)
#17 0.604   - Downloading symfony/polyfill-intl-normalizer (v1.43.0)
#17 0.605   - Downloading symfony/polyfill-intl-idn (v1.43.0)
#17 0.605   - Downloading symfony/mime (v8.1.7)
#17 0.605   - Downloading psr/container (2.0.2)
#17 0.605   - Downloading symfony/service-contracts (v3.7.3)
#17 0.606   - Downloading psr/event-dispatcher (1.0.0)
#17 0.606   - Downloading symfony/event-dispatcher-contracts (v3.7.1)
#17 0.606   - Downloading symfony/event-dispatcher (v8.1.5)
#17 0.606   - Downloading psr/log (3.0.2)
#17 0.607   - Downloading egulias/email-validator (4.0.4)
#17 0.607   - Downloading symfony/mailer (v8.1.7)
#17 0.607   - Downloading symfony/http-foundation (v8.1.8)
#17 0.607   - Downloading symfony/error-handler (v8.1.8)
#17 0.608   - Downloading symfony/http-kernel (v8.1.8)
#17 0.608   - Downloading symfony/finder (v8.1.8)
#17 0.608   - Downloading symfony/polyfill-intl-grapheme (v1.43.0)
#17 0.608   - Downloading symfony/string (v8.1.7)
#17 0.609   - Downloading symfony/console (v8.1.8)
#17 0.609   - Downloading ramsey/collection (2.1.1)
#17 0.609   - Downloading brick/math (1.0.0)
#17 0.609   - Downloading ramsey/uuid (4.9.4)
#17 0.610   - Downloading psr/simple-cache (3.0.0)
#17 0.610   - Downloading psr/http-message (2.0)
#17 0.610   - Downloading nunomaduro/termwind (v2.4.0)
#17 0.610   - Downloading symfony/translation-contracts (v3.7.1)
#17 0.611   - Downloading symfony/translation (v8.1.5)
#17 0.611   - Downloading psr/clock (1.0.0)
#17 0.611   - Downloading symfony/clock (v8.1.0)
#17 0.612   - Downloading carbonphp/carbon-doctrine-types (3.2.1)
#17 0.612   - Downloading nesbot/carbon (3.14.2)
#17 0.612   - Downloading monolog/monolog (3.12.1)
#17 0.612   - Downloading psr/http-factory (1.1.0)
#17 0.613   - Downloading league/uri-interfaces (7.8.1)
#17 0.613   - Downloading league/uri (7.8.1)
#17 0.613   - Downloading league/mime-type-detection (1.17.0)
#17 0.613   - Downloading league/flysystem-local (3.35.3)
#17 0.614   - Downloading league/flysystem (3.36.0)
#17 0.614   - Downloading nette/utils (v4.1.5)
#17 0.614   - Downloading nette/schema (v1.3.6)
#17 0.615   - Downloading dflydev/dot-access-data (v3.0.3)
#17 0.615   - Downloading league/config (v1.2.0)
#17 0.615   - Downloading league/commonmark (2.10.3)
#17 0.615   - Downloading laravel/serializable-closure (v2.1.0)
#17 0.616   - Downloading laravel/prompts (v0.3.24)
#17 0.616   - Downloading guzzlehttp/uri-template (v2.0.1)
#17 0.616   - Downloading symfony/polyfill-php82 (v1.43.0)
#17 0.616   - Downloading guzzlehttp/psr7 (3.1.0)
#17 0.617   - Downloading guzzlehttp/promises (3.0.2)
#17 0.617   - Downloading psr/http-client (1.0.3)
#17 0.617   - Downloading guzzlehttp/guzzle (8.2.0)
#17 0.617   - Downloading fruitcake/php-cors (v1.4.0)
#17 0.618   - Downloading dragonmantank/cron-expression (v3.6.0)
#17 0.618   - Downloading doctrine/inflector (2.1.0)
#17 0.618   - Downloading laravel/framework (v13.34.0)
#17 0.619   - Downloading opis/string (2.1.0)
#17 0.619   - Downloading opis/uri (1.1.0)
#17 0.619   - Downloading opis/json-schema (2.6.0)
#17 0.619   - Downloading paragonie/constant_time_encoding (v3.1.3)
#17 0.620   - Downloading phpseclib/phpseclib (4.0.1)
#17 0.620   - Downloading php-amqplib/php-amqplib (v3.7.5)
#17 1.936   - Installing doctrine/lexer (3.0.3): Extracting archive
#17 1.937   - Installing voku/portable-ascii (2.1.1): Extracting archive
#17 1.938   - Installing symfony/polyfill-php80 (v1.43.0): Extracting archive
#17 1.939   - Installing symfony/polyfill-mbstring (v1.43.0): Extracting archive
#17 1.939   - Installing symfony/polyfill-ctype (v1.37.0): Extracting archive
#17 1.941   - Installing phpoption/phpoption (1.10.0): Extracting archive
#17 1.945   - Installing graham-campbell/result-type (v1.2.0): Extracting archive
#17 1.948   - Installing vlucas/phpdotenv (v5.7.0): Extracting archive
#17 1.949   - Installing symfony/css-selector (v8.1.6): Extracting archive
#17 1.953   - Installing tijsverkoyen/css-to-inline-styles (v2.4.0): Extracting archive
#17 1.955   - Installing symfony/var-dumper (v8.1.7): Extracting archive
#17 1.955   - Installing symfony/polyfill-uuid (v1.43.0): Extracting archive
#17 1.956   - Installing symfony/uid (v8.1.8): Extracting archive
#17 1.956   - Installing symfony/deprecation-contracts (v3.7.1): Extracting archive
#17 1.956   - Installing symfony/routing (v8.1.8): Extracting archive
#17 1.959   - Installing symfony/process (v8.1.7): Extracting archive
#17 1.959   - Installing symfony/polyfill-php86 (v1.43.0): Extracting archive
#17 1.959   - Installing symfony/polyfill-php85 (v1.43.0): Extracting archive
#17 1.961   - Installing symfony/polyfill-php84 (v1.43.0): Extracting archive
#17 1.962   - Installing symfony/polyfill-intl-normalizer (v1.43.0): Extracting archive
#17 1.962   - Installing symfony/polyfill-intl-idn (v1.43.0): Extracting archive
#17 1.965   - Installing symfony/mime (v8.1.7): Extracting archive
#17 1.965   - Installing psr/container (2.0.2): Extracting archive
#17 1.965   - Installing symfony/service-contracts (v3.7.3): Extracting archive
#17 1.966   - Installing psr/event-dispatcher (1.0.0): Extracting archive
#17 1.966   - Installing symfony/event-dispatcher-contracts (v3.7.1): Extracting archive
#17 1.966   - Installing symfony/event-dispatcher (v8.1.5): Extracting archive
#17 1.967   - Installing psr/log (3.0.2): Extracting archive
#17 1.967   - Installing egulias/email-validator (4.0.4): Extracting archive
#17 1.967   - Installing symfony/mailer (v8.1.7): Extracting archive
#17 1.968   - Installing symfony/http-foundation (v8.1.8): Extracting archive
#17 1.968   - Installing symfony/error-handler (v8.1.8): Extracting archive
#17 1.968   - Installing symfony/http-kernel (v8.1.8): Extracting archive
#17 1.969   - Installing symfony/finder (v8.1.8): Extracting archive
#17 1.969   - Installing symfony/polyfill-intl-grapheme (v1.43.0): Extracting archive
#17 1.969   - Installing symfony/string (v8.1.7): Extracting archive
#17 1.970   - Installing symfony/console (v8.1.8): Extracting archive
#17 1.970   - Installing ramsey/collection (2.1.1): Extracting archive
#17 1.970   - Installing brick/math (1.0.0): Extracting archive
#17 1.971   - Installing ramsey/uuid (4.9.4): Extracting archive
#17 1.971   - Installing psr/simple-cache (3.0.0): Extracting archive
#17 1.971   - Installing psr/http-message (2.0): Extracting archive
#17 1.972   - Installing nunomaduro/termwind (v2.4.0): Extracting archive
#17 1.972   - Installing symfony/translation-contracts (v3.7.1): Extracting archive
#17 1.973   - Installing symfony/translation (v8.1.5): Extracting archive
#17 1.973   - Installing psr/clock (1.0.0): Extracting archive
#17 1.973   - Installing symfony/clock (v8.1.0): Extracting archive
#17 1.974   - Installing carbonphp/carbon-doctrine-types (3.2.1): Extracting archive
#17 1.974   - Installing nesbot/carbon (3.14.2): Extracting archive
#17 1.974   - Installing monolog/monolog (3.12.1): Extracting archive
#17 1.975   - Installing psr/http-factory (1.1.0): Extracting archive
#17 1.975   - Installing league/uri-interfaces (7.8.1): Extracting archive
#17 1.975   - Installing league/uri (7.8.1): Extracting archive
#17 1.976   - Installing league/mime-type-detection (1.17.0): Extracting archive
#17 1.976   - Installing league/flysystem-local (3.35.3): Extracting archive
#17 1.976   - Installing league/flysystem (3.36.0): Extracting archive
#17 1.977   - Installing nette/utils (v4.1.5): Extracting archive
#17 1.977   - Installing nette/schema (v1.3.6): Extracting archive
#17 1.977   - Installing dflydev/dot-access-data (v3.0.3): Extracting archive
#17 1.978   - Installing league/config (v1.2.0): Extracting archive
#17 1.978   - Installing league/commonmark (2.10.3): Extracting archive
#17 1.978   - Installing laravel/serializable-closure (v2.1.0): Extracting archive
#17 1.978   - Installing laravel/prompts (v0.3.24): Extracting archive
#17 1.979   - Installing guzzlehttp/uri-template (v2.0.1): Extracting archive
#17 1.979   - Installing symfony/polyfill-php82 (v1.43.0): Extracting archive
#17 1.979   - Installing guzzlehttp/psr7 (3.1.0): Extracting archive
#17 1.980   - Installing guzzlehttp/promises (3.0.2): Extracting archive
#17 1.980   - Installing psr/http-client (1.0.3): Extracting archive
#17 1.980   - Installing guzzlehttp/guzzle (8.2.0): Extracting archive
#17 1.981   - Installing fruitcake/php-cors (v1.4.0): Extracting archive
#17 1.981   - Installing dragonmantank/cron-expression (v3.6.0): Extracting archive
#17 1.982   - Installing doctrine/inflector (2.1.0): Extracting archive
#17 1.982   - Installing laravel/framework (v13.34.0): Extracting archive
#17 1.982   - Installing opis/string (2.1.0): Extracting archive
#17 1.982   - Installing opis/uri (1.1.0): Extracting archive
#17 1.983   - Installing opis/json-schema (2.6.0): Extracting archive
#17 1.983   - Installing paragonie/constant_time_encoding (v3.1.3): Extracting archive
#17 1.983   - Installing phpseclib/phpseclib (4.0.1): Extracting archive
#17 1.984   - Installing php-amqplib/php-amqplib (v3.7.5): Extracting archive
#17 2.917 Generating optimized autoload files
#17 3.779 55 packages you are using are looking for funding.
#17 3.779 Use the `composer fund` command to find out more!
#17 3.912 Checking non-dev platform requirements for packages in the vendor dir
#17 3.920 composer-runtime-api 2.2.2      success                                       
#17 3.920 ext-ctype            *          success provided by symfony/polyfill-ctype    
#17 3.920 ext-dom              20031129   success                                       
#17 3.921 ext-fileinfo         8.5.11     success                                       
#17 3.921 ext-filter           8.5.11     success                                       
#17 3.921 ext-hash             8.5.11     success                                       
#17 3.921 ext-iconv            8.5.11     success                                       
#17 3.921 ext-json             8.5.11     success                                       
#17 3.921 ext-libxml           8.5.11     success                                       
#17 3.921 ext-mbstring         *          success provided by symfony/polyfill-mbstring 
#17 3.921 ext-openssl          8.5.11     success                                       
#17 3.921 ext-pcre             8.5.11     success                                       
#17 3.921 ext-pdo              8.5.11     success                                       
#17 3.921 ext-pdo_pgsql        8.5.11     success                                       
#17 3.921 ext-session          8.5.11     success                                       
#17 3.922 ext-sockets          8.5.11     success                                       
#17 3.922 ext-tokenizer        8.5.11     success                                       
#17 3.922 php                  8.5.11     success                                       
#17 DONE 4.1s

#18 [php-runtime 1/9] COPY --from=dependencies /app/vendor/ ./vendor/
#18 DONE 0.9s

#19 [php-runtime 2/9] COPY --from=dependencies /app/app/ ./app/
#19 DONE 0.0s

#20 [php-runtime 3/9] COPY --from=dependencies /app/bootstrap/ ./bootstrap/
#20 DONE 0.0s

#21 [php-runtime 4/9] COPY --from=dependencies /app/config/ ./config/
#21 DONE 0.0s

#22 [php-runtime 5/9] COPY --from=dependencies /app/public/ ./public/
#22 DONE 0.0s

#23 [php-runtime 6/9] COPY --from=dependencies /app/routes/ ./routes/
#23 DONE 0.0s

#24 [php-runtime 7/9] COPY --from=dependencies /app/artisan /app/composer.json /app/composer.lock ./
#24 DONE 0.0s

#25 [php-runtime 8/9] COPY --from=dependencies /app/resources/ ./resources/
#25 DONE 0.0s

#26 [php-runtime 9/9] RUN mkdir -p bootstrap/cache storage/framework/cache storage/framework/sessions storage/framework/views storage/logs     && chown -R 10001:10001 bootstrap/cache storage     && printf '[global]\npid = /tmp/php-fpm.pid\n[www]\nlisten = 9000\nclear_env = no\n' > /usr/local/etc/php-fpm.d/zz-service.conf     && printf '%s\n' '#!/bin/sh' 'set -eu'         'mkdir -p /app/bootstrap/cache /app/storage/framework/cache /app/storage/framework/sessions /app/storage/framework/views /app/storage/logs'         'exec docker-php-entrypoint "$@"' > /usr/local/bin/service-entrypoint     && chmod 0755 /usr/local/bin/service-entrypoint
#26 DONE 0.1s

#27 exporting to image
#27 exporting layers
#27 exporting layers 1.8s done
#27 writing image sha256:b9cfe36933a3bb1d9937c7d95007cf4d606e81a387d00e445719ddbec8530671 done
#27 naming to docker.io/library/p01-catalogue:36a14811b5afa23717566d5e8a08632e011f44a5 done
#27 DONE 1.8s
