Building wheel...
running bdist_wheel
running build
running build_py
running egg_info
writing src/product_planning.egg-info/PKG-INFO
writing dependency_links to src/product_planning.egg-info/dependency_links.txt
writing entry points to src/product_planning.egg-info/entry_points.txt
writing top-level names to src/product_planning.egg-info/top_level.txt
reading manifest file 'src/product_planning.egg-info/SOURCES.txt'
writing manifest file 'src/product_planning.egg-info/SOURCES.txt'
installing to build/bdist.linux-x86_64/wheel
running install
running install_lib
creating build/bdist.linux-x86_64/wheel
creating build/bdist.linux-x86_64/wheel/planning
copying build/lib/planning/__init__.py -> build/bdist.linux-x86_64/wheel/./planning
creating build/bdist.linux-x86_64/wheel/planning/bootstrap
copying build/lib/planning/bootstrap/health.py -> build/bdist.linux-x86_64/wheel/./planning/bootstrap
copying build/lib/planning/bootstrap/__init__.py -> build/bdist.linux-x86_64/wheel/./planning/bootstrap
creating build/bdist.linux-x86_64/wheel/planning/interfaces
copying build/lib/planning/interfaces/health.py -> build/bdist.linux-x86_64/wheel/./planning/interfaces
copying build/lib/planning/interfaces/__init__.py -> build/bdist.linux-x86_64/wheel/./planning/interfaces
running install_egg_info
Copying src/product_planning.egg-info to build/bdist.linux-x86_64/wheel/./product_planning-0.1.0.dev0-py3.12.egg-info
running install_scripts
creating build/bdist.linux-x86_64/wheel/product_planning-0.1.0.dev0.dist-info/WHEEL
creating '/tmp/p01-planning-yinjn8rn/artifacts/.tmp-xy8brp2h/product_planning-0.1.0.dev0-py3-none-any.whl' and adding 'build/bdist.linux-x86_64/wheel' to it
adding 'planning/__init__.py'
adding 'planning/bootstrap/__init__.py'
adding 'planning/bootstrap/health.py'
adding 'planning/interfaces/__init__.py'
adding 'planning/interfaces/health.py'
adding 'product_planning-0.1.0.dev0.dist-info/METADATA'
adding 'product_planning-0.1.0.dev0.dist-info/WHEEL'
adding 'product_planning-0.1.0.dev0.dist-info/entry_points.txt'
adding 'product_planning-0.1.0.dev0.dist-info/top_level.txt'
adding 'product_planning-0.1.0.dev0.dist-info/RECORD'
removing build/bdist.linux-x86_64/wheel
Successfully built /tmp/p01-planning-yinjn8rn/artifacts/product_planning-0.1.0.dev0-py3-none-any.whl
