[
    {
        "Id": "sha256:a456d7115a1d68da8a6656fad28fdc9add82d32147fc74ff59429f12c2cf125f",
        "RepoTags": [
            "p01-planning:4142571874a53b351a9c6023313185fe718d0dac"
        ],
        "RepoDigests": [],
        "Parent": "",
        "Comment": "buildkit.dockerfile.v0",
        "Created": "2026-10-04T22:13:58.782513126Z",
        "DockerVersion": "",
        "Author": "",
        "Config": {
            "Hostname": "",
            "Domainname": "",
            "User": "10001:10001",
            "AttachStdin": false,
            "AttachStdout": false,
            "AttachStderr": false,
            "Tty": false,
            "OpenStdin": false,
            "StdinOnce": false,
            "Env": [
                "PATH=/opt/venv/bin:/usr/local/bin:/usr/local/sbin:/usr/local/bin:/usr/sbin:/usr/bin:/sbin:/bin",
                "LANG=C.UTF-8",
                "GPG_KEY=7169605F62C751356D054A26A821E680E5FA6305",
                "PYTHON_VERSION=3.12.14",
                "PYTHON_SHA256=5c8462af5790baf43a321a1559dbe0db06d1be4300fb85fb53c40060668e548a",
                "PYTHONDONTWRITEBYTECODE=1",
                "PYTHONUNBUFFERED=1"
            ],
            "Cmd": [
                "liveness"
            ],
            "Healthcheck": {
                "Test": [
                    "NONE"
                ]
            },
            "ArgsEscaped": true,
            "Image": "",
            "Volumes": null,
            "WorkingDir": "/app",
            "Entrypoint": [
                "/opt/venv/bin/planning-health"
            ],
            "OnBuild": null,
            "Labels": {
                "org.opencontainers.image.revision": "4142571874a53b351a9c6023313185fe718d0dac",
                "org.opencontainers.image.source": "https://github.com/awalker0878/multi-tenant",
                "org.opencontainers.image.title": "product-planning bootstrap"
            }
        },
        "Architecture": "amd64",
        "Os": "linux",
        "Size": 124376376,
        "GraphDriver": {
            "Data": {
                "LowerDir": "/var/lib/docker/overlay2/167svhnztnmbtooysiasqxn7h/diff:/var/lib/docker/overlay2/81fa877069726fc2a130ca90fdf460098b0650d82ad25aad6f9c26dd333cbe21/diff:/var/lib/docker/overlay2/06d922c206f6f90ea50e6dd354a914ea799c658ebff5b904fad930b13ce376eb/diff:/var/lib/docker/overlay2/268f8c55bbd2f3164ff02745f7aa78e3eb2cca9b668dd11ae492111ab5afa674/diff:/var/lib/docker/overlay2/7cb4f1bdf582ceae767ed4b6f9bf4d4c20f2fbfd949b66abfeb0996ab1f676f8/diff",
                "MergedDir": "/var/lib/docker/overlay2/fmqwv67cwqusftgspy40a1e2n/merged",
                "UpperDir": "/var/lib/docker/overlay2/fmqwv67cwqusftgspy40a1e2n/diff",
                "WorkDir": "/var/lib/docker/overlay2/fmqwv67cwqusftgspy40a1e2n/work"
            },
            "Name": "overlay2"
        },
        "RootFS": {
            "Type": "layers",
            "Layers": [
                "sha256:34467cc93912af891dfee8a3902adf9b4f355a9bca4eaa46f658d1181a21de0d",
                "sha256:16df0073c13c96653ee2b601b16e514321513eb4af983de156c2d4e17df8a5d9",
                "sha256:9639007baab8a136bc468bd5d757fdf79cf5d77b6ff2a87889071252e334fab3",
                "sha256:abca6d63c9dbe51fa3bc42e75e0387da12803ef64430ad151814e468d5e1c203",
                "sha256:c167e146f30f555515870f54b454c6ce01f9d240b7de4cfe07cdd2cc2079b020",
                "sha256:b747af9b5f87897d30e564499aa548932e479b7d67bb116c2bbf5b1c3816bd5e"
            ]
        },
        "Metadata": {
            "LastTagTime": "2026-10-04T22:13:59.056584199Z"
        }
    }
]
