 Network p01-stateful-7f9062f844fe_database  Creating
 Network p01-stateful-7f9062f844fe_database  Created
 Network p01-stateful-7f9062f844fe_broker  Creating
 Network p01-stateful-7f9062f844fe_broker  Created
 Volume "p01-stateful-7f9062f844fe_database"  Creating
 Volume "p01-stateful-7f9062f844fe_database"  Created
 Volume "p01-stateful-7f9062f844fe_broker"  Creating
 Volume "p01-stateful-7f9062f844fe_broker"  Created
 Container p01-stateful-7f9062f844fe-postgres-1  Creating
 Container p01-stateful-7f9062f844fe-rabbit-1  Creating
 Container p01-stateful-7f9062f844fe-rabbit-1  Created
 Container p01-stateful-7f9062f844fe-postgres-1  Created
 Container p01-stateful-7f9062f844fe-rabbit-1  Starting
 Container p01-stateful-7f9062f844fe-postgres-1  Starting
 Container p01-stateful-7f9062f844fe-postgres-1  Started
 Container p01-stateful-7f9062f844fe-rabbit-1  Started
 Container p01-stateful-7f9062f844fe-postgres-1  Waiting
 Container p01-stateful-7f9062f844fe-rabbit-1  Waiting
 Container p01-stateful-7f9062f844fe-postgres-1  Healthy
 Container p01-stateful-7f9062f844fe-rabbit-1  Healthy
