 Container p01-stateful-7f9062f844fe-rabbit-1  Stopping
 Container p01-stateful-7f9062f844fe-temporal-1  Stopping
 Container p01-stateful-7f9062f844fe-evidence-1  Stopping
 Container p01-stateful-7f9062f844fe-postgres-1  Stopping
 Container p01-stateful-7f9062f844fe-evidence-restore-1  Stopping
 Container p01-stateful-7f9062f844fe-evidence-1  Stopped
 Container p01-stateful-7f9062f844fe-evidence-1  Removing
 Container p01-stateful-7f9062f844fe-evidence-restore-1  Stopped
 Container p01-stateful-7f9062f844fe-evidence-restore-1  Removing
 Container p01-stateful-7f9062f844fe-evidence-1  Removed
 Container p01-stateful-7f9062f844fe-postgres-1  Stopped
 Container p01-stateful-7f9062f844fe-postgres-1  Removing
 Container p01-stateful-7f9062f844fe-evidence-restore-1  Removed
 Container p01-stateful-7f9062f844fe-postgres-1  Removed
 Container p01-stateful-7f9062f844fe-rabbit-1  Stopped
 Container p01-stateful-7f9062f844fe-rabbit-1  Removing
 Container p01-stateful-7f9062f844fe-rabbit-1  Removed
 Container p01-stateful-7f9062f844fe-temporal-1  Stopped
 Container p01-stateful-7f9062f844fe-temporal-1  Removing
 Container p01-stateful-7f9062f844fe-temporal-1  Removed
 Volume p01-stateful-7f9062f844fe_broker  Removing
 Volume p01-stateful-7f9062f844fe_evidence  Removing
 Volume p01-stateful-7f9062f844fe_database  Removing
 Network p01-stateful-7f9062f844fe_workflow  Removing
 Network p01-stateful-7f9062f844fe_broker  Removing
 Network p01-stateful-7f9062f844fe_evidence-restore  Removing
 Network p01-stateful-7f9062f844fe_evidence  Removing
 Network p01-stateful-7f9062f844fe_database  Removing
 Volume p01-stateful-7f9062f844fe_evidence-restore  Removing
 Volume p01-stateful-7f9062f844fe_broker  Removed
 Network p01-stateful-7f9062f844fe_evidence  Removed
 Network p01-stateful-7f9062f844fe_workflow  Removed
 Network p01-stateful-7f9062f844fe_broker  Removed
 Network p01-stateful-7f9062f844fe_database  Removed
 Network p01-stateful-7f9062f844fe_evidence-restore  Removed
 Volume p01-stateful-7f9062f844fe_database  Removed
 Volume p01-stateful-7f9062f844fe_evidence  Removed
 Volume p01-stateful-7f9062f844fe_evidence-restore  Removed
