[
    {
        "Id": "sha256:4e09e322fe8e0efe1e396c4db15414e5232bbef85c4b14719f0c8450024b45ed",
        "RepoTags": [
            "p01-inventory:b7705eef994c50863d87b4d8f9ff272f9397ca37"
        ],
        "RepoDigests": [],
        "Parent": "",
        "Comment": "buildkit.dockerfile.v0",
        "Created": "2026-10-05T06:32:49.518022635Z",
        "DockerVersion": "",
        "Author": "",
        "Config": {
            "Hostname": "",
            "Domainname": "",
            "User": "10001:10001",
            "AttachStdin": false,
            "AttachStdout": false,
            "AttachStderr": false,
            "Tty": false,
            "OpenStdin": false,
            "StdinOnce": false,
            "Env": [
                "PATH=/opt/venv/bin:/usr/local/bin:/usr/local/sbin:/usr/local/bin:/usr/sbin:/usr/bin:/sbin:/bin",
                "LANG=C.UTF-8",
                "GPG_KEY=7169605F62C751356D054A26A821E680E5FA6305",
                "PYTHON_VERSION=3.12.14",
                "PYTHON_SHA256=5c8462af5790baf43a321a1559dbe0db06d1be4300fb85fb53c40060668e548a",
                "PYTHONDONTWRITEBYTECODE=1",
                "PYTHONUNBUFFERED=1"
            ],
            "Cmd": [
                "liveness"
            ],
            "Healthcheck": {
                "Test": [
                    "NONE"
                ]
            },
            "ArgsEscaped": true,
            "Image": "",
            "Volumes": null,
            "WorkingDir": "/app",
            "Entrypoint": [
                "/opt/venv/bin/inventory-health"
            ],
            "OnBuild": null,
            "Labels": {
                "io.product.component": "inventory",
                "org.opencontainers.image.revision": "b7705eef994c50863d87b4d8f9ff272f9397ca37",
                "org.opencontainers.image.source": "https://github.com/awalker0878/multi-tenant",
                "org.opencontainers.image.title": "product-inventory bootstrap"
            }
        },
        "Architecture": "amd64",
        "Os": "linux",
        "Size": 67769900,
        "GraphDriver": {
            "Data": {
                "LowerDir": "/var/lib/docker/overlay2/m3h77wgrrxfj430nzu0o2lkaj/diff:/var/lib/docker/overlay2/82f54f6f0e7df35ef7800e04b9b6e03e43ae06c6bb2b3799b920ab7985e1a635/diff:/var/lib/docker/overlay2/7fc12b5fbc3beadc7df341dfa3fe3c79dc4e115dd792fc14e8683f1e8c6a42be/diff:/var/lib/docker/overlay2/d82972c1a8c1090688489ece398569df92bb9fc5919b1e1755986fbc2c9a8949/diff:/var/lib/docker/overlay2/2ae0b48eecfe9a6e2756191da34c38096ffcefcfe60a3735da2ca81df409a0ef/diff",
                "MergedDir": "/var/lib/docker/overlay2/y5ktlcr3bcw3ahb6iqxplsqnv/merged",
                "UpperDir": "/var/lib/docker/overlay2/y5ktlcr3bcw3ahb6iqxplsqnv/diff",
                "WorkDir": "/var/lib/docker/overlay2/y5ktlcr3bcw3ahb6iqxplsqnv/work"
            },
            "Name": "overlay2"
        },
        "RootFS": {
            "Type": "layers",
            "Layers": [
                "sha256:74d97c428c51a828f9051a7a40a53ff1fc99e54fc30323ce36760701b0b7f711",
                "sha256:d1475f57bfeb95f8d89bad4de04d7af788036223b8505b2b5791158c8d885ff0",
                "sha256:90630b4239d75c9daa2f10f7bb6bfe9b45cfc1419783384dd9873dbf2b732fc3",
                "sha256:23d9641aa36e31a0b3699cec59ff9f51478b65b47f5f2c7de83d48293d4d4852",
                "sha256:2685b6edfc2f82d7cec52ca444d873d17191a31be11b69d4be4a21252fe9fb21",
                "sha256:a232314bd3900ab85d4867ab4bbc5d778415306ca76e37327debd74d6795d7b6"
            ]
        },
        "Metadata": {
            "LastTagTime": "2026-10-05T06:32:50.007752711Z"
        }
    }
]
