[
    {
        "Id": "sha256:a077074f4abbdddf7e2db5a736031662cda52def298b81eebb02ffbfc467562b",
        "RepoTags": [
            "p01-assurance:c28c87e6c6804450fea9f6d6817a818eed37fc03"
        ],
        "RepoDigests": [],
        "Parent": "",
        "Comment": "buildkit.dockerfile.v0",
        "Created": "2026-10-04T23:44:24.441822386Z",
        "DockerVersion": "",
        "Author": "",
        "Config": {
            "Hostname": "",
            "Domainname": "",
            "User": "10001:10001",
            "AttachStdin": false,
            "AttachStdout": false,
            "AttachStderr": false,
            "ExposedPorts": {
                "9000/tcp": {}
            },
            "Tty": false,
            "OpenStdin": false,
            "StdinOnce": false,
            "Env": [
                "PATH=/usr/local/sbin:/usr/local/bin:/usr/sbin:/usr/bin:/sbin:/bin",
                "PHPIZE_DEPS=autoconf \t\tdpkg-dev \t\tfile \t\tg++ \t\tgcc \t\tlibc-dev \t\tmake \t\tpkg-config \t\tre2c",
                "PHP_INI_DIR=/usr/local/etc/php",
                "PHP_CFLAGS=-fstack-protector-strong -fpic -fpie -O2 -D_LARGEFILE_SOURCE -D_FILE_OFFSET_BITS=64",
                "PHP_CPPFLAGS=-fstack-protector-strong -fpic -fpie -O2 -D_LARGEFILE_SOURCE -D_FILE_OFFSET_BITS=64",
                "PHP_LDFLAGS=-Wl,-O1 -pie",
                "GPG_KEYS=1198C0117593497A5EC5C199286AF1F9897469DC 49D9AF6BC72A80D6691719C8AA23F5BE9C7097D4 D95C03BC702BE9515344AE3374E44BC9067701A5",
                "PHP_VERSION=8.5.11",
                "PHP_URL=https://www.php.net/distributions/php-8.5.11.tar.xz",
                "PHP_ASC_URL=https://www.php.net/distributions/php-8.5.11.tar.xz.asc",
                "PHP_SHA256=d9be75c08e8c316f4c8f4194d8fbe1750a15f6a6d9d4e3fe72082abeeb800360",
                "APP_ENV=production",
                "APP_DEBUG=false"
            ],
            "Cmd": [
                "php-fpm",
                "-F"
            ],
            "ArgsEscaped": true,
            "Image": "",
            "Volumes": null,
            "WorkingDir": "/app",
            "Entrypoint": [
                "/usr/local/bin/service-entrypoint"
            ],
            "OnBuild": null,
            "Labels": {
                "io.product.component": "assurance",
                "org.opencontainers.image.revision": "c28c87e6c6804450fea9f6d6817a818eed37fc03"
            },
            "StopSignal": "SIGQUIT"
        },
        "Architecture": "amd64",
        "Os": "linux",
        "Size": 552206304,
        "GraphDriver": {
            "Data": {
                "LowerDir": "/var/lib/docker/overlay2/um3wk3v9ypvg8k9eld5xlpm6v/diff:/var/lib/docker/overlay2/pyfdkx18gsdh7xlxxf421r6ym/diff:/var/lib/docker/overlay2/fkahsb4fspmk7av5xim1f25mr/diff:/var/lib/docker/overlay2/2eouhdrigrcfxrzbgxxsn2z6h/diff:/var/lib/docker/overlay2/pnjvj92jot38st25iycobzs2j/diff:/var/lib/docker/overlay2/y3glypu52mx9ig4vutpmjtl9x/diff:/var/lib/docker/overlay2/a47fiul45eikqmuxg3h4sxnab/diff:/var/lib/docker/overlay2/tx1we8pvx5e8tqgi088lk688i/diff:/var/lib/docker/overlay2/y5s5ui75gxagr9ghvxxdg7mq7/diff:/var/lib/docker/overlay2/bxeupqo76gs3c8sutull4jsx1/diff:/var/lib/docker/overlay2/2w73pnr8faal4o7dg0s099y4r/diff:/var/lib/docker/overlay2/d52ed6c7a1e0e4e8fc88e1b5745c6f32b8c16311d8d786dd9fb61f2ed75ec287/diff:/var/lib/docker/overlay2/faa66364ae58fb412c2212cab046e1dfce07d450ee1413f4080992bbdb23d04e/diff:/var/lib/docker/overlay2/0fc8d42a207cc8792335523139fa468e875961d40156a249606aa0c2afa1d00e/diff:/var/lib/docker/overlay2/f30a7399cc21e5ae8407b48b3695bf34663c22d6aaac79f49b778ec705db9892/diff:/var/lib/docker/overlay2/306ef9447bc80ae6395423b80b77c3ceda5936548b30c33849683500939ef642/diff:/var/lib/docker/overlay2/5d3cc29ac45623f30ae4bf3c90db3e380ceedc74e0c4c477ba03786bef406aef/diff:/var/lib/docker/overlay2/05b43ee03edcdb44b72b3ec26b4b6cb2001716c17de6361fe0d679b6ae9457a4/diff:/var/lib/docker/overlay2/9211a37dc5a1d70aea52f541f567aa1ac8d975bc191875759cc77a2110fbedf6/diff:/var/lib/docker/overlay2/d177688650487aaab97aaf4b0dcbcd5bd614176d0336bf7ed3a6dc283f059965/diff:/var/lib/docker/overlay2/4e29317295d9cce5a98e805b852f1bb7014d28457f2e8704764fa3414a1d50e5/diff:/var/lib/docker/overlay2/2cf7c76c3c86527281775786b6d055b1090bcfc8b3b1a84c5f5125aaf6807c22/diff",
                "MergedDir": "/var/lib/docker/overlay2/nlieeoh1tu3merxm2ksvjidzr/merged",
                "UpperDir": "/var/lib/docker/overlay2/nlieeoh1tu3merxm2ksvjidzr/diff",
                "WorkDir": "/var/lib/docker/overlay2/nlieeoh1tu3merxm2ksvjidzr/work"
            },
            "Name": "overlay2"
        },
        "RootFS": {
            "Type": "layers",
            "Layers": [
                "sha256:34467cc93912af891dfee8a3902adf9b4f355a9bca4eaa46f658d1181a21de0d",
                "sha256:81274738dbf57317e5435144826219706147834290d012a351d5fc593b5adae2",
                "sha256:0504f653b699e414def5b49113f24c6e542a7846c5df9a799b27c809313dbb4d",
                "sha256:da1395a377a2acc8422d3bc4b7d862885a3a97a3421e3fed1adf62d061ff4f63",
                "sha256:27ac94f3ce3452f11b8a4e05cd00328bc38ad35848dfa0caa7ac7377e2b4c48c",
                "sha256:75906afbd8260b795e6e9b04941130b4bc0f4c137e76562f13753c62972bc5ef",
                "sha256:92e695b6cfd2d361a0864f12771aeb461c040dcd3ac66a0c704bf6e02cd2fc54",
                "sha256:ba5cfed66dabaf73234dbd89396a9011991392d027832714d3bbe68640c82d79",
                "sha256:c5687dee67cf6207590530c6c1c1bf4f1484aa1aeb2a44ff0e0ab0ebb7936ed7",
                "sha256:5f70bf18a086007016e948b04aed3b82103a36bea41755b6cddfaf10ace3c6ef",
                "sha256:a3d8babd0c9ce6e5640c2d87ef48eb3b4adf3e152f63414c1ef6ec0cc9ae911d",
                "sha256:06e58b585d8a89a44c4e00117ee8d745534c896de0eb56dc6eaa9f74a1370591",
                "sha256:5928258713f99f6ef39c9adcff76f916594f73566135ca64a792ec32c81f0e7c",
                "sha256:5253c3aeeb06bb0e1d9c352598d6eb43eea60a69fb7fe4823c03e68c0de59fce",
                "sha256:f2039559d45f5933f39a3bbcd41c2def3f0437e98f1469e0794dd4729cb47693",
                "sha256:5f564ae23a113f02b38033363243f226f23fdc2c070b53c8696022bd2d332ebd",
                "sha256:490506e07a1b61a79f75a00ec753282c8d24601ac4eeb709089ef3652bfd550c",
                "sha256:a43779c4083bac6f90a6689f38a87f8a809cff20045ad1020a22f325bfdf1026",
                "sha256:7e41108a7faf859964b2fbf2485d60efbb03ebedcffcfc9c3d0e8dea6cb1060d",
                "sha256:a9ffef3b9dc51de7c260967fc9614d4ffa85d32b47e16b0191715498ebeb7dae",
                "sha256:9ca6c88fd315be88cc678694e48f65ff447400e098583ece5072b0be871d9de4",
                "sha256:bfa79e42ab869ca7a5f21130401ab2bf03fc340cdc23fb0db4039b7973c22455",
                "sha256:58761625ba08cc9b37dc3ecce9cdc8667816a4dd6bff434ab23be409d5692716"
            ]
        },
        "Metadata": {
            "LastTagTime": "2026-10-04T23:44:26.866425435Z"
        }
    }
]
