[main] INFO  o.o.codegen.DefaultGenerator - Generating with dryRun=false
[main] INFO  o.o.c.ignore.CodegenIgnoreProcessor - Output directory (/tmp/p01-health-clients-0db9adht/second/typescript-fetch) does not exist, or is inaccessible. No file (.openapi-generator-ignore) will be evaluated.
[main] INFO  o.o.codegen.DefaultGenerator - OpenAPI Generator: typescript-fetch (client)
[main] INFO  o.o.codegen.DefaultGenerator - Generator 'typescript-fetch' is considered stable.
[main] INFO  o.o.c.l.AbstractTypeScriptClientCodegen - Hint: Environment variable 'TS_POST_PROCESS_FILE' (optional) not defined. E.g. to format the source code, please try 'export TS_POST_PROCESS_FILE="/usr/local/bin/prettier --write"' (Linux/Mac)
[main] INFO  o.o.c.l.AbstractTypeScriptClientCodegen - Note: To enable file post-processing, 'enablePostProcessFile' must be set to `true` (--enable-post-process-file for CLI).
[main] INFO  o.o.codegen.TemplateManager - writing file /tmp/p01-health-clients-0db9adht/second/typescript-fetch/src/models/DependenciesReady.ts
[main] INFO  o.o.codegen.TemplateManager - Skipped /tmp/p01-health-clients-0db9adht/second/typescript-fetch/docs/DependenciesReady.md (Skipped by modelDocs options supplied by user.)
[main] INFO  o.o.codegen.TemplateManager - writing file /tmp/p01-health-clients-0db9adht/second/typescript-fetch/src/models/DependenciesUnauthorized.ts
[main] INFO  o.o.codegen.TemplateManager - Skipped /tmp/p01-health-clients-0db9adht/second/typescript-fetch/docs/DependenciesUnauthorized.md (Skipped by modelDocs options supplied by user.)
[main] INFO  o.o.codegen.TemplateManager - writing file /tmp/p01-health-clients-0db9adht/second/typescript-fetch/src/models/DependenciesUnavailable.ts
[main] INFO  o.o.codegen.TemplateManager - Skipped /tmp/p01-health-clients-0db9adht/second/typescript-fetch/docs/DependenciesUnavailable.md (Skipped by modelDocs options supplied by user.)
[main] INFO  o.o.codegen.TemplateManager - writing file /tmp/p01-health-clients-0db9adht/second/typescript-fetch/src/models/ProcessLive.ts
[main] INFO  o.o.codegen.TemplateManager - Skipped /tmp/p01-health-clients-0db9adht/second/typescript-fetch/docs/ProcessLive.md (Skipped by modelDocs options supplied by user.)
[main] INFO  o.o.codegen.TemplateManager - writing file /tmp/p01-health-clients-0db9adht/second/typescript-fetch/src/models/ServiceNotReady.ts
[main] INFO  o.o.codegen.TemplateManager - Skipped /tmp/p01-health-clients-0db9adht/second/typescript-fetch/docs/ServiceNotReady.md (Skipped by modelDocs options supplied by user.)
[main] INFO  o.o.codegen.TemplateManager - writing file /tmp/p01-health-clients-0db9adht/second/typescript-fetch/src/apis/DefaultApi.ts
[main] INFO  o.o.codegen.TemplateManager - Skipped /tmp/p01-health-clients-0db9adht/second/typescript-fetch/docs/DefaultApi.md (Skipped by apiDocs options supplied by user.)
[main] INFO  o.o.codegen.TemplateManager - writing file /tmp/p01-health-clients-0db9adht/second/typescript-fetch/src/index.ts
[main] INFO  o.o.codegen.TemplateManager - writing file /tmp/p01-health-clients-0db9adht/second/typescript-fetch/src/runtime.ts
[main] INFO  o.o.codegen.TemplateManager - writing file /tmp/p01-health-clients-0db9adht/second/typescript-fetch/README.md
[main] INFO  o.o.codegen.TemplateManager - writing file /tmp/p01-health-clients-0db9adht/second/typescript-fetch/package.json
[main] INFO  o.o.codegen.TemplateManager - writing file /tmp/p01-health-clients-0db9adht/second/typescript-fetch/tsconfig.json
[main] INFO  o.o.codegen.TemplateManager - writing file /tmp/p01-health-clients-0db9adht/second/typescript-fetch/tsconfig.esm.json
[main] INFO  o.o.codegen.TemplateManager - writing file /tmp/p01-health-clients-0db9adht/second/typescript-fetch/.npmignore
[main] INFO  o.o.codegen.TemplateManager - writing file /tmp/p01-health-clients-0db9adht/second/typescript-fetch/.gitignore
[main] INFO  o.o.codegen.TemplateManager - writing file /tmp/p01-health-clients-0db9adht/second/typescript-fetch/src/models/index.ts
[main] INFO  o.o.codegen.TemplateManager - writing file /tmp/p01-health-clients-0db9adht/second/typescript-fetch/src/apis/index.ts
[main] INFO  o.o.codegen.TemplateManager - writing file /tmp/p01-health-clients-0db9adht/second/typescript-fetch/.openapi-generator-ignore
[main] INFO  o.o.codegen.TemplateManager - writing file /tmp/p01-health-clients-0db9adht/second/typescript-fetch/.openapi-generator/VERSION
[main] INFO  o.o.codegen.TemplateManager - writing file /tmp/p01-health-clients-0db9adht/second/typescript-fetch/.openapi-generator/FILES
############################################################################################
# Thanks for using OpenAPI Generator.                                                      #
# We appreciate your support! Please consider donating to help us maintain this project.   #
# https://opencollective.com/openapi_generator/donate                                      #
############################################################################################
