[main] INFO  o.o.codegen.DefaultGenerator - Generating with dryRun=false
[main] INFO  o.o.c.ignore.CodegenIgnoreProcessor - Output directory (/tmp/p01-health-clients-0db9adht/first/python) does not exist, or is inaccessible. No file (.openapi-generator-ignore) will be evaluated.
[main] INFO  o.o.codegen.DefaultGenerator - OpenAPI Generator: python (client)
[main] INFO  o.o.codegen.DefaultGenerator - Generator 'python' is considered stable.
[main] INFO  o.o.c.l.AbstractPythonCodegen - Environment variable PYTHON_POST_PROCESS_FILE not defined so the Python code may not be properly formatted. To define it, try 'export PYTHON_POST_PROCESS_FILE="/usr/local/bin/yapf -i"' (Linux/Mac)
[main] INFO  o.o.c.l.AbstractPythonCodegen - NOTE: To enable file post-processing, 'enablePostProcessFile' must be set to `true` (--enable-post-process-file for CLI).
[main] WARN  o.o.codegen.utils.ModelUtils - Failed to get the schema name: null
[main] INFO  o.o.codegen.TemplateManager - writing file /tmp/p01-health-clients-0db9adht/first/python/p01_health_client/models/dependencies_ready.py
[main] INFO  o.o.codegen.TemplateManager - Skipped /tmp/p01-health-clients-0db9adht/first/python/p01_health_client/docs/DependenciesReady.md (Skipped by modelDocs options supplied by user.)
[main] INFO  o.o.codegen.TemplateManager - writing file /tmp/p01-health-clients-0db9adht/first/python/p01_health_client/models/dependencies_unauthorized.py
[main] INFO  o.o.codegen.TemplateManager - Skipped /tmp/p01-health-clients-0db9adht/first/python/p01_health_client/docs/DependenciesUnauthorized.md (Skipped by modelDocs options supplied by user.)
[main] INFO  o.o.codegen.TemplateManager - writing file /tmp/p01-health-clients-0db9adht/first/python/p01_health_client/models/dependencies_unavailable.py
[main] INFO  o.o.codegen.TemplateManager - Skipped /tmp/p01-health-clients-0db9adht/first/python/p01_health_client/docs/DependenciesUnavailable.md (Skipped by modelDocs options supplied by user.)
[main] INFO  o.o.codegen.TemplateManager - writing file /tmp/p01-health-clients-0db9adht/first/python/p01_health_client/models/process_live.py
[main] INFO  o.o.codegen.TemplateManager - Skipped /tmp/p01-health-clients-0db9adht/first/python/p01_health_client/docs/ProcessLive.md (Skipped by modelDocs options supplied by user.)
[main] INFO  o.o.codegen.TemplateManager - writing file /tmp/p01-health-clients-0db9adht/first/python/p01_health_client/models/service_not_ready.py
[main] INFO  o.o.codegen.TemplateManager - Skipped /tmp/p01-health-clients-0db9adht/first/python/p01_health_client/docs/ServiceNotReady.md (Skipped by modelDocs options supplied by user.)
[main] INFO  o.o.codegen.TemplateManager - writing file /tmp/p01-health-clients-0db9adht/first/python/p01_health_client/api/default_api.py
[main] INFO  o.o.codegen.TemplateManager - Skipped /tmp/p01-health-clients-0db9adht/first/python/p01_health_client/test/test_default_api.py (Skipped by apiTests options supplied by user.)
[main] INFO  o.o.codegen.TemplateManager - Skipped /tmp/p01-health-clients-0db9adht/first/python/p01_health_client/docs/DefaultApi.md (Skipped by apiDocs options supplied by user.)
[main] INFO  o.o.codegen.TemplateManager - writing file /tmp/p01-health-clients-0db9adht/first/python/p01_health_client_README.md
[main] INFO  o.o.codegen.TemplateManager - writing file /tmp/p01-health-clients-0db9adht/first/python/p01_health_client/configuration.py
[main] INFO  o.o.codegen.TemplateManager - writing file /tmp/p01-health-clients-0db9adht/first/python/p01_health_client/__init__.py
[main] INFO  o.o.codegen.TemplateManager - writing file /tmp/p01-health-clients-0db9adht/first/python/p01_health_client/models/__init__.py
[main] INFO  o.o.codegen.TemplateManager - writing file /tmp/p01-health-clients-0db9adht/first/python/p01_health_client/api/__init__.py
[main] INFO  o.o.codegen.TemplateManager - writing file /tmp/p01-health-clients-0db9adht/first/python/p01_health_client/exceptions.py
[main] INFO  o.o.codegen.TemplateManager - writing file /tmp/p01-health-clients-0db9adht/first/python/p01_health_client/api_client.py
[main] INFO  o.o.codegen.TemplateManager - writing file /tmp/p01-health-clients-0db9adht/first/python/p01_health_client/api_response.py
[main] INFO  o.o.codegen.TemplateManager - writing file /tmp/p01-health-clients-0db9adht/first/python/p01_health_client/rest.py
[main] INFO  o.o.codegen.TemplateManager - writing file /tmp/p01-health-clients-0db9adht/first/python/.openapi-generator-ignore
[main] INFO  o.o.codegen.TemplateManager - writing file /tmp/p01-health-clients-0db9adht/first/python/.openapi-generator/VERSION
[main] INFO  o.o.codegen.TemplateManager - writing file /tmp/p01-health-clients-0db9adht/first/python/.openapi-generator/FILES
############################################################################################
# Thanks for using OpenAPI Generator.                                                      #
# We appreciate your support! Please consider donating to help us maintain this project.   #
# https://opencollective.com/openapi_generator/donate                                      #
############################################################################################
