[
    {
        "Id": "sha256:e661f3610c5b7a9ee550dbbcb5b44a59a98a3283d859f7e40885aedbc4028b05",
        "RepoTags": [
            "p01-inventory:e9eac175f2fb845847aa5954522a8470260180dc"
        ],
        "RepoDigests": [],
        "Parent": "",
        "Comment": "buildkit.dockerfile.v0",
        "Created": "2026-10-04T23:57:10.56736518Z",
        "DockerVersion": "",
        "Author": "",
        "Config": {
            "Hostname": "",
            "Domainname": "",
            "User": "10001:10001",
            "AttachStdin": false,
            "AttachStdout": false,
            "AttachStderr": false,
            "Tty": false,
            "OpenStdin": false,
            "StdinOnce": false,
            "Env": [
                "PATH=/opt/venv/bin:/usr/local/bin:/usr/local/sbin:/usr/local/bin:/usr/sbin:/usr/bin:/sbin:/bin",
                "LANG=C.UTF-8",
                "GPG_KEY=7169605F62C751356D054A26A821E680E5FA6305",
                "PYTHON_VERSION=3.12.14",
                "PYTHON_SHA256=5c8462af5790baf43a321a1559dbe0db06d1be4300fb85fb53c40060668e548a",
                "PYTHONDONTWRITEBYTECODE=1",
                "PYTHONUNBUFFERED=1"
            ],
            "Cmd": [
                "liveness"
            ],
            "Healthcheck": {
                "Test": [
                    "NONE"
                ]
            },
            "ArgsEscaped": true,
            "Image": "",
            "Volumes": null,
            "WorkingDir": "/app",
            "Entrypoint": [
                "/opt/venv/bin/inventory-health"
            ],
            "OnBuild": null,
            "Labels": {
                "io.product.component": "inventory",
                "org.opencontainers.image.revision": "e9eac175f2fb845847aa5954522a8470260180dc",
                "org.opencontainers.image.source": "https://github.com/awalker0878/multi-tenant",
                "org.opencontainers.image.title": "product-inventory bootstrap"
            }
        },
        "Architecture": "amd64",
        "Os": "linux",
        "Size": 146074339,
        "GraphDriver": {
            "Data": {
                "LowerDir": "/var/lib/docker/overlay2/u7n50ncg2icah5q961njo12ou/diff:/var/lib/docker/overlay2/a0fc3518080e626ee43d7b4658dbcec66107eeda496de5b24340c65ad81bb9c0/diff:/var/lib/docker/overlay2/a8149140f95fb36d3ba696a04fef9a8572bce6c1eaac5da7e0d9c57b720686c7/diff:/var/lib/docker/overlay2/6d5d773de4f1aaf28a12d571907250986181e8e908a71e3cdbf629fdc2d8236c/diff:/var/lib/docker/overlay2/398e10190e6d74381fdb97fabb6813fa6c4cfaf6e1cb5d9bafd63aa2f5ae3097/diff",
                "MergedDir": "/var/lib/docker/overlay2/v6mk2x9z42k5u97rpf3bayphq/merged",
                "UpperDir": "/var/lib/docker/overlay2/v6mk2x9z42k5u97rpf3bayphq/diff",
                "WorkDir": "/var/lib/docker/overlay2/v6mk2x9z42k5u97rpf3bayphq/work"
            },
            "Name": "overlay2"
        },
        "RootFS": {
            "Type": "layers",
            "Layers": [
                "sha256:34467cc93912af891dfee8a3902adf9b4f355a9bca4eaa46f658d1181a21de0d",
                "sha256:16df0073c13c96653ee2b601b16e514321513eb4af983de156c2d4e17df8a5d9",
                "sha256:9639007baab8a136bc468bd5d757fdf79cf5d77b6ff2a87889071252e334fab3",
                "sha256:abca6d63c9dbe51fa3bc42e75e0387da12803ef64430ad151814e468d5e1c203",
                "sha256:05967a95a40eac98b08730c2b9025f199deac08aeccff3ae6247b3458a14fe0b",
                "sha256:3c73a750ecfc44df171ab6e3426cada0ba495036b170b52c29334d697a571e55"
            ]
        },
        "Metadata": {
            "LastTagTime": "2026-10-04T23:57:11.046554866Z"
        }
    }
]
