[
    {
        "Id": "sha256:e4838f610a918335013d8ff76b64e2f62a52bb723622a899c5516f4e14b64f2d",
        "RepoTags": [
            "p01-assurance:c9c202786437601c0f000bdf29d7e1e401e773ee"
        ],
        "RepoDigests": [],
        "Parent": "",
        "Comment": "buildkit.dockerfile.v0",
        "Created": "2026-10-05T00:23:53.760116538Z",
        "DockerVersion": "",
        "Author": "",
        "Config": {
            "Hostname": "",
            "Domainname": "",
            "User": "10001:10001",
            "AttachStdin": false,
            "AttachStdout": false,
            "AttachStderr": false,
            "ExposedPorts": {
                "9000/tcp": {}
            },
            "Tty": false,
            "OpenStdin": false,
            "StdinOnce": false,
            "Env": [
                "PATH=/usr/local/sbin:/usr/local/bin:/usr/sbin:/usr/bin:/sbin:/bin",
                "PHPIZE_DEPS=autoconf \t\tdpkg-dev \t\tfile \t\tg++ \t\tgcc \t\tlibc-dev \t\tmake \t\tpkg-config \t\tre2c",
                "PHP_INI_DIR=/usr/local/etc/php",
                "PHP_CFLAGS=-fstack-protector-strong -fpic -fpie -O2 -D_LARGEFILE_SOURCE -D_FILE_OFFSET_BITS=64",
                "PHP_CPPFLAGS=-fstack-protector-strong -fpic -fpie -O2 -D_LARGEFILE_SOURCE -D_FILE_OFFSET_BITS=64",
                "PHP_LDFLAGS=-Wl,-O1 -pie",
                "GPG_KEYS=1198C0117593497A5EC5C199286AF1F9897469DC 49D9AF6BC72A80D6691719C8AA23F5BE9C7097D4 D95C03BC702BE9515344AE3374E44BC9067701A5",
                "PHP_VERSION=8.5.11",
                "PHP_URL=https://www.php.net/distributions/php-8.5.11.tar.xz",
                "PHP_ASC_URL=https://www.php.net/distributions/php-8.5.11.tar.xz.asc",
                "PHP_SHA256=d9be75c08e8c316f4c8f4194d8fbe1750a15f6a6d9d4e3fe72082abeeb800360",
                "APP_ENV=production",
                "APP_DEBUG=false"
            ],
            "Cmd": [
                "php-fpm",
                "-F"
            ],
            "ArgsEscaped": true,
            "Image": "",
            "Volumes": null,
            "WorkingDir": "/app",
            "Entrypoint": [
                "/usr/local/bin/service-entrypoint"
            ],
            "OnBuild": null,
            "Labels": {
                "io.product.component": "assurance",
                "org.opencontainers.image.revision": "c9c202786437601c0f000bdf29d7e1e401e773ee"
            },
            "StopSignal": "SIGQUIT"
        },
        "Architecture": "amd64",
        "Os": "linux",
        "Size": 552206461,
        "GraphDriver": {
            "Data": {
                "LowerDir": "/var/lib/docker/overlay2/aun4g2f4dy6bku5gg82tma6sk/diff:/var/lib/docker/overlay2/yvs9xwsacm7ppqneh7gron2ap/diff:/var/lib/docker/overlay2/gp79yza0t6snsjenmgx0kryei/diff:/var/lib/docker/overlay2/gb9cap3l8tzb3klv2966t7k1x/diff:/var/lib/docker/overlay2/susvi9g6x823s9xorbbeiotwr/diff:/var/lib/docker/overlay2/zmoq598e3sm233eruxsd4j3yt/diff:/var/lib/docker/overlay2/jso5o4v4py0s4cjc0anp5eih2/diff:/var/lib/docker/overlay2/ualb1qi9xgao8x29l4ae3lc1l/diff:/var/lib/docker/overlay2/vc7n9di1dh9brj2thjv3ewi07/diff:/var/lib/docker/overlay2/mycsh8hwijtwwyx70q9r7abzh/diff:/var/lib/docker/overlay2/wt1brs3tfvfvbamw52n7ypmqp/diff:/var/lib/docker/overlay2/d2d19ff14d9923d3ba8b35d3a39089ed05ad9162d54b6e30df7323050713b819/diff:/var/lib/docker/overlay2/076ed28a35fdd2bb8b80aca2ec3442f71ddf0ae4b93a2197f24a7f9f70383e1b/diff:/var/lib/docker/overlay2/a86a839fe63bb7d9aaa079c61007e24f49f7eb2241848e6c54563d2a5c8bbd6b/diff:/var/lib/docker/overlay2/ac49cb802bb4cf652bdffaff1fef317b4a0ad5a25908115a7f3f35e170bb34fc/diff:/var/lib/docker/overlay2/1367554f884e6159d50e97712d14b0e20ec859f702ce50fcd3841123c83fc5ee/diff:/var/lib/docker/overlay2/baab790cef68ae06504162125b11e6761bc3c1a36cfec35b75a9b2eaac2760cb/diff:/var/lib/docker/overlay2/5e0b61a75d0680868120b377bc183afdb305105d2006a11d0dfc72287290978c/diff:/var/lib/docker/overlay2/03869da9be6e3f6f3a0a9ca9728fa2e4098d35a7e4c05250cc151b88296281e1/diff:/var/lib/docker/overlay2/9cfe65175dea3d57b6a98246a07da62318080c04761dbd4a101875c9abb7ece0/diff:/var/lib/docker/overlay2/b1020f212026e82162ab14a96cbd2972b5a406e207a8a1d63c2a4fd1280bea39/diff:/var/lib/docker/overlay2/3d9e8ea25a2c91dd46c8d414d1daeedb8b78b50086fb4226dd0c1ba22055778e/diff",
                "MergedDir": "/var/lib/docker/overlay2/5x99wkb1s0w5c3nm6xdyb34rj/merged",
                "UpperDir": "/var/lib/docker/overlay2/5x99wkb1s0w5c3nm6xdyb34rj/diff",
                "WorkDir": "/var/lib/docker/overlay2/5x99wkb1s0w5c3nm6xdyb34rj/work"
            },
            "Name": "overlay2"
        },
        "RootFS": {
            "Type": "layers",
            "Layers": [
                "sha256:34467cc93912af891dfee8a3902adf9b4f355a9bca4eaa46f658d1181a21de0d",
                "sha256:81274738dbf57317e5435144826219706147834290d012a351d5fc593b5adae2",
                "sha256:0504f653b699e414def5b49113f24c6e542a7846c5df9a799b27c809313dbb4d",
                "sha256:da1395a377a2acc8422d3bc4b7d862885a3a97a3421e3fed1adf62d061ff4f63",
                "sha256:27ac94f3ce3452f11b8a4e05cd00328bc38ad35848dfa0caa7ac7377e2b4c48c",
                "sha256:75906afbd8260b795e6e9b04941130b4bc0f4c137e76562f13753c62972bc5ef",
                "sha256:92e695b6cfd2d361a0864f12771aeb461c040dcd3ac66a0c704bf6e02cd2fc54",
                "sha256:ba5cfed66dabaf73234dbd89396a9011991392d027832714d3bbe68640c82d79",
                "sha256:c5687dee67cf6207590530c6c1c1bf4f1484aa1aeb2a44ff0e0ab0ebb7936ed7",
                "sha256:5f70bf18a086007016e948b04aed3b82103a36bea41755b6cddfaf10ace3c6ef",
                "sha256:a3d8babd0c9ce6e5640c2d87ef48eb3b4adf3e152f63414c1ef6ec0cc9ae911d",
                "sha256:ea96ba9f8eac0a328f522a35efecbf82fdc18db27e6c6835bae48f37d6037181",
                "sha256:3778d0922bc08a3eb1e841f0aaf3f640e16be5f7f71d4e7358ea8acca807761f",
                "sha256:6961ad016570280c926c568e3620981f3c30134491ed279025976e1402aa4ffa",
                "sha256:3dee221d4cdeb52effec2773b6776a69039fe539cff4bf72aed8a311b2461c6c",
                "sha256:8a2aa3d9e673cfa6c6fe8c166577060c41a9131f3ad4786053eb89f36bbc5d18",
                "sha256:b017389f40501c5a6b76ff2fe5ed3a3d67b95059c3b7bf5a4c3b2a6dbbfa3775",
                "sha256:55d75e8fc8c88ac172737490869846c488a5b08e00aad64378746cca04cc2eb4",
                "sha256:3d2027696c6daf66a4b219e992cbd2bf24007a9ed576fb39218e0094077d0c82",
                "sha256:2e75cfb386a16d32f40082ba9ea258ece3e3cd392409cb3c5afd6fd0a577af6c",
                "sha256:2a1d579dabe4a40370c9acc963c26f3f0f5be38a556e3946e56402a0bcccb3c8",
                "sha256:5dfb7ba989f90e37e8d962eae86265d300f21bee793850cf59803f8b6d00a05e",
                "sha256:7237141994086570a7387cfb513eff775a76c55f1ede3c9c8bbf89807e0a7530"
            ]
        },
        "Metadata": {
            "LastTagTime": "2026-10-05T00:23:55.502980403Z"
        }
    }
]
