
   PASS  Tests\Feature\LocalIdentityTest
  ✓ it generates one high entropy credential and never redisplays or re… 0.09s  
  ✓ it requires independent mounted console identity and rejects health… 0.04s  
  ✓ it enforces first-login restrictions in direct APIs then rotates al… 0.07s  
  ✓ it requires the current password and rejects reuse, short or mismat… 0.05s  
  ✓ it expires temporary sessions and invalidates an explicitly logged…  0.05s  
  ✓ it commits throttling across requests and denies attempts during th… 0.05s  
  ✓ it never recreates a retired identity and rejects its existing sess… 0.14s  
  ✓ it rolls back identity and audit together when outbox persistence f… 0.04s  
  ✓ it refuses bootstrap through redirected or noninteractive command o… 0.05s  

   PASS  Tests\Feature\OidcIdentityTest
  ✓ it stores secret references with encrypted custody and rejects pre-… 0.21s  
  ✓ it preserves local setup after provider failure and never activates… 0.07s  
  ✓ it uses real signed tokens, verifies PKCE and atomically retires ev… 0.08s  
  ✓ it denies forged issuer audience expiry nonce authorized party and…  0.06s  
  ✓ it denies forged issuer audience expiry nonce authorized party and…  0.05s  
  ✓ it denies forged issuer audience expiry nonce authorized party and…  0.07s  
  ✓ it denies forged issuer audience expiry nonce authorized party and…  0.06s  
  ✓ it denies forged issuer audience expiry nonce authorized party and…  0.06s  
  ✓ it denies forged issuer audience expiry nonce authorized party and…  0.06s  
  ✓ it denies forged issuer audience expiry nonce authorized party and…  0.06s  
  ✓ it denies forged issuer audience expiry nonce authorized party and…  0.06s  
  ✓ it denies forged issuer audience expiry nonce authorized party and…  0.06s  
  ✓ it denies forged issuer audience expiry nonce authorized party and…  0.06s  
  ✓ it rejects a forged signature and consumes the failed flow           0.06s  
  ✓ it binds browser state and proof to their initiating session and se… 0.07s  
  ✓ it expires sign-in attempts and handover proofs                      0.07s  
  ✓ it keeps the active connection during draft edits and denies setup…  0.11s  
  ✓ it rolls activation back if its audit outbox cannot commit           0.07s  
  ✓ it refuses insecure URLs and discovery that redirects authority or…  0.05s  
  ✓ it denies metadata and loopback targets and permits only selected p… 0.05s  

   PASS  Tests\Feature\TenancyTest
  ✓ it requires workload and federated identity and grants no implied e… 0.11s  
  ✓ it scopes role decisions by tenant site environment and current mem… 1.61s  
  ✓ it bounds delegated grants and revokes them without trusting a stal… 0.11s  
  ✓ it invalidates old delegated grants when membership revision change… 0.11s  
  ✓ it rejects guessed cross-tenant membership and grant identifiers     0.17s  
  ✓ it keeps quota entitlement distinct from capacity and reservations…  0.09s  
  ✓ it preserves independent immutable histories and refuses removal of… 0.09s  
  ✓ it suspends new access and permits the scoped tenant administrator…  0.09s  
  ✓ it rolls back quota and command receipts if its durable outbox fail… 0.08s  

   PASS  Tests\Feature\ApprovalTest
  ✓ it binds an independent approval to an immutable plan and named exe… 0.13s  
  ✓ it denies self-approval even if the requestor also has a reviewer g… 0.13s  
  ✓ it denies a named executor from approving even if given approval au… 0.13s  
  ✓ it rejects every changed approval binding rather than widening the…  0.13s  
  ✓ it rejects every changed approval binding rather than widening the…  0.13s  
  ✓ it rejects every changed approval binding rather than widening the…  0.14s  
  ✓ it rejects every changed approval binding rather than widening the…  0.13s  
  ✓ it rejects every changed approval binding rather than widening the…  0.13s  
  ✓ it rejects every changed approval binding rather than widening the…  0.12s  
  ✓ it rejects every changed approval binding rather than widening the…  0.15s  
  ✓ it denies an unnamed executor and cross-tenant approval identifiers  0.14s  
  ✓ it records rejection and revocation without destroying history or p… 0.14s  
  ✓ it expires approval authoritatively and records the transition once  0.13s  
  ✓ it requires fresh authority and cannot resurrect an approval after…  0.14s  
  ✓ it fails closed on missing plan authority and detects changed autho… 0.13s  
  ✓ it returns the original idempotent decision but rejects changed rea… 0.14s  
  ✓ it does not fall back to a synthetic plan source in the deployed ad… 0.12s  
  ✓ it records background expiry once without a live session or availab… 0.14s  
  ✓ it preserves the v1 audit UUID contract without attributing system…  0.14s  
  ✓ it expires bounded batches at the exact deadline and leaves termina… 0.14s  
  ✓ it rolls expiry back if its durable outbox cannot be written         0.13s  

   PASS  Tests\Feature\GovernanceOutboxTest
  ✓ it publishes a schema-validated minimal fact reference and preserve… 0.16s  
  ✓ it retains an uncertain publication and replays exactly the same ev… 0.08s  
  ✓ it replays a confirmed event after the database acknowledgement is…  0.07s  
  ✓ it delivers committed history even when its originating actor no lo… 0.07s  
  ✓ it quarantines malformed facts without blocking independent tenant…  0.08s  
  ✓ it rejects unknown event types and mismatched scope without publish… 0.08s  
  ✓ it rejects unknown event types and mismatched scope without publish… 0.07s  
  ✓ it fails closed without broker custody and bounds operator commands  0.07s  

  Tests:    67 passed (1188 assertions)
  Duration: 8.02s

