{
    "apiVersion": "v1",
    "items": [
        {
            "apiVersion": "v1",
            "kind": "Node",
            "metadata": {
                "annotations": {
                    "node.alpha.kubernetes.io/ttl": "0",
                    "volumes.kubernetes.io/controller-managed-attach-detach": "true"
                },
                "creationTimestamp": "2026-10-05T03:47:32Z",
                "labels": {
                    "beta.kubernetes.io/arch": "amd64",
                    "beta.kubernetes.io/os": "linux",
                    "kubernetes.io/arch": "amd64",
                    "kubernetes.io/hostname": "p01-72188a2dcf97-908488b6-control-plane",
                    "kubernetes.io/os": "linux",
                    "node-role.kubernetes.io/control-plane": "",
                    "node.kubernetes.io/exclude-from-external-load-balancers": ""
                },
                "name": "p01-72188a2dcf97-908488b6-control-plane",
                "resourceVersion": "731",
                "uid": "1c9ac9da-348a-45a1-9eee-5530f86afe7b"
            },
            "spec": {
                "podCIDR": "10.244.0.0/24",
                "podCIDRs": [
                    "10.244.0.0/24"
                ],
                "providerID": "kind://docker/p01-72188a2dcf97-908488b6/p01-72188a2dcf97-908488b6-control-plane",
                "taints": [
                    {
                        "effect": "NoSchedule",
                        "key": "node-role.kubernetes.io/control-plane"
                    }
                ]
            },
            "status": {
                "addresses": [
                    {
                        "address": "172.18.0.3",
                        "type": "InternalIP"
                    },
                    {
                        "address": "p01-72188a2dcf97-908488b6-control-plane",
                        "type": "Hostname"
                    }
                ],
                "allocatable": {
                    "cpu": "4",
                    "ephemeral-storage": "151263856Ki",
                    "hugepages-1Gi": "0",
                    "hugepages-2Mi": "0",
                    "memory": "16373444Ki",
                    "pods": "110"
                },
                "capacity": {
                    "cpu": "4",
                    "ephemeral-storage": "151263856Ki",
                    "hugepages-1Gi": "0",
                    "hugepages-2Mi": "0",
                    "memory": "16373444Ki",
                    "pods": "110"
                },
                "conditions": [
                    {
                        "lastHeartbeatTime": "2026-10-05T03:48:19Z",
                        "lastTransitionTime": "2026-10-05T03:48:19Z",
                        "message": "Cilium is running on this node",
                        "reason": "CiliumIsUp",
                        "status": "False",
                        "type": "NetworkUnavailable"
                    },
                    {
                        "lastHeartbeatTime": "2026-10-05T03:48:15Z",
                        "lastTransitionTime": "2026-10-05T03:47:30Z",
                        "message": "kubelet has sufficient memory available",
                        "reason": "KubeletHasSufficientMemory",
                        "status": "False",
                        "type": "MemoryPressure"
                    },
                    {
                        "lastHeartbeatTime": "2026-10-05T03:48:15Z",
                        "lastTransitionTime": "2026-10-05T03:47:30Z",
                        "message": "kubelet has no disk pressure",
                        "reason": "KubeletHasNoDiskPressure",
                        "status": "False",
                        "type": "DiskPressure"
                    },
                    {
                        "lastHeartbeatTime": "2026-10-05T03:48:15Z",
                        "lastTransitionTime": "2026-10-05T03:47:30Z",
                        "message": "kubelet has sufficient PID available",
                        "reason": "KubeletHasSufficientPID",
                        "status": "False",
                        "type": "PIDPressure"
                    },
                    {
                        "lastHeartbeatTime": "2026-10-05T03:48:15Z",
                        "lastTransitionTime": "2026-10-05T03:48:15Z",
                        "message": "kubelet is posting ready status",
                        "reason": "KubeletReady",
                        "status": "True",
                        "type": "Ready"
                    }
                ],
                "daemonEndpoints": {
                    "kubeletEndpoint": {
                        "Port": 10250
                    }
                },
                "declaredFeatures": [
                    "ExtendWebSocketsToKubelet",
                    "InPlacePodLevelResourcesVerticalScaling",
                    "InPlacePodVerticalScalingInitContainers",
                    "RestartAllContainersOnContainerExits"
                ],
                "features": {
                    "supplementalGroupsPolicy": true
                },
                "images": [
                    {
                        "names": [
                            "docker.io/library/import-2026-08-26@sha256:2123d119ca32eb19622df2e6279e27bc028d2c33d0e4afb46f197ca134e5f687",
                            "registry.k8s.io/kube-apiserver-amd64:v1.36.4",
                            "registry.k8s.io/kube-apiserver:v1.36.4"
                        ],
                        "sizeBytes": 96820468
                    },
                    {
                        "names": [
                            "docker.io/library/import-2026-08-26@sha256:5d1180ec5fa02cc8ffe2244491197efc92b5afe8637dbd2267cdb3a2102cde9c",
                            "registry.k8s.io/kube-controller-manager-amd64:v1.36.4",
                            "registry.k8s.io/kube-controller-manager:v1.36.4"
                        ],
                        "sizeBytes": 85995620
                    },
                    {
                        "names": [
                            "docker.io/library/import-2026-08-26@sha256:306a0415be3708a014f45abffffdffbf23c3625029b7b7b35c310b801205512a",
                            "registry.k8s.io/kube-proxy-amd64:v1.36.4",
                            "registry.k8s.io/kube-proxy:v1.36.4"
                        ],
                        "sizeBytes": 81708772
                    },
                    {
                        "names": [
                            "docker.io/library/import-2026-08-26@sha256:8aec479d9e6484c30cd03cc157e65ce2f661e4f5f67876aa6315686602faccdd",
                            "registry.k8s.io/kube-scheduler-amd64:v1.36.4",
                            "registry.k8s.io/kube-scheduler:v1.36.4"
                        ],
                        "sizeBytes": 60788445
                    },
                    {
                        "names": [
                            "docker.io/kindest/kindnetd:v20260820-69b56db7"
                        ],
                        "sizeBytes": 39744255
                    },
                    {
                        "names": [
                            "registry.k8s.io/coredns/coredns:v1.14.2"
                        ],
                        "sizeBytes": 23257541
                    },
                    {
                        "names": [
                            "registry.k8s.io/etcd:3.6.8-0"
                        ],
                        "sizeBytes": 22885795
                    },
                    {
                        "names": [
                            "docker.io/kindest/local-path-provisioner:v20260820-69b56db7"
                        ],
                        "sizeBytes": 15868133
                    },
                    {
                        "names": [
                            "docker.io/kindest/local-path-helper:v20260131-7181c60a"
                        ],
                        "sizeBytes": 2872608
                    },
                    {
                        "names": [
                            "registry.k8s.io/pause:3.10"
                        ],
                        "sizeBytes": 320368
                    }
                ],
                "nodeInfo": {
                    "architecture": "amd64",
                    "bootID": "09fb243c-cda4-4b24-89fc-5c83c7284f4a",
                    "containerRuntimeVersion": "containerd://2.3.4",
                    "kernelVersion": "6.17.0-1022-azure",
                    "kubeProxyVersion": "",
                    "kubeletVersion": "v1.36.4",
                    "machineID": "a834f2653dce4e1890fa4615666e4f92",
                    "operatingSystem": "linux",
                    "osImage": "Debian GNU/Linux 13 (trixie)",
                    "swap": {
                        "capacity": 3221221376
                    },
                    "systemUUID": "b9c50231-1289-4f1c-a164-b55cb49645c1"
                },
                "runtimeHandlers": [
                    {
                        "features": {
                            "recursiveReadOnlyMounts": true,
                            "userNamespaces": true
                        },
                        "name": ""
                    },
                    {
                        "features": {
                            "recursiveReadOnlyMounts": true,
                            "userNamespaces": true
                        },
                        "name": "runc"
                    },
                    {
                        "features": {
                            "recursiveReadOnlyMounts": true,
                            "userNamespaces": true
                        },
                        "name": "test-handler"
                    }
                ]
            }
        },
        {
            "apiVersion": "v1",
            "kind": "Node",
            "metadata": {
                "annotations": {
                    "node.alpha.kubernetes.io/ttl": "0",
                    "volumes.kubernetes.io/controller-managed-attach-detach": "true"
                },
                "creationTimestamp": "2026-10-05T03:47:47Z",
                "labels": {
                    "beta.kubernetes.io/arch": "amd64",
                    "beta.kubernetes.io/os": "linux",
                    "kubernetes.io/arch": "amd64",
                    "kubernetes.io/hostname": "p01-72188a2dcf97-908488b6-worker",
                    "kubernetes.io/os": "linux"
                },
                "name": "p01-72188a2dcf97-908488b6-worker",
                "resourceVersion": "700",
                "uid": "4f2ebe8f-dc8f-4b5d-ae08-6a04b6bfdf0a"
            },
            "spec": {
                "podCIDR": "10.244.1.0/24",
                "podCIDRs": [
                    "10.244.1.0/24"
                ],
                "providerID": "kind://docker/p01-72188a2dcf97-908488b6/p01-72188a2dcf97-908488b6-worker"
            },
            "status": {
                "addresses": [
                    {
                        "address": "172.18.0.2",
                        "type": "InternalIP"
                    },
                    {
                        "address": "p01-72188a2dcf97-908488b6-worker",
                        "type": "Hostname"
                    }
                ],
                "allocatable": {
                    "cpu": "4",
                    "ephemeral-storage": "151263856Ki",
                    "hugepages-1Gi": "0",
                    "hugepages-2Mi": "0",
                    "memory": "16373444Ki",
                    "pods": "110"
                },
                "capacity": {
                    "cpu": "4",
                    "ephemeral-storage": "151263856Ki",
                    "hugepages-1Gi": "0",
                    "hugepages-2Mi": "0",
                    "memory": "16373444Ki",
                    "pods": "110"
                },
                "conditions": [
                    {
                        "lastHeartbeatTime": "2026-10-05T03:48:15Z",
                        "lastTransitionTime": "2026-10-05T03:48:15Z",
                        "message": "Cilium is running on this node",
                        "reason": "CiliumIsUp",
                        "status": "False",
                        "type": "NetworkUnavailable"
                    },
                    {
                        "lastHeartbeatTime": "2026-10-05T03:48:17Z",
                        "lastTransitionTime": "2026-10-05T03:47:47Z",
                        "message": "kubelet has sufficient memory available",
                        "reason": "KubeletHasSufficientMemory",
                        "status": "False",
                        "type": "MemoryPressure"
                    },
                    {
                        "lastHeartbeatTime": "2026-10-05T03:48:17Z",
                        "lastTransitionTime": "2026-10-05T03:47:47Z",
                        "message": "kubelet has no disk pressure",
                        "reason": "KubeletHasNoDiskPressure",
                        "status": "False",
                        "type": "DiskPressure"
                    },
                    {
                        "lastHeartbeatTime": "2026-10-05T03:48:17Z",
                        "lastTransitionTime": "2026-10-05T03:47:47Z",
                        "message": "kubelet has sufficient PID available",
                        "reason": "KubeletHasSufficientPID",
                        "status": "False",
                        "type": "PIDPressure"
                    },
                    {
                        "lastHeartbeatTime": "2026-10-05T03:48:17Z",
                        "lastTransitionTime": "2026-10-05T03:48:09Z",
                        "message": "kubelet is posting ready status",
                        "reason": "KubeletReady",
                        "status": "True",
                        "type": "Ready"
                    }
                ],
                "daemonEndpoints": {
                    "kubeletEndpoint": {
                        "Port": 10250
                    }
                },
                "declaredFeatures": [
                    "ExtendWebSocketsToKubelet",
                    "InPlacePodLevelResourcesVerticalScaling",
                    "InPlacePodVerticalScalingInitContainers",
                    "RestartAllContainersOnContainerExits"
                ],
                "features": {
                    "supplementalGroupsPolicy": true
                },
                "images": [
                    {
                        "names": [
                            "quay.io/cilium/cilium@sha256:2939231d0d3e3ebddcd80fffa168b7ddcc78fdf0dc864d1c8c126ff523c54f01"
                        ],
                        "sizeBytes": 257817200
                    },
                    {
                        "names": [
                            "docker.io/library/import-2026-08-26@sha256:2123d119ca32eb19622df2e6279e27bc028d2c33d0e4afb46f197ca134e5f687",
                            "registry.k8s.io/kube-apiserver-amd64:v1.36.4",
                            "registry.k8s.io/kube-apiserver:v1.36.4"
                        ],
                        "sizeBytes": 96820086
                    },
                    {
                        "names": [
                            "docker.io/library/import-2026-08-26@sha256:5d1180ec5fa02cc8ffe2244491197efc92b5afe8637dbd2267cdb3a2102cde9c",
                            "registry.k8s.io/kube-controller-manager-amd64:v1.36.4",
                            "registry.k8s.io/kube-controller-manager:v1.36.4"
                        ],
                        "sizeBytes": 85995229
                    },
                    {
                        "names": [
                            "docker.io/library/import-2026-08-26@sha256:306a0415be3708a014f45abffffdffbf23c3625029b7b7b35c310b801205512a",
                            "registry.k8s.io/kube-proxy-amd64:v1.36.4",
                            "registry.k8s.io/kube-proxy:v1.36.4"
                        ],
                        "sizeBytes": 81708772
                    },
                    {
                        "names": [
                            "docker.io/library/import-2026-08-26@sha256:8aec479d9e6484c30cd03cc157e65ce2f661e4f5f67876aa6315686602faccdd",
                            "registry.k8s.io/kube-scheduler-amd64:v1.36.4",
                            "registry.k8s.io/kube-scheduler:v1.36.4"
                        ],
                        "sizeBytes": 60788445
                    },
                    {
                        "names": [
                            "docker.io/kindest/kindnetd:v20260820-69b56db7"
                        ],
                        "sizeBytes": 39744255
                    },
                    {
                        "names": [
                            "quay.io/cilium/operator-generic@sha256:64d8798350e8569b8e7622563fed6e44dce2625f311e4651b774816516c744fc"
                        ],
                        "sizeBytes": 36853360
                    },
                    {
                        "names": [
                            "registry.k8s.io/coredns/coredns:v1.14.2"
                        ],
                        "sizeBytes": 23257541
                    },
                    {
                        "names": [
                            "registry.k8s.io/etcd:3.6.8-0"
                        ],
                        "sizeBytes": 22885795
                    },
                    {
                        "names": [
                            "docker.io/kindest/local-path-provisioner:v20260820-69b56db7"
                        ],
                        "sizeBytes": 15868133
                    },
                    {
                        "names": [
                            "docker.io/kindest/local-path-helper:v20260131-7181c60a"
                        ],
                        "sizeBytes": 2872608
                    },
                    {
                        "names": [
                            "registry.k8s.io/pause:3.10"
                        ],
                        "sizeBytes": 320368
                    }
                ],
                "nodeInfo": {
                    "architecture": "amd64",
                    "bootID": "09fb243c-cda4-4b24-89fc-5c83c7284f4a",
                    "containerRuntimeVersion": "containerd://2.3.4",
                    "kernelVersion": "6.17.0-1022-azure",
                    "kubeProxyVersion": "",
                    "kubeletVersion": "v1.36.4",
                    "machineID": "63507dfd2da9493dac435f046c495dac",
                    "operatingSystem": "linux",
                    "osImage": "Debian GNU/Linux 13 (trixie)",
                    "swap": {
                        "capacity": 3221221376
                    },
                    "systemUUID": "c8ee97c9-9e71-42be-9aa0-c72dddc5713d"
                },
                "runtimeHandlers": [
                    {
                        "features": {
                            "recursiveReadOnlyMounts": true,
                            "userNamespaces": true
                        },
                        "name": ""
                    },
                    {
                        "features": {
                            "recursiveReadOnlyMounts": true,
                            "userNamespaces": true
                        },
                        "name": "runc"
                    },
                    {
                        "features": {
                            "recursiveReadOnlyMounts": true,
                            "userNamespaces": true
                        },
                        "name": "test-handler"
                    }
                ]
            }
        }
    ],
    "kind": "List",
    "metadata": {
        "resourceVersion": ""
    }
}
