{
  "images":  [
    {
      "id":  "sha256:4626fe10df5b930638e6e1662143ee1c7a698de6174fdb61a8ce658e688be2cd",
      "repoTags":  [
        "docker.io/kindest/kindnetd:v20260820-69b56db7"
      ],
      "repoDigests":  [],
      "size":  "39744255",
      "username":  "",
      "pinned":  false
    },
    {
      "id":  "sha256:19aa6a21b42cb57f6f76e0f3584d7dfec241a3f3568cd6590a2967c28d9cdce3",
      "repoTags":  [
        "docker.io/kindest/local-path-helper:v20260131-7181c60a"
      ],
      "repoDigests":  [],
      "size":  "2872608",
      "uid":  {
        "value":  "0"
      },
      "username":  "",
      "pinned":  false
    },
    {
      "id":  "sha256:c82008e2cd0186ef96bfd05d6b49d3286768fae5bd7a961f70bd485a3785c006",
      "repoTags":  [
        "docker.io/kindest/local-path-provisioner:v20260820-69b56db7"
      ],
      "repoDigests":  [],
      "size":  "15868133",
      "uid":  {
        "value":  "0"
      },
      "username":  "",
      "pinned":  false
    },
    {
      "id":  "sha256:049a5ac37f2c71fc57ffe65a33d4526172140dc697750f28b9a6f8e834b5d229",
      "repoTags":  [
        "p01.local/assurance:sha256-049a5ac37f2c71fc57ffe65a33d4526172140dc697750f28b9a6f8e834b5d229"
      ],
      "repoDigests":  [
        "docker.io/library/import-2026-10-05@sha256:4a42c9575a709920810ca5c34127151cfbb71f4ee918613dc3153b76a13f2db7"
      ],
      "size":  "565696043",
      "uid":  {
        "value":  "10001"
      },
      "username":  "",
      "pinned":  false
    },
    {
      "id":  "sha256:3c26b91a5a930142955de972bae9eb853df7c97b92e541192e2edf416976a7a5",
      "repoTags":  [
        "p01.local/catalogue:sha256-3c26b91a5a930142955de972bae9eb853df7c97b92e541192e2edf416976a7a5"
      ],
      "repoDigests":  [
        "docker.io/library/import-2026-10-05@sha256:a8f38ef42a7d17f73bc8f80e48b25a0b6b849a29122e1a2d7c1d950c1e9663ab"
      ],
      "size":  "570447412",
      "uid":  {
        "value":  "10001"
      },
      "username":  "",
      "pinned":  false
    },
    {
      "id":  "sha256:5255ed3ded9769272bc8058433896e73eab0b5f582072a12025fba905c3a7c00",
      "repoTags":  [
        "p01.local/console:sha256-5255ed3ded9769272bc8058433896e73eab0b5f582072a12025fba905c3a7c00"
      ],
      "repoDigests":  [
        "docker.io/library/import-2026-10-05@sha256:46f31ff7a6303ebfc9b4c59f9539605ade4039d70e2d23ef30da8e2bb16773cd"
      ],
      "size":  "566235944",
      "uid":  {
        "value":  "10001"
      },
      "username":  "",
      "pinned":  false
    },
    {
      "id":  "sha256:3fd401c2b406525137f517cec5ae4b5d84d35d34d0679ea9138babce7f0731e3",
      "repoTags":  [
        "p01.local/governance:sha256-3fd401c2b406525137f517cec5ae4b5d84d35d34d0679ea9138babce7f0731e3"
      ],
      "repoDigests":  [
        "docker.io/library/import-2026-10-05@sha256:5a78e285c8da7911ee6800b89bc149eb1d2a2c23f8b5da5877f40e1dee24e7fe"
      ],
      "size":  "565696041",
      "uid":  {
        "value":  "10001"
      },
      "username":  "",
      "pinned":  false
    },
    {
      "id":  "sha256:741a678aa65d1c94e3ef1a9f20927ed1ede00c5b4e341bbe145c5f432e635f71",
      "repoTags":  [
        "p01.local/inventory:sha256-741a678aa65d1c94e3ef1a9f20927ed1ede00c5b4e341bbe145c5f432e635f71"
      ],
      "repoDigests":  [
        "docker.io/library/import-2026-10-05@sha256:00b7aa97d5131ef150134efe683a083d4580cb948430c0c817c458003340c640"
      ],
      "size":  "151116789",
      "uid":  {
        "value":  "10001"
      },
      "username":  "",
      "pinned":  false
    },
    {
      "id":  "sha256:c25d199ed0c3e9779e30dda356debfcf8e00e8a8f00693c4158dc02a487fd861",
      "repoTags":  [
        "p01.local/lifecycle:sha256-c25d199ed0c3e9779e30dda356debfcf8e00e8a8f00693c4158dc02a487fd861"
      ],
      "repoDigests":  [
        "docker.io/library/import-2026-10-05@sha256:943ca96e3af1ec4f79cd1ef9a9806ae3e7523c00b523a4d8062dc25215b28ef7"
      ],
      "size":  "151116783",
      "uid":  {
        "value":  "10001"
      },
      "username":  "",
      "pinned":  false
    },
    {
      "id":  "sha256:30d1e21bb57d04c9fa6a73bdfb0465dbcd234c8a299d5748e0f0dd7cedf330d9",
      "repoTags":  [
        "p01.local/nginx:manifest-sha256-3d2f995522ddb52c3a4eb8008b8fa26f184f7146851df1da831f88885ac40aae"
      ],
      "repoDigests":  [
        "docker.io/library/import-2026-10-05@sha256:5c7e4ac215c73965ec024805e7feb2f942e4570d89003814734678eb756ea3de"
      ],
      "size":  "165125259",
      "username":  "",
      "pinned":  false
    },
    {
      "id":  "sha256:cbae52802671de2b85f9aa36a8c46631d4f0e5f877560ffde85a140ed75a8f0b",
      "repoTags":  [
        "p01.local/planning:sha256-cbae52802671de2b85f9aa36a8c46631d4f0e5f877560ffde85a140ed75a8f0b"
      ],
      "repoDigests":  [
        "docker.io/library/import-2026-10-05@sha256:fba5f4cfd255a2db04fa3dc8e7b62dd82ecfae48d3a8734aa5c695d7d5d7376f"
      ],
      "size":  "153995246",
      "uid":  {
        "value":  "10001"
      },
      "username":  "",
      "pinned":  false
    },
    {
      "id":  "sha256:8d76d8de17e883d3995f76252e260bc6b7761e9c23edbf3356b0676d37c49ddb",
      "repoTags":  [
        "p01.local/postgres:manifest-sha256-9e73daeb439141c2b11eea2463f5f1a3b269fd90d897b41cddb7cb440f21aa5d"
      ],
      "repoDigests":  [
        "docker.io/library/import-2026-10-05@sha256:a73366f9c26d0167be14b0a23ba05e7d044534d10215b1017fe8b34946867e8c"
      ],
      "size":  "448094690",
      "username":  "",
      "pinned":  false
    },
    {
      "id":  "sha256:38667dd9be96c17227adde456e33ad701bdbdc5c6db0272a1d33a929bd8e62d6",
      "repoTags":  [
        "registry.k8s.io/coredns/coredns:v1.14.2"
      ],
      "repoDigests":  [],
      "size":  "23257541",
      "username":  "nonroot",
      "pinned":  false
    },
    {
      "id":  "sha256:ee85eb1f0edd27fd11e3bed20f21a4001ad63107eb2f8d489429648a799c0e86",
      "repoTags":  [
        "registry.k8s.io/etcd:3.6.8-0"
      ],
      "repoDigests":  [],
      "size":  "22885795",
      "uid":  {
        "value":  "0"
      },
      "username":  "",
      "pinned":  false
    },
    {
      "id":  "sha256:b0f70fa6ec47eb5682e7030c5799ea8ba42e52f5e7ea24f0f46bd9e8170b183c",
      "repoTags":  [
        "registry.k8s.io/kube-apiserver-amd64:v1.36.4",
        "registry.k8s.io/kube-apiserver:v1.36.4"
      ],
      "repoDigests":  [
        "docker.io/library/import-2026-08-26@sha256:2123d119ca32eb19622df2e6279e27bc028d2c33d0e4afb46f197ca134e5f687"
      ],
      "size":  "96820468",
      "uid":  {
        "value":  "0"
      },
      "username":  "",
      "pinned":  true
    },
    {
      "id":  "sha256:c27613cea70f9808cc25955886c764ad38de589a9faeb2a8341cb27af6714684",
      "repoTags":  [
        "registry.k8s.io/kube-controller-manager-amd64:v1.36.4",
        "registry.k8s.io/kube-controller-manager:v1.36.4"
      ],
      "repoDigests":  [
        "docker.io/library/import-2026-08-26@sha256:5d1180ec5fa02cc8ffe2244491197efc92b5afe8637dbd2267cdb3a2102cde9c"
      ],
      "size":  "85995620",
      "uid":  {
        "value":  "0"
      },
      "username":  "",
      "pinned":  true
    },
    {
      "id":  "sha256:a5280d36e1aa3602794efd60dc157d55bbd1bed8f755b5c12e0a6ca5dce9d3bd",
      "repoTags":  [
        "registry.k8s.io/kube-proxy-amd64:v1.36.4",
        "registry.k8s.io/kube-proxy:v1.36.4"
      ],
      "repoDigests":  [
        "docker.io/library/import-2026-08-26@sha256:306a0415be3708a014f45abffffdffbf23c3625029b7b7b35c310b801205512a"
      ],
      "size":  "81708772",
      "username":  "",
      "pinned":  true
    },
    {
      "id":  "sha256:11ce0d8bbc73b7c08c30bb040fac58fac8ba3405b92b85451b643ee1c08dcd9f",
      "repoTags":  [
        "registry.k8s.io/kube-scheduler-amd64:v1.36.4",
        "registry.k8s.io/kube-scheduler:v1.36.4"
      ],
      "repoDigests":  [
        "docker.io/library/import-2026-08-26@sha256:8aec479d9e6484c30cd03cc157e65ce2f661e4f5f67876aa6315686602faccdd"
      ],
      "size":  "60788445",
      "uid":  {
        "value":  "0"
      },
      "username":  "",
      "pinned":  true
    },
    {
      "id":  "sha256:873ed75102791e5b0b8a7fcd41606c92fcec98d56d05ead4ac5131650004c136",
      "repoTags":  [
        "registry.k8s.io/pause:3.10"
      ],
      "repoDigests":  [],
      "size":  "320368",
      "uid":  {
        "value":  "65535"
      },
      "username":  "",
      "pinned":  true
    },
    {
      "id":  "sha256:e8a7b89d30c0711e31b5ee947e0493786824413ecda8349416155b39663570b3",
      "repoTags":  [],
      "repoDigests":  [
        "quay.io/cilium/cilium@sha256:2939231d0d3e3ebddcd80fffa168b7ddcc78fdf0dc864d1c8c126ff523c54f01"
      ],
      "size":  "257817200",
      "username":  "",
      "pinned":  false
    }
  ]
}
