{
    "apiVersion": "v1",
    "items": [
        {
            "apiVersion": "v1",
            "kind": "Pod",
            "metadata": {
                "creationTimestamp": "2026-10-05T03:50:04Z",
                "generateName": "postgres-7d5d87db8c-",
                "generation": 1,
                "labels": {
                    "app.kubernetes.io/part-of": "p01-foundation",
                    "p01.role": "postgres",
                    "p01.service": "postgres",
                    "pod-template-hash": "7d5d87db8c"
                },
                "name": "postgres-7d5d87db8c-lssdq",
                "namespace": "p01-72188a2dcf97-908488b6",
                "ownerReferences": [
                    {
                        "apiVersion": "apps/v1",
                        "blockOwnerDeletion": true,
                        "controller": true,
                        "kind": "ReplicaSet",
                        "name": "postgres-7d5d87db8c",
                        "uid": "7c4b7e0c-d77f-4fdf-ab09-e6276326daa6"
                    }
                ],
                "resourceVersion": "1551",
                "uid": "e07cf808-3273-43aa-875f-f3f19fac7ae4"
            },
            "spec": {
                "automountServiceAccountToken": false,
                "containers": [
                    {
                        "args": [
                            "postgres"
                        ],
                        "command": [
                            "/bin/bash",
                            "/opt/foundation/entrypoint.sh"
                        ],
                        "image": "p01.local/postgres:manifest-sha256-9e73daeb439141c2b11eea2463f5f1a3b269fd90d897b41cddb7cb440f21aa5d",
                        "imagePullPolicy": "Never",
                        "livenessProbe": {
                            "failureThreshold": 3,
                            "periodSeconds": 10,
                            "successThreshold": 1,
                            "tcpSocket": {
                                "port": 5432
                            },
                            "timeoutSeconds": 2
                        },
                        "name": "postgres",
                        "ports": [
                            {
                                "containerPort": 5432,
                                "protocol": "TCP"
                            }
                        ],
                        "readinessProbe": {
                            "failureThreshold": 3,
                            "periodSeconds": 5,
                            "successThreshold": 1,
                            "tcpSocket": {
                                "port": 5432
                            },
                            "timeoutSeconds": 2
                        },
                        "resources": {
                            "limits": {
                                "cpu": "1",
                                "memory": "512Mi"
                            },
                            "requests": {
                                "cpu": "25m",
                                "memory": "64Mi"
                            }
                        },
                        "securityContext": {
                            "allowPrivilegeEscalation": false,
                            "capabilities": {
                                "add": [
                                    "CHOWN",
                                    "DAC_OVERRIDE",
                                    "FOWNER",
                                    "SETGID",
                                    "SETUID"
                                ],
                                "drop": [
                                    "ALL"
                                ]
                            },
                            "readOnlyRootFilesystem": true,
                            "runAsGroup": 0,
                            "runAsNonRoot": false,
                            "runAsUser": 0
                        },
                        "startupProbe": {
                            "failureThreshold": 60,
                            "periodSeconds": 2,
                            "successThreshold": 1,
                            "tcpSocket": {
                                "port": 5432
                            },
                            "timeoutSeconds": 1
                        },
                        "terminationMessagePath": "/dev/termination-log",
                        "terminationMessagePolicy": "File",
                        "volumeMounts": [
                            {
                                "mountPath": "/run/secrets",
                                "name": "secrets",
                                "readOnly": true
                            },
                            {
                                "mountPath": "/tmp",
                                "name": "tmp"
                            },
                            {
                                "mountPath": "/var/run/postgresql",
                                "name": "socket"
                            },
                            {
                                "mountPath": "/var/lib/postgresql",
                                "name": "data"
                            },
                            {
                                "mountPath": "/opt/foundation",
                                "name": "scripts",
                                "readOnly": true
                            },
                            {
                                "mountPath": "/docker-entrypoint-initdb.d/10-private-identities.sh",
                                "name": "scripts",
                                "readOnly": true,
                                "subPath": "initialize.sh"
                            }
                        ]
                    }
                ],
                "dnsPolicy": "ClusterFirst",
                "enableServiceLinks": false,
                "nodeName": "p01-72188a2dcf97-908488b6-worker",
                "preemptionPolicy": "PreemptLowerPriority",
                "priority": 0,
                "restartPolicy": "Always",
                "schedulerName": "default-scheduler",
                "securityContext": {
                    "runAsGroup": 0,
                    "runAsUser": 0,
                    "seccompProfile": {
                        "type": "RuntimeDefault"
                    }
                },
                "serviceAccount": "postgres",
                "serviceAccountName": "postgres",
                "terminationGracePeriodSeconds": 30,
                "tolerations": [
                    {
                        "effect": "NoExecute",
                        "key": "node.kubernetes.io/not-ready",
                        "operator": "Exists",
                        "tolerationSeconds": 300
                    },
                    {
                        "effect": "NoExecute",
                        "key": "node.kubernetes.io/unreachable",
                        "operator": "Exists",
                        "tolerationSeconds": 300
                    }
                ],
                "volumes": [
                    {
                        "name": "secrets",
                        "secret": {
                            "defaultMode": 292,
                            "secretName": "postgres-bootstrap"
                        }
                    },
                    {
                        "emptyDir": {
                            "medium": "Memory",
                            "sizeLimit": "64Mi"
                        },
                        "name": "tmp"
                    },
                    {
                        "emptyDir": {
                            "medium": "Memory",
                            "sizeLimit": "16Mi"
                        },
                        "name": "socket"
                    },
                    {
                        "name": "data",
                        "persistentVolumeClaim": {
                            "claimName": "postgres-data"
                        }
                    },
                    {
                        "configMap": {
                            "defaultMode": 365,
                            "name": "postgres-scripts"
                        },
                        "name": "scripts"
                    }
                ]
            },
            "status": {
                "allocatedResources": {
                    "cpu": "25m",
                    "memory": "64Mi"
                },
                "conditions": [
                    {
                        "lastProbeTime": null,
                        "lastTransitionTime": "2026-10-05T03:50:12Z",
                        "observedGeneration": 1,
                        "status": "True",
                        "type": "PodReadyToStartContainers"
                    },
                    {
                        "lastProbeTime": null,
                        "lastTransitionTime": "2026-10-05T03:50:11Z",
                        "observedGeneration": 1,
                        "status": "True",
                        "type": "Initialized"
                    },
                    {
                        "lastProbeTime": null,
                        "lastTransitionTime": "2026-10-05T03:50:15Z",
                        "observedGeneration": 1,
                        "status": "True",
                        "type": "Ready"
                    },
                    {
                        "lastProbeTime": null,
                        "lastTransitionTime": "2026-10-05T03:50:15Z",
                        "observedGeneration": 1,
                        "status": "True",
                        "type": "ContainersReady"
                    },
                    {
                        "lastProbeTime": null,
                        "lastTransitionTime": "2026-10-05T03:50:11Z",
                        "observedGeneration": 1,
                        "status": "True",
                        "type": "PodScheduled"
                    }
                ],
                "containerStatuses": [
                    {
                        "allocatedResources": {
                            "cpu": "25m",
                            "memory": "64Mi"
                        },
                        "containerID": "containerd://b4142218c4486bf0df8d1eaeebc8d6bb57e3da45f5b49dc5e6e806fac218385d",
                        "image": "p01.local/postgres:manifest-sha256-9e73daeb439141c2b11eea2463f5f1a3b269fd90d897b41cddb7cb440f21aa5d",
                        "imageID": "docker.io/library/import-2026-10-05@sha256:a73366f9c26d0167be14b0a23ba05e7d044534d10215b1017fe8b34946867e8c",
                        "lastState": {},
                        "name": "postgres",
                        "ready": true,
                        "resources": {
                            "limits": {
                                "cpu": "1",
                                "memory": "512Mi"
                            },
                            "requests": {
                                "cpu": "25m",
                                "memory": "64Mi"
                            }
                        },
                        "restartCount": 0,
                        "started": true,
                        "state": {
                            "running": {
                                "startedAt": "2026-10-05T03:50:12Z"
                            }
                        },
                        "user": {
                            "linux": {
                                "gid": 0,
                                "supplementalGroups": [
                                    0
                                ],
                                "uid": 0
                            }
                        },
                        "volumeMounts": [
                            {
                                "mountPath": "/run/secrets",
                                "name": "secrets",
                                "readOnly": true,
                                "recursiveReadOnly": "Disabled"
                            },
                            {
                                "mountPath": "/tmp",
                                "name": "tmp"
                            },
                            {
                                "mountPath": "/var/run/postgresql",
                                "name": "socket"
                            },
                            {
                                "mountPath": "/var/lib/postgresql",
                                "name": "data"
                            },
                            {
                                "mountPath": "/opt/foundation",
                                "name": "scripts",
                                "readOnly": true,
                                "recursiveReadOnly": "Disabled"
                            },
                            {
                                "mountPath": "/docker-entrypoint-initdb.d/10-private-identities.sh",
                                "name": "scripts",
                                "readOnly": true,
                                "recursiveReadOnly": "Disabled"
                            }
                        ]
                    }
                ],
                "hostIP": "172.18.0.2",
                "hostIPs": [
                    {
                        "ip": "172.18.0.2"
                    }
                ],
                "observedGeneration": 1,
                "phase": "Running",
                "podIP": "10.244.1.194",
                "podIPs": [
                    {
                        "ip": "10.244.1.194"
                    }
                ],
                "qosClass": "Burstable",
                "resources": {
                    "limits": {
                        "cpu": "1",
                        "memory": "512Mi"
                    },
                    "requests": {
                        "memory": "64Mi"
                    }
                },
                "startTime": "2026-10-05T03:50:11Z"
            }
        }
    ],
    "kind": "List",
    "metadata": {
        "resourceVersion": ""
    }
}
