{
    "apiVersion": "v1",
    "items": [
        {
            "apiVersion": "networking.k8s.io/v1",
            "kind": "NetworkPolicy",
            "metadata": {
                "annotations": {
                    "kubectl.kubernetes.io/last-applied-configuration": "{\"apiVersion\":\"networking.k8s.io/v1\",\"kind\":\"NetworkPolicy\",\"metadata\":{\"annotations\":{},\"name\":\"assurance-application\",\"namespace\":\"p01-72188a2dcf97-908488b6\"},\"spec\":{\"egress\":[{\"ports\":[{\"port\":5432,\"protocol\":\"TCP\"}],\"to\":[{\"podSelector\":{\"matchLabels\":{\"app.kubernetes.io/part-of\":\"p01-foundation\",\"p01.role\":\"postgres\",\"p01.service\":\"postgres\"}}}]}],\"ingress\":[{\"from\":[{\"podSelector\":{\"matchLabels\":{\"app.kubernetes.io/part-of\":\"p01-foundation\",\"p01.role\":\"proxy\",\"p01.service\":\"assurance\"}}}],\"ports\":[{\"port\":9000,\"protocol\":\"TCP\"}]}],\"podSelector\":{\"matchLabels\":{\"app.kubernetes.io/part-of\":\"p01-foundation\",\"p01.role\":\"app\",\"p01.service\":\"assurance\"}},\"policyTypes\":[\"Ingress\",\"Egress\"]}}\n"
                },
                "creationTimestamp": "2026-10-05T03:50:03Z",
                "generation": 1,
                "name": "assurance-application",
                "namespace": "p01-72188a2dcf97-908488b6",
                "resourceVersion": "1220",
                "uid": "eb80874b-e1b3-40ee-8bc4-44354a0bac53"
            },
            "spec": {
                "egress": [
                    {
                        "ports": [
                            {
                                "port": 5432,
                                "protocol": "TCP"
                            }
                        ],
                        "to": [
                            {
                                "podSelector": {
                                    "matchLabels": {
                                        "app.kubernetes.io/part-of": "p01-foundation",
                                        "p01.role": "postgres",
                                        "p01.service": "postgres"
                                    }
                                }
                            }
                        ]
                    }
                ],
                "ingress": [
                    {
                        "from": [
                            {
                                "podSelector": {
                                    "matchLabels": {
                                        "app.kubernetes.io/part-of": "p01-foundation",
                                        "p01.role": "proxy",
                                        "p01.service": "assurance"
                                    }
                                }
                            }
                        ],
                        "ports": [
                            {
                                "port": 9000,
                                "protocol": "TCP"
                            }
                        ]
                    }
                ],
                "podSelector": {
                    "matchLabels": {
                        "app.kubernetes.io/part-of": "p01-foundation",
                        "p01.role": "app",
                        "p01.service": "assurance"
                    }
                },
                "policyTypes": [
                    "Ingress",
                    "Egress"
                ]
            }
        },
        {
            "apiVersion": "networking.k8s.io/v1",
            "kind": "NetworkPolicy",
            "metadata": {
                "annotations": {
                    "kubectl.kubernetes.io/last-applied-configuration": "{\"apiVersion\":\"networking.k8s.io/v1\",\"kind\":\"NetworkPolicy\",\"metadata\":{\"annotations\":{},\"name\":\"assurance-migrator\",\"namespace\":\"p01-72188a2dcf97-908488b6\"},\"spec\":{\"egress\":[{\"ports\":[{\"port\":5432,\"protocol\":\"TCP\"}],\"to\":[{\"podSelector\":{\"matchLabels\":{\"app.kubernetes.io/part-of\":\"p01-foundation\",\"p01.role\":\"postgres\",\"p01.service\":\"postgres\"}}}]}],\"podSelector\":{\"matchLabels\":{\"app.kubernetes.io/part-of\":\"p01-foundation\",\"p01.role\":\"migrator\",\"p01.service\":\"assurance\"}},\"policyTypes\":[\"Egress\"]}}\n"
                },
                "creationTimestamp": "2026-10-05T03:50:03Z",
                "generation": 1,
                "name": "assurance-migrator",
                "namespace": "p01-72188a2dcf97-908488b6",
                "resourceVersion": "1222",
                "uid": "17ac290c-9022-490a-aeb1-89c4530c124f"
            },
            "spec": {
                "egress": [
                    {
                        "ports": [
                            {
                                "port": 5432,
                                "protocol": "TCP"
                            }
                        ],
                        "to": [
                            {
                                "podSelector": {
                                    "matchLabels": {
                                        "app.kubernetes.io/part-of": "p01-foundation",
                                        "p01.role": "postgres",
                                        "p01.service": "postgres"
                                    }
                                }
                            }
                        ]
                    }
                ],
                "podSelector": {
                    "matchLabels": {
                        "app.kubernetes.io/part-of": "p01-foundation",
                        "p01.role": "migrator",
                        "p01.service": "assurance"
                    }
                },
                "policyTypes": [
                    "Egress"
                ]
            }
        },
        {
            "apiVersion": "networking.k8s.io/v1",
            "kind": "NetworkPolicy",
            "metadata": {
                "annotations": {
                    "kubectl.kubernetes.io/last-applied-configuration": "{\"apiVersion\":\"networking.k8s.io/v1\",\"kind\":\"NetworkPolicy\",\"metadata\":{\"annotations\":{},\"name\":\"assurance-probe\",\"namespace\":\"p01-72188a2dcf97-908488b6\"},\"spec\":{\"egress\":[{\"ports\":[{\"port\":8443,\"protocol\":\"TCP\"}],\"to\":[{\"podSelector\":{\"matchLabels\":{\"app.kubernetes.io/part-of\":\"p01-foundation\",\"p01.role\":\"proxy\",\"p01.service\":\"assurance\"}}}]}],\"podSelector\":{\"matchLabels\":{\"app.kubernetes.io/part-of\":\"p01-foundation\",\"p01.role\":\"probe\",\"p01.service\":\"assurance\"}},\"policyTypes\":[\"Egress\"]}}\n"
                },
                "creationTimestamp": "2026-10-05T03:50:03Z",
                "generation": 1,
                "name": "assurance-probe",
                "namespace": "p01-72188a2dcf97-908488b6",
                "resourceVersion": "1223",
                "uid": "07a34e17-65b5-4808-9ad8-1701455a9482"
            },
            "spec": {
                "egress": [
                    {
                        "ports": [
                            {
                                "port": 8443,
                                "protocol": "TCP"
                            }
                        ],
                        "to": [
                            {
                                "podSelector": {
                                    "matchLabels": {
                                        "app.kubernetes.io/part-of": "p01-foundation",
                                        "p01.role": "proxy",
                                        "p01.service": "assurance"
                                    }
                                }
                            }
                        ]
                    }
                ],
                "podSelector": {
                    "matchLabels": {
                        "app.kubernetes.io/part-of": "p01-foundation",
                        "p01.role": "probe",
                        "p01.service": "assurance"
                    }
                },
                "policyTypes": [
                    "Egress"
                ]
            }
        },
        {
            "apiVersion": "networking.k8s.io/v1",
            "kind": "NetworkPolicy",
            "metadata": {
                "annotations": {
                    "kubectl.kubernetes.io/last-applied-configuration": "{\"apiVersion\":\"networking.k8s.io/v1\",\"kind\":\"NetworkPolicy\",\"metadata\":{\"annotations\":{},\"name\":\"assurance-proxy\",\"namespace\":\"p01-72188a2dcf97-908488b6\"},\"spec\":{\"egress\":[{\"ports\":[{\"port\":9000,\"protocol\":\"TCP\"}],\"to\":[{\"podSelector\":{\"matchLabels\":{\"app.kubernetes.io/part-of\":\"p01-foundation\",\"p01.role\":\"app\",\"p01.service\":\"assurance\"}}}]}],\"ingress\":[{\"from\":[{\"podSelector\":{\"matchLabels\":{\"app.kubernetes.io/part-of\":\"p01-foundation\",\"p01.role\":\"probe\",\"p01.service\":\"assurance\"}}}],\"ports\":[{\"port\":8443,\"protocol\":\"TCP\"}]}],\"podSelector\":{\"matchLabels\":{\"app.kubernetes.io/part-of\":\"p01-foundation\",\"p01.role\":\"proxy\",\"p01.service\":\"assurance\"}},\"policyTypes\":[\"Ingress\",\"Egress\"]}}\n"
                },
                "creationTimestamp": "2026-10-05T03:50:03Z",
                "generation": 1,
                "name": "assurance-proxy",
                "namespace": "p01-72188a2dcf97-908488b6",
                "resourceVersion": "1221",
                "uid": "50cf2bb6-08f5-41e4-ba2b-c7e52514e01d"
            },
            "spec": {
                "egress": [
                    {
                        "ports": [
                            {
                                "port": 9000,
                                "protocol": "TCP"
                            }
                        ],
                        "to": [
                            {
                                "podSelector": {
                                    "matchLabels": {
                                        "app.kubernetes.io/part-of": "p01-foundation",
                                        "p01.role": "app",
                                        "p01.service": "assurance"
                                    }
                                }
                            }
                        ]
                    }
                ],
                "ingress": [
                    {
                        "from": [
                            {
                                "podSelector": {
                                    "matchLabels": {
                                        "app.kubernetes.io/part-of": "p01-foundation",
                                        "p01.role": "probe",
                                        "p01.service": "assurance"
                                    }
                                }
                            }
                        ],
                        "ports": [
                            {
                                "port": 8443,
                                "protocol": "TCP"
                            }
                        ]
                    }
                ],
                "podSelector": {
                    "matchLabels": {
                        "app.kubernetes.io/part-of": "p01-foundation",
                        "p01.role": "proxy",
                        "p01.service": "assurance"
                    }
                },
                "policyTypes": [
                    "Ingress",
                    "Egress"
                ]
            }
        },
        {
            "apiVersion": "networking.k8s.io/v1",
            "kind": "NetworkPolicy",
            "metadata": {
                "annotations": {
                    "kubectl.kubernetes.io/last-applied-configuration": "{\"apiVersion\":\"networking.k8s.io/v1\",\"kind\":\"NetworkPolicy\",\"metadata\":{\"annotations\":{},\"name\":\"catalogue-application\",\"namespace\":\"p01-72188a2dcf97-908488b6\"},\"spec\":{\"egress\":[{\"ports\":[{\"port\":5432,\"protocol\":\"TCP\"}],\"to\":[{\"podSelector\":{\"matchLabels\":{\"app.kubernetes.io/part-of\":\"p01-foundation\",\"p01.role\":\"postgres\",\"p01.service\":\"postgres\"}}}]}],\"ingress\":[{\"from\":[{\"podSelector\":{\"matchLabels\":{\"app.kubernetes.io/part-of\":\"p01-foundation\",\"p01.role\":\"proxy\",\"p01.service\":\"catalogue\"}}}],\"ports\":[{\"port\":9000,\"protocol\":\"TCP\"}]}],\"podSelector\":{\"matchLabels\":{\"app.kubernetes.io/part-of\":\"p01-foundation\",\"p01.role\":\"app\",\"p01.service\":\"catalogue\"}},\"policyTypes\":[\"Ingress\",\"Egress\"]}}\n"
                },
                "creationTimestamp": "2026-10-05T03:50:03Z",
                "generation": 1,
                "name": "catalogue-application",
                "namespace": "p01-72188a2dcf97-908488b6",
                "resourceVersion": "1216",
                "uid": "e5ae1c82-b69c-42e6-9dfb-393d1460041e"
            },
            "spec": {
                "egress": [
                    {
                        "ports": [
                            {
                                "port": 5432,
                                "protocol": "TCP"
                            }
                        ],
                        "to": [
                            {
                                "podSelector": {
                                    "matchLabels": {
                                        "app.kubernetes.io/part-of": "p01-foundation",
                                        "p01.role": "postgres",
                                        "p01.service": "postgres"
                                    }
                                }
                            }
                        ]
                    }
                ],
                "ingress": [
                    {
                        "from": [
                            {
                                "podSelector": {
                                    "matchLabels": {
                                        "app.kubernetes.io/part-of": "p01-foundation",
                                        "p01.role": "proxy",
                                        "p01.service": "catalogue"
                                    }
                                }
                            }
                        ],
                        "ports": [
                            {
                                "port": 9000,
                                "protocol": "TCP"
                            }
                        ]
                    }
                ],
                "podSelector": {
                    "matchLabels": {
                        "app.kubernetes.io/part-of": "p01-foundation",
                        "p01.role": "app",
                        "p01.service": "catalogue"
                    }
                },
                "policyTypes": [
                    "Ingress",
                    "Egress"
                ]
            }
        },
        {
            "apiVersion": "networking.k8s.io/v1",
            "kind": "NetworkPolicy",
            "metadata": {
                "annotations": {
                    "kubectl.kubernetes.io/last-applied-configuration": "{\"apiVersion\":\"networking.k8s.io/v1\",\"kind\":\"NetworkPolicy\",\"metadata\":{\"annotations\":{},\"name\":\"catalogue-migrator\",\"namespace\":\"p01-72188a2dcf97-908488b6\"},\"spec\":{\"egress\":[{\"ports\":[{\"port\":5432,\"protocol\":\"TCP\"}],\"to\":[{\"podSelector\":{\"matchLabels\":{\"app.kubernetes.io/part-of\":\"p01-foundation\",\"p01.role\":\"postgres\",\"p01.service\":\"postgres\"}}}]}],\"podSelector\":{\"matchLabels\":{\"app.kubernetes.io/part-of\":\"p01-foundation\",\"p01.role\":\"migrator\",\"p01.service\":\"catalogue\"}},\"policyTypes\":[\"Egress\"]}}\n"
                },
                "creationTimestamp": "2026-10-05T03:50:03Z",
                "generation": 1,
                "name": "catalogue-migrator",
                "namespace": "p01-72188a2dcf97-908488b6",
                "resourceVersion": "1218",
                "uid": "519157bd-abc6-4faa-a8d7-49a4af802791"
            },
            "spec": {
                "egress": [
                    {
                        "ports": [
                            {
                                "port": 5432,
                                "protocol": "TCP"
                            }
                        ],
                        "to": [
                            {
                                "podSelector": {
                                    "matchLabels": {
                                        "app.kubernetes.io/part-of": "p01-foundation",
                                        "p01.role": "postgres",
                                        "p01.service": "postgres"
                                    }
                                }
                            }
                        ]
                    }
                ],
                "podSelector": {
                    "matchLabels": {
                        "app.kubernetes.io/part-of": "p01-foundation",
                        "p01.role": "migrator",
                        "p01.service": "catalogue"
                    }
                },
                "policyTypes": [
                    "Egress"
                ]
            }
        },
        {
            "apiVersion": "networking.k8s.io/v1",
            "kind": "NetworkPolicy",
            "metadata": {
                "annotations": {
                    "kubectl.kubernetes.io/last-applied-configuration": "{\"apiVersion\":\"networking.k8s.io/v1\",\"kind\":\"NetworkPolicy\",\"metadata\":{\"annotations\":{},\"name\":\"catalogue-probe\",\"namespace\":\"p01-72188a2dcf97-908488b6\"},\"spec\":{\"egress\":[{\"ports\":[{\"port\":8443,\"protocol\":\"TCP\"}],\"to\":[{\"podSelector\":{\"matchLabels\":{\"app.kubernetes.io/part-of\":\"p01-foundation\",\"p01.role\":\"proxy\",\"p01.service\":\"catalogue\"}}}]}],\"podSelector\":{\"matchLabels\":{\"app.kubernetes.io/part-of\":\"p01-foundation\",\"p01.role\":\"probe\",\"p01.service\":\"catalogue\"}},\"policyTypes\":[\"Egress\"]}}\n"
                },
                "creationTimestamp": "2026-10-05T03:50:03Z",
                "generation": 1,
                "name": "catalogue-probe",
                "namespace": "p01-72188a2dcf97-908488b6",
                "resourceVersion": "1219",
                "uid": "0039ebab-8027-4a0f-9fca-07eefd1cafec"
            },
            "spec": {
                "egress": [
                    {
                        "ports": [
                            {
                                "port": 8443,
                                "protocol": "TCP"
                            }
                        ],
                        "to": [
                            {
                                "podSelector": {
                                    "matchLabels": {
                                        "app.kubernetes.io/part-of": "p01-foundation",
                                        "p01.role": "proxy",
                                        "p01.service": "catalogue"
                                    }
                                }
                            }
                        ]
                    }
                ],
                "podSelector": {
                    "matchLabels": {
                        "app.kubernetes.io/part-of": "p01-foundation",
                        "p01.role": "probe",
                        "p01.service": "catalogue"
                    }
                },
                "policyTypes": [
                    "Egress"
                ]
            }
        },
        {
            "apiVersion": "networking.k8s.io/v1",
            "kind": "NetworkPolicy",
            "metadata": {
                "annotations": {
                    "kubectl.kubernetes.io/last-applied-configuration": "{\"apiVersion\":\"networking.k8s.io/v1\",\"kind\":\"NetworkPolicy\",\"metadata\":{\"annotations\":{},\"name\":\"catalogue-proxy\",\"namespace\":\"p01-72188a2dcf97-908488b6\"},\"spec\":{\"egress\":[{\"ports\":[{\"port\":9000,\"protocol\":\"TCP\"}],\"to\":[{\"podSelector\":{\"matchLabels\":{\"app.kubernetes.io/part-of\":\"p01-foundation\",\"p01.role\":\"app\",\"p01.service\":\"catalogue\"}}}]}],\"ingress\":[{\"from\":[{\"podSelector\":{\"matchLabels\":{\"app.kubernetes.io/part-of\":\"p01-foundation\",\"p01.role\":\"probe\",\"p01.service\":\"catalogue\"}}}],\"ports\":[{\"port\":8443,\"protocol\":\"TCP\"}]}],\"podSelector\":{\"matchLabels\":{\"app.kubernetes.io/part-of\":\"p01-foundation\",\"p01.role\":\"proxy\",\"p01.service\":\"catalogue\"}},\"policyTypes\":[\"Ingress\",\"Egress\"]}}\n"
                },
                "creationTimestamp": "2026-10-05T03:50:03Z",
                "generation": 1,
                "name": "catalogue-proxy",
                "namespace": "p01-72188a2dcf97-908488b6",
                "resourceVersion": "1217",
                "uid": "0a7a01f9-6bf8-4c57-ac7f-e90c7c14b35d"
            },
            "spec": {
                "egress": [
                    {
                        "ports": [
                            {
                                "port": 9000,
                                "protocol": "TCP"
                            }
                        ],
                        "to": [
                            {
                                "podSelector": {
                                    "matchLabels": {
                                        "app.kubernetes.io/part-of": "p01-foundation",
                                        "p01.role": "app",
                                        "p01.service": "catalogue"
                                    }
                                }
                            }
                        ]
                    }
                ],
                "ingress": [
                    {
                        "from": [
                            {
                                "podSelector": {
                                    "matchLabels": {
                                        "app.kubernetes.io/part-of": "p01-foundation",
                                        "p01.role": "probe",
                                        "p01.service": "catalogue"
                                    }
                                }
                            }
                        ],
                        "ports": [
                            {
                                "port": 8443,
                                "protocol": "TCP"
                            }
                        ]
                    }
                ],
                "podSelector": {
                    "matchLabels": {
                        "app.kubernetes.io/part-of": "p01-foundation",
                        "p01.role": "proxy",
                        "p01.service": "catalogue"
                    }
                },
                "policyTypes": [
                    "Ingress",
                    "Egress"
                ]
            }
        },
        {
            "apiVersion": "networking.k8s.io/v1",
            "kind": "NetworkPolicy",
            "metadata": {
                "annotations": {
                    "kubectl.kubernetes.io/last-applied-configuration": "{\"apiVersion\":\"networking.k8s.io/v1\",\"kind\":\"NetworkPolicy\",\"metadata\":{\"annotations\":{},\"name\":\"cluster-dns\",\"namespace\":\"p01-72188a2dcf97-908488b6\"},\"spec\":{\"egress\":[{\"ports\":[{\"port\":53,\"protocol\":\"UDP\"},{\"port\":53,\"protocol\":\"TCP\"}],\"to\":[{\"namespaceSelector\":{\"matchLabels\":{\"kubernetes.io/metadata.name\":\"kube-system\"}},\"podSelector\":{\"matchLabels\":{\"k8s-app\":\"kube-dns\"}}}]}],\"podSelector\":{\"matchLabels\":{}},\"policyTypes\":[\"Egress\"]}}\n"
                },
                "creationTimestamp": "2026-10-05T03:50:03Z",
                "generation": 1,
                "name": "cluster-dns",
                "namespace": "p01-72188a2dcf97-908488b6",
                "resourceVersion": "1202",
                "uid": "b8e554c4-a514-4e86-9c72-0c3b9f8a4c5a"
            },
            "spec": {
                "egress": [
                    {
                        "ports": [
                            {
                                "port": 53,
                                "protocol": "UDP"
                            },
                            {
                                "port": 53,
                                "protocol": "TCP"
                            }
                        ],
                        "to": [
                            {
                                "namespaceSelector": {
                                    "matchLabels": {
                                        "kubernetes.io/metadata.name": "kube-system"
                                    }
                                },
                                "podSelector": {
                                    "matchLabels": {
                                        "k8s-app": "kube-dns"
                                    }
                                }
                            }
                        ]
                    }
                ],
                "podSelector": {},
                "policyTypes": [
                    "Egress"
                ]
            }
        },
        {
            "apiVersion": "networking.k8s.io/v1",
            "kind": "NetworkPolicy",
            "metadata": {
                "annotations": {
                    "kubectl.kubernetes.io/last-applied-configuration": "{\"apiVersion\":\"networking.k8s.io/v1\",\"kind\":\"NetworkPolicy\",\"metadata\":{\"annotations\":{},\"name\":\"console-application\",\"namespace\":\"p01-72188a2dcf97-908488b6\"},\"spec\":{\"egress\":[{\"ports\":[{\"port\":5432,\"protocol\":\"TCP\"}],\"to\":[{\"podSelector\":{\"matchLabels\":{\"app.kubernetes.io/part-of\":\"p01-foundation\",\"p01.role\":\"postgres\",\"p01.service\":\"postgres\"}}}]}],\"ingress\":[{\"from\":[{\"podSelector\":{\"matchLabels\":{\"app.kubernetes.io/part-of\":\"p01-foundation\",\"p01.role\":\"proxy\",\"p01.service\":\"console\"}}}],\"ports\":[{\"port\":9000,\"protocol\":\"TCP\"}]}],\"podSelector\":{\"matchLabels\":{\"app.kubernetes.io/part-of\":\"p01-foundation\",\"p01.role\":\"app\",\"p01.service\":\"console\"}},\"policyTypes\":[\"Ingress\",\"Egress\"]}}\n"
                },
                "creationTimestamp": "2026-10-05T03:50:03Z",
                "generation": 1,
                "name": "console-application",
                "namespace": "p01-72188a2dcf97-908488b6",
                "resourceVersion": "1204",
                "uid": "22ca04c9-7607-4abc-97f4-3ffd48f92fc0"
            },
            "spec": {
                "egress": [
                    {
                        "ports": [
                            {
                                "port": 5432,
                                "protocol": "TCP"
                            }
                        ],
                        "to": [
                            {
                                "podSelector": {
                                    "matchLabels": {
                                        "app.kubernetes.io/part-of": "p01-foundation",
                                        "p01.role": "postgres",
                                        "p01.service": "postgres"
                                    }
                                }
                            }
                        ]
                    }
                ],
                "ingress": [
                    {
                        "from": [
                            {
                                "podSelector": {
                                    "matchLabels": {
                                        "app.kubernetes.io/part-of": "p01-foundation",
                                        "p01.role": "proxy",
                                        "p01.service": "console"
                                    }
                                }
                            }
                        ],
                        "ports": [
                            {
                                "port": 9000,
                                "protocol": "TCP"
                            }
                        ]
                    }
                ],
                "podSelector": {
                    "matchLabels": {
                        "app.kubernetes.io/part-of": "p01-foundation",
                        "p01.role": "app",
                        "p01.service": "console"
                    }
                },
                "policyTypes": [
                    "Ingress",
                    "Egress"
                ]
            }
        },
        {
            "apiVersion": "networking.k8s.io/v1",
            "kind": "NetworkPolicy",
            "metadata": {
                "annotations": {
                    "kubectl.kubernetes.io/last-applied-configuration": "{\"apiVersion\":\"networking.k8s.io/v1\",\"kind\":\"NetworkPolicy\",\"metadata\":{\"annotations\":{},\"name\":\"console-migrator\",\"namespace\":\"p01-72188a2dcf97-908488b6\"},\"spec\":{\"egress\":[{\"ports\":[{\"port\":5432,\"protocol\":\"TCP\"}],\"to\":[{\"podSelector\":{\"matchLabels\":{\"app.kubernetes.io/part-of\":\"p01-foundation\",\"p01.role\":\"postgres\",\"p01.service\":\"postgres\"}}}]}],\"podSelector\":{\"matchLabels\":{\"app.kubernetes.io/part-of\":\"p01-foundation\",\"p01.role\":\"migrator\",\"p01.service\":\"console\"}},\"policyTypes\":[\"Egress\"]}}\n"
                },
                "creationTimestamp": "2026-10-05T03:50:03Z",
                "generation": 1,
                "name": "console-migrator",
                "namespace": "p01-72188a2dcf97-908488b6",
                "resourceVersion": "1206",
                "uid": "1456ceb6-5c04-48d1-b9fa-625aaf14dff0"
            },
            "spec": {
                "egress": [
                    {
                        "ports": [
                            {
                                "port": 5432,
                                "protocol": "TCP"
                            }
                        ],
                        "to": [
                            {
                                "podSelector": {
                                    "matchLabels": {
                                        "app.kubernetes.io/part-of": "p01-foundation",
                                        "p01.role": "postgres",
                                        "p01.service": "postgres"
                                    }
                                }
                            }
                        ]
                    }
                ],
                "podSelector": {
                    "matchLabels": {
                        "app.kubernetes.io/part-of": "p01-foundation",
                        "p01.role": "migrator",
                        "p01.service": "console"
                    }
                },
                "policyTypes": [
                    "Egress"
                ]
            }
        },
        {
            "apiVersion": "networking.k8s.io/v1",
            "kind": "NetworkPolicy",
            "metadata": {
                "annotations": {
                    "kubectl.kubernetes.io/last-applied-configuration": "{\"apiVersion\":\"networking.k8s.io/v1\",\"kind\":\"NetworkPolicy\",\"metadata\":{\"annotations\":{},\"name\":\"console-probe\",\"namespace\":\"p01-72188a2dcf97-908488b6\"},\"spec\":{\"egress\":[{\"ports\":[{\"port\":8443,\"protocol\":\"TCP\"}],\"to\":[{\"podSelector\":{\"matchLabels\":{\"app.kubernetes.io/part-of\":\"p01-foundation\",\"p01.role\":\"proxy\",\"p01.service\":\"console\"}}}]}],\"podSelector\":{\"matchLabels\":{\"app.kubernetes.io/part-of\":\"p01-foundation\",\"p01.role\":\"probe\",\"p01.service\":\"console\"}},\"policyTypes\":[\"Egress\"]}}\n"
                },
                "creationTimestamp": "2026-10-05T03:50:03Z",
                "generation": 1,
                "name": "console-probe",
                "namespace": "p01-72188a2dcf97-908488b6",
                "resourceVersion": "1208",
                "uid": "13d149ac-0eeb-46c4-86d5-078f5dc86b4e"
            },
            "spec": {
                "egress": [
                    {
                        "ports": [
                            {
                                "port": 8443,
                                "protocol": "TCP"
                            }
                        ],
                        "to": [
                            {
                                "podSelector": {
                                    "matchLabels": {
                                        "app.kubernetes.io/part-of": "p01-foundation",
                                        "p01.role": "proxy",
                                        "p01.service": "console"
                                    }
                                }
                            }
                        ]
                    }
                ],
                "podSelector": {
                    "matchLabels": {
                        "app.kubernetes.io/part-of": "p01-foundation",
                        "p01.role": "probe",
                        "p01.service": "console"
                    }
                },
                "policyTypes": [
                    "Egress"
                ]
            }
        },
        {
            "apiVersion": "networking.k8s.io/v1",
            "kind": "NetworkPolicy",
            "metadata": {
                "annotations": {
                    "kubectl.kubernetes.io/last-applied-configuration": "{\"apiVersion\":\"networking.k8s.io/v1\",\"kind\":\"NetworkPolicy\",\"metadata\":{\"annotations\":{},\"name\":\"console-proxy\",\"namespace\":\"p01-72188a2dcf97-908488b6\"},\"spec\":{\"egress\":[{\"ports\":[{\"port\":9000,\"protocol\":\"TCP\"}],\"to\":[{\"podSelector\":{\"matchLabels\":{\"app.kubernetes.io/part-of\":\"p01-foundation\",\"p01.role\":\"app\",\"p01.service\":\"console\"}}}]}],\"ingress\":[{\"from\":[{\"podSelector\":{\"matchLabels\":{\"app.kubernetes.io/part-of\":\"p01-foundation\",\"p01.role\":\"probe\",\"p01.service\":\"console\"}}}],\"ports\":[{\"port\":8443,\"protocol\":\"TCP\"}]}],\"podSelector\":{\"matchLabels\":{\"app.kubernetes.io/part-of\":\"p01-foundation\",\"p01.role\":\"proxy\",\"p01.service\":\"console\"}},\"policyTypes\":[\"Ingress\",\"Egress\"]}}\n"
                },
                "creationTimestamp": "2026-10-05T03:50:03Z",
                "generation": 1,
                "name": "console-proxy",
                "namespace": "p01-72188a2dcf97-908488b6",
                "resourceVersion": "1205",
                "uid": "73ebca9f-d2b4-41e0-94c8-e28bce49a10a"
            },
            "spec": {
                "egress": [
                    {
                        "ports": [
                            {
                                "port": 9000,
                                "protocol": "TCP"
                            }
                        ],
                        "to": [
                            {
                                "podSelector": {
                                    "matchLabels": {
                                        "app.kubernetes.io/part-of": "p01-foundation",
                                        "p01.role": "app",
                                        "p01.service": "console"
                                    }
                                }
                            }
                        ]
                    }
                ],
                "ingress": [
                    {
                        "from": [
                            {
                                "podSelector": {
                                    "matchLabels": {
                                        "app.kubernetes.io/part-of": "p01-foundation",
                                        "p01.role": "probe",
                                        "p01.service": "console"
                                    }
                                }
                            }
                        ],
                        "ports": [
                            {
                                "port": 8443,
                                "protocol": "TCP"
                            }
                        ]
                    }
                ],
                "podSelector": {
                    "matchLabels": {
                        "app.kubernetes.io/part-of": "p01-foundation",
                        "p01.role": "proxy",
                        "p01.service": "console"
                    }
                },
                "policyTypes": [
                    "Ingress",
                    "Egress"
                ]
            }
        },
        {
            "apiVersion": "networking.k8s.io/v1",
            "kind": "NetworkPolicy",
            "metadata": {
                "annotations": {
                    "kubectl.kubernetes.io/last-applied-configuration": "{\"apiVersion\":\"networking.k8s.io/v1\",\"kind\":\"NetworkPolicy\",\"metadata\":{\"annotations\":{},\"name\":\"deny-by-default\",\"namespace\":\"p01-72188a2dcf97-908488b6\"},\"spec\":{\"egress\":[],\"ingress\":[],\"podSelector\":{\"matchLabels\":{}},\"policyTypes\":[\"Ingress\",\"Egress\"]}}\n"
                },
                "creationTimestamp": "2026-10-05T03:50:03Z",
                "generation": 1,
                "name": "deny-by-default",
                "namespace": "p01-72188a2dcf97-908488b6",
                "resourceVersion": "1201",
                "uid": "bccb99b9-64d6-49ef-ac1c-d04485fa9191"
            },
            "spec": {
                "podSelector": {},
                "policyTypes": [
                    "Ingress",
                    "Egress"
                ]
            }
        },
        {
            "apiVersion": "networking.k8s.io/v1",
            "kind": "NetworkPolicy",
            "metadata": {
                "annotations": {
                    "kubectl.kubernetes.io/last-applied-configuration": "{\"apiVersion\":\"networking.k8s.io/v1\",\"kind\":\"NetworkPolicy\",\"metadata\":{\"annotations\":{},\"name\":\"governance-application\",\"namespace\":\"p01-72188a2dcf97-908488b6\"},\"spec\":{\"egress\":[{\"ports\":[{\"port\":5432,\"protocol\":\"TCP\"}],\"to\":[{\"podSelector\":{\"matchLabels\":{\"app.kubernetes.io/part-of\":\"p01-foundation\",\"p01.role\":\"postgres\",\"p01.service\":\"postgres\"}}}]}],\"ingress\":[{\"from\":[{\"podSelector\":{\"matchLabels\":{\"app.kubernetes.io/part-of\":\"p01-foundation\",\"p01.role\":\"proxy\",\"p01.service\":\"governance\"}}}],\"ports\":[{\"port\":9000,\"protocol\":\"TCP\"}]}],\"podSelector\":{\"matchLabels\":{\"app.kubernetes.io/part-of\":\"p01-foundation\",\"p01.role\":\"app\",\"p01.service\":\"governance\"}},\"policyTypes\":[\"Ingress\",\"Egress\"]}}\n"
                },
                "creationTimestamp": "2026-10-05T03:50:03Z",
                "generation": 1,
                "name": "governance-application",
                "namespace": "p01-72188a2dcf97-908488b6",
                "resourceVersion": "1209",
                "uid": "3e931bb6-5cd7-4aa8-917a-da0fb9c0fa66"
            },
            "spec": {
                "egress": [
                    {
                        "ports": [
                            {
                                "port": 5432,
                                "protocol": "TCP"
                            }
                        ],
                        "to": [
                            {
                                "podSelector": {
                                    "matchLabels": {
                                        "app.kubernetes.io/part-of": "p01-foundation",
                                        "p01.role": "postgres",
                                        "p01.service": "postgres"
                                    }
                                }
                            }
                        ]
                    }
                ],
                "ingress": [
                    {
                        "from": [
                            {
                                "podSelector": {
                                    "matchLabels": {
                                        "app.kubernetes.io/part-of": "p01-foundation",
                                        "p01.role": "proxy",
                                        "p01.service": "governance"
                                    }
                                }
                            }
                        ],
                        "ports": [
                            {
                                "port": 9000,
                                "protocol": "TCP"
                            }
                        ]
                    }
                ],
                "podSelector": {
                    "matchLabels": {
                        "app.kubernetes.io/part-of": "p01-foundation",
                        "p01.role": "app",
                        "p01.service": "governance"
                    }
                },
                "policyTypes": [
                    "Ingress",
                    "Egress"
                ]
            }
        },
        {
            "apiVersion": "networking.k8s.io/v1",
            "kind": "NetworkPolicy",
            "metadata": {
                "annotations": {
                    "kubectl.kubernetes.io/last-applied-configuration": "{\"apiVersion\":\"networking.k8s.io/v1\",\"kind\":\"NetworkPolicy\",\"metadata\":{\"annotations\":{},\"name\":\"governance-migrator\",\"namespace\":\"p01-72188a2dcf97-908488b6\"},\"spec\":{\"egress\":[{\"ports\":[{\"port\":5432,\"protocol\":\"TCP\"}],\"to\":[{\"podSelector\":{\"matchLabels\":{\"app.kubernetes.io/part-of\":\"p01-foundation\",\"p01.role\":\"postgres\",\"p01.service\":\"postgres\"}}}]}],\"podSelector\":{\"matchLabels\":{\"app.kubernetes.io/part-of\":\"p01-foundation\",\"p01.role\":\"migrator\",\"p01.service\":\"governance\"}},\"policyTypes\":[\"Egress\"]}}\n"
                },
                "creationTimestamp": "2026-10-05T03:50:03Z",
                "generation": 1,
                "name": "governance-migrator",
                "namespace": "p01-72188a2dcf97-908488b6",
                "resourceVersion": "1214",
                "uid": "b7abbae9-3ec2-42b3-82bc-2334e387fa1b"
            },
            "spec": {
                "egress": [
                    {
                        "ports": [
                            {
                                "port": 5432,
                                "protocol": "TCP"
                            }
                        ],
                        "to": [
                            {
                                "podSelector": {
                                    "matchLabels": {
                                        "app.kubernetes.io/part-of": "p01-foundation",
                                        "p01.role": "postgres",
                                        "p01.service": "postgres"
                                    }
                                }
                            }
                        ]
                    }
                ],
                "podSelector": {
                    "matchLabels": {
                        "app.kubernetes.io/part-of": "p01-foundation",
                        "p01.role": "migrator",
                        "p01.service": "governance"
                    }
                },
                "policyTypes": [
                    "Egress"
                ]
            }
        },
        {
            "apiVersion": "networking.k8s.io/v1",
            "kind": "NetworkPolicy",
            "metadata": {
                "annotations": {
                    "kubectl.kubernetes.io/last-applied-configuration": "{\"apiVersion\":\"networking.k8s.io/v1\",\"kind\":\"NetworkPolicy\",\"metadata\":{\"annotations\":{},\"name\":\"governance-probe\",\"namespace\":\"p01-72188a2dcf97-908488b6\"},\"spec\":{\"egress\":[{\"ports\":[{\"port\":8443,\"protocol\":\"TCP\"}],\"to\":[{\"podSelector\":{\"matchLabels\":{\"app.kubernetes.io/part-of\":\"p01-foundation\",\"p01.role\":\"proxy\",\"p01.service\":\"governance\"}}}]}],\"podSelector\":{\"matchLabels\":{\"app.kubernetes.io/part-of\":\"p01-foundation\",\"p01.role\":\"probe\",\"p01.service\":\"governance\"}},\"policyTypes\":[\"Egress\"]}}\n"
                },
                "creationTimestamp": "2026-10-05T03:50:03Z",
                "generation": 1,
                "name": "governance-probe",
                "namespace": "p01-72188a2dcf97-908488b6",
                "resourceVersion": "1215",
                "uid": "282bf3b7-e49f-4130-9b7c-fec5623de717"
            },
            "spec": {
                "egress": [
                    {
                        "ports": [
                            {
                                "port": 8443,
                                "protocol": "TCP"
                            }
                        ],
                        "to": [
                            {
                                "podSelector": {
                                    "matchLabels": {
                                        "app.kubernetes.io/part-of": "p01-foundation",
                                        "p01.role": "proxy",
                                        "p01.service": "governance"
                                    }
                                }
                            }
                        ]
                    }
                ],
                "podSelector": {
                    "matchLabels": {
                        "app.kubernetes.io/part-of": "p01-foundation",
                        "p01.role": "probe",
                        "p01.service": "governance"
                    }
                },
                "policyTypes": [
                    "Egress"
                ]
            }
        },
        {
            "apiVersion": "networking.k8s.io/v1",
            "kind": "NetworkPolicy",
            "metadata": {
                "annotations": {
                    "kubectl.kubernetes.io/last-applied-configuration": "{\"apiVersion\":\"networking.k8s.io/v1\",\"kind\":\"NetworkPolicy\",\"metadata\":{\"annotations\":{},\"name\":\"governance-proxy\",\"namespace\":\"p01-72188a2dcf97-908488b6\"},\"spec\":{\"egress\":[{\"ports\":[{\"port\":9000,\"protocol\":\"TCP\"}],\"to\":[{\"podSelector\":{\"matchLabels\":{\"app.kubernetes.io/part-of\":\"p01-foundation\",\"p01.role\":\"app\",\"p01.service\":\"governance\"}}}]}],\"ingress\":[{\"from\":[{\"podSelector\":{\"matchLabels\":{\"app.kubernetes.io/part-of\":\"p01-foundation\",\"p01.role\":\"probe\",\"p01.service\":\"governance\"}}}],\"ports\":[{\"port\":8443,\"protocol\":\"TCP\"}]}],\"podSelector\":{\"matchLabels\":{\"app.kubernetes.io/part-of\":\"p01-foundation\",\"p01.role\":\"proxy\",\"p01.service\":\"governance\"}},\"policyTypes\":[\"Ingress\",\"Egress\"]}}\n"
                },
                "creationTimestamp": "2026-10-05T03:50:03Z",
                "generation": 1,
                "name": "governance-proxy",
                "namespace": "p01-72188a2dcf97-908488b6",
                "resourceVersion": "1211",
                "uid": "732c1f92-4a62-4c56-be66-0356eaea030b"
            },
            "spec": {
                "egress": [
                    {
                        "ports": [
                            {
                                "port": 9000,
                                "protocol": "TCP"
                            }
                        ],
                        "to": [
                            {
                                "podSelector": {
                                    "matchLabels": {
                                        "app.kubernetes.io/part-of": "p01-foundation",
                                        "p01.role": "app",
                                        "p01.service": "governance"
                                    }
                                }
                            }
                        ]
                    }
                ],
                "ingress": [
                    {
                        "from": [
                            {
                                "podSelector": {
                                    "matchLabels": {
                                        "app.kubernetes.io/part-of": "p01-foundation",
                                        "p01.role": "probe",
                                        "p01.service": "governance"
                                    }
                                }
                            }
                        ],
                        "ports": [
                            {
                                "port": 8443,
                                "protocol": "TCP"
                            }
                        ]
                    }
                ],
                "podSelector": {
                    "matchLabels": {
                        "app.kubernetes.io/part-of": "p01-foundation",
                        "p01.role": "proxy",
                        "p01.service": "governance"
                    }
                },
                "policyTypes": [
                    "Ingress",
                    "Egress"
                ]
            }
        },
        {
            "apiVersion": "networking.k8s.io/v1",
            "kind": "NetworkPolicy",
            "metadata": {
                "annotations": {
                    "kubectl.kubernetes.io/last-applied-configuration": "{\"apiVersion\":\"networking.k8s.io/v1\",\"kind\":\"NetworkPolicy\",\"metadata\":{\"annotations\":{},\"name\":\"inventory-application\",\"namespace\":\"p01-72188a2dcf97-908488b6\"},\"spec\":{\"egress\":[{\"ports\":[{\"port\":5432,\"protocol\":\"TCP\"}],\"to\":[{\"podSelector\":{\"matchLabels\":{\"app.kubernetes.io/part-of\":\"p01-foundation\",\"p01.role\":\"postgres\",\"p01.service\":\"postgres\"}}}]}],\"ingress\":[{\"from\":[{\"podSelector\":{\"matchLabels\":{\"app.kubernetes.io/part-of\":\"p01-foundation\",\"p01.role\":\"proxy\",\"p01.service\":\"inventory\"}}}],\"ports\":[{\"port\":8080,\"protocol\":\"TCP\"}]}],\"podSelector\":{\"matchLabels\":{\"app.kubernetes.io/part-of\":\"p01-foundation\",\"p01.role\":\"app\",\"p01.service\":\"inventory\"}},\"policyTypes\":[\"Ingress\",\"Egress\"]}}\n"
                },
                "creationTimestamp": "2026-10-05T03:50:04Z",
                "generation": 1,
                "name": "inventory-application",
                "namespace": "p01-72188a2dcf97-908488b6",
                "resourceVersion": "1229",
                "uid": "63b1431f-c986-46d3-96e7-fd6da22312cb"
            },
            "spec": {
                "egress": [
                    {
                        "ports": [
                            {
                                "port": 5432,
                                "protocol": "TCP"
                            }
                        ],
                        "to": [
                            {
                                "podSelector": {
                                    "matchLabels": {
                                        "app.kubernetes.io/part-of": "p01-foundation",
                                        "p01.role": "postgres",
                                        "p01.service": "postgres"
                                    }
                                }
                            }
                        ]
                    }
                ],
                "ingress": [
                    {
                        "from": [
                            {
                                "podSelector": {
                                    "matchLabels": {
                                        "app.kubernetes.io/part-of": "p01-foundation",
                                        "p01.role": "proxy",
                                        "p01.service": "inventory"
                                    }
                                }
                            }
                        ],
                        "ports": [
                            {
                                "port": 8080,
                                "protocol": "TCP"
                            }
                        ]
                    }
                ],
                "podSelector": {
                    "matchLabels": {
                        "app.kubernetes.io/part-of": "p01-foundation",
                        "p01.role": "app",
                        "p01.service": "inventory"
                    }
                },
                "policyTypes": [
                    "Ingress",
                    "Egress"
                ]
            }
        },
        {
            "apiVersion": "networking.k8s.io/v1",
            "kind": "NetworkPolicy",
            "metadata": {
                "annotations": {
                    "kubectl.kubernetes.io/last-applied-configuration": "{\"apiVersion\":\"networking.k8s.io/v1\",\"kind\":\"NetworkPolicy\",\"metadata\":{\"annotations\":{},\"name\":\"inventory-migrator\",\"namespace\":\"p01-72188a2dcf97-908488b6\"},\"spec\":{\"egress\":[{\"ports\":[{\"port\":5432,\"protocol\":\"TCP\"}],\"to\":[{\"podSelector\":{\"matchLabels\":{\"app.kubernetes.io/part-of\":\"p01-foundation\",\"p01.role\":\"postgres\",\"p01.service\":\"postgres\"}}}]}],\"podSelector\":{\"matchLabels\":{\"app.kubernetes.io/part-of\":\"p01-foundation\",\"p01.role\":\"migrator\",\"p01.service\":\"inventory\"}},\"policyTypes\":[\"Egress\"]}}\n"
                },
                "creationTimestamp": "2026-10-05T03:50:04Z",
                "generation": 1,
                "name": "inventory-migrator",
                "namespace": "p01-72188a2dcf97-908488b6",
                "resourceVersion": "1231",
                "uid": "be2f8ab4-a1cf-4cfa-a3f3-00d9ff21c102"
            },
            "spec": {
                "egress": [
                    {
                        "ports": [
                            {
                                "port": 5432,
                                "protocol": "TCP"
                            }
                        ],
                        "to": [
                            {
                                "podSelector": {
                                    "matchLabels": {
                                        "app.kubernetes.io/part-of": "p01-foundation",
                                        "p01.role": "postgres",
                                        "p01.service": "postgres"
                                    }
                                }
                            }
                        ]
                    }
                ],
                "podSelector": {
                    "matchLabels": {
                        "app.kubernetes.io/part-of": "p01-foundation",
                        "p01.role": "migrator",
                        "p01.service": "inventory"
                    }
                },
                "policyTypes": [
                    "Egress"
                ]
            }
        },
        {
            "apiVersion": "networking.k8s.io/v1",
            "kind": "NetworkPolicy",
            "metadata": {
                "annotations": {
                    "kubectl.kubernetes.io/last-applied-configuration": "{\"apiVersion\":\"networking.k8s.io/v1\",\"kind\":\"NetworkPolicy\",\"metadata\":{\"annotations\":{},\"name\":\"inventory-probe\",\"namespace\":\"p01-72188a2dcf97-908488b6\"},\"spec\":{\"egress\":[{\"ports\":[{\"port\":8443,\"protocol\":\"TCP\"}],\"to\":[{\"podSelector\":{\"matchLabels\":{\"app.kubernetes.io/part-of\":\"p01-foundation\",\"p01.role\":\"proxy\",\"p01.service\":\"inventory\"}}}]}],\"podSelector\":{\"matchLabels\":{\"app.kubernetes.io/part-of\":\"p01-foundation\",\"p01.role\":\"probe\",\"p01.service\":\"inventory\"}},\"policyTypes\":[\"Egress\"]}}\n"
                },
                "creationTimestamp": "2026-10-05T03:50:04Z",
                "generation": 1,
                "name": "inventory-probe",
                "namespace": "p01-72188a2dcf97-908488b6",
                "resourceVersion": "1232",
                "uid": "e49c1b7e-e54f-43b1-8d52-25acce967a72"
            },
            "spec": {
                "egress": [
                    {
                        "ports": [
                            {
                                "port": 8443,
                                "protocol": "TCP"
                            }
                        ],
                        "to": [
                            {
                                "podSelector": {
                                    "matchLabels": {
                                        "app.kubernetes.io/part-of": "p01-foundation",
                                        "p01.role": "proxy",
                                        "p01.service": "inventory"
                                    }
                                }
                            }
                        ]
                    }
                ],
                "podSelector": {
                    "matchLabels": {
                        "app.kubernetes.io/part-of": "p01-foundation",
                        "p01.role": "probe",
                        "p01.service": "inventory"
                    }
                },
                "policyTypes": [
                    "Egress"
                ]
            }
        },
        {
            "apiVersion": "networking.k8s.io/v1",
            "kind": "NetworkPolicy",
            "metadata": {
                "annotations": {
                    "kubectl.kubernetes.io/last-applied-configuration": "{\"apiVersion\":\"networking.k8s.io/v1\",\"kind\":\"NetworkPolicy\",\"metadata\":{\"annotations\":{},\"name\":\"inventory-proxy\",\"namespace\":\"p01-72188a2dcf97-908488b6\"},\"spec\":{\"egress\":[{\"ports\":[{\"port\":8080,\"protocol\":\"TCP\"}],\"to\":[{\"podSelector\":{\"matchLabels\":{\"app.kubernetes.io/part-of\":\"p01-foundation\",\"p01.role\":\"app\",\"p01.service\":\"inventory\"}}}]}],\"ingress\":[{\"from\":[{\"podSelector\":{\"matchLabels\":{\"app.kubernetes.io/part-of\":\"p01-foundation\",\"p01.role\":\"probe\",\"p01.service\":\"inventory\"}}}],\"ports\":[{\"port\":8443,\"protocol\":\"TCP\"}]}],\"podSelector\":{\"matchLabels\":{\"app.kubernetes.io/part-of\":\"p01-foundation\",\"p01.role\":\"proxy\",\"p01.service\":\"inventory\"}},\"policyTypes\":[\"Ingress\",\"Egress\"]}}\n"
                },
                "creationTimestamp": "2026-10-05T03:50:04Z",
                "generation": 1,
                "name": "inventory-proxy",
                "namespace": "p01-72188a2dcf97-908488b6",
                "resourceVersion": "1230",
                "uid": "9d5663ff-b24e-4177-ab07-c45381f86454"
            },
            "spec": {
                "egress": [
                    {
                        "ports": [
                            {
                                "port": 8080,
                                "protocol": "TCP"
                            }
                        ],
                        "to": [
                            {
                                "podSelector": {
                                    "matchLabels": {
                                        "app.kubernetes.io/part-of": "p01-foundation",
                                        "p01.role": "app",
                                        "p01.service": "inventory"
                                    }
                                }
                            }
                        ]
                    }
                ],
                "ingress": [
                    {
                        "from": [
                            {
                                "podSelector": {
                                    "matchLabels": {
                                        "app.kubernetes.io/part-of": "p01-foundation",
                                        "p01.role": "probe",
                                        "p01.service": "inventory"
                                    }
                                }
                            }
                        ],
                        "ports": [
                            {
                                "port": 8443,
                                "protocol": "TCP"
                            }
                        ]
                    }
                ],
                "podSelector": {
                    "matchLabels": {
                        "app.kubernetes.io/part-of": "p01-foundation",
                        "p01.role": "proxy",
                        "p01.service": "inventory"
                    }
                },
                "policyTypes": [
                    "Ingress",
                    "Egress"
                ]
            }
        },
        {
            "apiVersion": "networking.k8s.io/v1",
            "kind": "NetworkPolicy",
            "metadata": {
                "annotations": {
                    "kubectl.kubernetes.io/last-applied-configuration": "{\"apiVersion\":\"networking.k8s.io/v1\",\"kind\":\"NetworkPolicy\",\"metadata\":{\"annotations\":{},\"name\":\"lifecycle-application\",\"namespace\":\"p01-72188a2dcf97-908488b6\"},\"spec\":{\"egress\":[{\"ports\":[{\"port\":5432,\"protocol\":\"TCP\"}],\"to\":[{\"podSelector\":{\"matchLabels\":{\"app.kubernetes.io/part-of\":\"p01-foundation\",\"p01.role\":\"postgres\",\"p01.service\":\"postgres\"}}}]}],\"ingress\":[{\"from\":[{\"podSelector\":{\"matchLabels\":{\"app.kubernetes.io/part-of\":\"p01-foundation\",\"p01.role\":\"proxy\",\"p01.service\":\"lifecycle\"}}}],\"ports\":[{\"port\":8080,\"protocol\":\"TCP\"}]}],\"podSelector\":{\"matchLabels\":{\"app.kubernetes.io/part-of\":\"p01-foundation\",\"p01.role\":\"app\",\"p01.service\":\"lifecycle\"}},\"policyTypes\":[\"Ingress\",\"Egress\"]}}\n"
                },
                "creationTimestamp": "2026-10-05T03:50:04Z",
                "generation": 1,
                "name": "lifecycle-application",
                "namespace": "p01-72188a2dcf97-908488b6",
                "resourceVersion": "1234",
                "uid": "258142a5-44e4-4e5a-8825-57401d20a577"
            },
            "spec": {
                "egress": [
                    {
                        "ports": [
                            {
                                "port": 5432,
                                "protocol": "TCP"
                            }
                        ],
                        "to": [
                            {
                                "podSelector": {
                                    "matchLabels": {
                                        "app.kubernetes.io/part-of": "p01-foundation",
                                        "p01.role": "postgres",
                                        "p01.service": "postgres"
                                    }
                                }
                            }
                        ]
                    }
                ],
                "ingress": [
                    {
                        "from": [
                            {
                                "podSelector": {
                                    "matchLabels": {
                                        "app.kubernetes.io/part-of": "p01-foundation",
                                        "p01.role": "proxy",
                                        "p01.service": "lifecycle"
                                    }
                                }
                            }
                        ],
                        "ports": [
                            {
                                "port": 8080,
                                "protocol": "TCP"
                            }
                        ]
                    }
                ],
                "podSelector": {
                    "matchLabels": {
                        "app.kubernetes.io/part-of": "p01-foundation",
                        "p01.role": "app",
                        "p01.service": "lifecycle"
                    }
                },
                "policyTypes": [
                    "Ingress",
                    "Egress"
                ]
            }
        },
        {
            "apiVersion": "networking.k8s.io/v1",
            "kind": "NetworkPolicy",
            "metadata": {
                "annotations": {
                    "kubectl.kubernetes.io/last-applied-configuration": "{\"apiVersion\":\"networking.k8s.io/v1\",\"kind\":\"NetworkPolicy\",\"metadata\":{\"annotations\":{},\"name\":\"lifecycle-migrator\",\"namespace\":\"p01-72188a2dcf97-908488b6\"},\"spec\":{\"egress\":[{\"ports\":[{\"port\":5432,\"protocol\":\"TCP\"}],\"to\":[{\"podSelector\":{\"matchLabels\":{\"app.kubernetes.io/part-of\":\"p01-foundation\",\"p01.role\":\"postgres\",\"p01.service\":\"postgres\"}}}]}],\"podSelector\":{\"matchLabels\":{\"app.kubernetes.io/part-of\":\"p01-foundation\",\"p01.role\":\"migrator\",\"p01.service\":\"lifecycle\"}},\"policyTypes\":[\"Egress\"]}}\n"
                },
                "creationTimestamp": "2026-10-05T03:50:04Z",
                "generation": 1,
                "name": "lifecycle-migrator",
                "namespace": "p01-72188a2dcf97-908488b6",
                "resourceVersion": "1236",
                "uid": "8ab586e1-be36-4219-9016-735406e771b9"
            },
            "spec": {
                "egress": [
                    {
                        "ports": [
                            {
                                "port": 5432,
                                "protocol": "TCP"
                            }
                        ],
                        "to": [
                            {
                                "podSelector": {
                                    "matchLabels": {
                                        "app.kubernetes.io/part-of": "p01-foundation",
                                        "p01.role": "postgres",
                                        "p01.service": "postgres"
                                    }
                                }
                            }
                        ]
                    }
                ],
                "podSelector": {
                    "matchLabels": {
                        "app.kubernetes.io/part-of": "p01-foundation",
                        "p01.role": "migrator",
                        "p01.service": "lifecycle"
                    }
                },
                "policyTypes": [
                    "Egress"
                ]
            }
        },
        {
            "apiVersion": "networking.k8s.io/v1",
            "kind": "NetworkPolicy",
            "metadata": {
                "annotations": {
                    "kubectl.kubernetes.io/last-applied-configuration": "{\"apiVersion\":\"networking.k8s.io/v1\",\"kind\":\"NetworkPolicy\",\"metadata\":{\"annotations\":{},\"name\":\"lifecycle-probe\",\"namespace\":\"p01-72188a2dcf97-908488b6\"},\"spec\":{\"egress\":[{\"ports\":[{\"port\":8443,\"protocol\":\"TCP\"}],\"to\":[{\"podSelector\":{\"matchLabels\":{\"app.kubernetes.io/part-of\":\"p01-foundation\",\"p01.role\":\"proxy\",\"p01.service\":\"lifecycle\"}}}]}],\"podSelector\":{\"matchLabels\":{\"app.kubernetes.io/part-of\":\"p01-foundation\",\"p01.role\":\"probe\",\"p01.service\":\"lifecycle\"}},\"policyTypes\":[\"Egress\"]}}\n"
                },
                "creationTimestamp": "2026-10-05T03:50:04Z",
                "generation": 1,
                "name": "lifecycle-probe",
                "namespace": "p01-72188a2dcf97-908488b6",
                "resourceVersion": "1237",
                "uid": "f239ff54-9b4e-4c51-ae63-82cccd645223"
            },
            "spec": {
                "egress": [
                    {
                        "ports": [
                            {
                                "port": 8443,
                                "protocol": "TCP"
                            }
                        ],
                        "to": [
                            {
                                "podSelector": {
                                    "matchLabels": {
                                        "app.kubernetes.io/part-of": "p01-foundation",
                                        "p01.role": "proxy",
                                        "p01.service": "lifecycle"
                                    }
                                }
                            }
                        ]
                    }
                ],
                "podSelector": {
                    "matchLabels": {
                        "app.kubernetes.io/part-of": "p01-foundation",
                        "p01.role": "probe",
                        "p01.service": "lifecycle"
                    }
                },
                "policyTypes": [
                    "Egress"
                ]
            }
        },
        {
            "apiVersion": "networking.k8s.io/v1",
            "kind": "NetworkPolicy",
            "metadata": {
                "annotations": {
                    "kubectl.kubernetes.io/last-applied-configuration": "{\"apiVersion\":\"networking.k8s.io/v1\",\"kind\":\"NetworkPolicy\",\"metadata\":{\"annotations\":{},\"name\":\"lifecycle-proxy\",\"namespace\":\"p01-72188a2dcf97-908488b6\"},\"spec\":{\"egress\":[{\"ports\":[{\"port\":8080,\"protocol\":\"TCP\"}],\"to\":[{\"podSelector\":{\"matchLabels\":{\"app.kubernetes.io/part-of\":\"p01-foundation\",\"p01.role\":\"app\",\"p01.service\":\"lifecycle\"}}}]}],\"ingress\":[{\"from\":[{\"podSelector\":{\"matchLabels\":{\"app.kubernetes.io/part-of\":\"p01-foundation\",\"p01.role\":\"probe\",\"p01.service\":\"lifecycle\"}}}],\"ports\":[{\"port\":8443,\"protocol\":\"TCP\"}]}],\"podSelector\":{\"matchLabels\":{\"app.kubernetes.io/part-of\":\"p01-foundation\",\"p01.role\":\"proxy\",\"p01.service\":\"lifecycle\"}},\"policyTypes\":[\"Ingress\",\"Egress\"]}}\n"
                },
                "creationTimestamp": "2026-10-05T03:50:04Z",
                "generation": 1,
                "name": "lifecycle-proxy",
                "namespace": "p01-72188a2dcf97-908488b6",
                "resourceVersion": "1235",
                "uid": "b93bf0f6-1b2b-4b56-8a34-341dbad5820a"
            },
            "spec": {
                "egress": [
                    {
                        "ports": [
                            {
                                "port": 8080,
                                "protocol": "TCP"
                            }
                        ],
                        "to": [
                            {
                                "podSelector": {
                                    "matchLabels": {
                                        "app.kubernetes.io/part-of": "p01-foundation",
                                        "p01.role": "app",
                                        "p01.service": "lifecycle"
                                    }
                                }
                            }
                        ]
                    }
                ],
                "ingress": [
                    {
                        "from": [
                            {
                                "podSelector": {
                                    "matchLabels": {
                                        "app.kubernetes.io/part-of": "p01-foundation",
                                        "p01.role": "probe",
                                        "p01.service": "lifecycle"
                                    }
                                }
                            }
                        ],
                        "ports": [
                            {
                                "port": 8443,
                                "protocol": "TCP"
                            }
                        ]
                    }
                ],
                "podSelector": {
                    "matchLabels": {
                        "app.kubernetes.io/part-of": "p01-foundation",
                        "p01.role": "proxy",
                        "p01.service": "lifecycle"
                    }
                },
                "policyTypes": [
                    "Ingress",
                    "Egress"
                ]
            }
        },
        {
            "apiVersion": "networking.k8s.io/v1",
            "kind": "NetworkPolicy",
            "metadata": {
                "annotations": {
                    "kubectl.kubernetes.io/last-applied-configuration": "{\"apiVersion\":\"networking.k8s.io/v1\",\"kind\":\"NetworkPolicy\",\"metadata\":{\"annotations\":{},\"name\":\"planning-application\",\"namespace\":\"p01-72188a2dcf97-908488b6\"},\"spec\":{\"egress\":[{\"ports\":[{\"port\":5432,\"protocol\":\"TCP\"}],\"to\":[{\"podSelector\":{\"matchLabels\":{\"app.kubernetes.io/part-of\":\"p01-foundation\",\"p01.role\":\"postgres\",\"p01.service\":\"postgres\"}}}]}],\"ingress\":[{\"from\":[{\"podSelector\":{\"matchLabels\":{\"app.kubernetes.io/part-of\":\"p01-foundation\",\"p01.role\":\"proxy\",\"p01.service\":\"planning\"}}}],\"ports\":[{\"port\":8080,\"protocol\":\"TCP\"}]}],\"podSelector\":{\"matchLabels\":{\"app.kubernetes.io/part-of\":\"p01-foundation\",\"p01.role\":\"app\",\"p01.service\":\"planning\"}},\"policyTypes\":[\"Ingress\",\"Egress\"]}}\n"
                },
                "creationTimestamp": "2026-10-05T03:50:03Z",
                "generation": 1,
                "name": "planning-application",
                "namespace": "p01-72188a2dcf97-908488b6",
                "resourceVersion": "1224",
                "uid": "042cb649-dc40-4441-ab44-4fdf2996359c"
            },
            "spec": {
                "egress": [
                    {
                        "ports": [
                            {
                                "port": 5432,
                                "protocol": "TCP"
                            }
                        ],
                        "to": [
                            {
                                "podSelector": {
                                    "matchLabels": {
                                        "app.kubernetes.io/part-of": "p01-foundation",
                                        "p01.role": "postgres",
                                        "p01.service": "postgres"
                                    }
                                }
                            }
                        ]
                    }
                ],
                "ingress": [
                    {
                        "from": [
                            {
                                "podSelector": {
                                    "matchLabels": {
                                        "app.kubernetes.io/part-of": "p01-foundation",
                                        "p01.role": "proxy",
                                        "p01.service": "planning"
                                    }
                                }
                            }
                        ],
                        "ports": [
                            {
                                "port": 8080,
                                "protocol": "TCP"
                            }
                        ]
                    }
                ],
                "podSelector": {
                    "matchLabels": {
                        "app.kubernetes.io/part-of": "p01-foundation",
                        "p01.role": "app",
                        "p01.service": "planning"
                    }
                },
                "policyTypes": [
                    "Ingress",
                    "Egress"
                ]
            }
        },
        {
            "apiVersion": "networking.k8s.io/v1",
            "kind": "NetworkPolicy",
            "metadata": {
                "annotations": {
                    "kubectl.kubernetes.io/last-applied-configuration": "{\"apiVersion\":\"networking.k8s.io/v1\",\"kind\":\"NetworkPolicy\",\"metadata\":{\"annotations\":{},\"name\":\"planning-migrator\",\"namespace\":\"p01-72188a2dcf97-908488b6\"},\"spec\":{\"egress\":[{\"ports\":[{\"port\":5432,\"protocol\":\"TCP\"}],\"to\":[{\"podSelector\":{\"matchLabels\":{\"app.kubernetes.io/part-of\":\"p01-foundation\",\"p01.role\":\"postgres\",\"p01.service\":\"postgres\"}}}]}],\"podSelector\":{\"matchLabels\":{\"app.kubernetes.io/part-of\":\"p01-foundation\",\"p01.role\":\"migrator\",\"p01.service\":\"planning\"}},\"policyTypes\":[\"Egress\"]}}\n"
                },
                "creationTimestamp": "2026-10-05T03:50:04Z",
                "generation": 1,
                "name": "planning-migrator",
                "namespace": "p01-72188a2dcf97-908488b6",
                "resourceVersion": "1227",
                "uid": "64c73ccd-ddeb-45c2-bc88-7c8ad4a008f8"
            },
            "spec": {
                "egress": [
                    {
                        "ports": [
                            {
                                "port": 5432,
                                "protocol": "TCP"
                            }
                        ],
                        "to": [
                            {
                                "podSelector": {
                                    "matchLabels": {
                                        "app.kubernetes.io/part-of": "p01-foundation",
                                        "p01.role": "postgres",
                                        "p01.service": "postgres"
                                    }
                                }
                            }
                        ]
                    }
                ],
                "podSelector": {
                    "matchLabels": {
                        "app.kubernetes.io/part-of": "p01-foundation",
                        "p01.role": "migrator",
                        "p01.service": "planning"
                    }
                },
                "policyTypes": [
                    "Egress"
                ]
            }
        },
        {
            "apiVersion": "networking.k8s.io/v1",
            "kind": "NetworkPolicy",
            "metadata": {
                "annotations": {
                    "kubectl.kubernetes.io/last-applied-configuration": "{\"apiVersion\":\"networking.k8s.io/v1\",\"kind\":\"NetworkPolicy\",\"metadata\":{\"annotations\":{},\"name\":\"planning-probe\",\"namespace\":\"p01-72188a2dcf97-908488b6\"},\"spec\":{\"egress\":[{\"ports\":[{\"port\":8443,\"protocol\":\"TCP\"}],\"to\":[{\"podSelector\":{\"matchLabels\":{\"app.kubernetes.io/part-of\":\"p01-foundation\",\"p01.role\":\"proxy\",\"p01.service\":\"planning\"}}}]}],\"podSelector\":{\"matchLabels\":{\"app.kubernetes.io/part-of\":\"p01-foundation\",\"p01.role\":\"probe\",\"p01.service\":\"planning\"}},\"policyTypes\":[\"Egress\"]}}\n"
                },
                "creationTimestamp": "2026-10-05T03:50:04Z",
                "generation": 1,
                "name": "planning-probe",
                "namespace": "p01-72188a2dcf97-908488b6",
                "resourceVersion": "1228",
                "uid": "4cfeb4f4-75ce-4624-a2fe-b5fa5dd44164"
            },
            "spec": {
                "egress": [
                    {
                        "ports": [
                            {
                                "port": 8443,
                                "protocol": "TCP"
                            }
                        ],
                        "to": [
                            {
                                "podSelector": {
                                    "matchLabels": {
                                        "app.kubernetes.io/part-of": "p01-foundation",
                                        "p01.role": "proxy",
                                        "p01.service": "planning"
                                    }
                                }
                            }
                        ]
                    }
                ],
                "podSelector": {
                    "matchLabels": {
                        "app.kubernetes.io/part-of": "p01-foundation",
                        "p01.role": "probe",
                        "p01.service": "planning"
                    }
                },
                "policyTypes": [
                    "Egress"
                ]
            }
        },
        {
            "apiVersion": "networking.k8s.io/v1",
            "kind": "NetworkPolicy",
            "metadata": {
                "annotations": {
                    "kubectl.kubernetes.io/last-applied-configuration": "{\"apiVersion\":\"networking.k8s.io/v1\",\"kind\":\"NetworkPolicy\",\"metadata\":{\"annotations\":{},\"name\":\"planning-proxy\",\"namespace\":\"p01-72188a2dcf97-908488b6\"},\"spec\":{\"egress\":[{\"ports\":[{\"port\":8080,\"protocol\":\"TCP\"}],\"to\":[{\"podSelector\":{\"matchLabels\":{\"app.kubernetes.io/part-of\":\"p01-foundation\",\"p01.role\":\"app\",\"p01.service\":\"planning\"}}}]}],\"ingress\":[{\"from\":[{\"podSelector\":{\"matchLabels\":{\"app.kubernetes.io/part-of\":\"p01-foundation\",\"p01.role\":\"probe\",\"p01.service\":\"planning\"}}}],\"ports\":[{\"port\":8443,\"protocol\":\"TCP\"}]}],\"podSelector\":{\"matchLabels\":{\"app.kubernetes.io/part-of\":\"p01-foundation\",\"p01.role\":\"proxy\",\"p01.service\":\"planning\"}},\"policyTypes\":[\"Ingress\",\"Egress\"]}}\n"
                },
                "creationTimestamp": "2026-10-05T03:50:03Z",
                "generation": 1,
                "name": "planning-proxy",
                "namespace": "p01-72188a2dcf97-908488b6",
                "resourceVersion": "1225",
                "uid": "fa6e0ecd-268b-49aa-8757-2e4d1de7f842"
            },
            "spec": {
                "egress": [
                    {
                        "ports": [
                            {
                                "port": 8080,
                                "protocol": "TCP"
                            }
                        ],
                        "to": [
                            {
                                "podSelector": {
                                    "matchLabels": {
                                        "app.kubernetes.io/part-of": "p01-foundation",
                                        "p01.role": "app",
                                        "p01.service": "planning"
                                    }
                                }
                            }
                        ]
                    }
                ],
                "ingress": [
                    {
                        "from": [
                            {
                                "podSelector": {
                                    "matchLabels": {
                                        "app.kubernetes.io/part-of": "p01-foundation",
                                        "p01.role": "probe",
                                        "p01.service": "planning"
                                    }
                                }
                            }
                        ],
                        "ports": [
                            {
                                "port": 8443,
                                "protocol": "TCP"
                            }
                        ]
                    }
                ],
                "podSelector": {
                    "matchLabels": {
                        "app.kubernetes.io/part-of": "p01-foundation",
                        "p01.role": "proxy",
                        "p01.service": "planning"
                    }
                },
                "policyTypes": [
                    "Ingress",
                    "Egress"
                ]
            }
        },
        {
            "apiVersion": "networking.k8s.io/v1",
            "kind": "NetworkPolicy",
            "metadata": {
                "annotations": {
                    "kubectl.kubernetes.io/last-applied-configuration": "{\"apiVersion\":\"networking.k8s.io/v1\",\"kind\":\"NetworkPolicy\",\"metadata\":{\"annotations\":{},\"name\":\"postgres-private-clients\",\"namespace\":\"p01-72188a2dcf97-908488b6\"},\"spec\":{\"ingress\":[{\"from\":[{\"podSelector\":{\"matchLabels\":{\"app.kubernetes.io/part-of\":\"p01-foundation\",\"p01.role\":\"app\",\"p01.service\":\"console\"}}},{\"podSelector\":{\"matchLabels\":{\"app.kubernetes.io/part-of\":\"p01-foundation\",\"p01.role\":\"migrator\",\"p01.service\":\"console\"}}},{\"podSelector\":{\"matchLabels\":{\"app.kubernetes.io/part-of\":\"p01-foundation\",\"p01.role\":\"app\",\"p01.service\":\"governance\"}}},{\"podSelector\":{\"matchLabels\":{\"app.kubernetes.io/part-of\":\"p01-foundation\",\"p01.role\":\"migrator\",\"p01.service\":\"governance\"}}},{\"podSelector\":{\"matchLabels\":{\"app.kubernetes.io/part-of\":\"p01-foundation\",\"p01.role\":\"app\",\"p01.service\":\"catalogue\"}}},{\"podSelector\":{\"matchLabels\":{\"app.kubernetes.io/part-of\":\"p01-foundation\",\"p01.role\":\"migrator\",\"p01.service\":\"catalogue\"}}},{\"podSelector\":{\"matchLabels\":{\"app.kubernetes.io/part-of\":\"p01-foundation\",\"p01.role\":\"app\",\"p01.service\":\"assurance\"}}},{\"podSelector\":{\"matchLabels\":{\"app.kubernetes.io/part-of\":\"p01-foundation\",\"p01.role\":\"migrator\",\"p01.service\":\"assurance\"}}},{\"podSelector\":{\"matchLabels\":{\"app.kubernetes.io/part-of\":\"p01-foundation\",\"p01.role\":\"app\",\"p01.service\":\"planning\"}}},{\"podSelector\":{\"matchLabels\":{\"app.kubernetes.io/part-of\":\"p01-foundation\",\"p01.role\":\"migrator\",\"p01.service\":\"planning\"}}},{\"podSelector\":{\"matchLabels\":{\"app.kubernetes.io/part-of\":\"p01-foundation\",\"p01.role\":\"app\",\"p01.service\":\"inventory\"}}},{\"podSelector\":{\"matchLabels\":{\"app.kubernetes.io/part-of\":\"p01-foundation\",\"p01.role\":\"migrator\",\"p01.service\":\"inventory\"}}},{\"podSelector\":{\"matchLabels\":{\"app.kubernetes.io/part-of\":\"p01-foundation\",\"p01.role\":\"app\",\"p01.service\":\"lifecycle\"}}},{\"podSelector\":{\"matchLabels\":{\"app.kubernetes.io/part-of\":\"p01-foundation\",\"p01.role\":\"migrator\",\"p01.service\":\"lifecycle\"}}}],\"ports\":[{\"port\":5432,\"protocol\":\"TCP\"}]}],\"podSelector\":{\"matchLabels\":{\"app.kubernetes.io/part-of\":\"p01-foundation\",\"p01.role\":\"postgres\",\"p01.service\":\"postgres\"}},\"policyTypes\":[\"Ingress\"]}}\n"
                },
                "creationTimestamp": "2026-10-05T03:50:04Z",
                "generation": 1,
                "name": "postgres-private-clients",
                "namespace": "p01-72188a2dcf97-908488b6",
                "resourceVersion": "1238",
                "uid": "df2c6381-6c20-467c-90a0-56e7cb78fc61"
            },
            "spec": {
                "ingress": [
                    {
                        "from": [
                            {
                                "podSelector": {
                                    "matchLabels": {
                                        "app.kubernetes.io/part-of": "p01-foundation",
                                        "p01.role": "app",
                                        "p01.service": "console"
                                    }
                                }
                            },
                            {
                                "podSelector": {
                                    "matchLabels": {
                                        "app.kubernetes.io/part-of": "p01-foundation",
                                        "p01.role": "migrator",
                                        "p01.service": "console"
                                    }
                                }
                            },
                            {
                                "podSelector": {
                                    "matchLabels": {
                                        "app.kubernetes.io/part-of": "p01-foundation",
                                        "p01.role": "app",
                                        "p01.service": "governance"
                                    }
                                }
                            },
                            {
                                "podSelector": {
                                    "matchLabels": {
                                        "app.kubernetes.io/part-of": "p01-foundation",
                                        "p01.role": "migrator",
                                        "p01.service": "governance"
                                    }
                                }
                            },
                            {
                                "podSelector": {
                                    "matchLabels": {
                                        "app.kubernetes.io/part-of": "p01-foundation",
                                        "p01.role": "app",
                                        "p01.service": "catalogue"
                                    }
                                }
                            },
                            {
                                "podSelector": {
                                    "matchLabels": {
                                        "app.kubernetes.io/part-of": "p01-foundation",
                                        "p01.role": "migrator",
                                        "p01.service": "catalogue"
                                    }
                                }
                            },
                            {
                                "podSelector": {
                                    "matchLabels": {
                                        "app.kubernetes.io/part-of": "p01-foundation",
                                        "p01.role": "app",
                                        "p01.service": "assurance"
                                    }
                                }
                            },
                            {
                                "podSelector": {
                                    "matchLabels": {
                                        "app.kubernetes.io/part-of": "p01-foundation",
                                        "p01.role": "migrator",
                                        "p01.service": "assurance"
                                    }
                                }
                            },
                            {
                                "podSelector": {
                                    "matchLabels": {
                                        "app.kubernetes.io/part-of": "p01-foundation",
                                        "p01.role": "app",
                                        "p01.service": "planning"
                                    }
                                }
                            },
                            {
                                "podSelector": {
                                    "matchLabels": {
                                        "app.kubernetes.io/part-of": "p01-foundation",
                                        "p01.role": "migrator",
                                        "p01.service": "planning"
                                    }
                                }
                            },
                            {
                                "podSelector": {
                                    "matchLabels": {
                                        "app.kubernetes.io/part-of": "p01-foundation",
                                        "p01.role": "app",
                                        "p01.service": "inventory"
                                    }
                                }
                            },
                            {
                                "podSelector": {
                                    "matchLabels": {
                                        "app.kubernetes.io/part-of": "p01-foundation",
                                        "p01.role": "migrator",
                                        "p01.service": "inventory"
                                    }
                                }
                            },
                            {
                                "podSelector": {
                                    "matchLabels": {
                                        "app.kubernetes.io/part-of": "p01-foundation",
                                        "p01.role": "app",
                                        "p01.service": "lifecycle"
                                    }
                                }
                            },
                            {
                                "podSelector": {
                                    "matchLabels": {
                                        "app.kubernetes.io/part-of": "p01-foundation",
                                        "p01.role": "migrator",
                                        "p01.service": "lifecycle"
                                    }
                                }
                            }
                        ],
                        "ports": [
                            {
                                "port": 5432,
                                "protocol": "TCP"
                            }
                        ]
                    }
                ],
                "podSelector": {
                    "matchLabels": {
                        "app.kubernetes.io/part-of": "p01-foundation",
                        "p01.role": "postgres",
                        "p01.service": "postgres"
                    }
                },
                "policyTypes": [
                    "Ingress"
                ]
            }
        }
    ],
    "kind": "List",
    "metadata": {
        "resourceVersion": ""
    }
}
