[
    {
        "Id": "sha256:4e37801aa965c06e5c86981df93a7c17d99d5ffce01aa492fe90ac3b3ae4aeec",
        "RepoTags": [
            "p01-planning:c9c202786437601c0f000bdf29d7e1e401e773ee"
        ],
        "RepoDigests": [],
        "Parent": "",
        "Comment": "buildkit.dockerfile.v0",
        "Created": "2026-10-05T00:23:58.961451419Z",
        "DockerVersion": "",
        "Author": "",
        "Config": {
            "Hostname": "",
            "Domainname": "",
            "User": "10001:10001",
            "AttachStdin": false,
            "AttachStdout": false,
            "AttachStderr": false,
            "Tty": false,
            "OpenStdin": false,
            "StdinOnce": false,
            "Env": [
                "PATH=/opt/venv/bin:/usr/local/bin:/usr/local/sbin:/usr/local/bin:/usr/sbin:/usr/bin:/sbin:/bin",
                "LANG=C.UTF-8",
                "GPG_KEY=7169605F62C751356D054A26A821E680E5FA6305",
                "PYTHON_VERSION=3.12.14",
                "PYTHON_SHA256=5c8462af5790baf43a321a1559dbe0db06d1be4300fb85fb53c40060668e548a",
                "PYTHONDONTWRITEBYTECODE=1",
                "PYTHONUNBUFFERED=1"
            ],
            "Cmd": [
                "liveness"
            ],
            "Healthcheck": {
                "Test": [
                    "NONE"
                ]
            },
            "ArgsEscaped": true,
            "Image": "",
            "Volumes": null,
            "WorkingDir": "/app",
            "Entrypoint": [
                "/opt/venv/bin/planning-health"
            ],
            "OnBuild": null,
            "Labels": {
                "io.product.component": "planning",
                "org.opencontainers.image.revision": "c9c202786437601c0f000bdf29d7e1e401e773ee",
                "org.opencontainers.image.source": "https://github.com/awalker0878/multi-tenant",
                "org.opencontainers.image.title": "product-planning bootstrap"
            }
        },
        "Architecture": "amd64",
        "Os": "linux",
        "Size": 146074292,
        "GraphDriver": {
            "Data": {
                "LowerDir": "/var/lib/docker/overlay2/pifkq37xwwlmauzsdxb3j8jnz/diff:/var/lib/docker/overlay2/07d4083dd8d7d80ebfb4613ebf006ab96d0f1e9dab5e4d3b3114108889d0221f/diff:/var/lib/docker/overlay2/caf98e82f6133bf01b6c96e6577915dfca6fc3fe5362731c71629888fe978181/diff:/var/lib/docker/overlay2/025fed5d59bda26bae72c37e5974e0d2a1c5876c24b713d53ad6a3bef84a31c2/diff:/var/lib/docker/overlay2/d89b513e05d149d551a365d7bc1920e74b1dd15f01c2554e2c173f431bf98864/diff",
                "MergedDir": "/var/lib/docker/overlay2/qzbnrzxx9c5f6jb1dwj9u2gtk/merged",
                "UpperDir": "/var/lib/docker/overlay2/qzbnrzxx9c5f6jb1dwj9u2gtk/diff",
                "WorkDir": "/var/lib/docker/overlay2/qzbnrzxx9c5f6jb1dwj9u2gtk/work"
            },
            "Name": "overlay2"
        },
        "RootFS": {
            "Type": "layers",
            "Layers": [
                "sha256:34467cc93912af891dfee8a3902adf9b4f355a9bca4eaa46f658d1181a21de0d",
                "sha256:16df0073c13c96653ee2b601b16e514321513eb4af983de156c2d4e17df8a5d9",
                "sha256:9639007baab8a136bc468bd5d757fdf79cf5d77b6ff2a87889071252e334fab3",
                "sha256:abca6d63c9dbe51fa3bc42e75e0387da12803ef64430ad151814e468d5e1c203",
                "sha256:a04237ab696a1f44d61419c85455b59067f25e3db60c9d9f533bdf34f31c9ca2",
                "sha256:9c3b9d46ce350a5aeb69718e9b263432244bad0930014bb7a953ee3c76e7f32d"
            ]
        },
        "Metadata": {
            "LastTagTime": "2026-10-05T00:23:59.838689071Z"
        }
    }
]
