 Container p01-c28c87e6c680-1afa616b-postgres-1  Stopping
 Container p01-c28c87e6c680-1afa616b-postgres-1  Stopped
 Container p01-c28c87e6c680-1afa616b-postgres-1  Removing
 Container p01-c28c87e6c680-1afa616b-postgres-1  Removed
 Network p01-c28c87e6c680-1afa616b_db_inventory  Removing
 Network p01-c28c87e6c680-1afa616b_db_assurance  Removing
 Network p01-c28c87e6c680-1afa616b_db_lifecycle  Removing
 Network p01-c28c87e6c680-1afa616b_db_governance  Removing
 Network p01-c28c87e6c680-1afa616b_db_catalogue  Removing
 Network p01-c28c87e6c680-1afa616b_db_console  Removing
 Network p01-c28c87e6c680-1afa616b_db_planning  Removing
 Volume p01-c28c87e6c680-1afa616b_postgres_data  Removing
 Volume p01-c28c87e6c680-1afa616b_postgres_data  Removed
 Network p01-c28c87e6c680-1afa616b_db_inventory  Removed
 Network p01-c28c87e6c680-1afa616b_db_planning  Removed
 Network p01-c28c87e6c680-1afa616b_db_catalogue  Removed
 Network p01-c28c87e6c680-1afa616b_db_console  Removed
 Network p01-c28c87e6c680-1afa616b_db_assurance  Removed
 Network p01-c28c87e6c680-1afa616b_db_governance  Removed
 Network p01-c28c87e6c680-1afa616b_db_lifecycle  Removed
