
> product-console@0.0.0 build
> vite build

vite v8.3.2 building client environment for production...
transforming...
✓ 605 modules transformed.
rendering chunks...
computing gzip size...
public/build/manifest.json                                   6.15 kB │ gzip:  0.90 kB
public/build/assets/IdentityLayout-DWjcmymb.css              0.88 kB │ gzip:  0.35 kB
public/build/assets/CatalogueLayout-D6KreuYD.css             1.35 kB │ gzip:  0.50 kB
public/build/assets/app-D3iitNZ_.css                        15.89 kB │ gzip:  3.98 kB
public/build/assets/_plugin-vue_export-helper-BDNMzG2s.js    0.08 kB │ gzip:  0.09 kB
public/build/assets/useAccess-mrJHuw5f.js                    1.11 kB │ gzip:  0.66 kB
public/build/assets/defaults-PkqlGNrL.js                     1.21 kB │ gzip:  0.65 kB
public/build/assets/IdentityLayout-D4Kq3UQ9.js               1.22 kB │ gzip:  0.76 kB
public/build/assets/CatalogueLayout-sf7FiEx5.js              1.56 kB │ gzip:  0.78 kB
public/build/assets/Foundation-Qtkrpbp6.js                   1.60 kB │ gzip:  0.83 kB
public/build/assets/Login-DTF1kGIj.js                        1.75 kB │ gzip:  0.82 kB
public/build/assets/Index-DzUHrVDM.js                        1.93 kB │ gzip:  0.91 kB
public/build/assets/Index-_axFf9rS.js                        1.94 kB │ gzip:  1.06 kB
public/build/assets/Password-BfsSTauD.js                     2.17 kB │ gzip:  0.88 kB
public/build/assets/ChangeNotice-D3vmTMcE.js                 2.32 kB │ gzip:  1.11 kB
public/build/assets/Account-c5PFwybu.js                      3.69 kB │ gzip:  1.60 kB
public/build/assets/References-B7q8iG4m.js                   4.89 kB │ gzip:  2.10 kB
public/build/assets/Setup-Bp5__waL.js                        5.66 kB │ gzip:  2.33 kB
public/build/assets/Resources-7b1ziQfI.js                    6.19 kB │ gzip:  2.56 kB
public/build/assets/Site-BXZWBOfI.js                         7.00 kB │ gzip:  2.84 kB
public/build/assets/Application-Dwz754O3.js                  7.07 kB │ gzip:  2.55 kB
public/build/assets/Tenant-BX2nei6q.js                       8.46 kB │ gzip:  2.79 kB
public/build/assets/Editor-C6jS_V90.js                      29.44 kB │ gzip:  7.86 kB
public/build/assets/app-R7bm9O4T.js                        185.40 kB │ gzip: 63.51 kB

✓ built in 638ms
npm warn Unknown env config "http-proxy". This will stop working in the next major version of npm.
