[
    {
        "Id": "sha256:049a5ac37f2c71fc57ffe65a33d4526172140dc697750f28b9a6f8e834b5d229",
        "RepoTags": [
            "p01-assurance:72188a2dcf973ceee09eed05dfb79a6c53122ae2"
        ],
        "RepoDigests": [],
        "Parent": "",
        "Comment": "buildkit.dockerfile.v0",
        "Created": "2026-10-05T03:47:11.620939651Z",
        "DockerVersion": "",
        "Author": "",
        "Config": {
            "Hostname": "",
            "Domainname": "",
            "User": "10001:10001",
            "AttachStdin": false,
            "AttachStdout": false,
            "AttachStderr": false,
            "ExposedPorts": {
                "9000/tcp": {}
            },
            "Tty": false,
            "OpenStdin": false,
            "StdinOnce": false,
            "Env": [
                "PATH=/usr/local/sbin:/usr/local/bin:/usr/sbin:/usr/bin:/sbin:/bin",
                "PHPIZE_DEPS=autoconf \t\tdpkg-dev \t\tfile \t\tg++ \t\tgcc \t\tlibc-dev \t\tmake \t\tpkg-config \t\tre2c",
                "PHP_INI_DIR=/usr/local/etc/php",
                "PHP_CFLAGS=-fstack-protector-strong -fpic -fpie -O2 -D_LARGEFILE_SOURCE -D_FILE_OFFSET_BITS=64",
                "PHP_CPPFLAGS=-fstack-protector-strong -fpic -fpie -O2 -D_LARGEFILE_SOURCE -D_FILE_OFFSET_BITS=64",
                "PHP_LDFLAGS=-Wl,-O1 -pie",
                "GPG_KEYS=1198C0117593497A5EC5C199286AF1F9897469DC 49D9AF6BC72A80D6691719C8AA23F5BE9C7097D4 D95C03BC702BE9515344AE3374E44BC9067701A5",
                "PHP_VERSION=8.5.11",
                "PHP_URL=https://www.php.net/distributions/php-8.5.11.tar.xz",
                "PHP_ASC_URL=https://www.php.net/distributions/php-8.5.11.tar.xz.asc",
                "PHP_SHA256=d9be75c08e8c316f4c8f4194d8fbe1750a15f6a6d9d4e3fe72082abeeb800360",
                "APP_ENV=production",
                "APP_DEBUG=false"
            ],
            "Cmd": [
                "php-fpm",
                "-F"
            ],
            "ArgsEscaped": true,
            "Image": "",
            "Volumes": null,
            "WorkingDir": "/app",
            "Entrypoint": [
                "/usr/local/bin/service-entrypoint"
            ],
            "OnBuild": null,
            "Labels": {
                "io.product.component": "assurance",
                "org.opencontainers.image.revision": "72188a2dcf973ceee09eed05dfb79a6c53122ae2"
            },
            "StopSignal": "SIGQUIT"
        },
        "Architecture": "amd64",
        "Os": "linux",
        "Size": 552206461,
        "GraphDriver": {
            "Data": {
                "LowerDir": "/var/lib/docker/overlay2/3kaulkdwwjlig68181n6yl9vn/diff:/var/lib/docker/overlay2/mrgdh4qjlw97fwcyv6kgo58o6/diff:/var/lib/docker/overlay2/5o3jp5d51g2nsemlpjcvol0rp/diff:/var/lib/docker/overlay2/6t2zfjd4p1dgnlqa90pesa8ju/diff:/var/lib/docker/overlay2/gdoo948ahhn5uvgfyzyzw3o21/diff:/var/lib/docker/overlay2/sexmzq64aqkwg3o1v89hqhxqd/diff:/var/lib/docker/overlay2/wg4ujfxfwn5ovsh6jmgb7e28j/diff:/var/lib/docker/overlay2/lu906666fahbfsv2r1fwtdrcs/diff:/var/lib/docker/overlay2/y4eeidsi4s1am83r5n2kq5as5/diff:/var/lib/docker/overlay2/v1l3jtxchhv3fnc1pe1ch4c1o/diff:/var/lib/docker/overlay2/e2t1qyyzayw2xlcu9totf42qi/diff:/var/lib/docker/overlay2/6cc00af930763652b715c1a68e2093e8041a6331235da7dc9d41e756e8b58ea4/diff:/var/lib/docker/overlay2/b2bdfd478060fb864a5dba556d594fdf91dbfb6cf22fcda1db5b99643768253e/diff:/var/lib/docker/overlay2/10e06182912591c7b6375180ed7bad37817df88dbf0256a468d4b95a470c4156/diff:/var/lib/docker/overlay2/bd75d59f35566b4c9daa22a3f99ba161509f1e12444b5af468bd0568ecb3d933/diff:/var/lib/docker/overlay2/0cc093ea185ec664acbd9d347f44f47fbb9feb88488520fd632fcdaed78e1c1c/diff:/var/lib/docker/overlay2/24b940b35e4b31a8991a822dd5c7ca46ed5017d8ccaf5bd8cae6338a43d4eb8e/diff:/var/lib/docker/overlay2/0b770c43edc2dd81d61d1d8b7ba02ecbbe01a7f2d823b8831cda7efaa69a90a2/diff:/var/lib/docker/overlay2/e327c1e7426a5bc47be2a2fef9189e0f845bc5e8f2f2fabffef8012b47839cb1/diff:/var/lib/docker/overlay2/b29b1c1c58304367acb08748f8173e1b44a178a14effb1bbff0acb010782616b/diff:/var/lib/docker/overlay2/d98a0b7ff610010220068ab638c1039ecd8ddeaa0517ac5db8603ef07522d426/diff:/var/lib/docker/overlay2/19564ac87aa444c6f482436271c10f8afe8629487efa58dba3436ff199def735/diff",
                "MergedDir": "/var/lib/docker/overlay2/pw6ct48sjw4lpgyf23d59hx1r/merged",
                "UpperDir": "/var/lib/docker/overlay2/pw6ct48sjw4lpgyf23d59hx1r/diff",
                "WorkDir": "/var/lib/docker/overlay2/pw6ct48sjw4lpgyf23d59hx1r/work"
            },
            "Name": "overlay2"
        },
        "RootFS": {
            "Type": "layers",
            "Layers": [
                "sha256:34467cc93912af891dfee8a3902adf9b4f355a9bca4eaa46f658d1181a21de0d",
                "sha256:81274738dbf57317e5435144826219706147834290d012a351d5fc593b5adae2",
                "sha256:0504f653b699e414def5b49113f24c6e542a7846c5df9a799b27c809313dbb4d",
                "sha256:da1395a377a2acc8422d3bc4b7d862885a3a97a3421e3fed1adf62d061ff4f63",
                "sha256:27ac94f3ce3452f11b8a4e05cd00328bc38ad35848dfa0caa7ac7377e2b4c48c",
                "sha256:75906afbd8260b795e6e9b04941130b4bc0f4c137e76562f13753c62972bc5ef",
                "sha256:92e695b6cfd2d361a0864f12771aeb461c040dcd3ac66a0c704bf6e02cd2fc54",
                "sha256:ba5cfed66dabaf73234dbd89396a9011991392d027832714d3bbe68640c82d79",
                "sha256:c5687dee67cf6207590530c6c1c1bf4f1484aa1aeb2a44ff0e0ab0ebb7936ed7",
                "sha256:5f70bf18a086007016e948b04aed3b82103a36bea41755b6cddfaf10ace3c6ef",
                "sha256:a3d8babd0c9ce6e5640c2d87ef48eb3b4adf3e152f63414c1ef6ec0cc9ae911d",
                "sha256:189c44b27a59cb5757548490feff2bc79d5bd265ee8bb17749c1bbcadb6190c5",
                "sha256:c66eccfb3db91b70a3e717bae09ecf98fe307bee2bf18b7d3c9ba4cb423a83cd",
                "sha256:c82d244e68133e986317f138357abbae079b466717719efd2e5e691727c2d0a2",
                "sha256:2ec8df43ffd5604a41cfcb0e6b107dfda7e5ad283cde22f2f6d6aafa71229906",
                "sha256:112d64d1edb51eb53288864f48a1a80b3be1c0c567fb6aa7f313e1988cef7449",
                "sha256:9e80731079536130cf79350cc2ba0a24d331ce42117d4df8b54db4fefb705081",
                "sha256:e527c58eefc37087b85a5940283e51961db98cfdb851c6e1796dd128e727a834",
                "sha256:34d2375ce4cdb1155c358d810dc623aa3f18092a8dd0bd916b109fbbf265d2f9",
                "sha256:9c37d21dbfc9cf238081caec52010f9f7474fc4e771ec5120f33546891a0cf34",
                "sha256:0aceafac1b07ba202d8cdb57a17fbccae124d64cefe217bf6b0e5ff1b8938e67",
                "sha256:6ff7731096360bc541137d185959bd1426adb8a103679ba4e0b2c9d3cbeae94e",
                "sha256:e15bdc027a4f8b0b0693838bf33c0a6ff8dac36e000d54b4c5e9d52583d39416"
            ]
        },
        "Metadata": {
            "LastTagTime": "2026-10-05T03:47:14.03239577Z"
        }
    }
]
