#0 building with "default" instance using docker driver

#1 [internal] load build definition from Dockerfile
#1 transferring dockerfile: 1.98kB done
#1 DONE 0.0s

#2 [internal] load metadata for ghcr.io/astral-sh/uv@sha256:d46db4c7b7f2e75ff80aeef95da4c2c6ff1ad399c13ab85067db4430b7c3b9c3
#2 ...

#3 [auth] library/python:pull token for registry-1.docker.io
#3 DONE 0.0s

#4 [internal] load metadata for docker.io/library/python@sha256:9b8dad7f66b5c7751df6cb7a64a07812e86bed85d0116efe82b3a11209f1440d
#4 ...

#2 [internal] load metadata for ghcr.io/astral-sh/uv@sha256:d46db4c7b7f2e75ff80aeef95da4c2c6ff1ad399c13ab85067db4430b7c3b9c3
#2 DONE 0.8s

#4 [internal] load metadata for docker.io/library/python@sha256:9b8dad7f66b5c7751df6cb7a64a07812e86bed85d0116efe82b3a11209f1440d
#4 DONE 0.9s

#5 [internal] load .dockerignore
#5 transferring context: 206B done
#5 DONE 0.0s

#6 [internal] load build context
#6 transferring context: 66.22kB done
#6 DONE 0.0s

#7 [build 1/6] FROM docker.io/library/python@sha256:9b8dad7f66b5c7751df6cb7a64a07812e86bed85d0116efe82b3a11209f1440d
#7 resolve docker.io/library/python@sha256:9b8dad7f66b5c7751df6cb7a64a07812e86bed85d0116efe82b3a11209f1440d done
#7 sha256:dfd5c69ca31cfb36ae0002c3049cf2d7bf398b9bb1099035e8634e3510ee84da 0B / 416.26kB 0.1s
#7 sha256:9b8dad7f66b5c7751df6cb7a64a07812e86bed85d0116efe82b3a11209f1440d 1.74kB / 1.74kB done
#7 sha256:8614a50e05881ad79bcf2d4f82028b65a463c03d2d666d255a4332e3d2a0c0ba 5.43kB / 5.43kB done
#7 sha256:dfd5c69ca31cfb36ae0002c3049cf2d7bf398b9bb1099035e8634e3510ee84da 416.26kB / 416.26kB 0.3s done
#7 extracting sha256:dfd5c69ca31cfb36ae0002c3049cf2d7bf398b9bb1099035e8634e3510ee84da 0.1s done
#7 sha256:7abff04c4f315a5424ff8d34ad0c10700efc2fc32961841df78d2bfc17e1a353 0B / 13.77MB 0.3s
#7 sha256:6eec1681053c5141288662af49733b23283c6aa149e2f077733bd515acdfa190 0B / 249B 0.3s
#7 sha256:7abff04c4f315a5424ff8d34ad0c10700efc2fc32961841df78d2bfc17e1a353 1.05MB / 13.77MB 0.5s
#7 sha256:7abff04c4f315a5424ff8d34ad0c10700efc2fc32961841df78d2bfc17e1a353 7.34MB / 13.77MB 0.6s
#7 sha256:6eec1681053c5141288662af49733b23283c6aa149e2f077733bd515acdfa190 249B / 249B 0.5s done
#7 sha256:7abff04c4f315a5424ff8d34ad0c10700efc2fc32961841df78d2bfc17e1a353 13.77MB / 13.77MB 0.7s
#7 sha256:7abff04c4f315a5424ff8d34ad0c10700efc2fc32961841df78d2bfc17e1a353 13.77MB / 13.77MB 0.8s done
#7 extracting sha256:7abff04c4f315a5424ff8d34ad0c10700efc2fc32961841df78d2bfc17e1a353
#7 extracting sha256:7abff04c4f315a5424ff8d34ad0c10700efc2fc32961841df78d2bfc17e1a353 0.5s done
#7 extracting sha256:6eec1681053c5141288662af49733b23283c6aa149e2f077733bd515acdfa190
#7 extracting sha256:6eec1681053c5141288662af49733b23283c6aa149e2f077733bd515acdfa190 done
#7 DONE 2.0s

#8 [uv-tool 1/1] FROM ghcr.io/astral-sh/uv@sha256:d46db4c7b7f2e75ff80aeef95da4c2c6ff1ad399c13ab85067db4430b7c3b9c3
#8 resolve ghcr.io/astral-sh/uv@sha256:d46db4c7b7f2e75ff80aeef95da4c2c6ff1ad399c13ab85067db4430b7c3b9c3 done
#8 sha256:d46db4c7b7f2e75ff80aeef95da4c2c6ff1ad399c13ab85067db4430b7c3b9c3 669B / 669B done
#8 sha256:de5ce60260f893ece94ee7b7e9bdc7d0cd51b33e74aabef1358342e642ca71e7 1.30kB / 1.30kB done
#8 sha256:c899545868f84f908ee09e6d932033fc14acdf3a2a8b2d6cdacf573c85450bba 23.52MB / 23.52MB 1.0s done
#8 sha256:54723a59ba9fe2be41df3ad59d75d4738b62774f60a8e988163ed08002fa4215 98B / 98B 0.3s done
#8 extracting sha256:c899545868f84f908ee09e6d932033fc14acdf3a2a8b2d6cdacf573c85450bba 0.3s done
#8 extracting sha256:54723a59ba9fe2be41df3ad59d75d4738b62774f60a8e988163ed08002fa4215 done
#8 DONE 1.9s

#9 [runtime 2/3] WORKDIR /app
#9 DONE 0.0s

#10 [build 2/6] COPY --from=uv-tool /uv /usr/local/bin/uv
#10 DONE 0.4s

#11 [build 3/6] WORKDIR /build
#11 DONE 0.0s

#12 [build 4/6] COPY .python-version pyproject.toml uv.lock README.md ./
#12 DONE 0.0s

#13 [build 5/6] COPY src/ ./src/
#13 DONE 0.0s

#14 [build 6/6] RUN uv sync --locked --only-group build --no-install-project --no-managed-python     && uv build --offline --no-build-isolation --wheel     && uv export --locked --no-default-groups --no-emit-project --no-annotate --no-header          --format requirements.txt --output-file /build/production-requirements.txt     && uv venv --no-managed-python --python /usr/local/bin/python /opt/venv     && uv pip sync --python /opt/venv/bin/python --require-hashes --only-binary :all: /build/production-requirements.txt     && uv pip install --python /opt/venv/bin/python --offline --no-index --no-deps dist/*.whl     && uv pip check --python /opt/venv/bin/python
#14 0.399 Using CPython 3.12.14 interpreter at: /usr/local/bin/python3.12
#14 0.399 Creating virtual environment at: .venv
#14 0.405 Resolved 22 packages in 3ms
#14 0.479 Prepared 3 packages in 73ms
#14 0.536 Installed 3 packages in 57ms
#14 0.536  + packaging==26.3
#14 0.536  + setuptools==84.0.0
#14 0.536  + wheel==0.48.0
#14 0.769 Building wheel...
#14 1.757 running bdist_wheel
#14 1.762 running build
#14 1.762 running build_py
#14 1.764 creating build/lib/lifecycle
#14 1.764 copying src/lifecycle/__init__.py -> build/lib/lifecycle
#14 1.765 creating build/lib/lifecycle/application
#14 1.765 copying src/lifecycle/application/foundation.py -> build/lib/lifecycle/application
#14 1.765 copying src/lifecycle/application/__init__.py -> build/lib/lifecycle/application
#14 1.765 creating build/lib/lifecycle/bootstrap
#14 1.766 copying src/lifecycle/bootstrap/server.py -> build/lib/lifecycle/bootstrap
#14 1.766 copying src/lifecycle/bootstrap/health.py -> build/lib/lifecycle/bootstrap
#14 1.766 copying src/lifecycle/bootstrap/__init__.py -> build/lib/lifecycle/bootstrap
#14 1.766 creating build/lib/lifecycle/infrastructure
#14 1.767 copying src/lifecycle/infrastructure/foundation.py -> build/lib/lifecycle/infrastructure
#14 1.767 copying src/lifecycle/infrastructure/telemetry.py -> build/lib/lifecycle/infrastructure
#14 1.767 copying src/lifecycle/infrastructure/__init__.py -> build/lib/lifecycle/infrastructure
#14 1.768 creating build/lib/lifecycle/interfaces
#14 1.768 copying src/lifecycle/interfaces/health.py -> build/lib/lifecycle/interfaces
#14 1.768 copying src/lifecycle/interfaces/telemetry.py -> build/lib/lifecycle/interfaces
#14 1.768 copying src/lifecycle/interfaces/http.py -> build/lib/lifecycle/interfaces
#14 1.769 copying src/lifecycle/interfaces/__init__.py -> build/lib/lifecycle/interfaces
#14 1.769 running egg_info
#14 1.770 creating src/product_lifecycle.egg-info
#14 1.771 writing src/product_lifecycle.egg-info/PKG-INFO
#14 1.771 writing dependency_links to src/product_lifecycle.egg-info/dependency_links.txt
#14 1.772 writing entry points to src/product_lifecycle.egg-info/entry_points.txt
#14 1.772 writing requirements to src/product_lifecycle.egg-info/requires.txt
#14 1.772 writing top-level names to src/product_lifecycle.egg-info/top_level.txt
#14 1.772 writing manifest file 'src/product_lifecycle.egg-info/SOURCES.txt'
#14 1.775 reading manifest file 'src/product_lifecycle.egg-info/SOURCES.txt'
#14 1.776 writing manifest file 'src/product_lifecycle.egg-info/SOURCES.txt'
#14 1.776 warning: build_py: byte-compiling is disabled, skipping.
#14 1.776 
#14 1.779 installing to build/bdist.linux-x86_64/wheel
#14 1.779 running install
#14 1.785 running install_lib
#14 1.786 creating build/bdist.linux-x86_64/wheel
#14 1.786 creating build/bdist.linux-x86_64/wheel/lifecycle
#14 1.787 creating build/bdist.linux-x86_64/wheel/lifecycle/application
#14 1.787 copying build/lib/lifecycle/application/foundation.py -> build/bdist.linux-x86_64/wheel/./lifecycle/application
#14 1.787 copying build/lib/lifecycle/application/__init__.py -> build/bdist.linux-x86_64/wheel/./lifecycle/application
#14 1.787 creating build/bdist.linux-x86_64/wheel/lifecycle/bootstrap
#14 1.788 copying build/lib/lifecycle/bootstrap/server.py -> build/bdist.linux-x86_64/wheel/./lifecycle/bootstrap
#14 1.788 copying build/lib/lifecycle/bootstrap/health.py -> build/bdist.linux-x86_64/wheel/./lifecycle/bootstrap
#14 1.788 copying build/lib/lifecycle/bootstrap/__init__.py -> build/bdist.linux-x86_64/wheel/./lifecycle/bootstrap
#14 1.788 creating build/bdist.linux-x86_64/wheel/lifecycle/infrastructure
#14 1.788 copying build/lib/lifecycle/infrastructure/foundation.py -> build/bdist.linux-x86_64/wheel/./lifecycle/infrastructure
#14 1.789 copying build/lib/lifecycle/infrastructure/telemetry.py -> build/bdist.linux-x86_64/wheel/./lifecycle/infrastructure
#14 1.789 copying build/lib/lifecycle/infrastructure/__init__.py -> build/bdist.linux-x86_64/wheel/./lifecycle/infrastructure
#14 1.789 creating build/bdist.linux-x86_64/wheel/lifecycle/interfaces
#14 1.790 copying build/lib/lifecycle/interfaces/health.py -> build/bdist.linux-x86_64/wheel/./lifecycle/interfaces
#14 1.790 copying build/lib/lifecycle/interfaces/telemetry.py -> build/bdist.linux-x86_64/wheel/./lifecycle/interfaces
#14 1.790 copying build/lib/lifecycle/interfaces/http.py -> build/bdist.linux-x86_64/wheel/./lifecycle/interfaces
#14 1.790 copying build/lib/lifecycle/interfaces/__init__.py -> build/bdist.linux-x86_64/wheel/./lifecycle/interfaces
#14 1.790 copying build/lib/lifecycle/__init__.py -> build/bdist.linux-x86_64/wheel/./lifecycle
#14 1.791 warning: install_lib: byte-compiling is disabled, skipping.
#14 1.791 
#14 1.791 running install_egg_info
#14 1.792 Copying src/product_lifecycle.egg-info to build/bdist.linux-x86_64/wheel/./product_lifecycle-0.1.0.dev0-py3.12.egg-info
#14 1.793 running install_scripts
#14 1.794 creating build/bdist.linux-x86_64/wheel/product_lifecycle-0.1.0.dev0.dist-info/WHEEL
#14 1.795 creating '/build/dist/.tmp-9ijv5t2k/product_lifecycle-0.1.0.dev0-py3-none-any.whl' and adding 'build/bdist.linux-x86_64/wheel' to it
#14 1.795 adding 'lifecycle/__init__.py'
#14 1.795 adding 'lifecycle/application/__init__.py'
#14 1.796 adding 'lifecycle/application/foundation.py'
#14 1.796 adding 'lifecycle/bootstrap/__init__.py'
#14 1.797 adding 'lifecycle/bootstrap/health.py'
#14 1.797 adding 'lifecycle/bootstrap/server.py'
#14 1.797 adding 'lifecycle/infrastructure/__init__.py'
#14 1.798 adding 'lifecycle/infrastructure/foundation.py'
#14 1.798 adding 'lifecycle/infrastructure/telemetry.py'
#14 1.799 adding 'lifecycle/interfaces/__init__.py'
#14 1.799 adding 'lifecycle/interfaces/health.py'
#14 1.799 adding 'lifecycle/interfaces/http.py'
#14 1.800 adding 'lifecycle/interfaces/telemetry.py'
#14 1.800 adding 'product_lifecycle-0.1.0.dev0.dist-info/METADATA'
#14 1.801 adding 'product_lifecycle-0.1.0.dev0.dist-info/WHEEL'
#14 1.801 adding 'product_lifecycle-0.1.0.dev0.dist-info/entry_points.txt'
#14 1.801 adding 'product_lifecycle-0.1.0.dev0.dist-info/top_level.txt'
#14 1.802 adding 'product_lifecycle-0.1.0.dev0.dist-info/RECORD'
#14 1.802 removing build/bdist.linux-x86_64/wheel
#14 1.831 Successfully built dist/product_lifecycle-0.1.0.dev0-py3-none-any.whl
#14 1.837 Resolved 22 packages in 0.53ms
#14 1.837 click==8.5.0 \
#14 1.837     --hash=sha256:255bc9599cf7748b4b1a446ccc735421bd08a2ae529a8b88597d3de5664ee360 \
#14 1.837     --hash=sha256:ba0d2089de75ea0310e2dde03160e6ca10009947fb95a182f9b54021bb272e34
#14 1.837 h11==0.16.0 \
#14 1.837     --hash=sha256:4e35b956cf45792e4caa5885e69fba00bdbc6ffafbfa020300e549b208ee5ff1 \
#14 1.837     --hash=sha256:63cf8bbe7522de3bf65932fda1d9c2772064ffb3dae62d55932da54b31cb6c86
#14 1.837 psycopg==3.3.6 \
#14 1.837     --hash=sha256:a1db9f7148b06a28606767efaca51fa6f9398c5c0a3810519be69d7000bdb631 \
#14 1.837     --hash=sha256:c081f2250df751a943036e42db6df4571c66cd0aabe8291a7a506512b12007d2
#14 1.837 psycopg-binary==3.3.6 ; implementation_name != 'pypy' \
#14 1.837     --hash=sha256:1679a1cb93fbe5a6d1fd58d82cbddcc6fcb8c61446ba7cae6eb2a7b19bc585de \
#14 1.837     --hash=sha256:289aadd6a00e151203c081f708348ec89f1e483c9b510ef4ac3981f847f01f79 \
#14 1.837     --hash=sha256:366db6e97e66b37211475f20c4c1324a2dc0dd825e46d4e87f9d599304d276f9 \
#14 1.837     --hash=sha256:37d40450659401600e6d043ff586c89a71a69f33cbb8bcdba6cdb2569beecdbe \
#14 1.837     --hash=sha256:3f84dab25e0385692ee13274c68678377e0b1a70ab9d14e56264cbf61f60c62d \
#14 1.837     --hash=sha256:612382ac3ed13651c7fa44b5fee9fbf7baaa2ddbc6f500391672682c5f1df9e0 \
#14 1.837     --hash=sha256:a4ee3bdd5468a725f2a4d9aab8a74b6d0279f768c8b5d3aeb102c5307ff3d59c \
#14 1.837     --hash=sha256:a5165300324efd5a772c48a88ab3a928513ab3979fca76553e62ee815f7b2b9c \
#14 1.837     --hash=sha256:d636338c8f21b0df2f84657b00bc34f9313f826ef93f1155bc743607e4a0c5eb \
#14 1.837     --hash=sha256:e23a66a763fbe83fcc210bc77c27e5a5ea380ebf091c06f34d8561b695e5a40f \
#14 1.837     --hash=sha256:f21d057f3e5f5491067e5b292498073b73847d48799b099803fef100775fcc52
#14 1.837 typing-extensions==4.16.0 \
#14 1.837     --hash=sha256:481caa481374e813c1b176ada14e97f1f67a4539ce9cfeb3f350d78d6370c2e8 \
#14 1.837     --hash=sha256:dc983d19a509c94dba722ee6abd33940f7c05a89e243c47e907eb4db6f1a43e5
#14 1.837 tzdata==2026.5 ; sys_platform == 'win32' \
#14 1.837     --hash=sha256:8cc73c0a0bfca7dbfa59235d60b2eff82231dee33f53d206db1acd9173cfc0a7 \
#14 1.837     --hash=sha256:b683bd1b6659ddcd810ff02ad09ba821d4bf1065072805063eb35c49617905ac
#14 1.837 uvicorn==0.53.0 \
#14 1.837     --hash=sha256:a9356f0cb89b3b8621529c5d5eebd69bfe154f4c3f68b4cf2de47e45fa855c2e \
#14 1.837     --hash=sha256:e8dca71ec86dce5f04e333f0d56cdedf942446e6643b9cea1af0d6d3a02cb03e
#14 2.061 Using CPython 3.12.14 interpreter at: /usr/local/bin/python
#14 2.061 Creating virtual environment at: /opt/venv
#14 2.293 Using Python 3.12.14 environment at: /opt/venv
#14 2.368 Resolved 6 packages in 73ms
#14 2.379 Downloading psycopg-binary (4.1MiB)
#14 2.410  Downloaded psycopg-binary
#14 2.411 Prepared 6 packages in 43ms
#14 2.500 Installed 6 packages in 88ms
#14 2.500  + click==8.5.0
#14 2.500  + h11==0.16.0
#14 2.500  + psycopg==3.3.6
#14 2.500  + psycopg-binary==3.3.6
#14 2.500  + typing-extensions==4.16.0
#14 2.500  + uvicorn==0.53.0
#14 2.515 Using Python 3.12.14 environment at: /opt/venv
#14 2.520 Resolved 1 package in 3ms
#14 2.527 Prepared 1 package in 6ms
#14 2.533 Installed 1 package in 5ms
#14 2.533  + product-lifecycle==0.1.0.dev0 (from file:///build/dist/product_lifecycle-0.1.0.dev0-py3-none-any.whl)
#14 2.543 Using Python 3.12.14 environment at: /opt/venv
#14 2.543 Checked 7 packages in 0.60ms
#14 2.544 All installed packages are compatible
#14 DONE 2.7s

#15 [runtime 3/3] COPY --from=build /opt/venv/ /opt/venv/
#15 DONE 0.1s

#16 exporting to image
#16 exporting layers
#16 exporting layers 1.0s done
#16 writing image sha256:35f49d4985459428f7a1dbc3ac8891fb4174abffe9c30880414fb5b6ac367231 done
#16 naming to docker.io/library/p01-lifecycle:36a14811b5afa23717566d5e8a08632e011f44a5 done
#16 DONE 1.0s
