[
    {
        "Id": "sha256:7ae2211da0d3a2df2cd3fda5d7f216b03786e4373deb9356cf144bda6e4850ec",
        "RepoTags": [
            "p01-governance:c9c202786437601c0f000bdf29d7e1e401e773ee"
        ],
        "RepoDigests": [],
        "Parent": "",
        "Comment": "buildkit.dockerfile.v0",
        "Created": "2026-10-05T00:23:47.117343564Z",
        "DockerVersion": "",
        "Author": "",
        "Config": {
            "Hostname": "",
            "Domainname": "",
            "User": "10001:10001",
            "AttachStdin": false,
            "AttachStdout": false,
            "AttachStderr": false,
            "ExposedPorts": {
                "9000/tcp": {}
            },
            "Tty": false,
            "OpenStdin": false,
            "StdinOnce": false,
            "Env": [
                "PATH=/usr/local/sbin:/usr/local/bin:/usr/sbin:/usr/bin:/sbin:/bin",
                "PHPIZE_DEPS=autoconf \t\tdpkg-dev \t\tfile \t\tg++ \t\tgcc \t\tlibc-dev \t\tmake \t\tpkg-config \t\tre2c",
                "PHP_INI_DIR=/usr/local/etc/php",
                "PHP_CFLAGS=-fstack-protector-strong -fpic -fpie -O2 -D_LARGEFILE_SOURCE -D_FILE_OFFSET_BITS=64",
                "PHP_CPPFLAGS=-fstack-protector-strong -fpic -fpie -O2 -D_LARGEFILE_SOURCE -D_FILE_OFFSET_BITS=64",
                "PHP_LDFLAGS=-Wl,-O1 -pie",
                "GPG_KEYS=1198C0117593497A5EC5C199286AF1F9897469DC 49D9AF6BC72A80D6691719C8AA23F5BE9C7097D4 D95C03BC702BE9515344AE3374E44BC9067701A5",
                "PHP_VERSION=8.5.11",
                "PHP_URL=https://www.php.net/distributions/php-8.5.11.tar.xz",
                "PHP_ASC_URL=https://www.php.net/distributions/php-8.5.11.tar.xz.asc",
                "PHP_SHA256=d9be75c08e8c316f4c8f4194d8fbe1750a15f6a6d9d4e3fe72082abeeb800360",
                "APP_ENV=production",
                "APP_DEBUG=false"
            ],
            "Cmd": [
                "php-fpm",
                "-F"
            ],
            "ArgsEscaped": true,
            "Image": "",
            "Volumes": null,
            "WorkingDir": "/app",
            "Entrypoint": [
                "/usr/local/bin/service-entrypoint"
            ],
            "OnBuild": null,
            "Labels": {
                "io.product.component": "governance",
                "org.opencontainers.image.revision": "c9c202786437601c0f000bdf29d7e1e401e773ee"
            },
            "StopSignal": "SIGQUIT"
        },
        "Architecture": "amd64",
        "Os": "linux",
        "Size": 552206470,
        "GraphDriver": {
            "Data": {
                "LowerDir": "/var/lib/docker/overlay2/govdko1ypkavutkapf9ofb8s5/diff:/var/lib/docker/overlay2/vkodjtiq1qek9w64wahxspmgz/diff:/var/lib/docker/overlay2/bvtfqw36esuwaq7xm1hm9igcr/diff:/var/lib/docker/overlay2/wgh042p6uy4pr6ui3gbnve5nf/diff:/var/lib/docker/overlay2/gxk55k1n9tpec2qwqf8dkw16y/diff:/var/lib/docker/overlay2/lhy9dzmmeodnkg9x475c8irmj/diff:/var/lib/docker/overlay2/yt0nw33ufwdfdl0w1sra87oro/diff:/var/lib/docker/overlay2/hymng4z6nw4numut3p9280iqa/diff:/var/lib/docker/overlay2/vbygnx9s2buzr83mu74hxh567/diff:/var/lib/docker/overlay2/55l9bkn7faqtv8141rvnk1buk/diff:/var/lib/docker/overlay2/qfcfwv3hp02k9xpwz2i2d1oz7/diff:/var/lib/docker/overlay2/c3e3301365d24e7a30c92e3f8b1601b84af58a479dfe2b89c4f3179a7b80fd78/diff:/var/lib/docker/overlay2/d8a6b310b6ed240da980031b9e23075bf946150671d8dbad66e4eff619786a5c/diff:/var/lib/docker/overlay2/f882bd2646f9a3f05a0b556e13557ba94bfe57a0a9e3f1cdde24914d2071512b/diff:/var/lib/docker/overlay2/d1708d3192786878595234c343c7516d7bb93b1d89005f99b1c0640aa02f277a/diff:/var/lib/docker/overlay2/c656766d2ed2ea16656a1463f195112cbcda81bcb65f055a2e57369e73fd83e7/diff:/var/lib/docker/overlay2/91059db3ab5de6fc8d0063c24c203dc42639ae85ee4d067d940a3988a48cf751/diff:/var/lib/docker/overlay2/0c409235290d8c21d9beeebab329cbcb47b28e28e611f8a4697fbad3e0c34861/diff:/var/lib/docker/overlay2/7b9d063dff9c124c8e6d85252d450b4b7184792c5e3347cb33dad16f6ba56eb8/diff:/var/lib/docker/overlay2/578de8e3ad43629cbc36ea96240cada87acc94a9c9941caa31bca2a6913692cf/diff:/var/lib/docker/overlay2/0d4a055df2b9ac6468630a99836827162de244eccc7550466a2e57da402bd6e1/diff:/var/lib/docker/overlay2/d89b513e05d149d551a365d7bc1920e74b1dd15f01c2554e2c173f431bf98864/diff",
                "MergedDir": "/var/lib/docker/overlay2/xo96k7bku70a57ewlcmyxunpj/merged",
                "UpperDir": "/var/lib/docker/overlay2/xo96k7bku70a57ewlcmyxunpj/diff",
                "WorkDir": "/var/lib/docker/overlay2/xo96k7bku70a57ewlcmyxunpj/work"
            },
            "Name": "overlay2"
        },
        "RootFS": {
            "Type": "layers",
            "Layers": [
                "sha256:34467cc93912af891dfee8a3902adf9b4f355a9bca4eaa46f658d1181a21de0d",
                "sha256:81274738dbf57317e5435144826219706147834290d012a351d5fc593b5adae2",
                "sha256:0504f653b699e414def5b49113f24c6e542a7846c5df9a799b27c809313dbb4d",
                "sha256:da1395a377a2acc8422d3bc4b7d862885a3a97a3421e3fed1adf62d061ff4f63",
                "sha256:27ac94f3ce3452f11b8a4e05cd00328bc38ad35848dfa0caa7ac7377e2b4c48c",
                "sha256:75906afbd8260b795e6e9b04941130b4bc0f4c137e76562f13753c62972bc5ef",
                "sha256:92e695b6cfd2d361a0864f12771aeb461c040dcd3ac66a0c704bf6e02cd2fc54",
                "sha256:ba5cfed66dabaf73234dbd89396a9011991392d027832714d3bbe68640c82d79",
                "sha256:c5687dee67cf6207590530c6c1c1bf4f1484aa1aeb2a44ff0e0ab0ebb7936ed7",
                "sha256:5f70bf18a086007016e948b04aed3b82103a36bea41755b6cddfaf10ace3c6ef",
                "sha256:a3d8babd0c9ce6e5640c2d87ef48eb3b4adf3e152f63414c1ef6ec0cc9ae911d",
                "sha256:ec6457c0f1386ced1697d2e89088c387c92e941da38d28ae3ed8befd8a5065b8",
                "sha256:b61b5b46af9bd3fa0c8d05730b0f2a12a345ab46de30ccc6ed8cc54866e3e702",
                "sha256:998a3d1edd803394240302bca706c5102b8ea646e5fe124fe8709a876819b584",
                "sha256:399afd2217911339c9a43bf52ebd7de0979f906a1c8f48fead31b33cc4ff3f6d",
                "sha256:feb95a049d7f659d5f2b842795faf813774aa7094bc152413729d251cf4da389",
                "sha256:db23ee8c90e94bef3df9f3e336e7185ff7340accf1ee2e586981debc83449c5b",
                "sha256:b615350e5a2d85497267250d08ded981661bf6487c2c9d3375db88a9c952d53d",
                "sha256:7c4afcaab16c931b3df185104a17d2297b8a0c12c53bcc1dd7389697cf63334f",
                "sha256:e2922fc4555d0b1b5c6b3bdff84fe185984cc12849fe6af34007a50fa6e08869",
                "sha256:2117f347d05b9298526fdbbcbfb5b5019e1ce6169589addc301cb9433178eebd",
                "sha256:548b38c73de99cd1249d4ac4bd32683e2c356e5015532c48dfbe9eb8dc2ad9e5",
                "sha256:059e44c0cfd449ddd4ea08b9bc60ad00eefb41ae9eb37bbe76e591497d5977a8"
            ]
        },
        "Metadata": {
            "LastTagTime": "2026-10-05T00:23:51.682293671Z"
        }
    }
]
