[
    {
        "Id": "sha256:535bdf9e04f72f5f6f2436560db25c66fb62d358f0106972a23f59000a18ab9c",
        "RepoTags": [
            "p01-catalogue:471b3d07fc5f0043de8827f280d25fd1b1df5ec1"
        ],
        "RepoDigests": [],
        "Parent": "",
        "Comment": "buildkit.dockerfile.v0",
        "Created": "2026-10-05T03:36:18.867510625Z",
        "DockerVersion": "",
        "Author": "",
        "Config": {
            "Hostname": "",
            "Domainname": "",
            "User": "10001:10001",
            "AttachStdin": false,
            "AttachStdout": false,
            "AttachStderr": false,
            "ExposedPorts": {
                "9000/tcp": {}
            },
            "Tty": false,
            "OpenStdin": false,
            "StdinOnce": false,
            "Env": [
                "PATH=/usr/local/sbin:/usr/local/bin:/usr/sbin:/usr/bin:/sbin:/bin",
                "PHPIZE_DEPS=autoconf \t\tdpkg-dev \t\tfile \t\tg++ \t\tgcc \t\tlibc-dev \t\tmake \t\tpkg-config \t\tre2c",
                "PHP_INI_DIR=/usr/local/etc/php",
                "PHP_CFLAGS=-fstack-protector-strong -fpic -fpie -O2 -D_LARGEFILE_SOURCE -D_FILE_OFFSET_BITS=64",
                "PHP_CPPFLAGS=-fstack-protector-strong -fpic -fpie -O2 -D_LARGEFILE_SOURCE -D_FILE_OFFSET_BITS=64",
                "PHP_LDFLAGS=-Wl,-O1 -pie",
                "GPG_KEYS=1198C0117593497A5EC5C199286AF1F9897469DC 49D9AF6BC72A80D6691719C8AA23F5BE9C7097D4 D95C03BC702BE9515344AE3374E44BC9067701A5",
                "PHP_VERSION=8.5.11",
                "PHP_URL=https://www.php.net/distributions/php-8.5.11.tar.xz",
                "PHP_ASC_URL=https://www.php.net/distributions/php-8.5.11.tar.xz.asc",
                "PHP_SHA256=d9be75c08e8c316f4c8f4194d8fbe1750a15f6a6d9d4e3fe72082abeeb800360",
                "APP_ENV=production",
                "APP_DEBUG=false"
            ],
            "Cmd": [
                "php-fpm",
                "-F"
            ],
            "ArgsEscaped": true,
            "Image": "",
            "Volumes": null,
            "WorkingDir": "/app",
            "Entrypoint": [
                "/usr/local/bin/service-entrypoint"
            ],
            "OnBuild": null,
            "Labels": {
                "io.product.component": "catalogue",
                "org.opencontainers.image.revision": "471b3d07fc5f0043de8827f280d25fd1b1df5ec1"
            },
            "StopSignal": "SIGQUIT"
        },
        "Architecture": "amd64",
        "Os": "linux",
        "Size": 556225742,
        "GraphDriver": {
            "Data": {
                "LowerDir": "/var/lib/docker/overlay2/jd178a5uk2e8w3qfb11vds89p/diff:/var/lib/docker/overlay2/41turol0543qj6r3suaxgvp6m/diff:/var/lib/docker/overlay2/pn2migmdqdob2ce9m7vbh89yg/diff:/var/lib/docker/overlay2/i3pi4crlg75pwn8nfr8kjmqj5/diff:/var/lib/docker/overlay2/evlaleuix295wyfh6sgy7i21f/diff:/var/lib/docker/overlay2/r0bu21wtu8qjs0qjhm1rdwdi2/diff:/var/lib/docker/overlay2/r40gwhcckxn8d7p03d1mm69je/diff:/var/lib/docker/overlay2/jkuhbb70dkknc51ilur7hb5qy/diff:/var/lib/docker/overlay2/zlwssj7xea5e7s3qo76pgc06a/diff:/var/lib/docker/overlay2/iwb318nmznfvdct0yozs2cpki/diff:/var/lib/docker/overlay2/0zsnci8rojq509opj09gzvvlp/diff:/var/lib/docker/overlay2/b734fd3786ceae11590e39f8e46d1dff82092f89b0c1dd3c49e1607736ef0c23/diff:/var/lib/docker/overlay2/06f39a21f6874014825809cb255a771dfd6c3bc6a7c41426f7e732e697f4a5e7/diff:/var/lib/docker/overlay2/710c25643c4967a2f5522fae3e4e2cf726e9909c3cf752c51c5fc3c057c41518/diff:/var/lib/docker/overlay2/a5b7b52fa26ddfdabc0bc542e2b83627dd4f5d915f987daa7b0a724f7ee4b86f/diff:/var/lib/docker/overlay2/952f4806860db8f6a0b2ef1ec3ed606688c6795207f23a0bc8b6c2af39e73542/diff:/var/lib/docker/overlay2/ad280de03fde09c80339dbf9ce4686ea41ee3263f3c95861d1b6c8e03e21c532/diff:/var/lib/docker/overlay2/798560c762be58549604ee953b342ba64d71b35c1fd785e36f45994b2d2ccd65/diff:/var/lib/docker/overlay2/98ef979e21f3f79410720e82f88f3c5d5a0ab627932e5b905ca5f6eb3aa76331/diff:/var/lib/docker/overlay2/5a0e854e4696eeac3deb8f74ecfaa6dff3064f2404def8f08669a70f4f2b90e7/diff:/var/lib/docker/overlay2/c85beefc32e713cedb0a29ccfdac43636cfe30f932b8a8ca6c2464f60462ac1e/diff:/var/lib/docker/overlay2/a5631400bf3c25f6208bcca0716a7611c99e9f864f50112101766cfdd911b6a3/diff",
                "MergedDir": "/var/lib/docker/overlay2/5ij6tj2w567r3tez36qga9ki3/merged",
                "UpperDir": "/var/lib/docker/overlay2/5ij6tj2w567r3tez36qga9ki3/diff",
                "WorkDir": "/var/lib/docker/overlay2/5ij6tj2w567r3tez36qga9ki3/work"
            },
            "Name": "overlay2"
        },
        "RootFS": {
            "Type": "layers",
            "Layers": [
                "sha256:34467cc93912af891dfee8a3902adf9b4f355a9bca4eaa46f658d1181a21de0d",
                "sha256:81274738dbf57317e5435144826219706147834290d012a351d5fc593b5adae2",
                "sha256:0504f653b699e414def5b49113f24c6e542a7846c5df9a799b27c809313dbb4d",
                "sha256:da1395a377a2acc8422d3bc4b7d862885a3a97a3421e3fed1adf62d061ff4f63",
                "sha256:27ac94f3ce3452f11b8a4e05cd00328bc38ad35848dfa0caa7ac7377e2b4c48c",
                "sha256:75906afbd8260b795e6e9b04941130b4bc0f4c137e76562f13753c62972bc5ef",
                "sha256:92e695b6cfd2d361a0864f12771aeb461c040dcd3ac66a0c704bf6e02cd2fc54",
                "sha256:ba5cfed66dabaf73234dbd89396a9011991392d027832714d3bbe68640c82d79",
                "sha256:c5687dee67cf6207590530c6c1c1bf4f1484aa1aeb2a44ff0e0ab0ebb7936ed7",
                "sha256:5f70bf18a086007016e948b04aed3b82103a36bea41755b6cddfaf10ace3c6ef",
                "sha256:a3d8babd0c9ce6e5640c2d87ef48eb3b4adf3e152f63414c1ef6ec0cc9ae911d",
                "sha256:2180e083432ab07fb1c7acde2544c18898b411b01988d0e24e9e8ad4a425d094",
                "sha256:eec8793a74d150b1cdd9cc29ab52e6e5a96fae235745072618b9fe12aa7e45b7",
                "sha256:32ce1df571b224e53650ae0f4d407ac27caeb815fa8b3098395ce2329928be79",
                "sha256:8c09207bf8b980cad178171f9233758231ae485bdeae29ee736e01af2f0f0624",
                "sha256:d9550e53b339cc60806ada9936dd9a64af77fcfb4fe4f8518200ba048dde38df",
                "sha256:82754be3f256f61270f5322366c2a52d31ccfeaf62c3bbf4f1d2e55b6fb82899",
                "sha256:90d8d8534528408c7ecac1dc2906c2d2bbb68f5fce85b128c10cf87e8f221ae6",
                "sha256:937dd9704ca07e1821c1cdb5501a982b337f940c00d5d5ff333ca155cbe462cd",
                "sha256:fae0766874752df34e5f0631f8a01c54efe10c75a86918caadb710fded1dbf32",
                "sha256:e778a549084625a4f21c74c178dc17e7a0b8e98b21326945137f8950ad46c205",
                "sha256:559983a3199347e053732b65bf1faa2cb7c15b247f51122c597b1454e952536d",
                "sha256:0845ce182da20ce305eb151452e61a3deadfea02a8aa06406b4ae6256c17a495"
            ]
        },
        "Metadata": {
            "LastTagTime": "2026-10-05T03:36:20.696610693Z"
        }
    }
]
