#0 building with "default" instance using docker driver

#1 [internal] load build definition from Dockerfile
#1 transferring dockerfile: 792B done
#1 DONE 0.0s

#2 [auth] library/python:pull token for registry-1.docker.io
#2 DONE 0.0s

#3 [internal] load metadata for docker.io/library/python@sha256:1aaa65a85fda306ffb8b910824d4e93bdce61e212c7e87168123ea3073b41a1a
#3 DONE 0.3s

#4 [internal] load .dockerignore
#4 transferring context: 2B done
#4 DONE 0.0s

#5 [internal] load build context
#5 transferring context: 56.92kB done
#5 DONE 0.0s

#6 [build 1/4] FROM docker.io/library/python@sha256:1aaa65a85fda306ffb8b910824d4e93bdce61e212c7e87168123ea3073b41a1a
#6 resolve docker.io/library/python@sha256:1aaa65a85fda306ffb8b910824d4e93bdce61e212c7e87168123ea3073b41a1a done
#6 sha256:1aaa65a85fda306ffb8b910824d4e93bdce61e212c7e87168123ea3073b41a1a 1.75kB / 1.75kB done
#6 sha256:febd0be41adb897a0ab8f1f1c693d8912669ea60c4940e076e9946b60e210ef0 5.68kB / 5.68kB done
#6 sha256:1c5e03f304918f89aed0c098c8f4b6f163f7bf9d2702991696bf0132a2853e30 1.05MB / 3.53MB 0.1s
#6 sha256:a2e58067964fcd8f46a6b5992975e9c8ab34e7620d96204e08e99bf0fdf4dab8 13.67MB / 13.67MB 0.1s done
#6 sha256:7c6fab1667eb7d9029684d783e4c127f11dd7ed5120829f875b799a0b9431558 249B / 249B 0.1s done
#6 sha256:1c5e03f304918f89aed0c098c8f4b6f163f7bf9d2702991696bf0132a2853e30 3.53MB / 3.53MB 0.1s done
#6 extracting sha256:1c5e03f304918f89aed0c098c8f4b6f163f7bf9d2702991696bf0132a2853e30 0.1s
#6 extracting sha256:1c5e03f304918f89aed0c098c8f4b6f163f7bf9d2702991696bf0132a2853e30 0.1s done
#6 extracting sha256:a2e58067964fcd8f46a6b5992975e9c8ab34e7620d96204e08e99bf0fdf4dab8 0.1s
#6 extracting sha256:a2e58067964fcd8f46a6b5992975e9c8ab34e7620d96204e08e99bf0fdf4dab8 0.6s done
#6 extracting sha256:7c6fab1667eb7d9029684d783e4c127f11dd7ed5120829f875b799a0b9431558
#6 extracting sha256:7c6fab1667eb7d9029684d783e4c127f11dd7ed5120829f875b799a0b9431558 done
#6 DONE 0.9s

#7 [build 2/4] WORKDIR /build
#7 DONE 0.0s

#8 [stage-1 2/4] WORKDIR /probe
#8 DONE 0.0s

#9 [build 3/4] COPY requirements.txt .
#9 DONE 0.0s

#10 [build 4/4] RUN python -m venv /opt/venv && /opt/venv/bin/pip install --no-cache-dir --require-hashes --only-binary=:all: -r requirements.txt && /opt/venv/bin/pip check
#10 3.463 Collecting attrs==26.1.0 (from -r requirements.txt (line 1))
#10 3.505   Downloading attrs-26.1.0-py3-none-any.whl (67 kB)
#10 3.765 Collecting boto3==1.43.108 (from -r requirements.txt (line 4))
#10 3.769   Downloading boto3-1.43.108-py3-none-any.whl (140 kB)
#10 4.017 Collecting botocore==1.43.108 (from -r requirements.txt (line 7))
#10 4.021   Downloading botocore-1.43.108-py3-none-any.whl (16.0 MB)
#10 4.065      ━━━━━━━━━━━━━━━━━━━━━━━━━━━━━━━━━━━━━━━ 16.0/16.0 MB 398.7 MB/s eta 0:00:00
#10 4.172 Collecting cffi==2.1.1 (from -r requirements.txt (line 10))
#10 4.176   Downloading cffi-2.1.1-cp312-cp312-manylinux2014_x86_64.manylinux_2_17_x86_64.whl (221 kB)
#10 4.363 Collecting cryptography==50.0.2 (from -r requirements.txt (line 111))
#10 4.367   Downloading cryptography-50.0.2-cp311-abi3-manylinux_2_34_x86_64.whl (4.8 MB)
#10 4.379      ━━━━━━━━━━━━━━━━━━━━━━━━━━━━━━━━━━━━━━━━ 4.8/4.8 MB 502.1 MB/s eta 0:00:00
#10 4.393 Collecting jmespath==1.1.0 (from -r requirements.txt (line 171))
#10 4.397   Downloading jmespath-1.1.0-py3-none-any.whl (20 kB)
#10 4.414 Collecting jsonschema==4.26.0 (from -r requirements.txt (line 174))
#10 4.418   Downloading jsonschema-4.26.0-py3-none-any.whl (90 kB)
#10 4.429 Collecting jsonschema-specifications==2025.9.1 (from -r requirements.txt (line 177))
#10 4.433   Downloading jsonschema_specifications-2025.9.1-py3-none-any.whl (18 kB)
#10 4.440 Collecting nexus-rpc==1.4.0 (from -r requirements.txt (line 180))
#10 4.444   Downloading nexus_rpc-1.4.0-py3-none-any.whl (29 kB)
#10 4.456 Collecting pika==1.4.4 (from -r requirements.txt (line 183))
#10 4.459   Downloading pika-1.4.4-py3-none-any.whl (165 kB)
#10 4.588 Collecting protobuf==7.36.2 (from -r requirements.txt (line 186))
#10 4.592   Downloading protobuf-7.36.2-cp310-abi3-manylinux2014_x86_64.whl (343 kB)
#10 4.604 Collecting psycopg==3.3.6 (from -r requirements.txt (line 195))
#10 4.608   Downloading psycopg-3.3.6-py3-none-any.whl (215 kB)
#10 4.748 Collecting psycopg-binary==3.3.6 (from -r requirements.txt (line 198))
#10 4.752   Downloading psycopg_binary-3.3.6-cp312-cp312-manylinux2014_x86_64.manylinux_2_17_x86_64.whl (5.2 MB)
#10 4.764      ━━━━━━━━━━━━━━━━━━━━━━━━━━━━━━━━━━━━━━━━ 5.2/5.2 MB 542.0 MB/s eta 0:00:00
#10 4.777 Collecting pycparser==3.0 (from -r requirements.txt (line 265))
#10 4.781   Downloading pycparser-3.0-py3-none-any.whl (48 kB)
#10 4.793 Collecting pyjwt==2.15.1 (from -r requirements.txt (line 268))
#10 4.797   Downloading pyjwt-2.15.1-py3-none-any.whl (33 kB)
#10 4.806 Collecting python-dateutil==2.9.0.post0 (from -r requirements.txt (line 271))
#10 4.810   Downloading python_dateutil-2.9.0.post0-py2.py3-none-any.whl (229 kB)
#10 4.828 Collecting referencing==0.37.0 (from -r requirements.txt (line 274))
#10 4.832   Downloading referencing-0.37.0-py3-none-any.whl (26 kB)
#10 5.101 Collecting rpds-py==2026.9.1 (from -r requirements.txt (line 277))
#10 5.106   Downloading rpds_py-2026.9.1-cp312-cp312-manylinux_2_17_x86_64.manylinux2014_x86_64.whl (371 kB)
#10 5.119 Collecting s3transfer==0.19.2 (from -r requirements.txt (line 406))
#10 5.123   Downloading s3transfer-0.19.2-py3-none-any.whl (90 kB)
#10 5.131 Collecting six==1.17.0 (from -r requirements.txt (line 409))
#10 5.135   Downloading six-1.17.0-py2.py3-none-any.whl (11 kB)
#10 5.156 Collecting temporalio==1.34.0 (from -r requirements.txt (line 412))
#10 5.160   Downloading temporalio-1.34.0-cp310-abi3-manylinux_2_17_x86_64.manylinux2014_x86_64.whl (14.5 MB)
#10 5.214      ━━━━━━━━━━━━━━━━━━━━━━━━━━━━━━━━━━━━━━━ 14.5/14.5 MB 277.2 MB/s eta 0:00:00
#10 5.263 Collecting types-protobuf==7.35.1.20260906 (from -r requirements.txt (line 421))
#10 5.267   Downloading types_protobuf-7.35.1.20260906-py3-none-any.whl (86 kB)
#10 5.278 Collecting typing-extensions==4.16.0 (from -r requirements.txt (line 424))
#10 5.282   Downloading typing_extensions-4.16.0-py3-none-any.whl (45 kB)
#10 5.299 Collecting urllib3==2.8.0 (from -r requirements.txt (line 427))
#10 5.303   Downloading urllib3-2.8.0-py3-none-any.whl (135 kB)
#10 5.557 Installing collected packages: urllib3, typing-extensions, types-protobuf, six, rpds-py, pyjwt, pycparser, psycopg-binary, protobuf, pika, jmespath, attrs, referencing, python-dateutil, psycopg, nexus-rpc, cffi, temporalio, jsonschema-specifications, cryptography, botocore, s3transfer, jsonschema, boto3
#10 8.363 Successfully installed attrs-26.1.0 boto3-1.43.108 botocore-1.43.108 cffi-2.1.1 cryptography-50.0.2 jmespath-1.1.0 jsonschema-4.26.0 jsonschema-specifications-2025.9.1 nexus-rpc-1.4.0 pika-1.4.4 protobuf-7.36.2 psycopg-3.3.6 psycopg-binary-3.3.6 pycparser-3.0 pyjwt-2.15.1 python-dateutil-2.9.0.post0 referencing-0.37.0 rpds-py-2026.9.1 s3transfer-0.19.2 six-1.17.0 temporalio-1.34.0 types-protobuf-7.35.1.20260906 typing-extensions-4.16.0 urllib3-2.8.0
#10 8.471 
#10 8.471 [notice] A new release of pip is available: 25.0.1 -> 26.2.1
#10 8.471 [notice] To update, run: python -m pip install --upgrade pip
#10 8.853 No broken requirements found.
#10 DONE 9.0s

#11 [stage-1 3/4] COPY --from=build /opt/venv /opt/venv
#11 DONE 1.0s

#12 [stage-1 4/4] COPY probe.py workflow.py ./
#12 DONE 0.0s

#13 exporting to image
#13 exporting layers
#13 exporting layers 1.3s done
#13 writing image sha256:60a09221c3be73af4dc89f6204ae8957e731f86cd6277329e174f486db6c1e70 done
#13 DONE 1.3s
