#0 building with "default" instance using docker driver

#1 [internal] load build definition from Dockerfile
#1 transferring dockerfile: 1.01kB done
#1 WARN: InvalidDefaultArgInFrom: Default value for ARG ${GO_IMAGE} results in empty or invalid base image name (line 2)
#1 DONE 0.0s

#2 [internal] load metadata for docker.io/library/python@sha256:1aaa65a85fda306ffb8b910824d4e93bdce61e212c7e87168123ea3073b41a1a
#2 DONE 0.0s

#3 [auth] library/golang:pull token for registry-1.docker.io
#3 DONE 0.0s

#4 [internal] load metadata for docker.io/library/golang@sha256:966278043a40889499db9b0cd196fc789c37c385d41bd9a10cb1e7764af60cdc
#4 DONE 0.4s

#5 [internal] load .dockerignore
#5 transferring context: 2B done
#5 DONE 0.0s

#6 [stage-1 1/4] FROM docker.io/library/python@sha256:1aaa65a85fda306ffb8b910824d4e93bdce61e212c7e87168123ea3073b41a1a
#6 CACHED

#7 [build 1/4] FROM docker.io/library/golang@sha256:966278043a40889499db9b0cd196fc789c37c385d41bd9a10cb1e7764af60cdc
#7 resolve docker.io/library/golang@sha256:966278043a40889499db9b0cd196fc789c37c385d41bd9a10cb1e7764af60cdc done
#7 DONE 0.0s

#8 [build 2/4] WORKDIR /source
#8 DONE 0.0s

#9 [internal] load build context
#9 transferring context: 24.24MB 0.1s done
#9 DONE 0.1s

#10 [build 3/4] COPY source.tar.gz /tmp/source.tar.gz
#10 DONE 0.0s

#11 [build 4/4] RUN echo "45521908307306e925c98d629e1c17d78c8b72b6ee242b1bfb1409f7d8ee5841  /tmp/source.tar.gz" | sha256sum -c - && tar -xzf /tmp/source.tar.gz --strip-components=1 && go build -mod=readonly -trimpath -o /out/minio . && go version -m /out/minio > /out/build-info.txt && sha256sum go.mod go.sum > /out/module-digests.txt
#11 0.201 /tmp/source.tar.gz: OK
#11 0.535 go: downloading cloud.google.com/go/storage v1.52.0
#11 0.549 go: downloading github.com/Azure/azure-sdk-for-go/sdk/azcore v1.18.0
#11 0.562 go: downloading github.com/Azure/azure-sdk-for-go/sdk/azidentity v1.9.0
#11 0.622 go: downloading github.com/Azure/azure-sdk-for-go/sdk/storage/azblob v1.6.1
#11 0.632 go: downloading github.com/cespare/xxhash/v2 v2.3.0
#11 0.652 go: downloading github.com/cheggaaa/pb v1.0.29
#11 0.678 go: downloading github.com/coreos/go-oidc/v3 v3.14.1
#11 0.683 go: downloading github.com/coreos/go-systemd/v22 v22.5.0
#11 0.684 go: downloading github.com/cosnicolaou/pbzip2 v1.0.5
#11 0.705 go: downloading github.com/dchest/siphash v1.2.3
#11 0.724 go: downloading github.com/dustin/go-humanize v1.0.1
#11 0.724 go: downloading github.com/fatih/color v1.18.0
#11 0.741 go: downloading github.com/felixge/fgprof v0.9.5
#11 0.744 go: downloading github.com/go-openapi/loads v0.22.0
#11 0.780 go: downloading github.com/golang-jwt/jwt/v4 v4.5.2
#11 0.798 go: downloading cloud.google.com/go v0.120.1
#11 0.810 go: downloading github.com/google/uuid v1.6.0
#11 0.810 go: downloading github.com/inconshreveable/mousetrap v1.1.0
#11 0.811 go: downloading github.com/json-iterator/go v1.1.12
#11 0.833 go: downloading github.com/klauspost/compress v1.18.0
#11 1.884 go: downloading github.com/klauspost/filepathx v1.1.1
#11 1.884 go: downloading github.com/klauspost/pgzip v1.2.6
#11 1.885 go: downloading github.com/klauspost/readahead v1.4.0
#11 1.885 go: downloading github.com/klauspost/reedsolomon v1.12.4
#11 1.903 go: downloading github.com/lithammer/shortuuid/v4 v4.2.0
#11 1.909 go: downloading github.com/miekg/dns v1.1.65
#11 1.917 go: downloading github.com/minio/cli v1.24.2
#11 1.939 go: downloading github.com/minio/console v1.7.7-0.20250905210349-2017f33b26e1
#11 2.565 go: downloading github.com/minio/dnscache v0.1.1
#11 2.565 go: downloading github.com/minio/dperf v0.6.3
#11 2.566 go: downloading github.com/minio/highwayhash v1.0.3
#11 2.566 go: downloading github.com/minio/kms-go/kes v0.3.1
#11 2.594 go: downloading github.com/minio/madmin-go/v3 v3.0.109
#11 2.657 go: downloading github.com/minio/minio-go/v7 v7.0.91
#11 2.727 go: downloading github.com/minio/mux v1.9.2
#11 2.727 go: downloading github.com/minio/pkg/v3 v3.1.3
#11 2.784 go: downloading github.com/minio/sio v0.4.1
#11 2.784 go: downloading github.com/minio/xxml v0.0.3
#11 2.785 go: downloading github.com/minio/zipindex v0.4.0
#11 2.785 go: downloading github.com/minio/selfupdate v0.6.0
#11 2.807 go: downloading github.com/mitchellh/go-homedir v1.1.0
#11 2.809 go: downloading github.com/philhofer/fwd v1.2.0
#11 2.811 go: downloading github.com/pierrec/lz4/v4 v4.1.22
#11 2.829 go: downloading github.com/pkg/errors v0.9.1
#11 2.830 go: downloading github.com/pkg/sftp v1.13.9
#11 2.852 go: downloading github.com/pkg/xattr v0.4.10
#11 2.875 go: downloading github.com/prometheus/client_golang v1.22.0
#11 2.947 go: downloading github.com/prometheus/client_model v0.6.2
#11 2.948 go: downloading github.com/prometheus/procfs v0.16.1
#11 2.948 go: downloading github.com/prometheus/common v0.63.0
#11 2.977 go: downloading github.com/puzpuzpuz/xsync/v3 v3.5.1
#11 3.014 go: downloading github.com/rcrowley/go-metrics v0.0.0-20250401214520-65e299d6c5c9
#11 3.023 go: downloading github.com/rs/cors v1.11.1
#11 3.038 go: downloading github.com/secure-io/sio-go v0.3.1
#11 3.045 go: downloading github.com/shirou/gopsutil/v3 v3.24.5
#11 3.125 go: downloading github.com/tinylib/msgp v1.4.0
#11 3.125 go: downloading github.com/zeebo/xxh3 v1.0.2
#11 3.125 go: downloading github.com/valyala/bytebufferpool v1.0.0
#11 3.147 go: downloading go.etcd.io/etcd/api/v3 v3.5.21
#11 3.163 go: downloading go.etcd.io/etcd/client/v3 v3.5.21
#11 3.176 go: downloading go.uber.org/atomic v1.11.0
#11 3.186 go: downloading goftp.io/server/v2 v2.0.1
#11 3.208 go: downloading golang.org/x/crypto v0.37.0
#11 3.214 go: downloading golang.org/x/oauth2 v0.29.0
#11 3.259 go: downloading golang.org/x/sync v0.13.0
#11 3.274 go: downloading golang.org/x/sys v0.32.0
#11 3.373 go: downloading golang.org/x/term v0.31.0
#11 3.373 go: downloading google.golang.org/api v0.230.0
#11 4.319 go: downloading gopkg.in/yaml.v2 v2.4.0
#11 4.342 go: downloading gopkg.in/yaml.v3 v3.0.1
#11 4.462 go: downloading github.com/Azure/azure-sdk-for-go/sdk/internal v1.11.1
#11 4.505 go: downloading github.com/AzureAD/microsoft-authentication-library-for-go v1.4.2
#11 4.562 go: downloading github.com/mattn/go-runewidth v0.0.16
#11 4.577 go: downloading github.com/go-jose/go-jose/v4 v4.1.0
#11 4.621 go: downloading github.com/mattn/go-colorable v0.1.14
#11 4.633 go: downloading github.com/mattn/go-isatty v0.0.20
#11 4.647 go: downloading github.com/google/pprof v0.0.0-20250422154841-e1f9c1950416
#11 4.895 go: downloading github.com/go-openapi/analysis v0.23.0
#11 4.957 go: downloading github.com/go-openapi/spec v0.21.0
#11 5.041 go: downloading github.com/go-openapi/swag v0.23.1
#11 5.059 go: downloading cloud.google.com/go/compute/metadata v0.6.0
#11 5.074 go: downloading cloud.google.com/go/iam v1.5.2
#11 5.143 go: downloading github.com/GoogleCloudPlatform/opentelemetry-operations-go/exporter/metric v0.51.0
#11 5.164 go: downloading github.com/googleapis/gax-go/v2 v2.14.1
#11 5.187 go: downloading go.opentelemetry.io/contrib/detectors/gcp v1.35.0
#11 5.207 go: downloading go.opentelemetry.io/otel v1.35.0
#11 5.391 go: downloading go.opentelemetry.io/otel/sdk/metric v1.35.0
#11 5.418 go: downloading go.opentelemetry.io/otel/sdk v1.35.0
#11 5.456 go: downloading go.opentelemetry.io/otel/trace v1.35.0
#11 6.085 go: downloading google.golang.org/genproto v0.0.0-20250422160041-2d3770c4ea7f
#11 6.085 go: downloading google.golang.org/grpc v1.72.0
#11 6.431 go: downloading google.golang.org/protobuf v1.36.6
#11 6.718 go: downloading github.com/modern-go/concurrent v0.0.0-20180306012644-bacd9c7ef1dd
#11 6.718 go: downloading github.com/modern-go/reflect2 v1.0.2
#11 6.733 go: downloading golang.org/x/net v0.39.0
#11 6.823 go: downloading github.com/klauspost/cpuid/v2 v2.2.10
#11 6.823 go: downloading github.com/go-openapi/errors v0.22.1
#11 6.841 go: downloading github.com/go-openapi/runtime v0.28.0
#11 6.885 go: downloading github.com/jessevdk/go-flags v1.6.1
#11 6.885 go: downloading github.com/minio/mc v0.0.0-20250313080218-cf909e1063a9
#11 6.966 go: downloading github.com/minio/websocket v1.6.0
#11 6.966 go: downloading github.com/unrolled/secure v1.17.0
#11 6.978 go: downloading github.com/go-openapi/strfmt v0.23.0
#11 6.991 go: downloading github.com/ncw/directio v1.0.5
#11 6.998 go: downloading aead.dev/mem v0.2.0
#11 6.999 go: downloading github.com/prometheus/prom2json v1.4.2
#11 7.020 go: downloading github.com/safchain/ethtool v0.5.10
#11 7.028 go: downloading github.com/goccy/go-json v0.10.5
#11 7.041 go: downloading github.com/minio/crc64nvme v1.0.1
#11 7.057 go: downloading github.com/minio/md5-simd v1.1.2
#11 7.062 go: downloading github.com/rs/xid v1.6.0
#11 7.063 go: downloading github.com/go-ini/ini v1.67.0
#11 7.076 go: downloading golang.org/x/time v0.11.0
#11 7.082 go: downloading github.com/beevik/ntp v1.4.3
#11 7.090 go: downloading go.uber.org/zap v1.27.0
#11 7.091 go: downloading github.com/go-ldap/ldap/v3 v3.4.11
#11 7.093 go: downloading github.com/rabbitmq/amqp091-go v1.10.0
#11 7.104 go: downloading github.com/gobwas/ws v1.4.0
#11 7.140 go: downloading github.com/IBM/sarama v1.45.1
#11 7.149 go: downloading github.com/eclipse/paho.mqtt.golang v1.5.0
#11 7.152 go: downloading github.com/elastic/go-elasticsearch/v7 v7.17.10
#11 7.203 go: downloading github.com/go-sql-driver/mysql v1.9.2
#11 7.251 go: downloading github.com/gomodule/redigo v1.9.2
#11 7.263 go: downloading github.com/lib/pq v1.10.9
#11 7.263 go: downloading github.com/nats-io/nats.go v1.41.2
#11 7.282 go: downloading github.com/nats-io/stan.go v0.10.4
#11 7.297 go: downloading github.com/nsqio/go-nsq v1.1.0
#11 7.303 go: downloading github.com/xdg/scram v1.0.5
#11 7.323 go: downloading github.com/buger/jsonparser v1.1.1
#11 7.329 go: downloading aead.dev/mtls v0.2.1
#11 7.383 go: downloading github.com/minio/kms-go/kms v0.5.1-0.20250225090116-4e64ce8d0f35
#11 7.404 go: downloading github.com/minio/simdjson-go v0.4.5
#11 7.405 go: downloading github.com/rjeczalik/notify v0.9.3
#11 7.421 go: downloading github.com/fatih/structs v1.1.0
#11 7.460 go: downloading github.com/lestrrat-go/jwx/v2 v2.1.4
#11 7.549 go: downloading aead.dev/minisign v0.3.0
#11 7.549 go: downloading github.com/kr/fs v0.1.0
#11 7.550 go: downloading github.com/beorn7/perks v1.0.1
#11 7.570 go: downloading github.com/munnerz/goautoneg v0.0.0-20191010083416-a7dc8b61c822
#11 7.575 go: downloading github.com/tklauser/go-sysconf v0.3.15
#11 7.579 go: downloading github.com/gogo/protobuf v1.3.2
#11 7.588 go: downloading github.com/golang/protobuf v1.5.4
#11 7.596 go: downloading go.etcd.io/etcd/client/pkg/v3 v3.5.21
#11 7.657 go: downloading github.com/kylelemons/godebug v1.1.0
#11 7.662 go: downloading github.com/pkg/browser v0.0.0-20240102092130-5ac0b6a4141c
#11 7.678 go: downloading github.com/rivo/uniseg v0.4.7
#11 7.681 go: downloading github.com/go-openapi/jsonpointer v0.21.1
#11 7.699 go: downloading github.com/go-openapi/jsonreference v0.21.0
#11 7.700 go: downloading github.com/mailru/easyjson v0.9.0
#11 7.736 go: downloading google.golang.org/genproto/googleapis/api v0.0.0-20250422160041-2d3770c4ea7f
#11 7.736 go: downloading google.golang.org/genproto/googleapis/rpc v0.0.0-20250422160041-2d3770c4ea7f
#11 7.738 go: downloading cloud.google.com/go/monitoring v1.24.2
#11 7.784 go: downloading github.com/GoogleCloudPlatform/opentelemetry-operations-go/internal/resourcemapping v0.51.0
#11 7.795 go: downloading github.com/GoogleCloudPlatform/opentelemetry-operations-go/detectors/gcp v1.27.0
#11 7.809 go: downloading github.com/go-logr/logr v1.4.2
#11 7.809 go: downloading go.opentelemetry.io/otel/metric v1.35.0
#11 7.867 go: downloading cloud.google.com/go/auth v0.16.0
#11 7.935 go: downloading cloud.google.com/go/auth/oauth2adapt v0.2.8
#11 7.935 go: downloading go.opentelemetry.io/contrib/instrumentation/net/http/otelhttp v0.60.0
#11 7.938 go: downloading github.com/go-openapi/validate v0.24.0
#11 7.959 go: downloading github.com/docker/go-units v0.5.0
#11 7.961 go: downloading github.com/asaskevich/govalidator v0.0.0-20230301143203-a9d515a09cc2
#11 7.961 go: downloading github.com/mitchellh/mapstructure v1.5.0
#11 7.985 go: downloading github.com/oklog/ulid v1.3.1
#11 7.991 go: downloading go.mongodb.org/mongo-driver v1.17.3
#11 8.077 go: downloading github.com/matttproud/golang_protobuf_extensions v1.0.4
#11 8.109 go: downloading github.com/charmbracelet/bubbles v0.20.0
#11 8.133 go: downloading github.com/charmbracelet/bubbletea v1.3.4
#11 8.156 go: downloading github.com/charmbracelet/lipgloss v1.0.0
#11 8.181 go: downloading github.com/google/shlex v0.0.0-20191202100458-e7afc7fbc510
#11 8.205 go: downloading github.com/jedib0t/go-pretty/v6 v6.6.7
#11 8.272 go: downloading github.com/mattn/go-ieproxy v0.0.12
#11 8.306 go: downloading github.com/minio/colorjson v1.0.8
#11 8.402 go: downloading github.com/minio/filepath v1.0.0
#11 8.442 go: downloading github.com/muesli/reflow v0.3.0
#11 8.514 go: downloading github.com/muesli/termenv v0.16.0
#11 8.552 go: downloading github.com/olekukonko/tablewriter v0.0.5
#11 8.566 go: downloading github.com/posener/complete v1.2.3
#11 8.574 go: downloading github.com/tidwall/gjson v1.18.0
#11 8.576 go: downloading github.com/vbauerster/mpb/v8 v8.9.3
#11 8.593 go: downloading golang.org/x/text v0.24.0
#11 8.609 go: downloading github.com/Azure/go-ntlmssp v0.0.0-20221128193559-754e69321358
#11 8.615 go: downloading github.com/go-asn1-ber/asn1-ber v1.5.8-0.20250403174932-29230038a667
#11 8.615 go: downloading github.com/gobwas/httphead v0.1.0
#11 8.639 go: downloading github.com/gobwas/pool v0.2.1
#11 8.671 go: downloading go.uber.org/multierr v1.11.0
#11 8.671 go: downloading github.com/gorilla/websocket v1.5.3
#11 8.672 go: downloading filippo.io/edwards25519 v1.1.0
#11 8.718 go: downloading github.com/davecgh/go-spew v1.1.2-0.20180830191138-d8f796af33cc
#11 8.726 go: downloading github.com/eapache/go-resiliency v1.7.0
#11 8.726 go: downloading github.com/eapache/go-xerial-snappy v0.0.0-20230731223053-c322873962e3
#11 8.757 go: downloading github.com/eapache/queue v1.1.0
#11 8.765 go: downloading github.com/hashicorp/go-multierror v1.1.1
#11 8.765 go: downloading github.com/jcmturner/gofork v1.7.6
#11 8.783 go: downloading github.com/jcmturner/gokrb5/v8 v8.4.4
#11 8.855 go: downloading github.com/nats-io/nuid v1.0.1
#11 8.855 go: downloading github.com/golang/snappy v1.0.0
#11 8.855 go: downloading github.com/xdg/stringprep v1.0.3
#11 8.877 go: downloading github.com/nats-io/nkeys v0.4.11
#11 8.890 go: downloading github.com/minio/csvparser v1.0.0
#11 8.890 go: downloading github.com/fraugster/parquet-go v0.12.0
#11 8.909 go: downloading github.com/alecthomas/participle v0.7.1
#11 8.941 go: downloading github.com/lestrrat-go/option v1.0.1
#11 8.950 go: downloading github.com/lestrrat-go/blackmagic v1.0.2
#11 8.950 go: downloading github.com/lestrrat-go/httprc v1.0.6
#11 8.963 go: downloading github.com/lestrrat-go/iter v1.0.2
#11 8.984 go: downloading github.com/coreos/go-semver v0.3.1
#11 8.986 go: downloading github.com/tklauser/numcpus v0.10.0
#11 8.994 go: downloading github.com/golang-jwt/jwt/v5 v5.2.2
#11 9.010 go: downloading github.com/josharian/intern v1.0.0
#11 9.013 go: downloading go.opentelemetry.io/contrib/instrumentation/google.golang.org/grpc/otelgrpc v0.60.0
#11 9.033 go: downloading github.com/go-logr/stdr v1.2.2
#11 9.043 go: downloading go.opentelemetry.io/auto/sdk v1.1.0
#11 9.054 go: downloading github.com/google/s2a-go v0.1.9
#11 9.066 go: downloading github.com/googleapis/enterprise-certificate-proxy v0.3.6
#11 9.101 go: downloading github.com/envoyproxy/go-control-plane/envoy v1.32.4
#11 9.435 go: downloading github.com/felixge/httpsnoop v1.0.4
#11 9.459 go: downloading github.com/prometheus/prometheus v0.303.0
#11 9.791 go: downloading github.com/charmbracelet/x/ansi v0.8.0
#11 9.791 go: downloading github.com/charmbracelet/x/term v0.2.1
#11 9.792 go: downloading github.com/muesli/ansi v0.0.0-20230316100256-276c6243b2f6
#11 9.808 go: downloading github.com/muesli/cancelreader v0.2.2
#11 9.813 go: downloading github.com/juju/ratelimit v1.0.2
#11 9.820 go: downloading github.com/aymanbagabas/go-osc52/v2 v2.0.1
#11 9.826 go: downloading github.com/lucasb-eyer/go-colorful v1.2.0
#11 9.827 go: downloading github.com/tidwall/match v1.1.1
#11 9.839 go: downloading github.com/tidwall/pretty v1.2.1
#11 9.848 go: downloading github.com/acarl005/stripansi v0.0.0-20180116102854-5a71ef0e047d
#11 9.862 go: downloading github.com/VividCortex/ewma v1.2.0
#11 9.872 go: downloading github.com/hashicorp/errwrap v1.1.0
#11 9.878 go: downloading github.com/hashicorp/go-uuid v1.0.3
#11 9.884 go: downloading github.com/jcmturner/dnsutils/v2 v2.0.0
#11 9.894 go: downloading github.com/apache/thrift v0.21.0
#11 9.900 go: downloading github.com/lestrrat-go/httpcc v1.0.1
#11 9.918 go: downloading github.com/spiffe/go-spiffe/v2 v2.5.0
#11 9.920 go: downloading github.com/cncf/xds/go v0.0.0-20250326154945-ae57f3c0d45f
#11 9.970 go: downloading github.com/envoyproxy/protoc-gen-validate v1.2.1
#11 9.995 go: downloading github.com/jcmturner/rpc/v2 v2.0.3
#11 10.01 go: downloading cel.dev/expr v0.23.1
#11 10.04 go: downloading github.com/zeebo/errs v1.4.0
#11 10.06 go: downloading github.com/jcmturner/aescts/v2 v2.0.0
#11 DONE 110.2s

#12 [stage-1 2/4] COPY --from=build /out/ /usr/local/bin/
#12 DONE 0.1s

#13 [stage-1 3/4] COPY --from=build /source/LICENSE /usr/share/licenses/fixture/LICENSE
#13 DONE 0.0s

#14 [stage-1 4/4] RUN mkdir /data && chown 10001:10001 /data && chmod 0700 /data
#14 DONE 0.1s

#15 exporting to image
#15 exporting layers
#15 exporting layers 0.6s done
#15 writing image sha256:5b82ec0cb657182646059a61e5d2da301a3d4ba3f2f56763ac8dbe5f6a14236e done
#15 DONE 0.6s

 [33m1 warning found (use docker --debug to expand):
[0m - InvalidDefaultArgInFrom: Default value for ARG ${GO_IMAGE} results in empty or invalid base image name (line 2)
