docker.io/library/nginx@sha256:3d2f995522ddb52c3a4eb8008b8fa26f184f7146851df1da831f88885ac40aae: Pulling from library/nginx
6b37362b3da7: Pulling fs layer
b9614c6dbd86: Pulling fs layer
3a55ec62cf16: Pulling fs layer
f3cb4f951034: Pulling fs layer
2aa35770407f: Pulling fs layer
af529266d394: Pulling fs layer
757049f14b94: Pulling fs layer
f3cb4f951034: Waiting
2aa35770407f: Waiting
af529266d394: Waiting
757049f14b94: Waiting
3a55ec62cf16: Verifying Checksum
3a55ec62cf16: Download complete
6b37362b3da7: Verifying Checksum
6b37362b3da7: Download complete
b9614c6dbd86: Verifying Checksum
b9614c6dbd86: Download complete
f3cb4f951034: Verifying Checksum
f3cb4f951034: Download complete
2aa35770407f: Verifying Checksum
2aa35770407f: Download complete
757049f14b94: Verifying Checksum
757049f14b94: Download complete
af529266d394: Verifying Checksum
af529266d394: Download complete
6b37362b3da7: Pull complete
b9614c6dbd86: Pull complete
3a55ec62cf16: Pull complete
f3cb4f951034: Pull complete
2aa35770407f: Pull complete
af529266d394: Pull complete
757049f14b94: Pull complete
Digest: sha256:3d2f995522ddb52c3a4eb8008b8fa26f184f7146851df1da831f88885ac40aae
Status: Downloaded newer image for nginx@sha256:3d2f995522ddb52c3a4eb8008b8fa26f184f7146851df1da831f88885ac40aae
docker.io/library/nginx@sha256:3d2f995522ddb52c3a4eb8008b8fa26f184f7146851df1da831f88885ac40aae
