 Network p01-c9c202786437-a6f2e066_ingress_planning  Creating
 Network p01-c9c202786437-a6f2e066_ingress_planning  Created
 Network p01-c9c202786437-a6f2e066_ingress_catalogue  Creating
 Network p01-c9c202786437-a6f2e066_ingress_catalogue  Created
 Network p01-c9c202786437-a6f2e066_web_assurance  Creating
 Network p01-c9c202786437-a6f2e066_web_assurance  Created
 Network p01-c9c202786437-a6f2e066_ingress_assurance  Creating
 Network p01-c9c202786437-a6f2e066_ingress_assurance  Created
 Network p01-c9c202786437-a6f2e066_web_catalogue  Creating
 Network p01-c9c202786437-a6f2e066_web_catalogue  Created
 Network p01-c9c202786437-a6f2e066_web_console  Creating
 Network p01-c9c202786437-a6f2e066_web_console  Created
 Network p01-c9c202786437-a6f2e066_ingress_inventory  Creating
 Network p01-c9c202786437-a6f2e066_ingress_inventory  Created
 Network p01-c9c202786437-a6f2e066_ingress_console  Creating
 Network p01-c9c202786437-a6f2e066_ingress_console  Created
 Network p01-c9c202786437-a6f2e066_ingress_lifecycle  Creating
 Network p01-c9c202786437-a6f2e066_ingress_lifecycle  Created
 Network p01-c9c202786437-a6f2e066_ingress_governance  Creating
 Network p01-c9c202786437-a6f2e066_ingress_governance  Created
 Network p01-c9c202786437-a6f2e066_web_lifecycle  Creating
 Network p01-c9c202786437-a6f2e066_web_lifecycle  Created
 Network p01-c9c202786437-a6f2e066_web_governance  Creating
 Network p01-c9c202786437-a6f2e066_web_governance  Created
 Network p01-c9c202786437-a6f2e066_web_planning  Creating
 Network p01-c9c202786437-a6f2e066_web_planning  Created
 Network p01-c9c202786437-a6f2e066_web_inventory  Creating
 Network p01-c9c202786437-a6f2e066_web_inventory  Created
 Container p01-c9c202786437-a6f2e066-postgres-1  Running
 Container p01-c9c202786437-a6f2e066-assurance-1  Creating
 Container p01-c9c202786437-a6f2e066-inventory-1  Creating
 Container p01-c9c202786437-a6f2e066-planning-1  Creating
 Container p01-c9c202786437-a6f2e066-catalogue-1  Creating
 Container p01-c9c202786437-a6f2e066-governance-1  Creating
 Container p01-c9c202786437-a6f2e066-console-1  Creating
 Container p01-c9c202786437-a6f2e066-lifecycle-1  Creating
 Container p01-c9c202786437-a6f2e066-catalogue-1  Created
 Container p01-c9c202786437-a6f2e066-catalogue-proxy-1  Creating
 Container p01-c9c202786437-a6f2e066-assurance-1  Created
 Container p01-c9c202786437-a6f2e066-assurance-proxy-1  Creating
 Container p01-c9c202786437-a6f2e066-planning-1  Created
 Container p01-c9c202786437-a6f2e066-planning-proxy-1  Creating
 Container p01-c9c202786437-a6f2e066-inventory-1  Created
 Container p01-c9c202786437-a6f2e066-inventory-proxy-1  Creating
 Container p01-c9c202786437-a6f2e066-governance-1  Created
 Container p01-c9c202786437-a6f2e066-lifecycle-1  Created
 Container p01-c9c202786437-a6f2e066-governance-proxy-1  Creating
 Container p01-c9c202786437-a6f2e066-lifecycle-proxy-1  Creating
 Container p01-c9c202786437-a6f2e066-console-1  Created
 Container p01-c9c202786437-a6f2e066-console-proxy-1  Creating
 Container p01-c9c202786437-a6f2e066-planning-proxy-1  Created
 Container p01-c9c202786437-a6f2e066-catalogue-proxy-1  Created
 Container p01-c9c202786437-a6f2e066-assurance-proxy-1  Created
 Container p01-c9c202786437-a6f2e066-console-proxy-1  Created
 Container p01-c9c202786437-a6f2e066-inventory-proxy-1  Created
 Container p01-c9c202786437-a6f2e066-governance-proxy-1  Created
 Container p01-c9c202786437-a6f2e066-lifecycle-proxy-1  Created
 Container p01-c9c202786437-a6f2e066-console-1  Starting
 Container p01-c9c202786437-a6f2e066-assurance-1  Starting
 Container p01-c9c202786437-a6f2e066-governance-1  Starting
 Container p01-c9c202786437-a6f2e066-lifecycle-1  Starting
 Container p01-c9c202786437-a6f2e066-catalogue-1  Starting
 Container p01-c9c202786437-a6f2e066-planning-1  Starting
 Container p01-c9c202786437-a6f2e066-inventory-1  Starting
 Container p01-c9c202786437-a6f2e066-governance-1  Started
 Container p01-c9c202786437-a6f2e066-governance-proxy-1  Starting
 Container p01-c9c202786437-a6f2e066-catalogue-1  Started
 Container p01-c9c202786437-a6f2e066-catalogue-proxy-1  Starting
 Container p01-c9c202786437-a6f2e066-console-1  Started
 Container p01-c9c202786437-a6f2e066-console-proxy-1  Starting
 Container p01-c9c202786437-a6f2e066-assurance-1  Started
 Container p01-c9c202786437-a6f2e066-assurance-proxy-1  Starting
 Container p01-c9c202786437-a6f2e066-inventory-1  Started
 Container p01-c9c202786437-a6f2e066-inventory-proxy-1  Starting
 Container p01-c9c202786437-a6f2e066-lifecycle-1  Started
 Container p01-c9c202786437-a6f2e066-lifecycle-proxy-1  Starting
 Container p01-c9c202786437-a6f2e066-planning-1  Started
 Container p01-c9c202786437-a6f2e066-planning-proxy-1  Starting
 Container p01-c9c202786437-a6f2e066-governance-proxy-1  Started
 Container p01-c9c202786437-a6f2e066-console-proxy-1  Started
 Container p01-c9c202786437-a6f2e066-catalogue-proxy-1  Started
 Container p01-c9c202786437-a6f2e066-inventory-proxy-1  Started
 Container p01-c9c202786437-a6f2e066-assurance-proxy-1  Started
 Container p01-c9c202786437-a6f2e066-lifecycle-proxy-1  Started
 Container p01-c9c202786437-a6f2e066-planning-proxy-1  Started
