Building wheel...
running bdist_wheel
running build
running build_py
creating build/lib/inventory
copying src/inventory/__init__.py -> build/lib/inventory
creating build/lib/inventory/interfaces
copying src/inventory/interfaces/http.py -> build/lib/inventory/interfaces
copying src/inventory/interfaces/__init__.py -> build/lib/inventory/interfaces
copying src/inventory/interfaces/health.py -> build/lib/inventory/interfaces
copying src/inventory/interfaces/discovery.py -> build/lib/inventory/interfaces
copying src/inventory/interfaces/planning.py -> build/lib/inventory/interfaces
copying src/inventory/interfaces/telemetry.py -> build/lib/inventory/interfaces
creating build/lib/inventory/domain
copying src/inventory/domain/source_profile.py -> build/lib/inventory/domain
copying src/inventory/domain/configuration.py -> build/lib/inventory/domain
copying src/inventory/domain/__init__.py -> build/lib/inventory/domain
copying src/inventory/domain/workload.py -> build/lib/inventory/domain
copying src/inventory/domain/vmware.py -> build/lib/inventory/domain
copying src/inventory/domain/operator_inputs.py -> build/lib/inventory/domain
copying src/inventory/domain/discovery.py -> build/lib/inventory/domain
copying src/inventory/domain/migration.py -> build/lib/inventory/domain
copying src/inventory/domain/ahv.py -> build/lib/inventory/domain
copying src/inventory/domain/readiness.py -> build/lib/inventory/domain
creating build/lib/inventory/application
copying src/inventory/application/fleet.py -> build/lib/inventory/application
copying src/inventory/application/foundation.py -> build/lib/inventory/application
copying src/inventory/application/configuration.py -> build/lib/inventory/application
copying src/inventory/application/__init__.py -> build/lib/inventory/application
copying src/inventory/application/workload.py -> build/lib/inventory/application
copying src/inventory/application/views.py -> build/lib/inventory/application
copying src/inventory/application/operator_inputs.py -> build/lib/inventory/application
copying src/inventory/application/ports.py -> build/lib/inventory/application
copying src/inventory/application/discovery.py -> build/lib/inventory/application
copying src/inventory/application/profile_collection.py -> build/lib/inventory/application
copying src/inventory/application/planning.py -> build/lib/inventory/application
copying src/inventory/application/events.py -> build/lib/inventory/application
creating build/lib/inventory/infrastructure
copying src/inventory/infrastructure/readiness_publication.py -> build/lib/inventory/infrastructure
copying src/inventory/infrastructure/foundation.py -> build/lib/inventory/infrastructure
copying src/inventory/infrastructure/__init__.py -> build/lib/inventory/infrastructure
copying src/inventory/infrastructure/store.py -> build/lib/inventory/infrastructure
copying src/inventory/infrastructure/policies.py -> build/lib/inventory/infrastructure
copying src/inventory/infrastructure/native_readers.py -> build/lib/inventory/infrastructure
copying src/inventory/infrastructure/readiness_evidence.py -> build/lib/inventory/infrastructure
copying src/inventory/infrastructure/authority.py -> build/lib/inventory/infrastructure
copying src/inventory/infrastructure/telemetry.py -> build/lib/inventory/infrastructure
copying src/inventory/infrastructure/publisher.py -> build/lib/inventory/infrastructure
copying src/inventory/infrastructure/generated_configuration_streams.py -> build/lib/inventory/infrastructure
creating build/lib/inventory/bootstrap
copying src/inventory/bootstrap/readiness_receipt.py -> build/lib/inventory/bootstrap
copying src/inventory/bootstrap/__init__.py -> build/lib/inventory/bootstrap
copying src/inventory/bootstrap/health.py -> build/lib/inventory/bootstrap
copying src/inventory/bootstrap/publish.py -> build/lib/inventory/bootstrap
copying src/inventory/bootstrap/server.py -> build/lib/inventory/bootstrap
running egg_info
writing src/product_inventory.egg-info/PKG-INFO
writing dependency_links to src/product_inventory.egg-info/dependency_links.txt
writing entry points to src/product_inventory.egg-info/entry_points.txt
writing requirements to src/product_inventory.egg-info/requires.txt
writing top-level names to src/product_inventory.egg-info/top_level.txt
reading manifest file 'src/product_inventory.egg-info/SOURCES.txt'
writing manifest file 'src/product_inventory.egg-info/SOURCES.txt'
installing to build/bdist.linux-x86_64/wheel
running install
running install_lib
creating build/bdist.linux-x86_64/wheel
creating build/bdist.linux-x86_64/wheel/inventory
copying build/lib/inventory/__init__.py -> build/bdist.linux-x86_64/wheel/./inventory
creating build/bdist.linux-x86_64/wheel/inventory/interfaces
copying build/lib/inventory/interfaces/http.py -> build/bdist.linux-x86_64/wheel/./inventory/interfaces
copying build/lib/inventory/interfaces/__init__.py -> build/bdist.linux-x86_64/wheel/./inventory/interfaces
copying build/lib/inventory/interfaces/health.py -> build/bdist.linux-x86_64/wheel/./inventory/interfaces
copying build/lib/inventory/interfaces/discovery.py -> build/bdist.linux-x86_64/wheel/./inventory/interfaces
copying build/lib/inventory/interfaces/planning.py -> build/bdist.linux-x86_64/wheel/./inventory/interfaces
copying build/lib/inventory/interfaces/telemetry.py -> build/bdist.linux-x86_64/wheel/./inventory/interfaces
creating build/bdist.linux-x86_64/wheel/inventory/domain
copying build/lib/inventory/domain/source_profile.py -> build/bdist.linux-x86_64/wheel/./inventory/domain
copying build/lib/inventory/domain/configuration.py -> build/bdist.linux-x86_64/wheel/./inventory/domain
copying build/lib/inventory/domain/__init__.py -> build/bdist.linux-x86_64/wheel/./inventory/domain
copying build/lib/inventory/domain/workload.py -> build/bdist.linux-x86_64/wheel/./inventory/domain
copying build/lib/inventory/domain/vmware.py -> build/bdist.linux-x86_64/wheel/./inventory/domain
copying build/lib/inventory/domain/operator_inputs.py -> build/bdist.linux-x86_64/wheel/./inventory/domain
copying build/lib/inventory/domain/discovery.py -> build/bdist.linux-x86_64/wheel/./inventory/domain
copying build/lib/inventory/domain/migration.py -> build/bdist.linux-x86_64/wheel/./inventory/domain
copying build/lib/inventory/domain/ahv.py -> build/bdist.linux-x86_64/wheel/./inventory/domain
copying build/lib/inventory/domain/readiness.py -> build/bdist.linux-x86_64/wheel/./inventory/domain
creating build/bdist.linux-x86_64/wheel/inventory/application
copying build/lib/inventory/application/fleet.py -> build/bdist.linux-x86_64/wheel/./inventory/application
copying build/lib/inventory/application/foundation.py -> build/bdist.linux-x86_64/wheel/./inventory/application
copying build/lib/inventory/application/configuration.py -> build/bdist.linux-x86_64/wheel/./inventory/application
copying build/lib/inventory/application/__init__.py -> build/bdist.linux-x86_64/wheel/./inventory/application
copying build/lib/inventory/application/workload.py -> build/bdist.linux-x86_64/wheel/./inventory/application
copying build/lib/inventory/application/views.py -> build/bdist.linux-x86_64/wheel/./inventory/application
copying build/lib/inventory/application/operator_inputs.py -> build/bdist.linux-x86_64/wheel/./inventory/application
copying build/lib/inventory/application/ports.py -> build/bdist.linux-x86_64/wheel/./inventory/application
copying build/lib/inventory/application/discovery.py -> build/bdist.linux-x86_64/wheel/./inventory/application
copying build/lib/inventory/application/profile_collection.py -> build/bdist.linux-x86_64/wheel/./inventory/application
copying build/lib/inventory/application/planning.py -> build/bdist.linux-x86_64/wheel/./inventory/application
copying build/lib/inventory/application/events.py -> build/bdist.linux-x86_64/wheel/./inventory/application
creating build/bdist.linux-x86_64/wheel/inventory/infrastructure
copying build/lib/inventory/infrastructure/readiness_publication.py -> build/bdist.linux-x86_64/wheel/./inventory/infrastructure
copying build/lib/inventory/infrastructure/foundation.py -> build/bdist.linux-x86_64/wheel/./inventory/infrastructure
copying build/lib/inventory/infrastructure/__init__.py -> build/bdist.linux-x86_64/wheel/./inventory/infrastructure
copying build/lib/inventory/infrastructure/store.py -> build/bdist.linux-x86_64/wheel/./inventory/infrastructure
copying build/lib/inventory/infrastructure/policies.py -> build/bdist.linux-x86_64/wheel/./inventory/infrastructure
copying build/lib/inventory/infrastructure/native_readers.py -> build/bdist.linux-x86_64/wheel/./inventory/infrastructure
copying build/lib/inventory/infrastructure/readiness_evidence.py -> build/bdist.linux-x86_64/wheel/./inventory/infrastructure
copying build/lib/inventory/infrastructure/authority.py -> build/bdist.linux-x86_64/wheel/./inventory/infrastructure
copying build/lib/inventory/infrastructure/telemetry.py -> build/bdist.linux-x86_64/wheel/./inventory/infrastructure
copying build/lib/inventory/infrastructure/publisher.py -> build/bdist.linux-x86_64/wheel/./inventory/infrastructure
copying build/lib/inventory/infrastructure/generated_configuration_streams.py -> build/bdist.linux-x86_64/wheel/./inventory/infrastructure
creating build/bdist.linux-x86_64/wheel/inventory/bootstrap
copying build/lib/inventory/bootstrap/readiness_receipt.py -> build/bdist.linux-x86_64/wheel/./inventory/bootstrap
copying build/lib/inventory/bootstrap/__init__.py -> build/bdist.linux-x86_64/wheel/./inventory/bootstrap
copying build/lib/inventory/bootstrap/health.py -> build/bdist.linux-x86_64/wheel/./inventory/bootstrap
copying build/lib/inventory/bootstrap/publish.py -> build/bdist.linux-x86_64/wheel/./inventory/bootstrap
copying build/lib/inventory/bootstrap/server.py -> build/bdist.linux-x86_64/wheel/./inventory/bootstrap
running install_egg_info
Copying src/product_inventory.egg-info to build/bdist.linux-x86_64/wheel/./product_inventory-0.1.0.dev0-py3.12.egg-info
running install_scripts
creating build/bdist.linux-x86_64/wheel/product_inventory-0.1.0.dev0.dist-info/WHEEL
creating '/workspace/scratch/a327913cf034/multi-tenant/services/inventory/dist/.tmp-bp2otu6y/product_inventory-0.1.0.dev0-py3-none-any.whl' and adding 'build/bdist.linux-x86_64/wheel' to it
adding 'inventory/__init__.py'
adding 'inventory/application/__init__.py'
adding 'inventory/application/configuration.py'
adding 'inventory/application/discovery.py'
adding 'inventory/application/events.py'
adding 'inventory/application/fleet.py'
adding 'inventory/application/foundation.py'
adding 'inventory/application/operator_inputs.py'
adding 'inventory/application/planning.py'
adding 'inventory/application/ports.py'
adding 'inventory/application/profile_collection.py'
adding 'inventory/application/views.py'
adding 'inventory/application/workload.py'
adding 'inventory/bootstrap/__init__.py'
adding 'inventory/bootstrap/health.py'
adding 'inventory/bootstrap/publish.py'
adding 'inventory/bootstrap/readiness_receipt.py'
adding 'inventory/bootstrap/server.py'
adding 'inventory/domain/__init__.py'
adding 'inventory/domain/ahv.py'
adding 'inventory/domain/configuration.py'
adding 'inventory/domain/discovery.py'
adding 'inventory/domain/migration.py'
adding 'inventory/domain/operator_inputs.py'
adding 'inventory/domain/readiness.py'
adding 'inventory/domain/source_profile.py'
adding 'inventory/domain/vmware.py'
adding 'inventory/domain/workload.py'
adding 'inventory/infrastructure/__init__.py'
adding 'inventory/infrastructure/authority.py'
adding 'inventory/infrastructure/foundation.py'
adding 'inventory/infrastructure/generated_configuration_streams.py'
adding 'inventory/infrastructure/native_readers.py'
adding 'inventory/infrastructure/policies.py'
adding 'inventory/infrastructure/publisher.py'
adding 'inventory/infrastructure/readiness_evidence.py'
adding 'inventory/infrastructure/readiness_publication.py'
adding 'inventory/infrastructure/store.py'
adding 'inventory/infrastructure/telemetry.py'
adding 'inventory/interfaces/__init__.py'
adding 'inventory/interfaces/discovery.py'
adding 'inventory/interfaces/health.py'
adding 'inventory/interfaces/http.py'
adding 'inventory/interfaces/planning.py'
adding 'inventory/interfaces/telemetry.py'
adding 'product_inventory-0.1.0.dev0.dist-info/METADATA'
adding 'product_inventory-0.1.0.dev0.dist-info/WHEEL'
adding 'product_inventory-0.1.0.dev0.dist-info/entry_points.txt'
adding 'product_inventory-0.1.0.dev0.dist-info/top_level.txt'
adding 'product_inventory-0.1.0.dev0.dist-info/RECORD'
removing build/bdist.linux-x86_64/wheel
Successfully built dist/product_inventory-0.1.0.dev0-py3-none-any.whl
