................................................F                        [100%]
=================================== FAILURES ===================================
_________ test_journal_connection_loss_prevents_independent_acceptance _________

world = {'database': <lifecycle.infrastructure.store.Postgres object at 0x7fe46b32a570>, 'postgres': {'host': '127.0.0.1', 'po...6e9f'}, 'actor_id': '10000000-0000-4000-8000-000000000002', ...}, 'epoch': '167ed010-fe0b-4314-9f5f-30d1ba7682d1', ...}

    def test_journal_connection_loss_prevents_independent_acceptance(world: dict[str, Any]) -> None:
        w=world;job=w['admit']();service=w['service']
        grant=service.acquire(w['tenant'],job['id'],'reserve','sim-worker')
        # A bound, non-listening port supplies a real refused connection to the journal;
        # the separately owned simulator remains available through its original endpoint.
        with socket.socket() as closed:
            closed.bind(('127.0.0.1',0))
            service.database=Postgres(w['postgres']|{'user':'lifecycle_runtime','port':closed.getsockname()[1],'connect_timeout':1})
            try:
>               with pytest.raises(psycopg.OperationalError):w['peer'].execute(grant)
                                                             ^^^^^^^^^^^^^^^^^^^^^^^^

scripts/p06/test_execution.py:270: 
_ _ _ _ _ _ _ _ _ _ _ _ _ _ _ _ _ _ _ _ _ _ _ _ _ _ _ _ _ _ _ _ _ _ _ _ _ _ _ _ 
workers/lifecycle/src/lifecycle_worker/application/simulation.py:43: in execute
    decision = self.redeem(grant)
               ^^^^^^^^^^^^^^^^^^
scripts/p06/test_execution.py:66: in redeem
    return service.redeem(grant, "sim-worker")
           ^^^^^^^^^^^^^^^^^^^^^^^^^^^^^^^^^^^
services/lifecycle/src/lifecycle/application/execution.py:374: in redeem
    with self.database.transaction() as tx:
         ^^^^^^^^^^^^^^^^^^^^^^^^^^^
/opt/hostedtoolcache/Python/3.12.14/x64/lib/python3.12/contextlib.py:137: in __enter__
    return next(self.gen)
           ^^^^^^^^^^^^^^
_ _ _ _ _ _ _ _ _ _ _ _ _ _ _ _ _ _ _ _ _ _ _ _ _ _ _ _ _ _ _ _ _ _ _ _ _ _ _ _ 

self = <lifecycle.infrastructure.store.Postgres object at 0x7fe46b32bad0>

    @contextmanager
    def transaction(self) -> Iterator[Transaction]:
        parameters = self.parameters
        if parameters is None:
            if required("DB_SSLMODE") != "verify-full":
                raise ValueError("Lifecycle requires verified database TLS")
            root = required("DB_SSLROOTCERT")
            if not os.path.isabs(root):
                raise ValueError("Lifecycle requires an absolute CA path")
            parameters = {
                "host": database_host(),
                "port": int(required("DB_PORT")),
                "dbname": required("DB_DATABASE"),
                "user": required("DB_USERNAME"),
                "password": mounted_secret("DB_PASSWORD_FILE"),
                "sslmode": "verify-full",
                "sslrootcert": root,
            }
>       with psycopg.connect(
            **parameters,
            row_factory=dict_row,
            connect_timeout=2,
            options=(
                "-c statement_timeout=5000 -c lock_timeout=3000 -c "
                "idle_in_transaction_session_timeout=15000"
            ),
        ) as connection:
E       TypeError: psycopg.connection.Connection.connect() got multiple values for keyword argument 'connect_timeout'

services/lifecycle/src/lifecycle/infrastructure/store.py:51: TypeError
=========================== short test summary info ============================
FAILED scripts/p06/test_execution.py::test_journal_connection_loss_prevents_independent_acceptance - TypeError: psycopg.connection.Connection.connect() got multiple values for keyword argument 'connect_timeout'
1 failed, 48 passed in 18.15s
