2026-10-07T20:45:07.2152476Z Current runner version: '2.337.0'
2026-10-07T20:45:07.2168889Z ##[group]Runner Image Provisioner
2026-10-07T20:45:07.2169610Z Hosted Compute Agent
2026-10-07T20:45:07.2170057Z Version: 20261002.596
2026-10-07T20:45:07.2170492Z Commit: c3d12f3313a95f25162a1503be624f3b0617f8c0
2026-10-07T20:45:07.2170999Z Build Date: 2026-10-02T22:28:27Z
2026-10-07T20:45:07.2171483Z Worker ID: {febf21ed-d412-46c5-9de5-d8f3b51e139a}
2026-10-07T20:45:07.2172006Z Region: centralus
2026-10-07T20:45:07.2172388Z Cloud: Azure
2026-10-07T20:45:07.2172753Z ##[endgroup]
2026-10-07T20:45:07.2173701Z ##[group]Operating System
2026-10-07T20:45:07.2174115Z Ubuntu
2026-10-07T20:45:07.2174768Z 24.04.5
2026-10-07T20:45:07.2175122Z LTS
2026-10-07T20:45:07.2175455Z ##[endgroup]
2026-10-07T20:45:07.2175847Z ##[group]Runner Image
2026-10-07T20:45:07.2176281Z Image: ubuntu-24.04
2026-10-07T20:45:07.2176687Z Version: 20261004.327.1
2026-10-07T20:45:07.2177725Z Included Software: https://github.com/actions/runner-images/blob/ubuntu24/20261004.327/images/ubuntu/Ubuntu2404-Readme.md
2026-10-07T20:45:07.2178751Z Image Release: https://github.com/actions/runner-images/releases/tag/ubuntu24%2F20261004.327
2026-10-07T20:45:07.2179422Z ##[endgroup]
2026-10-07T20:45:07.2180182Z ##[group]GITHUB_TOKEN Permissions
2026-10-07T20:45:07.2182002Z Contents: read
2026-10-07T20:45:07.2182462Z Metadata: read
2026-10-07T20:45:07.2182862Z ##[endgroup]
2026-10-07T20:45:07.2184312Z Secret source: Actions
2026-10-07T20:45:07.2184983Z Cache mode: write
2026-10-07T20:45:07.2185424Z Prepare workflow directory
2026-10-07T20:45:07.2447884Z Prepare all required actions
2026-10-07T20:45:07.2482898Z Getting action download info
2026-10-07T20:45:07.4503710Z Download action repository 'actions/checkout@fbc6f3992d24b796d5a048ff273f7fcc4a7b6c09' (SHA:fbc6f3992d24b796d5a048ff273f7fcc4a7b6c09)
2026-10-07T20:45:07.5240721Z Download action repository 'actions/setup-python@ece7cb06caefa5fff74198d8649806c4678c61a1' (SHA:ece7cb06caefa5fff74198d8649806c4678c61a1)
2026-10-07T20:45:07.6100061Z Download action repository 'actions/upload-artifact@ea165f8d65b6e75b540449e92b4886f43607fa02' (SHA:ea165f8d65b6e75b540449e92b4886f43607fa02)
2026-10-07T20:45:07.8084477Z Complete job name: Architecture registry and documentation
2026-10-07T20:45:07.8610974Z ##[group]Run actions/checkout@fbc6f3992d24b796d5a048ff273f7fcc4a7b6c09
2026-10-07T20:45:07.8611742Z with:
2026-10-07T20:45:07.8612233Z   persist-credentials: false
2026-10-07T20:45:07.8612662Z   repository: awalker0878/multi-tenant
2026-10-07T20:45:07.8615406Z   token: ***
2026-10-07T20:45:07.8615750Z   ssh-strict: true
2026-10-07T20:45:07.8616115Z   ssh-user: git
2026-10-07T20:45:07.8616510Z   clean: true
2026-10-07T20:45:07.8616904Z   sparse-checkout-cone-mode: true
2026-10-07T20:45:07.8617551Z   fetch-depth: 1
2026-10-07T20:45:07.8617913Z   fetch-tags: false
2026-10-07T20:45:07.8618286Z   show-progress: true
2026-10-07T20:45:07.8618650Z   lfs: false
2026-10-07T20:45:07.8618976Z   submodules: false
2026-10-07T20:45:07.8619376Z   set-safe-directory: true
2026-10-07T20:45:07.8619797Z   allow-unsafe-pr-checkout: false
2026-10-07T20:45:07.8620340Z ##[endgroup]
2026-10-07T20:45:07.9400650Z Syncing repository: awalker0878/multi-tenant
2026-10-07T20:45:07.9402787Z ##[group]Getting Git version info
2026-10-07T20:45:07.9403625Z Working directory is '/home/runner/work/multi-tenant/multi-tenant'
2026-10-07T20:45:07.9404791Z [command]/usr/bin/git version
2026-10-07T20:45:07.9449426Z git version 2.55.0
2026-10-07T20:45:07.9464542Z ##[endgroup]
2026-10-07T20:45:07.9482638Z Temporarily overriding HOME='/home/runner/work/_temp/616f8d0a-bafe-44aa-aeb0-8ecf5d0822bf' before making global git config changes
2026-10-07T20:45:07.9488266Z Adding repository directory to the temporary git global config as a safe directory
2026-10-07T20:45:07.9489668Z [command]/usr/bin/git config --global --add safe.directory /home/runner/work/multi-tenant/multi-tenant
2026-10-07T20:45:07.9528494Z Deleting the contents of '/home/runner/work/multi-tenant/multi-tenant'
2026-10-07T20:45:07.9533009Z ##[group]Initializing the repository
2026-10-07T20:45:07.9535830Z [command]/usr/bin/git init /home/runner/work/multi-tenant/multi-tenant
2026-10-07T20:45:07.9625322Z hint: Using 'master' as the name for the initial branch. This default branch name
2026-10-07T20:45:07.9626799Z hint: will change to "main" in Git 3.0. To configure the initial branch name
2026-10-07T20:45:07.9628021Z hint: to use in all of your new repositories, which will suppress this warning,
2026-10-07T20:45:07.9629094Z hint: call:
2026-10-07T20:45:07.9629610Z hint:
2026-10-07T20:45:07.9630154Z hint: 	git config --global init.defaultBranch <name>
2026-10-07T20:45:07.9630819Z hint:
2026-10-07T20:45:07.9631566Z hint: Names commonly chosen instead of 'master' are 'main', 'trunk' and
2026-10-07T20:45:07.9632585Z hint: 'development'. The just-created branch can be renamed via this command:
2026-10-07T20:45:07.9633340Z hint:
2026-10-07T20:45:07.9633771Z hint: 	git branch -m <name>
2026-10-07T20:45:07.9634532Z hint:
2026-10-07T20:45:07.9635275Z hint: Disable this message with "git config set advice.defaultBranchName false"
2026-10-07T20:45:07.9636514Z Initialized empty Git repository in /home/runner/work/multi-tenant/multi-tenant/.git/
2026-10-07T20:45:07.9639311Z [command]/usr/bin/git remote add origin https://github.com/awalker0878/multi-tenant
2026-10-07T20:45:07.9674514Z ##[endgroup]
2026-10-07T20:45:07.9675791Z ##[group]Disabling automatic garbage collection
2026-10-07T20:45:07.9676977Z [command]/usr/bin/git config --local gc.auto 0
2026-10-07T20:45:07.9706697Z ##[endgroup]
2026-10-07T20:45:07.9707781Z ##[group]Setting up auth
2026-10-07T20:45:07.9708607Z [command]/usr/bin/git config --local --name-only --get-regexp core\.sshCommand
2026-10-07T20:45:07.9730638Z [command]/usr/bin/git submodule foreach --recursive sh -c "git config --local --name-only --get-regexp 'core\.sshCommand' && git config --local --unset-all 'core.sshCommand' || :"
2026-10-07T20:45:07.9998204Z [command]/usr/bin/git config --local --name-only --get-regexp http\.https\:\/\/github\.com\/\.extraheader
2026-10-07T20:45:08.0025655Z [command]/usr/bin/git submodule foreach --recursive sh -c "git config --local --name-only --get-regexp 'http\.https\:\/\/github\.com\/\.extraheader' && git config --local --unset-all 'http.https://github.com/.extraheader' || :"
2026-10-07T20:45:08.0155601Z [command]/usr/bin/git config --local --name-only --get-regexp ^includeIf\.gitdir:
2026-10-07T20:45:08.0177258Z [command]/usr/bin/git submodule foreach --recursive git config --local --show-origin --name-only --get-regexp remote.origin.url
2026-10-07T20:45:08.0311255Z [command]/usr/bin/git config --local http.https://github.com/.extraheader AUTHORIZATION: basic ***
2026-10-07T20:45:08.0341650Z ##[endgroup]
2026-10-07T20:45:08.0342550Z ##[group]Fetching the repository
2026-10-07T20:45:08.0348353Z [command]/usr/bin/git -c protocol.version=2 fetch --no-tags --prune --no-recurse-submodules --depth=1 origin +576643e3102ab02a8fd0fc23edd2f2e90d2ec74e:refs/remotes/origin/greenfield/enterprise-microservices-plan
2026-10-07T20:45:09.0818003Z From https://github.com/awalker0878/multi-tenant
2026-10-07T20:45:09.0820168Z  * [new ref]         576643e3102ab02a8fd0fc23edd2f2e90d2ec74e -> origin/greenfield/enterprise-microservices-plan
2026-10-07T20:45:09.0824506Z ##[endgroup]
2026-10-07T20:45:09.0825807Z ##[group]Determining the checkout info
2026-10-07T20:45:09.0827673Z ##[endgroup]
2026-10-07T20:45:09.0828766Z [command]/usr/bin/git sparse-checkout disable
2026-10-07T20:45:09.0873767Z [command]/usr/bin/git config --local --unset-all extensions.worktreeConfig
2026-10-07T20:45:09.0900012Z ##[group]Checking out the ref
2026-10-07T20:45:09.0902321Z [command]/usr/bin/git checkout --progress --force -B greenfield/enterprise-microservices-plan refs/remotes/origin/greenfield/enterprise-microservices-plan
2026-10-07T20:45:09.4344187Z Switched to a new branch 'greenfield/enterprise-microservices-plan'
2026-10-07T20:45:09.4346387Z branch 'greenfield/enterprise-microservices-plan' set up to track 'origin/greenfield/enterprise-microservices-plan'.
2026-10-07T20:45:09.4360400Z ##[endgroup]
2026-10-07T20:45:09.4387466Z [command]/usr/bin/git log -1 --format=%H
2026-10-07T20:45:09.4403418Z 576643e3102ab02a8fd0fc23edd2f2e90d2ec74e
2026-10-07T20:45:09.4410603Z ##[group]Removing auth
2026-10-07T20:45:09.4413714Z [command]/usr/bin/git config --local --name-only --get-regexp core\.sshCommand
2026-10-07T20:45:09.4434566Z [command]/usr/bin/git submodule foreach --recursive sh -c "git config --local --name-only --get-regexp 'core\.sshCommand' && git config --local --unset-all 'core.sshCommand' || :"
2026-10-07T20:45:09.4584126Z [command]/usr/bin/git config --local --name-only --get-regexp http\.https\:\/\/github\.com\/\.extraheader
2026-10-07T20:45:09.4600386Z http.https://github.com/.extraheader
2026-10-07T20:45:09.4605453Z [command]/usr/bin/git config --local --unset-all http.https://github.com/.extraheader
2026-10-07T20:45:09.4635488Z [command]/usr/bin/git submodule foreach --recursive sh -c "git config --local --name-only --get-regexp 'http\.https\:\/\/github\.com\/\.extraheader' && git config --local --unset-all 'http.https://github.com/.extraheader' || :"
2026-10-07T20:45:09.4777993Z [command]/usr/bin/git config --local --name-only --get-regexp ^includeIf\.gitdir:
2026-10-07T20:45:09.4795921Z [command]/usr/bin/git submodule foreach --recursive git config --local --show-origin --name-only --get-regexp remote.origin.url
2026-10-07T20:45:09.4949826Z ##[endgroup]
2026-10-07T20:45:09.5146816Z ##[group]Run actions/setup-python@ece7cb06caefa5fff74198d8649806c4678c61a1
2026-10-07T20:45:09.5147601Z with:
2026-10-07T20:45:09.5147974Z   python-version: 3.12
2026-10-07T20:45:09.5148348Z   check-latest: false
2026-10-07T20:45:09.5150519Z   token: ***
2026-10-07T20:45:09.5150911Z   update-environment: true
2026-10-07T20:45:09.5151341Z   allow-prereleases: false
2026-10-07T20:45:09.5151733Z   freethreaded: false
2026-10-07T20:45:09.5152100Z ##[endgroup]
2026-10-07T20:45:09.6058934Z ##[group]Installed versions
2026-10-07T20:45:09.6124837Z Successfully set up CPython (3.12.15)
2026-10-07T20:45:09.6125971Z ##[endgroup]
2026-10-07T20:45:09.6235270Z ##[group]Run python -m pip install --disable-pip-version-check -r requirements-docs.txt
2026-10-07T20:45:09.6236126Z [36;1mpython -m pip install --disable-pip-version-check -r requirements-docs.txt[0m
2026-10-07T20:45:09.6446097Z shell: /usr/bin/bash -e {0}
2026-10-07T20:45:09.6446597Z env:
2026-10-07T20:45:09.6447400Z   pythonLocation: /opt/hostedtoolcache/Python/3.12.15/x64
2026-10-07T20:45:09.6448088Z   PKG_CONFIG_PATH: /opt/hostedtoolcache/Python/3.12.15/x64/lib/pkgconfig
2026-10-07T20:45:09.6448647Z   Python_ROOT_DIR: /opt/hostedtoolcache/Python/3.12.15/x64
2026-10-07T20:45:09.6449210Z   Python2_ROOT_DIR: /opt/hostedtoolcache/Python/3.12.15/x64
2026-10-07T20:45:09.6449736Z   Python3_ROOT_DIR: /opt/hostedtoolcache/Python/3.12.15/x64
2026-10-07T20:45:09.6450575Z   LD_LIBRARY_PATH: /opt/hostedtoolcache/Python/3.12.15/x64/lib
2026-10-07T20:45:09.6451135Z ##[endgroup]
2026-10-07T20:45:10.2922153Z Collecting PyYAML==6.0.3 (from -r requirements-docs.txt (line 1))
2026-10-07T20:45:10.3536100Z   Downloading pyyaml-6.0.3-cp312-cp312-manylinux2014_x86_64.manylinux_2_17_x86_64.manylinux_2_28_x86_64.whl.metadata (2.4 kB)
2026-10-07T20:45:10.3664622Z Downloading pyyaml-6.0.3-cp312-cp312-manylinux2014_x86_64.manylinux_2_17_x86_64.manylinux_2_28_x86_64.whl (807 kB)
2026-10-07T20:45:10.4479644Z    ━━━━━━━━━━━━━━━━━━━━━━━━━━━━━━━━━━━━━━━━ 807.9/807.9 kB 11.6 MB/s  0:00:00
2026-10-07T20:45:10.4764968Z Installing collected packages: PyYAML
2026-10-07T20:45:10.5191303Z Successfully installed PyYAML-6.0.3
2026-10-07T20:45:10.5595990Z ##[group]Run python scripts/validate_architecture.py
2026-10-07T20:45:10.5596349Z [36;1mpython scripts/validate_architecture.py[0m
2026-10-07T20:45:10.5632091Z shell: /usr/bin/bash -e {0}
2026-10-07T20:45:10.5632365Z env:
2026-10-07T20:45:10.5632717Z   pythonLocation: /opt/hostedtoolcache/Python/3.12.15/x64
2026-10-07T20:45:10.5633137Z   PKG_CONFIG_PATH: /opt/hostedtoolcache/Python/3.12.15/x64/lib/pkgconfig
2026-10-07T20:45:10.5633657Z   Python_ROOT_DIR: /opt/hostedtoolcache/Python/3.12.15/x64
2026-10-07T20:45:10.5634000Z   Python2_ROOT_DIR: /opt/hostedtoolcache/Python/3.12.15/x64
2026-10-07T20:45:10.5634350Z   Python3_ROOT_DIR: /opt/hostedtoolcache/Python/3.12.15/x64
2026-10-07T20:45:10.5634710Z   LD_LIBRARY_PATH: /opt/hostedtoolcache/Python/3.12.15/x64/lib
2026-10-07T20:45:10.5635046Z ##[endgroup]
2026-10-07T20:45:11.6112523Z ERROR: services/lifecycle/src/lifecycle/infrastructure/native_owners.py: inverted layer dependency infrastructure -> interfaces: lifecycle.interfaces.campaigns.plan_requirements
2026-10-07T20:45:11.6182187Z ##[error]Process completed with exit code 1.
2026-10-07T20:45:11.6320449Z Post job cleanup.
2026-10-07T20:45:11.6921914Z [command]/usr/bin/git version
2026-10-07T20:45:11.6948788Z git version 2.55.0
2026-10-07T20:45:11.6973621Z Temporarily overriding HOME='/home/runner/work/_temp/d5f294e1-2111-44e2-8336-5743705c0d1c' before making global git config changes
2026-10-07T20:45:11.6974800Z Adding repository directory to the temporary git global config as a safe directory
2026-10-07T20:45:11.6977955Z [command]/usr/bin/git config --global --add safe.directory /home/runner/work/multi-tenant/multi-tenant
2026-10-07T20:45:11.7005399Z [command]/usr/bin/git config --local --name-only --get-regexp core\.sshCommand
2026-10-07T20:45:11.7030943Z [command]/usr/bin/git submodule foreach --recursive sh -c "git config --local --name-only --get-regexp 'core\.sshCommand' && git config --local --unset-all 'core.sshCommand' || :"
2026-10-07T20:45:11.7209436Z [command]/usr/bin/git config --local --name-only --get-regexp http\.https\:\/\/github\.com\/\.extraheader
2026-10-07T20:45:11.7231594Z [command]/usr/bin/git submodule foreach --recursive sh -c "git config --local --name-only --get-regexp 'http\.https\:\/\/github\.com\/\.extraheader' && git config --local --unset-all 'http.https://github.com/.extraheader' || :"
2026-10-07T20:45:11.7418729Z [command]/usr/bin/git config --local --name-only --get-regexp ^includeIf\.gitdir:
2026-10-07T20:45:11.7444116Z [command]/usr/bin/git submodule foreach --recursive git config --local --show-origin --name-only --get-regexp remote.origin.url
2026-10-07T20:45:11.7711823Z Cleaning up orphan processes
