[
    {
        "Id": "sha256:4a19676e471c21d45ff773beb29ab749e808d72b9cdf5a46f9cbbe8b829cbd3b",
        "RepoTags": [
            "p01-inventory-workers:ba6acd71513c7d999cf51249d70d9c2be50967d9"
        ],
        "RepoDigests": [],
        "Parent": "",
        "Comment": "buildkit.dockerfile.v0",
        "Created": "2026-10-04T21:58:17.351283213Z",
        "DockerVersion": "",
        "Author": "",
        "Config": {
            "Hostname": "",
            "Domainname": "",
            "User": "10001:10001",
            "AttachStdin": false,
            "AttachStdout": false,
            "AttachStderr": false,
            "Tty": false,
            "OpenStdin": false,
            "StdinOnce": false,
            "Env": [
                "PATH=/opt/venv/bin:/usr/local/bin:/usr/local/sbin:/usr/local/bin:/usr/sbin:/usr/bin:/sbin:/bin",
                "LANG=C.UTF-8",
                "GPG_KEY=7169605F62C751356D054A26A821E680E5FA6305",
                "PYTHON_VERSION=3.12.14",
                "PYTHON_SHA256=5c8462af5790baf43a321a1559dbe0db06d1be4300fb85fb53c40060668e548a",
                "PYTHONDONTWRITEBYTECODE=1",
                "PYTHONUNBUFFERED=1"
            ],
            "Cmd": [
                "liveness"
            ],
            "Healthcheck": {
                "Test": [
                    "NONE"
                ]
            },
            "ArgsEscaped": true,
            "Image": "",
            "Volumes": null,
            "WorkingDir": "/app",
            "Entrypoint": [
                "/opt/venv/bin/inventory-worker-health"
            ],
            "OnBuild": null,
            "Labels": {
                "org.opencontainers.image.revision": "ba6acd71513c7d999cf51249d70d9c2be50967d9",
                "org.opencontainers.image.source": "https://github.com/awalker0878/multi-tenant",
                "org.opencontainers.image.title": "product-inventory-worker bootstrap"
            }
        },
        "Architecture": "amd64",
        "Os": "linux",
        "Size": 124377077,
        "GraphDriver": {
            "Data": {
                "LowerDir": "/var/lib/docker/overlay2/d4tbsj9jvl8cw6gns94rvsfs4/diff:/var/lib/docker/overlay2/8850126abcf8a93dbbcb8e9a1503efc9acf86e34973908a37ff4b2d6cbba053a/diff:/var/lib/docker/overlay2/0693982cf44a9fc9db4bb3263cd22c0e76813cd907f234c1b37c3dfda535cf72/diff:/var/lib/docker/overlay2/fa4b37ddf17d3788e521a1abd52053b2067ebbc5108defbbf1372769268bf756/diff:/var/lib/docker/overlay2/a970aabbaa381ee9e1b595ea29eb5aa44abd631b496e5ef3b30a9bf2a5917bc1/diff",
                "MergedDir": "/var/lib/docker/overlay2/96ocfjihhq8l62rtv5kuns05t/merged",
                "UpperDir": "/var/lib/docker/overlay2/96ocfjihhq8l62rtv5kuns05t/diff",
                "WorkDir": "/var/lib/docker/overlay2/96ocfjihhq8l62rtv5kuns05t/work"
            },
            "Name": "overlay2"
        },
        "RootFS": {
            "Type": "layers",
            "Layers": [
                "sha256:34467cc93912af891dfee8a3902adf9b4f355a9bca4eaa46f658d1181a21de0d",
                "sha256:16df0073c13c96653ee2b601b16e514321513eb4af983de156c2d4e17df8a5d9",
                "sha256:9639007baab8a136bc468bd5d757fdf79cf5d77b6ff2a87889071252e334fab3",
                "sha256:abca6d63c9dbe51fa3bc42e75e0387da12803ef64430ad151814e468d5e1c203",
                "sha256:260ed0d9317e92f5fea3761ec7c613d8bf46309a7d0dacd23893f8e72510ed36",
                "sha256:5249ead5c8c47f7e89c1224625082b8790e3192034874b1f3c372c22b818d357"
            ]
        },
        "Metadata": {
            "LastTagTime": "2026-10-04T21:58:18.007659404Z"
        }
    }
]
