[main] INFO  o.o.codegen.DefaultGenerator - Generating with dryRun=false
[main] INFO  o.o.c.ignore.CodegenIgnoreProcessor - Output directory (/tmp/p00-contracts-9xywifs0/first/python) does not exist, or is inaccessible. No file (.openapi-generator-ignore) will be evaluated.
[main] INFO  o.o.codegen.DefaultGenerator - OpenAPI Generator: python (client)
[main] INFO  o.o.codegen.DefaultGenerator - Generator 'python' is considered stable.
[main] INFO  o.o.c.l.AbstractPythonCodegen - Environment variable PYTHON_POST_PROCESS_FILE not defined so the Python code may not be properly formatted. To define it, try 'export PYTHON_POST_PROCESS_FILE="/usr/local/bin/yapf -i"' (Linux/Mac)
[main] INFO  o.o.c.l.AbstractPythonCodegen - NOTE: To enable file post-processing, 'enablePostProcessFile' must be set to `true` (--enable-post-process-file for CLI).
[main] WARN  o.o.codegen.utils.ModelUtils - Failed to get the schema name: null
[main] INFO  o.o.codegen.TemplateManager - writing file /tmp/p00-contracts-9xywifs0/first/python/p00_private_client/models/create_sample.py
[main] INFO  o.o.codegen.TemplateManager - Skipped /tmp/p00-contracts-9xywifs0/first/python/p00_private_client/docs/CreateSample.md (Skipped by modelDocs options supplied by user.)
[main] INFO  o.o.codegen.TemplateManager - writing file /tmp/p00-contracts-9xywifs0/first/python/p00_private_client/models/problem.py
[main] INFO  o.o.codegen.TemplateManager - Skipped /tmp/p00-contracts-9xywifs0/first/python/p00_private_client/docs/Problem.md (Skipped by modelDocs options supplied by user.)
[main] INFO  o.o.codegen.TemplateManager - writing file /tmp/p00-contracts-9xywifs0/first/python/p00_private_client/models/sample.py
[main] INFO  o.o.codegen.TemplateManager - Skipped /tmp/p00-contracts-9xywifs0/first/python/p00_private_client/docs/Sample.md (Skipped by modelDocs options supplied by user.)
[main] INFO  o.o.codegen.TemplateManager - writing file /tmp/p00-contracts-9xywifs0/first/python/p00_private_client/api/samples_api.py
[main] INFO  o.o.codegen.TemplateManager - Skipped /tmp/p00-contracts-9xywifs0/first/python/p00_private_client/test/test_samples_api.py (Skipped by apiTests options supplied by user.)
[main] INFO  o.o.codegen.TemplateManager - Skipped /tmp/p00-contracts-9xywifs0/first/python/p00_private_client/docs/SamplesApi.md (Skipped by apiDocs options supplied by user.)
[main] INFO  o.o.codegen.TemplateManager - writing file /tmp/p00-contracts-9xywifs0/first/python/p00_private_client_README.md
[main] INFO  o.o.codegen.TemplateManager - writing file /tmp/p00-contracts-9xywifs0/first/python/p00_private_client/configuration.py
[main] INFO  o.o.codegen.TemplateManager - writing file /tmp/p00-contracts-9xywifs0/first/python/p00_private_client/__init__.py
[main] INFO  o.o.codegen.TemplateManager - writing file /tmp/p00-contracts-9xywifs0/first/python/p00_private_client/models/__init__.py
[main] INFO  o.o.codegen.TemplateManager - writing file /tmp/p00-contracts-9xywifs0/first/python/p00_private_client/api/__init__.py
[main] INFO  o.o.codegen.TemplateManager - writing file /tmp/p00-contracts-9xywifs0/first/python/p00_private_client/exceptions.py
[main] INFO  o.o.codegen.TemplateManager - writing file /tmp/p00-contracts-9xywifs0/first/python/p00_private_client/api_client.py
[main] INFO  o.o.codegen.TemplateManager - writing file /tmp/p00-contracts-9xywifs0/first/python/p00_private_client/api_response.py
[main] INFO  o.o.codegen.TemplateManager - writing file /tmp/p00-contracts-9xywifs0/first/python/p00_private_client/rest.py
[main] INFO  o.o.codegen.TemplateManager - writing file /tmp/p00-contracts-9xywifs0/first/python/.openapi-generator-ignore
[main] INFO  o.o.codegen.TemplateManager - writing file /tmp/p00-contracts-9xywifs0/first/python/.openapi-generator/VERSION
[main] INFO  o.o.codegen.TemplateManager - writing file /tmp/p00-contracts-9xywifs0/first/python/.openapi-generator/FILES
############################################################################################
# Thanks for using OpenAPI Generator.                                                      #
# We appreciate your support! Please consider donating to help us maintain this project.   #
# https://opencollective.com/openapi_generator/donate                                      #
############################################################################################
