[main] INFO  o.o.codegen.DefaultGenerator - Generating with dryRun=false
[main] INFO  o.o.c.ignore.CodegenIgnoreProcessor - Output directory (/tmp/p00-contracts-9xywifs0/second/php) does not exist, or is inaccessible. No file (.openapi-generator-ignore) will be evaluated.
[main] INFO  o.o.codegen.DefaultGenerator - OpenAPI Generator: php (client)
[main] INFO  o.o.codegen.DefaultGenerator - Generator 'php' is considered stable.
[main] INFO  o.o.c.languages.AbstractPhpCodegen - Environment variable PHP_POST_PROCESS_FILE not defined so the PHP code may not be properly formatted. To define it, try 'export PHP_POST_PROCESS_FILE="/usr/local/bin/prettier --write"' (Linux/Mac)
[main] INFO  o.o.c.languages.AbstractPhpCodegen - NOTE: To enable file post-processing, 'enablePostProcessFile' must be set to `true` (--enable-post-process-file for CLI).
[main] INFO  o.o.codegen.TemplateManager - writing file /tmp/p00-contracts-9xywifs0/second/php/lib/Model/CreateSample.php
[main] INFO  o.o.codegen.TemplateManager - Skipped /tmp/p00-contracts-9xywifs0/second/php/docs/Model/CreateSample.md (Skipped by modelDocs options supplied by user.)
[main] INFO  o.o.codegen.TemplateManager - writing file /tmp/p00-contracts-9xywifs0/second/php/lib/Model/Problem.php
[main] INFO  o.o.codegen.TemplateManager - Skipped /tmp/p00-contracts-9xywifs0/second/php/docs/Model/Problem.md (Skipped by modelDocs options supplied by user.)
[main] INFO  o.o.codegen.TemplateManager - writing file /tmp/p00-contracts-9xywifs0/second/php/lib/Model/Sample.php
[main] INFO  o.o.codegen.TemplateManager - Skipped /tmp/p00-contracts-9xywifs0/second/php/docs/Model/Sample.md (Skipped by modelDocs options supplied by user.)
[main] INFO  o.o.codegen.TemplateManager - writing file /tmp/p00-contracts-9xywifs0/second/php/lib/Api/SamplesApi.php
[main] INFO  o.o.codegen.TemplateManager - Skipped /tmp/p00-contracts-9xywifs0/second/php/test/Api/SamplesApiTest.php (Skipped by apiTests options supplied by user.)
[main] INFO  o.o.codegen.TemplateManager - Skipped /tmp/p00-contracts-9xywifs0/second/php/docs/Api/SamplesApi.md (Skipped by apiDocs options supplied by user.)
[main] INFO  o.o.codegen.TemplateManager - writing file /tmp/p00-contracts-9xywifs0/second/php/.gitignore
[main] INFO  o.o.codegen.TemplateManager - writing file /tmp/p00-contracts-9xywifs0/second/php/lib/ApiException.php
[main] INFO  o.o.codegen.TemplateManager - writing file /tmp/p00-contracts-9xywifs0/second/php/lib/Configuration.php
[main] INFO  o.o.codegen.TemplateManager - writing file /tmp/p00-contracts-9xywifs0/second/php/lib/FormDataProcessor.php
[main] INFO  o.o.codegen.TemplateManager - writing file /tmp/p00-contracts-9xywifs0/second/php/lib/ObjectSerializer.php
[main] INFO  o.o.codegen.TemplateManager - writing file /tmp/p00-contracts-9xywifs0/second/php/lib/Model/ModelInterface.php
[main] INFO  o.o.codegen.TemplateManager - writing file /tmp/p00-contracts-9xywifs0/second/php/lib/HeaderSelector.php
[main] INFO  o.o.codegen.TemplateManager - writing file /tmp/p00-contracts-9xywifs0/second/php/composer.json
[main] INFO  o.o.codegen.TemplateManager - writing file /tmp/p00-contracts-9xywifs0/second/php/README.md
[main] INFO  o.o.codegen.TemplateManager - writing file /tmp/p00-contracts-9xywifs0/second/php/phpunit.xml.dist
[main] INFO  o.o.codegen.TemplateManager - writing file /tmp/p00-contracts-9xywifs0/second/php/.travis.yml
[main] INFO  o.o.codegen.TemplateManager - writing file /tmp/p00-contracts-9xywifs0/second/php/.php-cs-fixer.dist.php
[main] INFO  o.o.codegen.TemplateManager - writing file /tmp/p00-contracts-9xywifs0/second/php/git_push.sh
[main] INFO  o.o.codegen.TemplateManager - writing file /tmp/p00-contracts-9xywifs0/second/php/.openapi-generator-ignore
[main] INFO  o.o.codegen.TemplateManager - writing file /tmp/p00-contracts-9xywifs0/second/php/.openapi-generator/VERSION
[main] INFO  o.o.codegen.TemplateManager - writing file /tmp/p00-contracts-9xywifs0/second/php/.openapi-generator/FILES
############################################################################################
# Thanks for using OpenAPI Generator.                                                      #
# We appreciate your support! Please consider donating to help us maintain this project.   #
# https://opencollective.com/openapi_generator/donate                                      #
############################################################################################
