{"tool":"pint","result":"passed"}Note: Using configuration file /workspace/scratch/e0ba18164d29/multi-tenant/services/assurance/phpstan.neon.

 [OK] No errors                                                                 

  0/16 [░░░░░░░░░░░░░░░░░░░░░░░░░░░░]   0%
 16/16 [▓▓▓▓▓▓▓▓▓▓▓▓▓▓▓▓▓▓▓▓▓▓▓▓▓▓▓▓] 100%


 -------------------------- 
  Report                    
 -------------------- ----- 
  Violations           0    
  Skipped violations   0    
  Uncovered            0    
  Allowed              76   
  Warnings             0    
  Errors               0    
 -------------------- ----- 


  [30;42;1m PASS [39;49;22m[39m Tests\Feature\DependencyHealthTest[39m
  [32;1m✓[39;22m[90m [39m[90munknown or malformed health identities never reach a dependency wit[39m[90m…[39m [90m0.10s[39m  
  [32;1m✓[39;22m[90m [39m[90munknown or malformed health identities never reach a dependency wit[39m[90m…[39m [90m0.01s[39m  
  [32;1m✓[39;22m[90m [39m[90munknown or malformed health identities never reach a dependency wit[39m[90m…[39m [90m0.01s[39m  
  [32;1m✓[39;22m[90m [39m[90munknown or malformed health identities never reach a dependency wit[39m[90m…[39m [90m0.01s[39m  
  [32;1m✓[39;22m[90m [39m[90munknown or malformed health identities never reach a dependency wit[39m[90m…[39m [90m0.01s[39m  
  [32;1m✓[39;22m[90m [39m[90munknown or malformed health identities never reach a dependency with ('Bearer TOKEN extra')[39m
  [32;1m✓[39;22m[90m [39m[90man absent or malformed mounted identity denies even the formerly valid credential with ('absent')[39m
  [32;1m✓[39;22m[90m [39m[90man absent or malformed mounted identity denies even the formerly va[39m[90m…[39m [90m0.01s[39m  
  [32;1m✓[39;22m[90m [39m[90man absent or malformed mounted identity denies even the formerly va[39m[90m…[39m [90m0.01s[39m  
  [32;1m✓[39;22m[90m [39m[90man absent or malformed mounted identity denies even the formerly va[39m[90m…[39m [90m0.01s[39m  
  [32;1m✓[39;22m[90m [39m[90mauthenticated dependency failure is sanitized and never changes pro[39m[90m…[39m [90m0.01s[39m  
  [32;1m✓[39;22m[90m [39m[90msuccessful foundation checks grant only dependency readiness and no[39m[90m…[39m [90m0.02s[39m  
  [32;1m✓[39;22m[90m [39m[90mreplacing a credential file revokes the old token without restartin[39m[90m…[39m [90m0.01s[39m  
  [32;1m✓[39;22m[90m [39m[90mcredential paths cannot use a stream wrapper[39m[90m                        [39m [90m0.01s[39m  
  [32;1m✓[39;22m[90m [39m[90mmounted application key wins and an unavailable file never falls ba[39m[90m…[39m [90m0.01s[39m  
  [32;1m✓[39;22m[90m [39m[90ma TCP peer that never answers TLS negotiation fails within the conn[39m[90m…[39m [90m2.02s[39m  

  [30;42;1m PASS [39;49;22m[39m Tests\Feature\HealthTest[39m
  [32;1m✓[39;22m[90m [39m[90mliveness reports only a running process with no configured service[39m[90m… [39m [90m0.04s[39m  
  [32;1m✓[39;22m[90m [39m[90mreadiness remains closed until the assurance dependencies are implemented[39m
  [32;1m✓[39;22m[90m [39m[90mhealth endpoints reject writes with ('/health/live')[39m
  [32;1m✓[39;22m[90m [39m[90mhealth endpoints reject writes with ('/health/ready')[39m
  [32;1m✓[39;22m[90m [39m[90mbusiness routes are absent and expose no exception diagnostics with ('/v1/tenants/tenant-a/evidence')[39m
  [32;1m✓[39;22m[90m [39m[90mbusiness routes are absent and expose no exception diagnostics with ('/v1/tenants/tenant-a/qualific…isions')[39m
  [32;1m✓[39;22m[90m [39m[90mbusiness routes are absent and expose no exception diagnostics with ('/v1/tenants/tenant-a/supporte…lities')[39m
  [32;1m✓[39;22m[90m [39m[90ma caller cannot configure readiness or start a browser session through health input[39m
  [32;1m✓[39;22m[90m [39m[90munknown routes return JSON even without an accept header[39m

  [30;42;1m PASS [39;49;22m[39m Tests\Feature\PlanningQualificationTest[39m
  [32;1m✓[39;22m[90m [39m[90mit returns explicit unknown when Assurance has no qualification reg[39m[90m…[39m [90m0.01s[39m  
  [32;1m✓[39;22m[90m [39m[90mit does not read a dossier for a mismatched tenant or site[39m
  [32;1m✓[39;22m[90m [39m[90mit keeps exact tuple values typed and fails closed on ambiguous cus[39m[90m…[39m [90m0.01s[39m  

  [30;42;1m PASS [39;49;22m[39m Tests\Feature\TelemetryTest[39m
  [32;1m✓[39;22m[90m [39m[90mdiagnostic buffer is bounded and stale acknowledgement preserves ne[39m[90m…[39m [90m0.01s[39m  
  [32;1m✓[39;22m[90m [39m[90mlock contention and oversized records are explicit without overwriting accepted data[39m
  [32;1m✓[39;22m[90m [39m[90munavailable buffer preserves liveness and reports missing collection[39m
  [32;1m✓[39;22m[90m [39m[90mrequest signals redact arbitrary inputs and correlate without granting authority[39m
  [32;1m✓[39;22m[90m [39m[90mmalformed or zero correlation is replaced and never echoed with ('malformed')[39m
  [32;1m✓[39;22m[90m [39m[90mmalformed or zero correlation is replaced and never echoed with ('00-00000000000000000000000000…ccc-01')[39m
  [32;1m✓[39;22m[90m [39m[90mmalformed or zero correlation is replaced and never echoed with ('00-bbbbbbbbbbbbbbbbbbbbbbbbbb…000-01')[39m

  [30;42;1m PASS [39;49;22m[39m Tests\Architecture\FoundationTest[39m
  [32;1m✓[39;22m[90m [39m[90mservice autoload exposes only its own application and tests[39m[90m         [39m [90m0.01s[39m  
  [32;1m✓[39;22m[90m [39m[90mthe actual bootstrap classes are loaded from the service source[39m
  [32;1m✓[39;22m[90m [39m[90mimplemented application classes use strict types[39m[90m                    [39m [90m0.05s[39m  
  [32;1m✓[39;22m[90m [39m[90mimplemented application classes are final[39m
  [32;1m✓[39;22m[90m [39m[90mdelivery does not reference sibling source or frontend transport[39m[90m    [39m [90m0.01s[39m  

  [90mTests:[39m    [32;1m40 passed[39;22m[90m (188 assertions)[39m
  [90mDuration:[39m [39m2.47s[39m

