
> product-console@0.0.0 build
> vite build

vite v8.3.2 building client environment for production...
transforming...
✓ 608 modules transformed.
rendering chunks...
computing gzip size...
public/build/manifest.json                                   6.50 kB │ gzip:  0.93 kB
public/build/assets/IdentityLayout-DWjcmymb.css              0.88 kB │ gzip:  0.35 kB
public/build/assets/CatalogueLayout-D6KreuYD.css             1.35 kB │ gzip:  0.50 kB
public/build/assets/app-Dmy-sYg9.css                        16.22 kB │ gzip:  4.05 kB
public/build/assets/_plugin-vue_export-helper-BDNMzG2s.js    0.08 kB │ gzip:  0.09 kB
public/build/assets/useAccess-CmZPL0SO.js                    1.11 kB │ gzip:  0.66 kB
public/build/assets/defaults-PkqlGNrL.js                     1.21 kB │ gzip:  0.65 kB
public/build/assets/IdentityLayout-Ds5b5UnI.js               1.22 kB │ gzip:  0.76 kB
public/build/assets/CatalogueLayout-BLs8W5lK.js              1.56 kB │ gzip:  0.78 kB
public/build/assets/Foundation-Ulk5PoNC.js                   1.60 kB │ gzip:  0.83 kB
public/build/assets/Login-DbA08Tdg.js                        1.75 kB │ gzip:  0.82 kB
public/build/assets/Index-9td1WM-u.js                        1.93 kB │ gzip:  0.92 kB
public/build/assets/Index-DeSungHv.js                        1.94 kB │ gzip:  1.06 kB
public/build/assets/Password-D9cnNAhK.js                     2.17 kB │ gzip:  0.88 kB
public/build/assets/ChangeNotice-0G0BxHWl.js                 2.32 kB │ gzip:  1.11 kB
public/build/assets/Account-DTX5W_D0.js                      3.69 kB │ gzip:  1.60 kB
public/build/assets/References-CA8Yi1vt.js                   4.89 kB │ gzip:  2.10 kB
public/build/assets/Setup-RZuFXE0M.js                        5.66 kB │ gzip:  2.33 kB
public/build/assets/Resources-BHDFs0mL.js                    6.19 kB │ gzip:  2.57 kB
public/build/assets/Site-BPskT7Sw.js                         7.00 kB │ gzip:  2.84 kB
public/build/assets/Application-CGfrgi6K.js                  7.29 kB │ gzip:  2.60 kB
public/build/assets/Tenant-NzDTr0VO.js                       8.46 kB │ gzip:  2.79 kB
public/build/assets/Workspace-DySuiTNO.js                   12.21 kB │ gzip:  4.68 kB
public/build/assets/Editor-BFViAAyq.js                      29.44 kB │ gzip:  7.86 kB
public/build/assets/app-9E6YZxTV.js                        185.54 kB │ gzip: 63.56 kB

✓ built in 505ms
npm warn Unknown env config "http-proxy". This will stop working in the next major version of npm.
