{"tool":"pint","result":"passed"}Note: Using configuration file /workspace/scratch/e0ba18164d29/multi-tenant/services/catalogue/phpstan.neon.

 [OK] No errors                                                                 

  0/47 [░░░░░░░░░░░░░░░░░░░░░░░░░░░░]   0%
 19/47 [▓▓▓▓▓▓▓▓▓▓▓░░░░░░░░░░░░░░░░░]  40%
 33/47 [▓▓▓▓▓▓▓▓▓▓▓▓▓▓▓▓▓▓▓░░░░░░░░░]  70%
 47/47 [▓▓▓▓▓▓▓▓▓▓▓▓▓▓▓▓▓▓▓▓▓▓▓▓▓▓▓▓] 100%


 -------------------------- 
  Report                    
 -------------------- ----- 
  Violations           0    
  Skipped violations   0    
  Uncovered            0    
  Allowed              345  
  Warnings             0    
  Errors               0    
 -------------------- ----- 


  [30;43;1m WARN [39;49;22m[39m Tests\Feature\CataloguePersistenceTest[39m
  [33;1m-[39;22m[90m [39m[90mit commits full immutable intent receipt audit event and typed tenant associations in one transaction[39m[90m [39m[33m→ Requires disposable P03 PostgreSQL integration campaign.[39m
  [33;1m-[39;22m[90m [39m[90mit returns the original receipt after a lost response and later edits while rejecting key payload reuse and stale edits[39m[90m [39m[33m→ Requires disposable P03 PostgreSQL integration campaign.[39m
  [33;1m-[39;22m[90m [39m[90mit rejects foreign retired stale shared and wrong-kind references without partial writes with ('foreign')[39m[90m [39m[33m→ Requires disposable P03 PostgreSQL integration campaign.[39m
  [33;1m-[39;22m[90m [39m[90mit rejects foreign retired stale shared and wrong-kind references without partial writes with ('kind')[39m[90m [39m[33m→ Requires disposable P03 PostgreSQL integration campaign.[39m
  [33;1m-[39;22m[90m [39m[90mit rejects foreign retired stale shared and wrong-kind references without partial writes with ('stale')[39m[90m [39m[33m→ Requires disposable P03 PostgreSQL integration campaign.[39m
  [33;1m-[39;22m[90m [39m[90mit rejects foreign retired stale shared and wrong-kind references without partial writes with ('retired')[39m[90m [39m[33m→ Requires disposable P03 PostgreSQL integration campaign.[39m
  [33;1m-[39;22m[90m [39m[90mit enforces separate reference administration and refuses ZIP immutable identity and in-use retirement[39m[90m [39m[33m→ Requires disposable P03 PostgreSQL integration campaign.[39m
  [33;1m-[39;22m[90m [39m[90mit rolls back revision pointer receipt audit and workload bindings when durable outbox persistence fails[39m[90m [39m[33m→ Requires disposable P03 PostgreSQL integration campaign.[39m
  [33;1m-[39;22m[90m [39m[90mit denies runtime modification of immutable history even outside Eloquent[39m[90m [39m[33m→ Requires disposable P03 PostgreSQL integration campaign.[39m
  [33;1m-[39;22m[90m [39m[90mit reauthorizes duplicate receipts history and detail after revocation and isolates route tenant[39m[90m [39m[33m→ Requires disposable P03 PostgreSQL integration campaign.[39m
  [33;1m-[39;22m[90m [39m[90mit never reassigns workloads or deployment identities to another application[39m[90m [39m[33m→ Requires disposable P03 PostgreSQL integration campaign.[39m
  [33;1m-[39;22m[90m [39m[90mit holds explicit non-shared references across applications[39m[90m [39m[33m→ Requires disposable P03 PostgreSQL integration campaign.[39m
  [33;1m-[39;22m[90m [39m[90mit bounds representative large tenant pages and rejects foreign cursors[39m[90m [39m[33m→ Requires disposable P03 PostgreSQL integration campaign.[39m
  [33;1m-[39;22m[90m [39m[90mit retains stable event identity on uncertain delivery and publishes each aggregate in order[39m[90m [39m[33m→ Requires disposable P03 PostgreSQL integration campaign.[39m
  [33;1m-[39;22m[90m [39m[90mit replays controlled migrations without altering published history or receipts[39m[90m [39m[33m→ Requires disposable P03 PostgreSQL integration campaign.[39m

  [30;42;1m PASS [39;49;22m[39m Tests\Feature\DelegatedAdmissionTest[39m
  [32;1m✓[39;22m[90m [39m[90mit uses its independent service credential and route scope and igno[39m[90m…[39m [90m0.06s[39m  
  [32;1m✓[39;22m[90m [39m[90mit requires independent caller identity and actor delegation before[39m[90m…[39m [90m0.01s[39m  
  [32;1m✓[39;22m[90m [39m[90mit never caches authority between allowed revoked and recovered req[39m[90m…[39m [90m0.01s[39m  
  [32;1m✓[39;22m[90m [39m[90mit holds malformed stale widened and wrong-audience authority respo[39m[90m…[39m [90m0.01s[39m  
  [32;1m✓[39;22m[90m [39m[90mit holds malformed stale widened and wrong-audience authority respo[39m[90m…[39m [90m0.01s[39m  
  [32;1m✓[39;22m[90m [39m[90mit holds malformed stale widened and wrong-audience authority respo[39m[90m…[39m [90m0.01s[39m  
  [32;1m✓[39;22m[90m [39m[90mit holds malformed stale widened and wrong-audience authority respo[39m[90m…[39m [90m0.01s[39m  
  [32;1m✓[39;22m[90m [39m[90mit holds malformed stale widened and wrong-audience authority respo[39m[90m…[39m [90m0.01s[39m  
  [32;1m✓[39;22m[90m [39m[90mit holds malformed stale widened and wrong-audience authority respo[39m[90m…[39m [90m0.01s[39m  
  [32;1m✓[39;22m[90m [39m[90mit holds malformed stale widened and wrong-audience authority respo[39m[90m…[39m [90m0.01s[39m  
  [32;1m✓[39;22m[90m [39m[90mit holds malformed stale widened and wrong-audience authority respo[39m[90m…[39m [90m0.04s[39m  
  [32;1m✓[39;22m[90m [39m[90mit fails closed on redirects and missing workload custody[39m[90m           [39m [90m0.03s[39m  
  [32;1m✓[39;22m[90m [39m[90mit retains the owning resource tenant check even if a remote respon[39m[90m…[39m [90m0.02s[39m  

  [30;42;1m PASS [39;49;22m[39m Tests\Feature\DependencyHealthTest[39m
  [32;1m✓[39;22m[90m [39m[90munknown or malformed health identities never reach a dependency wit[39m[90m…[39m [90m0.05s[39m  
  [32;1m✓[39;22m[90m [39m[90munknown or malformed health identities never reach a dependency wit[39m[90m…[39m [90m0.01s[39m  
  [32;1m✓[39;22m[90m [39m[90munknown or malformed health identities never reach a dependency wit[39m[90m…[39m [90m0.01s[39m  
  [32;1m✓[39;22m[90m [39m[90munknown or malformed health identities never reach a dependency wit[39m[90m…[39m [90m0.01s[39m  
  [32;1m✓[39;22m[90m [39m[90munknown or malformed health identities never reach a dependency wit[39m[90m…[39m [90m0.01s[39m  
  [32;1m✓[39;22m[90m [39m[90munknown or malformed health identities never reach a dependency wit[39m[90m…[39m [90m0.01s[39m  
  [32;1m✓[39;22m[90m [39m[90man absent or malformed mounted identity denies even the formerly va[39m[90m…[39m [90m0.01s[39m  
  [32;1m✓[39;22m[90m [39m[90man absent or malformed mounted identity denies even the formerly va[39m[90m…[39m [90m0.01s[39m  
  [32;1m✓[39;22m[90m [39m[90man absent or malformed mounted identity denies even the formerly va[39m[90m…[39m [90m0.01s[39m  
  [32;1m✓[39;22m[90m [39m[90man absent or malformed mounted identity denies even the formerly va[39m[90m…[39m [90m0.01s[39m  
  [32;1m✓[39;22m[90m [39m[90mauthenticated dependency failure is sanitized and never changes pro[39m[90m…[39m [90m0.01s[39m  
  [32;1m✓[39;22m[90m [39m[90msuccessful foundation checks grant only dependency readiness and no[39m[90m…[39m [90m0.01s[39m  
  [32;1m✓[39;22m[90m [39m[90mreplacing a credential file revokes the old token without restartin[39m[90m…[39m [90m0.01s[39m  
  [32;1m✓[39;22m[90m [39m[90mcredential paths cannot use a stream wrapper[39m[90m                        [39m [90m0.01s[39m  
  [32;1m✓[39;22m[90m [39m[90mmounted application key wins and an unavailable file never falls ba[39m[90m…[39m [90m0.01s[39m  
  [32;1m✓[39;22m[90m [39m[90ma TCP peer that never answers TLS negotiation fails within the conn[39m[90m…[39m [90m2.02s[39m  

  [30;42;1m PASS [39;49;22m[39m Tests\Feature\HealthTest[39m
  [32;1m✓[39;22m[90m [39m[90mliveness reports only a running process with no configured service[39m[90m… [39m [90m0.05s[39m  
  [32;1m✓[39;22m[90m [39m[90mreadiness remains closed until the catalogue dependencies are imple[39m[90m…[39m [90m0.01s[39m  
  [32;1m✓[39;22m[90m [39m[90mhealth endpoints reject writes with ('/health/live')[39m[90m                [39m [90m0.01s[39m  
  [32;1m✓[39;22m[90m [39m[90mhealth endpoints reject writes with ('/health/ready')[39m[90m               [39m [90m0.01s[39m  
  [32;1m✓[39;22m[90m [39m[90mbusiness routes are absent and expose no exception diagnostics with[39m[90m…[39m [90m0.01s[39m  
  [32;1m✓[39;22m[90m [39m[90mbusiness routes are absent and expose no exception diagnostics with[39m[90m…[39m [90m0.01s[39m  
  [32;1m✓[39;22m[90m [39m[90mbusiness routes are absent and expose no exception diagnostics with[39m[90m…[39m [90m0.01s[39m  
  [32;1m✓[39;22m[90m [39m[90ma caller cannot configure readiness or start a browser session thro[39m[90m…[39m [90m0.01s[39m  
  [32;1m✓[39;22m[90m [39m[90munknown routes return JSON even without an accept header[39m[90m            [39m [90m0.01s[39m  

  [30;42;1m PASS [39;49;22m[39m Tests\Feature\IntentDocumentTest[39m
  [32;1m✓[39;22m[90m [39m[90mit preserves complete multi-domain intent and unsupported mandatory[39m[90m…[39m [90m0.05s[39m  
  [32;1m✓[39;22m[90m [39m[90mit rejects structural, native-credential and placement ambiguity wi[39m[90m…[39m [90m0.01s[39m  
  [32;1m✓[39;22m[90m [39m[90mit rejects structural, native-credential and placement ambiguity wi[39m[90m…[39m [90m0.01s[39m  
  [32;1m✓[39;22m[90m [39m[90mit rejects structural, native-credential and placement ambiguity wi[39m[90m…[39m [90m0.01s[39m  
  [32;1m✓[39;22m[90m [39m[90mit rejects structural, native-credential and placement ambiguity wi[39m[90m…[39m [90m0.01s[39m  
  [32;1m✓[39;22m[90m [39m[90mit rejects structural, native-credential and placement ambiguity wi[39m[90m…[39m [90m0.01s[39m  
  [32;1m✓[39;22m[90m [39m[90mit rejects structural, native-credential and placement ambiguity wi[39m[90m…[39m [90m0.01s[39m  
  [32;1m✓[39;22m[90m [39m[90mit rejects structural, native-credential and placement ambiguity wi[39m[90m…[39m [90m0.01s[39m  
  [32;1m✓[39;22m[90m [39m[90mit rejects invalid owned graph associations with a stable actionabl[39m[90m…[39m [90m0.01s[39m  
  [32;1m✓[39;22m[90m [39m[90mit rejects invalid owned graph associations with a stable actionabl[39m[90m…[39m [90m0.01s[39m  
  [32;1m✓[39;22m[90m [39m[90mit rejects invalid owned graph associations with a stable actionabl[39m[90m…[39m [90m0.01s[39m  
  [32;1m✓[39;22m[90m [39m[90mit rejects invalid owned graph associations with a stable actionable field with ('duplicate', 'duplicate_identity')[39m
  [32;1m✓[39;22m[90m [39m[90mit rejects invalid owned graph associations with a stable actionable field with ('nic', 'nic_domain_mismatch')[39m
  [32;1m✓[39;22m[90m [39m[90mit rejects invalid owned graph associations with a stable actionable field with ('order', 'device_order_gap')[39m
  [32;1m✓[39;22m[90m [39m[90mit rejects invalid owned graph associations with a stable actionable field with ('boot', 'one_boot_disk_required')[39m
  [32;1m✓[39;22m[90m [39m[90mit rejects invalid owned graph associations with a stable actionable field with ('dataset', 'dangling_dataset')[39m
  [32;1m✓[39;22m[90m [39m[90mit rejects invalid owned graph associations with a stable actionable field with ('interface', 'controlled_interface_required')[39m
  [32;1m✓[39;22m[90m [39m[90mit rejects invalid owned graph associations with a stable actionable field with ('port', 'protocol_port_mismatch')[39m
  [32;1m✓[39;22m[90m [39m[90mit rejects invalid owned graph associations with a stable actionable field with ('service', 'dangling_service_workload')[39m
  [32;1m✓[39;22m[90m [39m[90mit permits bidirectional communication while checking startup and shutdown graphs independently[39m
  [32;1m✓[39;22m[90m [39m[90mit rejects integer values that a browser would silently round with[39m[90m… [39m [90m0.01s[39m  
  [32;1m✓[39;22m[90m [39m[90mit rejects integer values that a browser would silently round with[39m[90m… [39m [90m0.01s[39m  
  [32;1m✓[39;22m[90m [39m[90mit preserves typed requirement values at the interoperable integer boundary[39m
  [32;1m✓[39;22m[90m [39m[90mit rejects an overflowing JSON integer before it can become rounded immutable intent[39m

  [30;42;1m PASS [39;49;22m[39m Tests\Feature\TelemetryTest[39m
  [32;1m✓[39;22m[90m [39m[90mdiagnostic buffer is bounded and stale acknowledgement preserves ne[39m[90m…[39m [90m0.04s[39m  
  [32;1m✓[39;22m[90m [39m[90mlock contention and oversized records are explicit without overwriting accepted data[39m
  [32;1m✓[39;22m[90m [39m[90munavailable buffer preserves liveness and reports missing collectio[39m[90m…[39m [90m0.01s[39m  
  [32;1m✓[39;22m[90m [39m[90mrequest signals redact arbitrary inputs and correlate without grant[39m[90m…[39m [90m0.01s[39m  
  [32;1m✓[39;22m[90m [39m[90mmalformed or zero correlation is replaced and never echoed with ('m[39m[90m…[39m [90m0.01s[39m  
  [32;1m✓[39;22m[90m [39m[90mmalformed or zero correlation is replaced and never echoed with ('0[39m[90m…[39m [90m0.01s[39m  
  [32;1m✓[39;22m[90m [39m[90mmalformed or zero correlation is replaced and never echoed with ('0[39m[90m…[39m [90m0.01s[39m  

  [30;42;1m PASS [39;49;22m[39m Tests\Architecture\FoundationTest[39m
  [32;1m✓[39;22m[90m [39m[90mservice autoload exposes only its own application and tests[39m[90m         [39m [90m0.02s[39m  
  [32;1m✓[39;22m[90m [39m[90mthe actual bootstrap classes are loaded from the service source[39m
  [32;1m✓[39;22m[90m [39m[90mimplemented application classes use strict types[39m[90m                    [39m [90m0.13s[39m  
  [32;1m✓[39;22m[90m [39m[90mimplemented application classes are final[39m
  [32;1m✓[39;22m[90m [39m[90mdelivery does not reference sibling source or frontend transport[39m[90m    [39m [90m0.02s[39m  

  [90mTests:[39m    [33;1m15 skipped[39;22m[90m,[39m[39m [39m[32;1m74 passed[39;22m[90m (247 assertions)[39m
  [90mDuration:[39m [39m3.21s[39m

