
   RuntimeException 

  seed_request_failed:/identity/oidc/callback:401

  at scripts/p03/seed_governance.php:27
     23▕     $response = $kernel->handle($request);
     24▕     $value = json_decode($response->getContent(), true, 512, JSON_THROW_ON_ERROR);
     25▕     $kernel->terminate($request, $response);
     26▕     if ($response->getStatusCode() !== $status) {
  ➜  27▕         throw new RuntimeException('seed_request_failed:'.$path.':'.$response->getStatusCode());
     28▕     }
     29▕     return $value;
     30▕ };
     31▕ $temporary = app(App\Application\Identity\Actions\BootstrapAdministrator::class)->handle();

  1   scripts/p03/seed_governance.php:42
  2   scripts/p03/seed_governance.php:44

[2026-10-06 02:09:07] p03-verification.ERROR: seed_request_failed:/identity/oidc/callback:401 {"exception":"[object] (RuntimeException(code: 0): seed_request_failed:/identity/oidc/callback:401 at /home/runner/work/multi-tenant/multi-tenant/scripts/p03/seed_governance.php:27)
[stacktrace]
#0 /home/runner/work/multi-tenant/multi-tenant/scripts/p03/seed_governance.php(42): {closure:/home/runner/work/multi-tenant/multi-tenant/scripts/p03/seed_governance.php:18}()
#1 /home/runner/work/multi-tenant/multi-tenant/scripts/p03/seed_governance.php(44): {closure:/home/runner/work/multi-tenant/multi-tenant/scripts/p03/seed_governance.php:38}()
#2 {main}
"} 
