
> product-console@0.0.0 build
> vite build

vite v8.3.2 building client environment for production...
transforming...
✓ 598 modules transformed.
rendering chunks...
computing gzip size...
public/build/manifest.json                                   4.93 kB │ gzip:  0.77 kB
public/build/assets/IdentityLayout-DWjcmymb.css              0.88 kB │ gzip:  0.35 kB
public/build/assets/CatalogueLayout-nOgdaTW2.css             1.35 kB │ gzip:  0.50 kB
public/build/assets/app-D19_Xxn_.css                        15.09 kB │ gzip:  3.81 kB
public/build/assets/_plugin-vue_export-helper-BDNMzG2s.js    0.08 kB │ gzip:  0.09 kB
public/build/assets/defaults-PkqlGNrL.js                     1.21 kB │ gzip:  0.65 kB
public/build/assets/IdentityLayout-DnhK2XQ1.js               1.22 kB │ gzip:  0.76 kB
public/build/assets/CatalogueLayout-DcMSu0yv.js              1.43 kB │ gzip:  0.75 kB
public/build/assets/Foundation-BQAXXbXw.js                   1.60 kB │ gzip:  0.83 kB
public/build/assets/Login-BnYDTqR2.js                        1.75 kB │ gzip:  0.82 kB
public/build/assets/Index-DbejN0S3.js                        1.93 kB │ gzip:  0.91 kB
public/build/assets/Password-BbUp1WYD.js                     2.17 kB │ gzip:  0.88 kB
public/build/assets/ChangeNotice-DMfZDDN1.js                 2.32 kB │ gzip:  1.11 kB
public/build/assets/Account-C9da5OiX.js                      3.69 kB │ gzip:  1.60 kB
public/build/assets/References-BBdz7eW_.js                   4.89 kB │ gzip:  2.10 kB
public/build/assets/Setup-CzbRs6uu.js                        5.66 kB │ gzip:  2.33 kB
public/build/assets/Application-29qujbDE.js                  7.06 kB │ gzip:  2.54 kB
public/build/assets/Tenant-De5y4wC5.js                       8.25 kB │ gzip:  2.75 kB
public/build/assets/Editor-DpZyu0rJ.js                      29.44 kB │ gzip:  7.88 kB
public/build/assets/app-BG1ZnUdn.js                        184.96 kB │ gzip: 63.37 kB

✓ built in 530ms
npm warn Unknown env config "http-proxy". This will stop working in the next major version of npm.
