[
    {
        "Id": "sha256:1429951f2c3d98874b753510338e5f0aed487504697618ea5c01170d7ba3fcb8",
        "RepoTags": [
            "p01-lifecycle:ba6acd71513c7d999cf51249d70d9c2be50967d9"
        ],
        "RepoDigests": [],
        "Parent": "",
        "Comment": "buildkit.dockerfile.v0",
        "Created": "2026-10-04T21:57:40.349393634Z",
        "DockerVersion": "",
        "Author": "",
        "Config": {
            "Hostname": "",
            "Domainname": "",
            "User": "10001:10001",
            "AttachStdin": false,
            "AttachStdout": false,
            "AttachStderr": false,
            "Tty": false,
            "OpenStdin": false,
            "StdinOnce": false,
            "Env": [
                "PATH=/opt/venv/bin:/usr/local/bin:/usr/local/sbin:/usr/local/bin:/usr/sbin:/usr/bin:/sbin:/bin",
                "LANG=C.UTF-8",
                "GPG_KEY=7169605F62C751356D054A26A821E680E5FA6305",
                "PYTHON_VERSION=3.12.14",
                "PYTHON_SHA256=5c8462af5790baf43a321a1559dbe0db06d1be4300fb85fb53c40060668e548a",
                "PYTHONDONTWRITEBYTECODE=1",
                "PYTHONUNBUFFERED=1"
            ],
            "Cmd": [
                "liveness"
            ],
            "Healthcheck": {
                "Test": [
                    "NONE"
                ]
            },
            "ArgsEscaped": true,
            "Image": "",
            "Volumes": null,
            "WorkingDir": "/app",
            "Entrypoint": [
                "/opt/venv/bin/lifecycle-health"
            ],
            "OnBuild": null,
            "Labels": {
                "org.opencontainers.image.revision": "ba6acd71513c7d999cf51249d70d9c2be50967d9",
                "org.opencontainers.image.source": "https://github.com/awalker0878/multi-tenant",
                "org.opencontainers.image.title": "product-lifecycle bootstrap"
            }
        },
        "Architecture": "amd64",
        "Os": "linux",
        "Size": 124376463,
        "GraphDriver": {
            "Data": {
                "LowerDir": "/var/lib/docker/overlay2/irkf92he454e4hls8oqwlkjww/diff:/var/lib/docker/overlay2/a7d5ac90f3785d5c5482814366bb76705e7779afa56d5608183c77f1dc9411d5/diff:/var/lib/docker/overlay2/624b422901e29d608ae733f15be34198f0455e3faf2f3678391fa87ce63b2a90/diff:/var/lib/docker/overlay2/56b0b645ef28f2e2831ced4564aadc44787759d795196f7b2996915ff1a43f73/diff:/var/lib/docker/overlay2/281347258a184d08d78984a471e9458985f11fd6abfc898c1e96c739d1918cc0/diff",
                "MergedDir": "/var/lib/docker/overlay2/0frt084snbqmkp05xuhy0fk1d/merged",
                "UpperDir": "/var/lib/docker/overlay2/0frt084snbqmkp05xuhy0fk1d/diff",
                "WorkDir": "/var/lib/docker/overlay2/0frt084snbqmkp05xuhy0fk1d/work"
            },
            "Name": "overlay2"
        },
        "RootFS": {
            "Type": "layers",
            "Layers": [
                "sha256:34467cc93912af891dfee8a3902adf9b4f355a9bca4eaa46f658d1181a21de0d",
                "sha256:16df0073c13c96653ee2b601b16e514321513eb4af983de156c2d4e17df8a5d9",
                "sha256:9639007baab8a136bc468bd5d757fdf79cf5d77b6ff2a87889071252e334fab3",
                "sha256:abca6d63c9dbe51fa3bc42e75e0387da12803ef64430ad151814e468d5e1c203",
                "sha256:d008d7c1bdc43e2b6caf6ec3c47a6b8791387e51940d259f13a1a3ade84ce327",
                "sha256:8ed245e36932425eb6b31c29fe430fac5d2ce6a57f2c16fe38c30fc9325d1237"
            ]
        },
        "Metadata": {
            "LastTagTime": "2026-10-04T21:57:41.006045658Z"
        }
    }
]
