[
    {
        "Id": "sha256:87ef1f7078ab07ff3822199a1572016cd47bc5dc5cd9aae9e6f2d9b2884a50f9",
        "RepoTags": [],
        "RepoDigests": [
            "composer@sha256:bdd249749908be12facc9dec72e19704371bb893f96dff3e024ec89528a5a08d"
        ],
        "Parent": "",
        "Comment": "buildkit.dockerfile.v0",
        "Created": "2026-09-24T19:29:18.895302418Z",
        "DockerVersion": "",
        "Author": "",
        "Config": {
            "Hostname": "",
            "Domainname": "",
            "User": "",
            "AttachStdin": false,
            "AttachStdout": false,
            "AttachStderr": false,
            "Tty": false,
            "OpenStdin": false,
            "StdinOnce": false,
            "Env": [
                "PATH=/usr/local/sbin:/usr/local/bin:/usr/sbin:/usr/bin:/sbin:/bin",
                "PHPIZE_DEPS=autoconf \t\tdpkg-dev dpkg \t\tfile \t\tg++ \t\tgcc \t\tlibc-dev \t\tmake \t\tpkgconf \t\tre2c",
                "PHP_INI_DIR=/usr/local/etc/php",
                "PHP_CFLAGS=-fstack-protector-strong -fpic -fpie -O2 -D_LARGEFILE_SOURCE -D_FILE_OFFSET_BITS=64",
                "PHP_CPPFLAGS=-fstack-protector-strong -fpic -fpie -O2 -D_LARGEFILE_SOURCE -D_FILE_OFFSET_BITS=64",
                "PHP_LDFLAGS=-Wl,-O1 -pie",
                "GPG_KEYS=1198C0117593497A5EC5C199286AF1F9897469DC 49D9AF6BC72A80D6691719C8AA23F5BE9C7097D4 D95C03BC702BE9515344AE3374E44BC9067701A5",
                "PHP_VERSION=8.5.11",
                "PHP_URL=https://www.php.net/distributions/php-8.5.11.tar.xz",
                "PHP_ASC_URL=https://www.php.net/distributions/php-8.5.11.tar.xz.asc",
                "PHP_SHA256=d9be75c08e8c316f4c8f4194d8fbe1750a15f6a6d9d4e3fe72082abeeb800360",
                "COMPOSER_ALLOW_SUPERUSER=1",
                "COMPOSER_HOME=/tmp",
                "COMPOSER_VERSION=2.10.3"
            ],
            "Cmd": [
                "composer"
            ],
            "Image": "",
            "Volumes": null,
            "WorkingDir": "/app",
            "Entrypoint": [
                "/docker-entrypoint.sh"
            ],
            "OnBuild": null,
            "Labels": null
        },
        "Architecture": "amd64",
        "Os": "linux",
        "Size": 224966625,
        "GraphDriver": {
            "Data": {
                "LowerDir": "/var/lib/docker/overlay2/a294fed16900c7ca15dc074cc1f4c4728da2ebf135fc4d43d421a7514ceb6094/diff:/var/lib/docker/overlay2/08f9d0243bbb9cc44303e87387a004a86696a74a3fc8cbf6a278814222c85679/diff:/var/lib/docker/overlay2/76aaa847551b312327ae7f604bfeb4fddd9ce4730c084b0d7175d6b8b62a52f2/diff:/var/lib/docker/overlay2/3b1e74631319ccc118ae0040734f764210d5c8fee329bbe6a8f506d1f4ca65ec/diff:/var/lib/docker/overlay2/9276325ee7850415d7154aed652826e53cb6f49f67d62eb4eabe463f356f0af8/diff:/var/lib/docker/overlay2/cdbf57a5d4828477e6eccc629f60a0bdd76e6e4a33e3c023ea9381e6b2571aed/diff:/var/lib/docker/overlay2/5547cdcf0c9cdaae4906c2c1ab2ea3523f7a7daf5fda4d4a22338a8522a60d9d/diff:/var/lib/docker/overlay2/c36895b5a5b540e3d132a7eabbdb3b4145d11b545cf6c8a543def83b7c1c9f9e/diff:/var/lib/docker/overlay2/e868c394f7f3ec9bea4e2f40c3effc4089a971a6ba21662dbb111e3d5c1b1426/diff:/var/lib/docker/overlay2/06be313f4eef9da3e955bc2aac70b6b49fd26b3fdb32ab50700106d7a1d3b1c2/diff:/var/lib/docker/overlay2/32481d4002b66def3f77fac2eda366c0690b6fb3594ac55abc057ec26b006ae9/diff:/var/lib/docker/overlay2/4894abcbaed26bc1d65bd9124842a631cfb094d8edbde6d92d5ec3d5435c86d2/diff:/var/lib/docker/overlay2/2ae0b48eecfe9a6e2756191da34c38096ffcefcfe60a3735da2ca81df409a0ef/diff",
                "MergedDir": "/var/lib/docker/overlay2/ff61c74380ee6072c409e05a0bba6d92c9d847e516ab5fe43076ce537201fa57/merged",
                "UpperDir": "/var/lib/docker/overlay2/ff61c74380ee6072c409e05a0bba6d92c9d847e516ab5fe43076ce537201fa57/diff",
                "WorkDir": "/var/lib/docker/overlay2/ff61c74380ee6072c409e05a0bba6d92c9d847e516ab5fe43076ce537201fa57/work"
            },
            "Name": "overlay2"
        },
        "RootFS": {
            "Type": "layers",
            "Layers": [
                "sha256:74d97c428c51a828f9051a7a40a53ff1fc99e54fc30323ce36760701b0b7f711",
                "sha256:f894bcbeeff01d09ac43ca4e652d88ef50c6e6ba449b4c9514d0c39575d3e298",
                "sha256:fdfbbcf93bb720e467f60aa69632d20cb493074666005ffa1053d57a265420a0",
                "sha256:435e2e9f327226e2d3efb0d1249d32e68ee071fa218741f1658a45c3d1fbb831",
                "sha256:ea72016acc36578072aa2e2712fbe05a52eac6861f329e5b465432a23f33588b",
                "sha256:14e47ef0b83233ebaf0f2c89e9d65941c6739a2e56e471a9ece51a86cc813bda",
                "sha256:c205a232030fc1120a6259b29ebe20eabe9678dfe673a96aa0effc4f12abbc10",
                "sha256:4804d35aa2f2768425cfed305d9bc1d3f830486aa74e2001c194c74280a34be2",
                "sha256:8c64d87f8ce5010935c40296923bf51c8aa17792685744b4c16e9643549022f5",
                "sha256:d5245671b48d6829d249c097def8c99cb204b3ba51f803693e08c3b840f6c741",
                "sha256:d18d25aae1c72f8b509e04ec69d4caeb31e5f6261aeb128ef5c3ce576c7e186e",
                "sha256:1916bd3b1012de758b3d8e32fa9a4b93909a015c2b90db87b2db11b5066353eb",
                "sha256:8caf5ba97a2d0dbc58d5ae7c055dfd331b1a41df4c184d5776ec5dc69d24d6b3",
                "sha256:255374f7121b1d30666b22eae2b49862d1fad7c86e5c8f6cc9a702c2793a8a25"
            ]
        },
        "Metadata": {
            "LastTagTime": "0001-01-01T00:00:00Z"
        }
    }
]
