#0 building with "default" instance using docker driver

#1 [internal] load build definition from python.Dockerfile
#1 transferring dockerfile: 1.16kB done
#1 WARN: InvalidDefaultArgInFrom: Default value for ARG ${UV_BASE} results in empty or invalid base image name (line 3)
#1 WARN: InvalidDefaultArgInFrom: Default value for ARG ${PYTHON_BASE} results in empty or invalid base image name (line 4)
#1 DONE 0.0s

#2 [internal] load metadata for ghcr.io/astral-sh/uv@sha256:d46db4c7b7f2e75ff80aeef95da4c2c6ff1ad399c13ab85067db4430b7c3b9c3
#2 DONE 0.0s

#3 [internal] load metadata for docker.io/library/python@sha256:1aaa65a85fda306ffb8b910824d4e93bdce61e212c7e87168123ea3073b41a1a
#3 DONE 0.0s

#4 [internal] load .dockerignore
#4 transferring context: 255B done
#4 DONE 0.0s

#5 [uv-tool 1/1] FROM ghcr.io/astral-sh/uv@sha256:d46db4c7b7f2e75ff80aeef95da4c2c6ff1ad399c13ab85067db4430b7c3b9c3
#5 DONE 0.0s

#6 [python-base 1/2] FROM docker.io/library/python@sha256:1aaa65a85fda306ffb8b910824d4e93bdce61e212c7e87168123ea3073b41a1a
#6 DONE 0.0s

#7 [python-base 2/2] WORKDIR /app
#7 CACHED

#8 [internal] load build context
#8 transferring context: 2.42kB done
#8 DONE 0.0s

#9 [dependencies 1/3] COPY --from=uv-tool /uv /usr/local/bin/uv
#9 CACHED

#10 [dependencies 2/3] COPY python/ ./
#10 CACHED

#11 [dependencies 3/3] RUN uv --version && uv sync --locked --no-dev --no-managed-python
#11 0.255 uv 0.12.19 (x86_64-unknown-linux-musl)
#11 0.360 Using CPython 3.12.14 interpreter at: /usr/local/bin/python3
#11 0.360 Creating virtual environment at: .venv
#11 0.366 Resolved 51 packages in 0.69ms
#11 0.440 Downloading pydantic-core (2.0MiB)
#11 0.640  Downloaded pydantic-core
#11 0.641 Prepared 11 packages in 273ms
#11 0.707 Installed 11 packages in 65ms
#11 0.707  + annotated-types==0.8.0
#11 0.707  + anyio==4.15.1
#11 0.707  + certifi==2026.7.22
#11 0.707  + h11==0.16.0
#11 0.707  + httpcore==1.0.9
#11 0.707  + httpx==0.28.1
#11 0.707  + idna==3.20
#11 0.707  + pydantic==2.13.5
#11 0.707  + pydantic-core==2.46.5
#11 0.707  + typing-extensions==4.16.0
#11 0.707  + typing-inspection==0.4.4
#11 DONE 0.8s

#12 [python-runtime 1/3] COPY --from=dependencies /app/.venv/ ./.venv/
#12 DONE 0.1s

#13 [python-runtime 2/3] COPY python/src/ ./src/
#13 DONE 0.0s

#14 [python-runtime 3/3] COPY python/smoke.py python/pyproject.toml python/uv.lock ./
#14 DONE 0.0s

#15 exporting to image
#15 exporting layers
#15 exporting layers 1.0s done
#15 writing image sha256:a6407b25c7698b8ba5d92648e4bdc6c653f570d0ba85dea8f8039079ae42a06c done
#15 naming to docker.io/library/p00-99b8f96d3217:python-runtime done
#15 DONE 1.0s

#16 resolving provenance for metadata file
#16 DONE 0.0s

 [33m2 warnings found (use docker --debug to expand):
[0m - InvalidDefaultArgInFrom: Default value for ARG ${UV_BASE} results in empty or invalid base image name (line 3)
 - InvalidDefaultArgInFrom: Default value for ARG ${PYTHON_BASE} results in empty or invalid base image name (line 4)
