#0 building with "default" instance using docker driver

#1 [internal] load build definition from python.Dockerfile
#1 transferring dockerfile: 1.16kB done
#1 WARN: InvalidDefaultArgInFrom: Default value for ARG ${UV_BASE} results in empty or invalid base image name (line 3)
#1 WARN: InvalidDefaultArgInFrom: Default value for ARG ${PYTHON_BASE} results in empty or invalid base image name (line 4)
#1 DONE 0.0s

#2 [internal] load metadata for docker.io/library/python@sha256:1aaa65a85fda306ffb8b910824d4e93bdce61e212c7e87168123ea3073b41a1a
#2 DONE 0.0s

#3 [internal] load metadata for ghcr.io/astral-sh/uv@sha256:d46db4c7b7f2e75ff80aeef95da4c2c6ff1ad399c13ab85067db4430b7c3b9c3
#3 DONE 0.0s

#4 [internal] load .dockerignore
#4 transferring context: 255B done
#4 DONE 0.0s

#5 [uv-tool 1/1] FROM ghcr.io/astral-sh/uv@sha256:d46db4c7b7f2e75ff80aeef95da4c2c6ff1ad399c13ab85067db4430b7c3b9c3
#5 DONE 0.0s

#6 [python-base 1/2] FROM docker.io/library/python@sha256:1aaa65a85fda306ffb8b910824d4e93bdce61e212c7e87168123ea3073b41a1a
#6 DONE 0.0s

#7 [python-base 2/2] WORKDIR /app
#7 DONE 0.0s

#8 [internal] load build context
#8 transferring context: 106.37kB 0.0s done
#8 DONE 0.0s

#9 [python-quality 1/4] COPY --from=uv-tool /uv /usr/local/bin/uv
#9 DONE 0.3s

#10 [python-quality 2/4] COPY python/ ./
#10 DONE 0.0s

#11 [python-quality 3/4] COPY images/python-quality.sh /opt/p00/python-quality.sh
#11 DONE 0.0s

#12 [python-quality 4/4] RUN uv sync --locked --no-managed-python && chown -R 10001:10001 /app
#12 0.181 Using CPython 3.12.14 interpreter at: /usr/local/bin/python3
#12 0.181 Creating virtual environment at: .venv
#12 0.184 Resolved 51 packages in 0.69ms
#12 0.274 Downloading ruff (9.9MiB)
#12 0.275 Downloading mypy (14.8MiB)
#12 0.275 Downloading grimp (2.2MiB)
#12 0.276 Downloading pydantic-core (2.0MiB)
#12 0.276 Downloading pip (1.7MiB)
#12 0.276 Downloading ast-serialize (1.3MiB)
#12 0.277 Downloading pygments (1.2MiB)
#12 0.629  Downloaded pygments
#12 0.638  Downloaded ast-serialize
#12 0.663  Downloaded pip
#12 0.664  Downloaded pydantic-core
#12 0.674  Downloaded grimp
#12 0.770  Downloaded ruff
#12 0.858  Downloaded mypy
#12 0.858 Prepared 49 packages in 673ms
#12 1.933 Installed 49 packages in 1.07s
#12 1.933  + annotated-types==0.8.0
#12 1.933  + anyio==4.15.1
#12 1.933  + ast-serialize==0.12.1
#12 1.933  + boolean-py==5.0
#12 1.933  + cachecontrol==0.14.4
#12 1.933  + certifi==2026.7.22
#12 1.933  + charset-normalizer==3.5.2
#12 1.933  + click==8.5.0
#12 1.933  + cyclonedx-python-lib==11.12.0
#12 1.933  + defusedxml==0.7.1
#12 1.933  + filelock==4.0.10
#12 1.933  + grimp==3.17
#12 1.933  + h11==0.16.0
#12 1.933  + httpcore==1.0.9
#12 1.933  + httpx==0.28.1
#12 1.933  + idna==3.20
#12 1.933  + import-linter==2.15
#12 1.933  + iniconfig==2.3.0
#12 1.933  + librt==0.16.0
#12 1.933  + license-expression==30.4.4
#12 1.933  + markdown-it-py==4.2.0
#12 1.933  + mdurl==0.1.2
#12 1.933  + msgpack==1.2.3
#12 1.933  + mypy==2.4.0
#12 1.933  + mypy-extensions==1.1.0
#12 1.934  + packageurl-python==0.17.6
#12 1.934  + packaging==26.3
#12 1.934  + pathspec==1.1.1
#12 1.934  + pip==26.2.1
#12 1.934  + pip-api==0.0.35
#12 1.934  + pip-audit==2.10.1
#12 1.934  + pip-requirements-parser==32.0.1
#12 1.934  + platformdirs==4.12.3
#12 1.934  + pluggy==1.6.0
#12 1.934  + py-serializable==2.1.0
#12 1.934  + pydantic==2.13.5
#12 1.934  + pydantic-core==2.46.5
#12 1.934  + pygments==2.21.0
#12 1.934  + pyparsing==3.3.3
#12 1.934  + pytest==9.1.1
#12 1.934  + requests==2.34.2
#12 1.934  + rich==15.0.0
#12 1.934  + ruff==0.16.10
#12 1.934  + sortedcontainers==2.4.0
#12 1.934  + tomli==2.4.1
#12 1.934  + tomli-w==1.2.0
#12 1.934  + typing-extensions==4.16.0
#12 1.934  + typing-inspection==0.4.4
#12 1.934  + urllib3==2.8.0
#12 DONE 2.8s

#13 exporting to image
#13 exporting layers
#13 exporting layers 1.1s done
#13 writing image sha256:e84d6878933144441dc82f820179d8fe9465513c621678a3eed3cef80a4e88da done
#13 naming to docker.io/library/p00-99b8f96d3217:python-quality done
#13 DONE 1.1s

#14 resolving provenance for metadata file
#14 DONE 0.0s

 [33m2 warnings found (use docker --debug to expand):
[0m - InvalidDefaultArgInFrom: Default value for ARG ${UV_BASE} results in empty or invalid base image name (line 3)
 - InvalidDefaultArgInFrom: Default value for ARG ${PYTHON_BASE} results in empty or invalid base image name (line 4)
