[
    {
        "Id": "sha256:e84d6878933144441dc82f820179d8fe9465513c621678a3eed3cef80a4e88da",
        "RepoTags": [
            "p00-99b8f96d3217:python-quality"
        ],
        "RepoDigests": [],
        "Parent": "",
        "Comment": "buildkit.dockerfile.v0",
        "Created": "2026-10-04T20:32:02.541830423Z",
        "DockerVersion": "",
        "Author": "",
        "Config": {
            "Hostname": "",
            "Domainname": "",
            "User": "10001:10001",
            "AttachStdin": false,
            "AttachStdout": false,
            "AttachStderr": false,
            "Tty": false,
            "OpenStdin": false,
            "StdinOnce": false,
            "Env": [
                "PATH=/app/.venv/bin:/usr/local/bin:/usr/local/sbin:/usr/local/bin:/usr/sbin:/usr/bin:/sbin:/bin",
                "LANG=C.UTF-8",
                "GPG_KEY=7169605F62C751356D054A26A821E680E5FA6305",
                "PYTHON_VERSION=3.12.14",
                "PYTHON_SHA256=5c8462af5790baf43a321a1559dbe0db06d1be4300fb85fb53c40060668e548a",
                "PYTHONDONTWRITEBYTECODE=1",
                "PYTHONUNBUFFERED=1",
                "UV_PYTHON_DOWNLOADS=never",
                "UV_LINK_MODE=copy",
                "UV_CACHE_DIR=/tmp/p00-uv-cache",
                "PYTHONPATH=/app/src"
            ],
            "Cmd": [
                "sh",
                "/opt/p00/python-quality.sh"
            ],
            "ArgsEscaped": true,
            "Image": "",
            "Volumes": null,
            "WorkingDir": "/app",
            "Entrypoint": null,
            "OnBuild": null,
            "Labels": null
        },
        "Architecture": "amd64",
        "Os": "linux",
        "Size": 425617464,
        "GraphDriver": {
            "Data": {
                "LowerDir": "/var/lib/docker/overlay2/pp2q1wwqwvk3gnj581s998wwk/diff:/var/lib/docker/overlay2/pyzzdliwoksnzj51bnanbu5l6/diff:/var/lib/docker/overlay2/0xxww1zmtvxe1j2oeqo04y0wz/diff:/var/lib/docker/overlay2/roqgjd3qr3dyag7x13fhjwz4s/diff:/var/lib/docker/overlay2/94e44a03951bbf19d76f6b7058e5f3313ae4100ab8e6c17bd7d3618d015494bd/diff:/var/lib/docker/overlay2/a894f4845c117ce6cab5a7e02ae1e646adf33ed50d3607dc7bfee7e914464a47/diff:/var/lib/docker/overlay2/1bc269fc894d5c7ffb4b237582025fe5907352772e006ae431bf82e9eda72a06/diff:/var/lib/docker/overlay2/9824793b61ed6043b57d4edfcc819ea452a65078428be61a4356c1bfd500769e/diff",
                "MergedDir": "/var/lib/docker/overlay2/024r3ar6x2vddc3w5a5yk5cp5/merged",
                "UpperDir": "/var/lib/docker/overlay2/024r3ar6x2vddc3w5a5yk5cp5/diff",
                "WorkDir": "/var/lib/docker/overlay2/024r3ar6x2vddc3w5a5yk5cp5/work"
            },
            "Name": "overlay2"
        },
        "RootFS": {
            "Type": "layers",
            "Layers": [
                "sha256:34467cc93912af891dfee8a3902adf9b4f355a9bca4eaa46f658d1181a21de0d",
                "sha256:16df0073c13c96653ee2b601b16e514321513eb4af983de156c2d4e17df8a5d9",
                "sha256:9639007baab8a136bc468bd5d757fdf79cf5d77b6ff2a87889071252e334fab3",
                "sha256:abca6d63c9dbe51fa3bc42e75e0387da12803ef64430ad151814e468d5e1c203",
                "sha256:b41b2663096199acead297da9ab3ece60f32b7cc1fbd3d468bbf5348378a1220",
                "sha256:71c818909b7b1bc6535af63f048f554573e7327f2f7db5f10fdabb754e805786",
                "sha256:75d2c969eedf4f618060a4c3f5cde1b8f9b856bd48d568584cac625b1b2bd7fc",
                "sha256:d68b4bf733e90f72f51dde1a67d5e94b41ad390c6ac255bbee00e2db03f1cd48",
                "sha256:022987f1a5b571e6aeadcede1786ecdd3fd677e45778b94608a8eb3242b2e515"
            ]
        },
        "Metadata": {
            "LastTagTime": "2026-10-04T20:32:03.658033653Z"
        }
    }
]
