docker.io/library/php@sha256:c0dc98639fddeaad891a338e1e3fa2b2d724eb616bcd5a0bb1d8afd650e0fda3: Pulling from library/php
774043ccc8cc: Pulling fs layer
611a3d8a1bdf: Pulling fs layer
9b021f831505: Pulling fs layer
38a8a315d5f6: Pulling fs layer
f5978ed912fa: Pulling fs layer
fc607023dd7a: Pulling fs layer
6a39461bdf62: Pulling fs layer
04a6f7b50c77: Pulling fs layer
f720b01afadb: Pulling fs layer
4f4fb700ef54: Pulling fs layer
d7b35ae1920d: Pulling fs layer
fc607023dd7a: Waiting
6a39461bdf62: Waiting
f720b01afadb: Waiting
04a6f7b50c77: Waiting
4f4fb700ef54: Waiting
38a8a315d5f6: Waiting
d7b35ae1920d: Waiting
f5978ed912fa: Waiting
611a3d8a1bdf: Verifying Checksum
611a3d8a1bdf: Download complete
38a8a315d5f6: Download complete
774043ccc8cc: Verifying Checksum
774043ccc8cc: Download complete
fc607023dd7a: Verifying Checksum
fc607023dd7a: Download complete
9b021f831505: Verifying Checksum
9b021f831505: Download complete
f5978ed912fa: Download complete
04a6f7b50c77: Verifying Checksum
04a6f7b50c77: Download complete
f720b01afadb: Verifying Checksum
f720b01afadb: Download complete
6a39461bdf62: Verifying Checksum
6a39461bdf62: Download complete
4f4fb700ef54: Download complete
d7b35ae1920d: Verifying Checksum
d7b35ae1920d: Download complete
774043ccc8cc: Pull complete
611a3d8a1bdf: Pull complete
9b021f831505: Pull complete
38a8a315d5f6: Pull complete
f5978ed912fa: Pull complete
fc607023dd7a: Pull complete
6a39461bdf62: Pull complete
04a6f7b50c77: Pull complete
f720b01afadb: Pull complete
4f4fb700ef54: Pull complete
d7b35ae1920d: Pull complete
Digest: sha256:c0dc98639fddeaad891a338e1e3fa2b2d724eb616bcd5a0bb1d8afd650e0fda3
Status: Downloaded newer image for php@sha256:c0dc98639fddeaad891a338e1e3fa2b2d724eb616bcd5a0bb1d8afd650e0fda3
docker.io/library/php@sha256:c0dc98639fddeaad891a338e1e3fa2b2d724eb616bcd5a0bb1d8afd650e0fda3
