[
    {
        "Id": "sha256:501a19c0798e79f2c3105249975a4021eea064d3772ed2bcad15c4ebccc54727",
        "RepoTags": [
            "p01-console:d0a7cefb23352ffc112638178bb225d20bf12368"
        ],
        "RepoDigests": [],
        "Parent": "",
        "Comment": "buildkit.dockerfile.v0",
        "Created": "2026-10-04T22:18:53.292747212Z",
        "DockerVersion": "",
        "Author": "",
        "Config": {
            "Hostname": "",
            "Domainname": "",
            "User": "10001:10001",
            "AttachStdin": false,
            "AttachStdout": false,
            "AttachStderr": false,
            "ExposedPorts": {
                "9000/tcp": {}
            },
            "Tty": false,
            "OpenStdin": false,
            "StdinOnce": false,
            "Env": [
                "PATH=/usr/local/sbin:/usr/local/bin:/usr/sbin:/usr/bin:/sbin:/bin",
                "PHPIZE_DEPS=autoconf \t\tdpkg-dev \t\tfile \t\tg++ \t\tgcc \t\tlibc-dev \t\tmake \t\tpkg-config \t\tre2c",
                "PHP_INI_DIR=/usr/local/etc/php",
                "PHP_CFLAGS=-fstack-protector-strong -fpic -fpie -O2 -D_LARGEFILE_SOURCE -D_FILE_OFFSET_BITS=64",
                "PHP_CPPFLAGS=-fstack-protector-strong -fpic -fpie -O2 -D_LARGEFILE_SOURCE -D_FILE_OFFSET_BITS=64",
                "PHP_LDFLAGS=-Wl,-O1 -pie",
                "GPG_KEYS=1198C0117593497A5EC5C199286AF1F9897469DC 49D9AF6BC72A80D6691719C8AA23F5BE9C7097D4 D95C03BC702BE9515344AE3374E44BC9067701A5",
                "PHP_VERSION=8.5.11",
                "PHP_URL=https://www.php.net/distributions/php-8.5.11.tar.xz",
                "PHP_ASC_URL=https://www.php.net/distributions/php-8.5.11.tar.xz.asc",
                "PHP_SHA256=d9be75c08e8c316f4c8f4194d8fbe1750a15f6a6d9d4e3fe72082abeeb800360",
                "APP_ENV=production",
                "APP_DEBUG=false"
            ],
            "Cmd": [
                "php-fpm",
                "-F"
            ],
            "ArgsEscaped": true,
            "Image": "",
            "Volumes": null,
            "WorkingDir": "/app",
            "Entrypoint": [
                "/usr/local/bin/service-entrypoint"
            ],
            "OnBuild": null,
            "Labels": {
                "org.opencontainers.image.revision": "d0a7cefb23352ffc112638178bb225d20bf12368"
            },
            "StopSignal": "SIGQUIT"
        },
        "Architecture": "amd64",
        "Os": "linux",
        "Size": 552637408,
        "GraphDriver": {
            "Data": {
                "LowerDir": "/var/lib/docker/overlay2/om0ya2ff1gn599kg3re5lb09j/diff:/var/lib/docker/overlay2/2k0jyny1gx6vwwyj6no6daktc/diff:/var/lib/docker/overlay2/xjqkmvu8fc19vfat4f7zy7xse/diff:/var/lib/docker/overlay2/f32ynojhog0o6ntxp8zg9e4xd/diff:/var/lib/docker/overlay2/mwv2vxedv885y6mqawg12u0k7/diff:/var/lib/docker/overlay2/dez491ghyxjcrnxl0y467dde7/diff:/var/lib/docker/overlay2/letygohinw6v4k0z9e77a7ocv/diff:/var/lib/docker/overlay2/vth4nmuwo8km03nde6o242ki6/diff:/var/lib/docker/overlay2/2l2dgepfcmqj2j0sb2jvh3sbg/diff:/var/lib/docker/overlay2/rmblxmgskzz3ihx5zih42dooa/diff:/var/lib/docker/overlay2/hysemltdvhm5sl81n75fs6z4p/diff:/var/lib/docker/overlay2/zxrg2wcpig1p9qhioaxo36mf7/diff:/var/lib/docker/overlay2/w15tts16gonb1ojlwwtybex67/diff:/var/lib/docker/overlay2/93c439f86a961247880b9ce90df77ca584c5abfbe0eca57eae30f00a67cfd54f/diff:/var/lib/docker/overlay2/632160f7ad2e7fd1b0fe49de80b1b054721e088c2fe6f05e203f63b370f823ca/diff:/var/lib/docker/overlay2/79673162133b16e1b0808eafa04c49d8f8961929051d6e9ed361ea2ad758ced7/diff:/var/lib/docker/overlay2/7d76920f41201f5437c642b9785859185a9cd5f085930c285d2654394757ddae/diff:/var/lib/docker/overlay2/aa80383d88e6191598940104ea598255c64cd5b34edf08977fbf724baef3a534/diff:/var/lib/docker/overlay2/6293daa3f1c9c1590b55491e4c24779755925f34109c3aa82dc7d81af5c1f84b/diff:/var/lib/docker/overlay2/1263a1609f274b7c961d40e201d7e15cbe92c3d506af183916cf97a974170644/diff:/var/lib/docker/overlay2/a9f9cf3f8f3da7d37924f19b657b5fdb25e3ebc6fb2fdb8c8796c486f8d1b4bb/diff:/var/lib/docker/overlay2/6c00b9c4ae4b59dacbc72f0b003d7975c4a0c134ac0ba8862ec41ad94307c4d1/diff:/var/lib/docker/overlay2/2d97f15fc386d767b5dfad678988c82fe6aef6ffea4af4144f48507e1962289a/diff:/var/lib/docker/overlay2/145c2a1e383e2382cc58576554242af2bf9f9034f9242e954eff334595201374/diff",
                "MergedDir": "/var/lib/docker/overlay2/zskl73fdtvjkdo85lkmh59iqg/merged",
                "UpperDir": "/var/lib/docker/overlay2/zskl73fdtvjkdo85lkmh59iqg/diff",
                "WorkDir": "/var/lib/docker/overlay2/zskl73fdtvjkdo85lkmh59iqg/work"
            },
            "Name": "overlay2"
        },
        "RootFS": {
            "Type": "layers",
            "Layers": [
                "sha256:34467cc93912af891dfee8a3902adf9b4f355a9bca4eaa46f658d1181a21de0d",
                "sha256:81274738dbf57317e5435144826219706147834290d012a351d5fc593b5adae2",
                "sha256:0504f653b699e414def5b49113f24c6e542a7846c5df9a799b27c809313dbb4d",
                "sha256:da1395a377a2acc8422d3bc4b7d862885a3a97a3421e3fed1adf62d061ff4f63",
                "sha256:27ac94f3ce3452f11b8a4e05cd00328bc38ad35848dfa0caa7ac7377e2b4c48c",
                "sha256:75906afbd8260b795e6e9b04941130b4bc0f4c137e76562f13753c62972bc5ef",
                "sha256:92e695b6cfd2d361a0864f12771aeb461c040dcd3ac66a0c704bf6e02cd2fc54",
                "sha256:ba5cfed66dabaf73234dbd89396a9011991392d027832714d3bbe68640c82d79",
                "sha256:c5687dee67cf6207590530c6c1c1bf4f1484aa1aeb2a44ff0e0ab0ebb7936ed7",
                "sha256:5f70bf18a086007016e948b04aed3b82103a36bea41755b6cddfaf10ace3c6ef",
                "sha256:a3d8babd0c9ce6e5640c2d87ef48eb3b4adf3e152f63414c1ef6ec0cc9ae911d",
                "sha256:c9c6928373c3c65053a28a1591254a1297491fdc6d6b941a946b4c39d7eae6a3",
                "sha256:f87c499ecc4cd2c0a9691adf9535e865babcb2466b50ec7d57b85c17147180e8",
                "sha256:b8e122d5ffe52124b0ff0f6f5a7082ae9af16566d6e612f0bdc68f00b1c2a03d",
                "sha256:5269bc5e6b8e0c713b7f30cd2abd8b1a7c681925539863541390965b5ed1afa5",
                "sha256:5003e1b9ae6e6ab55371366f78133725d41e70dbe91fa4be89672affdf2eeebb",
                "sha256:a6c8f054e83845ba3daba31d1e5c40102b0b3831e76e73420ec760eb29552324",
                "sha256:9529f3ff2241a42d15ac418bbecf84419d05ed1e663848dc13a9294c84b4ff16",
                "sha256:1246b184fa2e544c37415eeabc5921ca359265ca80d9c3fb36d3b71e25d27947",
                "sha256:08afa8b721f9e88bb7794cf25f1e00d12e405956746f57e450836cd16255814c",
                "sha256:b323e169a0315804753c7f1af39d92b0a0ade2385780d927c33d6fe86cdd8650",
                "sha256:510cbab6c552eb2abde14bb696853316e2430021d1eb09a27908f2632001ed40",
                "sha256:9f55bca58c840060016894dcbe7b8757420a09440546f807c8bda6235cf96e10",
                "sha256:4896882ab81b93b4adf70ee4f44f651b60e522cee972e1ea47dd9bc0dddc8846",
                "sha256:d368a398d6ac3c02d1599d22bac6e6d8a73ad1f09e82c1bec1e2b4838c857a46"
            ]
        },
        "Metadata": {
            "LastTagTime": "2026-10-04T22:18:56.112006872Z"
        }
    }
]
