#0 building with "default" instance using docker driver

#1 [internal] load build definition from Dockerfile
#1 transferring dockerfile: 2.93kB done
#1 DONE 0.0s

#2 [internal] load metadata for docker.io/library/composer@sha256:bdd249749908be12facc9dec72e19704371bb893f96dff3e024ec89528a5a08d
#2 DONE 0.0s

#3 [internal] load metadata for docker.io/library/php@sha256:c0dc98639fddeaad891a338e1e3fa2b2d724eb616bcd5a0bb1d8afd650e0fda3
#3 DONE 0.0s

#4 [internal] load .dockerignore
#4 transferring context: 459B done
#4 DONE 0.0s

#5 [composer-tool 1/1] FROM docker.io/library/composer@sha256:bdd249749908be12facc9dec72e19704371bb893f96dff3e024ec89528a5a08d
#5 DONE 0.0s

#6 [php-base 1/4] FROM docker.io/library/php@sha256:c0dc98639fddeaad891a338e1e3fa2b2d724eb616bcd5a0bb1d8afd650e0fda3
#6 DONE 0.0s

#7 [internal] load build context
#7 transferring context: 389.77kB 0.0s done
#7 DONE 0.0s

#8 [php-base 2/4] COPY build/snapshot.sh /tmp/service-snapshot.sh
#8 CACHED

#9 [php-base 3/4] RUN sh /tmp/service-snapshot.sh     && apt-get update     && apt-get install -y --no-install-recommends libpq-dev     && docker-php-ext-install -j2 pdo_pgsql     && apt-mark manual libpq5     && apt-get purge -y --auto-remove libpq-dev autoconf 		dpkg-dev 		file 		g++ 		gcc 		libc-dev 		make 		pkg-config 		re2c     && rm -rf /var/lib/apt/lists/* /tmp/service-snapshot.sh     && cp "/usr/local/etc/php/php.ini-production" "/usr/local/etc/php/php.ini"
#9 CACHED

#10 [dependencies 1/4] COPY --from=composer-tool /usr/bin/composer /usr/local/bin/composer
#10 CACHED

#11 [php-base 4/4] WORKDIR /app
#11 CACHED

#12 [dependencies 2/4] RUN apt-get update && apt-get install -y --no-install-recommends unzip     && rm -rf /var/lib/apt/lists/*
#12 CACHED

#13 [dependencies 3/4] COPY . ./
#13 DONE 0.0s

#14 [dependencies 4/4] RUN composer --version     && composer validate --strict --no-check-all     && composer install --no-dev --no-plugins --no-scripts --no-interaction         --prefer-dist --no-progress --classmap-authoritative     && composer check-platform-reqs --no-dev     && mkdir -p resources bootstrap/cache
#14 0.148 Composer version 2.10.3 2026-08-27 13:34:23
#14 0.148 PHP version 8.5.11 (/usr/local/bin/php)
#14 0.148 Run the "diagnose" command to get more detailed diagnostics output.
#14 0.230 ./composer.json is valid
#14 0.297 Installing dependencies from lock file
#14 0.299 Verifying lock file contents can be installed on current platform.
#14 0.420 Package operations: 73 installs, 0 updates, 0 removals
#14 0.422   - Downloading doctrine/lexer (3.0.3)
#14 0.423   - Downloading voku/portable-ascii (2.1.1)
#14 0.423   - Downloading symfony/polyfill-php80 (v1.43.0)
#14 0.423   - Downloading symfony/polyfill-mbstring (v1.43.0)
#14 0.423   - Downloading symfony/polyfill-ctype (v1.37.0)
#14 0.424   - Downloading phpoption/phpoption (1.10.0)
#14 0.424   - Downloading graham-campbell/result-type (v1.2.0)
#14 0.424   - Downloading vlucas/phpdotenv (v5.7.0)
#14 0.424   - Downloading symfony/css-selector (v8.1.6)
#14 0.425   - Downloading tijsverkoyen/css-to-inline-styles (v2.4.0)
#14 0.425   - Downloading symfony/var-dumper (v8.1.7)
#14 0.425   - Downloading symfony/polyfill-uuid (v1.43.0)
#14 0.426   - Downloading symfony/uid (v8.1.8)
#14 0.427   - Downloading symfony/deprecation-contracts (v3.7.1)
#14 0.427   - Downloading symfony/routing (v8.1.8)
#14 0.427   - Downloading symfony/process (v8.1.7)
#14 0.427   - Downloading symfony/polyfill-php86 (v1.43.0)
#14 0.427   - Downloading symfony/polyfill-php85 (v1.43.0)
#14 0.427   - Downloading symfony/polyfill-php84 (v1.43.0)
#14 0.427   - Downloading symfony/polyfill-intl-normalizer (v1.43.0)
#14 0.427   - Downloading symfony/polyfill-intl-idn (v1.43.0)
#14 0.427   - Downloading symfony/mime (v8.1.7)
#14 0.427   - Downloading psr/container (2.0.2)
#14 0.427   - Downloading symfony/service-contracts (v3.7.3)
#14 0.427   - Downloading psr/event-dispatcher (1.0.0)
#14 0.427   - Downloading symfony/event-dispatcher-contracts (v3.7.1)
#14 0.427   - Downloading symfony/event-dispatcher (v8.1.5)
#14 0.427   - Downloading psr/log (3.0.2)
#14 0.427   - Downloading egulias/email-validator (4.0.4)
#14 0.427   - Downloading symfony/mailer (v8.1.7)
#14 0.427   - Downloading symfony/http-foundation (v8.1.8)
#14 0.427   - Downloading symfony/error-handler (v8.1.8)
#14 0.427   - Downloading symfony/http-kernel (v8.1.8)
#14 0.427   - Downloading symfony/finder (v8.1.8)
#14 0.427   - Downloading symfony/polyfill-intl-grapheme (v1.43.0)
#14 0.427   - Downloading symfony/string (v8.1.7)
#14 0.428   - Downloading symfony/console (v8.1.8)
#14 0.428   - Downloading ramsey/collection (2.1.1)
#14 0.428   - Downloading brick/math (1.0.0)
#14 0.428   - Downloading ramsey/uuid (4.9.4)
#14 0.428   - Downloading psr/simple-cache (3.0.0)
#14 0.428   - Downloading psr/http-message (2.0)
#14 0.428   - Downloading nunomaduro/termwind (v2.4.0)
#14 0.429   - Downloading symfony/translation-contracts (v3.7.1)
#14 0.429   - Downloading symfony/translation (v8.1.5)
#14 0.429   - Downloading psr/clock (1.0.0)
#14 0.429   - Downloading symfony/clock (v8.1.0)
#14 0.429   - Downloading carbonphp/carbon-doctrine-types (3.2.1)
#14 0.429   - Downloading nesbot/carbon (3.14.2)
#14 0.429   - Downloading monolog/monolog (3.12.1)
#14 0.430   - Downloading psr/http-factory (1.1.0)
#14 0.430   - Downloading league/uri-interfaces (7.8.1)
#14 0.430   - Downloading league/uri (7.8.1)
#14 0.430   - Downloading league/mime-type-detection (1.17.0)
#14 0.430   - Downloading league/flysystem-local (3.35.3)
#14 0.430   - Downloading league/flysystem (3.36.0)
#14 0.430   - Downloading nette/utils (v4.1.5)
#14 0.430   - Downloading nette/schema (v1.3.6)
#14 0.431   - Downloading dflydev/dot-access-data (v3.0.3)
#14 0.431   - Downloading league/config (v1.2.0)
#14 0.431   - Downloading league/commonmark (2.10.3)
#14 0.431   - Downloading laravel/serializable-closure (v2.1.0)
#14 0.431   - Downloading laravel/prompts (v0.3.24)
#14 0.431   - Downloading guzzlehttp/uri-template (v2.0.1)
#14 0.431   - Downloading symfony/polyfill-php82 (v1.43.0)
#14 0.431   - Downloading guzzlehttp/psr7 (3.1.0)
#14 0.432   - Downloading guzzlehttp/promises (3.0.2)
#14 0.432   - Downloading psr/http-client (1.0.3)
#14 0.432   - Downloading guzzlehttp/guzzle (8.2.0)
#14 0.432   - Downloading fruitcake/php-cors (v1.4.0)
#14 0.432   - Downloading dragonmantank/cron-expression (v3.6.0)
#14 0.432   - Downloading doctrine/inflector (2.1.0)
#14 0.432   - Downloading laravel/framework (v13.34.0)
#14 1.591   - Installing doctrine/lexer (3.0.3): Extracting archive
#14 1.593   - Installing voku/portable-ascii (2.1.1): Extracting archive
#14 1.594   - Installing symfony/polyfill-php80 (v1.43.0): Extracting archive
#14 1.596   - Installing symfony/polyfill-mbstring (v1.43.0): Extracting archive
#14 1.597   - Installing symfony/polyfill-ctype (v1.37.0): Extracting archive
#14 1.598   - Installing phpoption/phpoption (1.10.0): Extracting archive
#14 1.599   - Installing graham-campbell/result-type (v1.2.0): Extracting archive
#14 1.600   - Installing vlucas/phpdotenv (v5.7.0): Extracting archive
#14 1.601   - Installing symfony/css-selector (v8.1.6): Extracting archive
#14 1.603   - Installing tijsverkoyen/css-to-inline-styles (v2.4.0): Extracting archive
#14 1.606   - Installing symfony/var-dumper (v8.1.7): Extracting archive
#14 1.606   - Installing symfony/polyfill-uuid (v1.43.0): Extracting archive
#14 1.606   - Installing symfony/uid (v8.1.8): Extracting archive
#14 1.606   - Installing symfony/deprecation-contracts (v3.7.1): Extracting archive
#14 1.606   - Installing symfony/routing (v8.1.8): Extracting archive
#14 1.606   - Installing symfony/process (v8.1.7): Extracting archive
#14 1.606   - Installing symfony/polyfill-php86 (v1.43.0): Extracting archive
#14 1.606   - Installing symfony/polyfill-php85 (v1.43.0): Extracting archive
#14 1.609   - Installing symfony/polyfill-php84 (v1.43.0): Extracting archive
#14 1.609   - Installing symfony/polyfill-intl-normalizer (v1.43.0): Extracting archive
#14 1.609   - Installing symfony/polyfill-intl-idn (v1.43.0): Extracting archive
#14 1.609   - Installing symfony/mime (v8.1.7): Extracting archive
#14 1.610   - Installing psr/container (2.0.2): Extracting archive
#14 1.610   - Installing symfony/service-contracts (v3.7.3): Extracting archive
#14 1.611   - Installing psr/event-dispatcher (1.0.0): Extracting archive
#14 1.613   - Installing symfony/event-dispatcher-contracts (v3.7.1): Extracting archive
#14 1.614   - Installing symfony/event-dispatcher (v8.1.5): Extracting archive
#14 1.614   - Installing psr/log (3.0.2): Extracting archive
#14 1.614   - Installing egulias/email-validator (4.0.4): Extracting archive
#14 1.615   - Installing symfony/mailer (v8.1.7): Extracting archive
#14 1.615   - Installing symfony/http-foundation (v8.1.8): Extracting archive
#14 1.615   - Installing symfony/error-handler (v8.1.8): Extracting archive
#14 1.616   - Installing symfony/http-kernel (v8.1.8): Extracting archive
#14 1.616   - Installing symfony/finder (v8.1.8): Extracting archive
#14 1.616   - Installing symfony/polyfill-intl-grapheme (v1.43.0): Extracting archive
#14 1.616   - Installing symfony/string (v8.1.7): Extracting archive
#14 1.616   - Installing symfony/console (v8.1.8): Extracting archive
#14 1.617   - Installing ramsey/collection (2.1.1): Extracting archive
#14 1.617   - Installing brick/math (1.0.0): Extracting archive
#14 1.617   - Installing ramsey/uuid (4.9.4): Extracting archive
#14 1.617   - Installing psr/simple-cache (3.0.0): Extracting archive
#14 1.617   - Installing psr/http-message (2.0): Extracting archive
#14 1.618   - Installing nunomaduro/termwind (v2.4.0): Extracting archive
#14 1.618   - Installing symfony/translation-contracts (v3.7.1): Extracting archive
#14 1.618   - Installing symfony/translation (v8.1.5): Extracting archive
#14 1.618   - Installing psr/clock (1.0.0): Extracting archive
#14 1.618   - Installing symfony/clock (v8.1.0): Extracting archive
#14 1.619   - Installing carbonphp/carbon-doctrine-types (3.2.1): Extracting archive
#14 1.619   - Installing nesbot/carbon (3.14.2): Extracting archive
#14 1.619   - Installing monolog/monolog (3.12.1): Extracting archive
#14 1.619   - Installing psr/http-factory (1.1.0): Extracting archive
#14 1.619   - Installing league/uri-interfaces (7.8.1): Extracting archive
#14 1.619   - Installing league/uri (7.8.1): Extracting archive
#14 1.620   - Installing league/mime-type-detection (1.17.0): Extracting archive
#14 1.620   - Installing league/flysystem-local (3.35.3): Extracting archive
#14 1.620   - Installing league/flysystem (3.36.0): Extracting archive
#14 1.620   - Installing nette/utils (v4.1.5): Extracting archive
#14 1.620   - Installing nette/schema (v1.3.6): Extracting archive
#14 1.621   - Installing dflydev/dot-access-data (v3.0.3): Extracting archive
#14 1.621   - Installing league/config (v1.2.0): Extracting archive
#14 1.621   - Installing league/commonmark (2.10.3): Extracting archive
#14 1.621   - Installing laravel/serializable-closure (v2.1.0): Extracting archive
#14 1.621   - Installing laravel/prompts (v0.3.24): Extracting archive
#14 1.621   - Installing guzzlehttp/uri-template (v2.0.1): Extracting archive
#14 1.622   - Installing symfony/polyfill-php82 (v1.43.0): Extracting archive
#14 1.622   - Installing guzzlehttp/psr7 (3.1.0): Extracting archive
#14 1.622   - Installing guzzlehttp/promises (3.0.2): Extracting archive
#14 1.622   - Installing psr/http-client (1.0.3): Extracting archive
#14 1.622   - Installing guzzlehttp/guzzle (8.2.0): Extracting archive
#14 1.622   - Installing fruitcake/php-cors (v1.4.0): Extracting archive
#14 1.623   - Installing dragonmantank/cron-expression (v3.6.0): Extracting archive
#14 1.623   - Installing doctrine/inflector (2.1.0): Extracting archive
#14 1.623   - Installing laravel/framework (v13.34.0): Extracting archive
#14 2.720 Generating optimized autoload files
#14 3.201 54 packages you are using are looking for funding.
#14 3.201 Use the `composer fund` command to find out more!
#14 3.327 Checking non-dev platform requirements for packages in the vendor dir
#14 3.335 composer-runtime-api 2.2.2      success                                       
#14 3.335 ext-ctype            *          success provided by symfony/polyfill-ctype    
#14 3.335 ext-dom              20031129   success                                       
#14 3.335 ext-fileinfo         8.5.11     success                                       
#14 3.335 ext-filter           8.5.11     success                                       
#14 3.335 ext-hash             8.5.11     success                                       
#14 3.335 ext-iconv            8.5.11     success                                       
#14 3.335 ext-json             8.5.11     success                                       
#14 3.335 ext-libxml           8.5.11     success                                       
#14 3.335 ext-mbstring         *          success provided by symfony/polyfill-mbstring 
#14 3.335 ext-openssl          8.5.11     success                                       
#14 3.335 ext-pcre             8.5.11     success                                       
#14 3.335 ext-pdo              8.5.11     success                                       
#14 3.335 ext-pdo_pgsql        8.5.11     success                                       
#14 3.335 ext-session          8.5.11     success                                       
#14 3.335 ext-tokenizer        8.5.11     success                                       
#14 3.335 php                  8.5.11     success                                       
#14 DONE 3.5s

#11 [php-base 4/4] WORKDIR /app
#11 CACHED

#15 [php-runtime 1/9] COPY --from=dependencies /app/vendor/ ./vendor/
#15 DONE 1.4s

#16 [php-runtime 2/9] COPY --from=dependencies /app/app/ ./app/
#16 DONE 0.0s

#17 [php-runtime 3/9] COPY --from=dependencies /app/bootstrap/ ./bootstrap/
#17 DONE 0.0s

#18 [php-runtime 4/9] COPY --from=dependencies /app/config/ ./config/
#18 DONE 0.3s

#19 [php-runtime 5/9] COPY --from=dependencies /app/public/ ./public/
#19 DONE 0.0s

#20 [php-runtime 6/9] COPY --from=dependencies /app/routes/ ./routes/
#20 DONE 0.0s

#21 [php-runtime 7/9] COPY --from=dependencies /app/artisan /app/composer.json /app/composer.lock ./
#21 DONE 0.0s

#22 [php-runtime 8/9] COPY --from=dependencies /app/resources/ ./resources/
#22 DONE 0.0s

#23 [php-runtime 9/9] RUN mkdir -p bootstrap/cache storage/framework/cache storage/framework/sessions storage/framework/views storage/logs     && chown -R 10001:10001 bootstrap/cache storage     && printf '[global]\npid = /tmp/php-fpm.pid\n[www]\nlisten = 9000\nclear_env = no\n' > /usr/local/etc/php-fpm.d/zz-service.conf     && printf '%s\n' '#!/bin/sh' 'set -eu'         'mkdir -p /app/bootstrap/cache /app/storage/framework/cache /app/storage/framework/sessions /app/storage/framework/views /app/storage/logs'         'exec docker-php-entrypoint "$@"' > /usr/local/bin/service-entrypoint     && chmod 0755 /usr/local/bin/service-entrypoint
#23 DONE 0.2s

#24 exporting to image
#24 exporting layers
#24 exporting layers 1.8s done
#24 writing image sha256:14df9aa61fc7e9ea20f3fe9747268cb8e8b5ef8a2b4d03408a510ebf80f899df done
#24 naming to docker.io/library/p01-assurance:c9c202786437601c0f000bdf29d7e1e401e773ee done
#24 DONE 1.8s
