[
    {
        "Id": "sha256:14df9aa61fc7e9ea20f3fe9747268cb8e8b5ef8a2b4d03408a510ebf80f899df",
        "RepoTags": [
            "p01-assurance:c9c202786437601c0f000bdf29d7e1e401e773ee"
        ],
        "RepoDigests": [],
        "Parent": "",
        "Comment": "buildkit.dockerfile.v0",
        "Created": "2026-10-05T00:23:51.893842919Z",
        "DockerVersion": "",
        "Author": "",
        "Config": {
            "Hostname": "",
            "Domainname": "",
            "User": "10001:10001",
            "AttachStdin": false,
            "AttachStdout": false,
            "AttachStderr": false,
            "ExposedPorts": {
                "9000/tcp": {}
            },
            "Tty": false,
            "OpenStdin": false,
            "StdinOnce": false,
            "Env": [
                "PATH=/usr/local/sbin:/usr/local/bin:/usr/sbin:/usr/bin:/sbin:/bin",
                "PHPIZE_DEPS=autoconf \t\tdpkg-dev \t\tfile \t\tg++ \t\tgcc \t\tlibc-dev \t\tmake \t\tpkg-config \t\tre2c",
                "PHP_INI_DIR=/usr/local/etc/php",
                "PHP_CFLAGS=-fstack-protector-strong -fpic -fpie -O2 -D_LARGEFILE_SOURCE -D_FILE_OFFSET_BITS=64",
                "PHP_CPPFLAGS=-fstack-protector-strong -fpic -fpie -O2 -D_LARGEFILE_SOURCE -D_FILE_OFFSET_BITS=64",
                "PHP_LDFLAGS=-Wl,-O1 -pie",
                "GPG_KEYS=1198C0117593497A5EC5C199286AF1F9897469DC 49D9AF6BC72A80D6691719C8AA23F5BE9C7097D4 D95C03BC702BE9515344AE3374E44BC9067701A5",
                "PHP_VERSION=8.5.11",
                "PHP_URL=https://www.php.net/distributions/php-8.5.11.tar.xz",
                "PHP_ASC_URL=https://www.php.net/distributions/php-8.5.11.tar.xz.asc",
                "PHP_SHA256=d9be75c08e8c316f4c8f4194d8fbe1750a15f6a6d9d4e3fe72082abeeb800360",
                "APP_ENV=production",
                "APP_DEBUG=false"
            ],
            "Cmd": [
                "php-fpm",
                "-F"
            ],
            "ArgsEscaped": true,
            "Image": "",
            "Volumes": null,
            "WorkingDir": "/app",
            "Entrypoint": [
                "/usr/local/bin/service-entrypoint"
            ],
            "OnBuild": null,
            "Labels": {
                "io.product.component": "assurance",
                "org.opencontainers.image.revision": "c9c202786437601c0f000bdf29d7e1e401e773ee"
            },
            "StopSignal": "SIGQUIT"
        },
        "Architecture": "amd64",
        "Os": "linux",
        "Size": 552206461,
        "GraphDriver": {
            "Data": {
                "LowerDir": "/var/lib/docker/overlay2/sb12ymhtm59im2ol5vbtx2b86/diff:/var/lib/docker/overlay2/wzfrk9wiylavwdkegnzwq4cvp/diff:/var/lib/docker/overlay2/6que5s7h48y28q5ftqgr2ybbg/diff:/var/lib/docker/overlay2/xkmzw0drum17ssw78vpebu10x/diff:/var/lib/docker/overlay2/uq267pwg4ow3lfyqcap9kcncq/diff:/var/lib/docker/overlay2/fpturm1jxfsnvlx6p9tvz69jy/diff:/var/lib/docker/overlay2/398cin83wgyur50h1vgwjljkg/diff:/var/lib/docker/overlay2/u5bienv69b9qr9xlblpqq5t6g/diff:/var/lib/docker/overlay2/nch4lo30hfnrze5x4qcw8ytwp/diff:/var/lib/docker/overlay2/um31za5yl518t75iwkojqcevm/diff:/var/lib/docker/overlay2/5q31t6iije3g0ue5bzd8gvw3v/diff:/var/lib/docker/overlay2/bb537485737284ff1637f037420ef5d10e488bf97867f8d865ebb19687148232/diff:/var/lib/docker/overlay2/fa7e7666adff3d4cc896b2435afbbc7b18aa21f089f4101841a92e0cc4275f6a/diff:/var/lib/docker/overlay2/499cd20d2d63b7409b3a837514d1022d67dad191dbb583321bfaa5d3628b8e78/diff:/var/lib/docker/overlay2/09472c6f4f97165aea32af2a45c753cb97207ddee330968ceeb0cbea9d358d7e/diff:/var/lib/docker/overlay2/0e05dfa60fe81f70f5464303f36b0fa3001aba3dab920464cf0b8a8bc1e198dd/diff:/var/lib/docker/overlay2/be7d77db5b9526e13eed76cec7e8ea3ecd1d92ab71b7efd52f3a99a346808862/diff:/var/lib/docker/overlay2/6b5fed8d9467a00bff6e445c843ffcffa443214187bc355d8b5fe1db94ca8648/diff:/var/lib/docker/overlay2/f797f29963dcfbe611f4be7df5ab554849bca6e9cbf64ff47a49eacc7ddb6210/diff:/var/lib/docker/overlay2/3b6396f099eb94a712ae71f62a44a10d4b5ab805884348c84d61587b200e350a/diff:/var/lib/docker/overlay2/1f02b47bab64c7403dd4ec3d770e4d4a58c32693ad9c95212fbc19149d707198/diff:/var/lib/docker/overlay2/7410d68f002ccc69f00c4c4f160fa5694374780acd79090a8d0be45b873658ac/diff",
                "MergedDir": "/var/lib/docker/overlay2/izw15to4g4uen8yar9xe2wabk/merged",
                "UpperDir": "/var/lib/docker/overlay2/izw15to4g4uen8yar9xe2wabk/diff",
                "WorkDir": "/var/lib/docker/overlay2/izw15to4g4uen8yar9xe2wabk/work"
            },
            "Name": "overlay2"
        },
        "RootFS": {
            "Type": "layers",
            "Layers": [
                "sha256:34467cc93912af891dfee8a3902adf9b4f355a9bca4eaa46f658d1181a21de0d",
                "sha256:81274738dbf57317e5435144826219706147834290d012a351d5fc593b5adae2",
                "sha256:0504f653b699e414def5b49113f24c6e542a7846c5df9a799b27c809313dbb4d",
                "sha256:da1395a377a2acc8422d3bc4b7d862885a3a97a3421e3fed1adf62d061ff4f63",
                "sha256:27ac94f3ce3452f11b8a4e05cd00328bc38ad35848dfa0caa7ac7377e2b4c48c",
                "sha256:75906afbd8260b795e6e9b04941130b4bc0f4c137e76562f13753c62972bc5ef",
                "sha256:92e695b6cfd2d361a0864f12771aeb461c040dcd3ac66a0c704bf6e02cd2fc54",
                "sha256:ba5cfed66dabaf73234dbd89396a9011991392d027832714d3bbe68640c82d79",
                "sha256:c5687dee67cf6207590530c6c1c1bf4f1484aa1aeb2a44ff0e0ab0ebb7936ed7",
                "sha256:5f70bf18a086007016e948b04aed3b82103a36bea41755b6cddfaf10ace3c6ef",
                "sha256:a3d8babd0c9ce6e5640c2d87ef48eb3b4adf3e152f63414c1ef6ec0cc9ae911d",
                "sha256:fb231a9da924c521586fef7cbef702e09a4a02c02a7c19caa0cba1bbe6f78657",
                "sha256:9cd1d4603c2c697df5c96b79ef708dfedc4be038b806b1915d890fb58c0ef39f",
                "sha256:a676122d68524df95d04b42559e7d734ffd0bac966220ce848b153d4d2a619df",
                "sha256:b2c6c6a9c78c220f969405d2ef6dfb80e2ab147cbc86766f23e21d61bb39260a",
                "sha256:67250433dd774cac39dac4d0c12ada4f1edc2e0ba4c3487c81d7a28c2dfeefce",
                "sha256:469ed3746b61fa5b672cfc57f1176a1b01f9bbd4cd367dd45d4173c6844750d1",
                "sha256:83271a1b75b86301fe5a42d18bfdf0c3e92d0b28a609a96fe67dbb62fd1fac5c",
                "sha256:98fa9c912f4532233b22094e5c06e014717aa78157719506dc7bac60ba57eb73",
                "sha256:468810e17716757f5686eacbd8a000d114dfad4367cdd8c874973b762da39fda",
                "sha256:56da419049dda99d8b68b32c17542f74b33d3809428fd665ce5356d0e194c24b",
                "sha256:a8e0402f0156151620abe14be7b40fe3e24719d807a0ed8f041bb3250db6e7c4",
                "sha256:fbf4c0346f72cec12ccfc90c5afc08f1664ef9fd16a3337d2937efcf6f676b43"
            ]
        },
        "Metadata": {
            "LastTagTime": "2026-10-05T00:23:53.6876605Z"
        }
    }
]
