#0 building with "default" instance using docker driver

#1 [internal] load build definition from Dockerfile
#1 transferring dockerfile: 1.53kB done
#1 DONE 0.0s

#2 [auth] library/python:pull token for registry-1.docker.io
#2 DONE 0.0s

#3 [internal] load metadata for ghcr.io/astral-sh/uv@sha256:d46db4c7b7f2e75ff80aeef95da4c2c6ff1ad399c13ab85067db4430b7c3b9c3
#3 DONE 0.2s

#4 [internal] load metadata for docker.io/library/python@sha256:9b8dad7f66b5c7751df6cb7a64a07812e86bed85d0116efe82b3a11209f1440d
#4 DONE 0.3s

#5 [internal] load .dockerignore
#5 transferring context: 206B done
#5 DONE 0.0s

#6 [internal] load build context
#6 transferring context: 41.22kB done
#6 DONE 0.0s

#7 [build 1/6] FROM docker.io/library/python@sha256:9b8dad7f66b5c7751df6cb7a64a07812e86bed85d0116efe82b3a11209f1440d
#7 resolve docker.io/library/python@sha256:9b8dad7f66b5c7751df6cb7a64a07812e86bed85d0116efe82b3a11209f1440d done
#7 extracting sha256:dfd5c69ca31cfb36ae0002c3049cf2d7bf398b9bb1099035e8634e3510ee84da
#7 sha256:dfd5c69ca31cfb36ae0002c3049cf2d7bf398b9bb1099035e8634e3510ee84da 416.26kB / 416.26kB 0.0s done
#7 sha256:7abff04c4f315a5424ff8d34ad0c10700efc2fc32961841df78d2bfc17e1a353 13.77MB / 13.77MB 0.1s
#7 sha256:6eec1681053c5141288662af49733b23283c6aa149e2f077733bd515acdfa190 249B / 249B 0.1s done
#7 sha256:9b8dad7f66b5c7751df6cb7a64a07812e86bed85d0116efe82b3a11209f1440d 1.74kB / 1.74kB done
#7 sha256:8614a50e05881ad79bcf2d4f82028b65a463c03d2d666d255a4332e3d2a0c0ba 5.43kB / 5.43kB done
#7 extracting sha256:dfd5c69ca31cfb36ae0002c3049cf2d7bf398b9bb1099035e8634e3510ee84da 0.1s done
#7 sha256:7abff04c4f315a5424ff8d34ad0c10700efc2fc32961841df78d2bfc17e1a353 13.77MB / 13.77MB 0.1s done
#7 ...

#8 [uv-tool 1/1] FROM ghcr.io/astral-sh/uv@sha256:d46db4c7b7f2e75ff80aeef95da4c2c6ff1ad399c13ab85067db4430b7c3b9c3
#8 resolve ghcr.io/astral-sh/uv@sha256:d46db4c7b7f2e75ff80aeef95da4c2c6ff1ad399c13ab85067db4430b7c3b9c3 done
#8 sha256:d46db4c7b7f2e75ff80aeef95da4c2c6ff1ad399c13ab85067db4430b7c3b9c3 669B / 669B done
#8 sha256:de5ce60260f893ece94ee7b7e9bdc7d0cd51b33e74aabef1358342e642ca71e7 1.30kB / 1.30kB done
#8 sha256:c899545868f84f908ee09e6d932033fc14acdf3a2a8b2d6cdacf573c85450bba 23.52MB / 23.52MB 0.1s done
#8 sha256:54723a59ba9fe2be41df3ad59d75d4738b62774f60a8e988163ed08002fa4215 98B / 98B 0.1s done
#8 extracting sha256:c899545868f84f908ee09e6d932033fc14acdf3a2a8b2d6cdacf573c85450bba 0.3s done
#8 extracting sha256:54723a59ba9fe2be41df3ad59d75d4738b62774f60a8e988163ed08002fa4215 done
#8 DONE 0.5s

#7 [build 1/6] FROM docker.io/library/python@sha256:9b8dad7f66b5c7751df6cb7a64a07812e86bed85d0116efe82b3a11209f1440d
#7 extracting sha256:7abff04c4f315a5424ff8d34ad0c10700efc2fc32961841df78d2bfc17e1a353 0.1s
#7 extracting sha256:7abff04c4f315a5424ff8d34ad0c10700efc2fc32961841df78d2bfc17e1a353 0.6s done
#7 extracting sha256:6eec1681053c5141288662af49733b23283c6aa149e2f077733bd515acdfa190 done
#7 DONE 1.1s

#9 [runtime 2/3] WORKDIR /app
#9 DONE 0.0s

#10 [build 2/6] COPY --from=uv-tool /uv /usr/local/bin/uv
#10 DONE 0.0s

#11 [build 3/6] WORKDIR /build
#11 DONE 0.0s

#12 [build 4/6] COPY .python-version pyproject.toml uv.lock README.md ./
#12 DONE 0.0s

#13 [build 5/6] COPY src/ ./src/
#13 DONE 0.0s

#14 [build 6/6] RUN uv sync --locked --only-group build --no-install-project --no-managed-python     && uv build --offline --no-build-isolation --wheel     && uv venv --no-managed-python --python /usr/local/bin/python /opt/venv     && uv pip install --python /opt/venv/bin/python --offline --no-index --no-deps dist/*.whl
#14 0.449 Using CPython 3.12.14 interpreter at: /usr/local/bin/python3.12
#14 0.449 Creating virtual environment at: .venv
#14 0.457 Resolved 16 packages in 5ms
#14 0.555 Prepared 3 packages in 97ms
#14 0.613 Installed 3 packages in 57ms
#14 0.613  + packaging==26.3
#14 0.613  + setuptools==84.0.0
#14 0.613  + wheel==0.48.0
#14 0.912 Building wheel...
#14 2.218 running bdist_wheel
#14 2.227 running build
#14 2.227 running build_py
#14 2.230 creating build/lib/inventory_worker
#14 2.230 copying src/inventory_worker/__init__.py -> build/lib/inventory_worker
#14 2.231 creating build/lib/inventory_worker/bootstrap
#14 2.231 copying src/inventory_worker/bootstrap/health.py -> build/lib/inventory_worker/bootstrap
#14 2.231 copying src/inventory_worker/bootstrap/__init__.py -> build/lib/inventory_worker/bootstrap
#14 2.232 creating build/lib/inventory_worker/interfaces
#14 2.232 copying src/inventory_worker/interfaces/health.py -> build/lib/inventory_worker/interfaces
#14 2.233 copying src/inventory_worker/interfaces/__init__.py -> build/lib/inventory_worker/interfaces
#14 2.233 running egg_info
#14 2.235 creating src/product_inventory_worker.egg-info
#14 2.237 writing src/product_inventory_worker.egg-info/PKG-INFO
#14 2.237 writing dependency_links to src/product_inventory_worker.egg-info/dependency_links.txt
#14 2.238 writing entry points to src/product_inventory_worker.egg-info/entry_points.txt
#14 2.238 writing top-level names to src/product_inventory_worker.egg-info/top_level.txt
#14 2.238 writing manifest file 'src/product_inventory_worker.egg-info/SOURCES.txt'
#14 2.241 reading manifest file 'src/product_inventory_worker.egg-info/SOURCES.txt'
#14 2.243 writing manifest file 'src/product_inventory_worker.egg-info/SOURCES.txt'
#14 2.244 warning: build_py: byte-compiling is disabled, skipping.
#14 2.244 
#14 2.247 installing to build/bdist.linux-x86_64/wheel
#14 2.247 running install
#14 2.255 running install_lib
#14 2.257 creating build/bdist.linux-x86_64/wheel
#14 2.258 creating build/bdist.linux-x86_64/wheel/inventory_worker
#14 2.258 creating build/bdist.linux-x86_64/wheel/inventory_worker/bootstrap
#14 2.258 copying build/lib/inventory_worker/bootstrap/health.py -> build/bdist.linux-x86_64/wheel/./inventory_worker/bootstrap
#14 2.259 copying build/lib/inventory_worker/bootstrap/__init__.py -> build/bdist.linux-x86_64/wheel/./inventory_worker/bootstrap
#14 2.259 creating build/bdist.linux-x86_64/wheel/inventory_worker/interfaces
#14 2.260 copying build/lib/inventory_worker/interfaces/health.py -> build/bdist.linux-x86_64/wheel/./inventory_worker/interfaces
#14 2.260 copying build/lib/inventory_worker/interfaces/__init__.py -> build/bdist.linux-x86_64/wheel/./inventory_worker/interfaces
#14 2.260 copying build/lib/inventory_worker/__init__.py -> build/bdist.linux-x86_64/wheel/./inventory_worker
#14 2.261 warning: install_lib: byte-compiling is disabled, skipping.
#14 2.261 
#14 2.261 running install_egg_info
#14 2.262 Copying src/product_inventory_worker.egg-info to build/bdist.linux-x86_64/wheel/./product_inventory_worker-0.1.0.dev0-py3.12.egg-info
#14 2.264 running install_scripts
#14 2.265 creating build/bdist.linux-x86_64/wheel/product_inventory_worker-0.1.0.dev0.dist-info/WHEEL
#14 2.266 creating '/build/dist/.tmp-i9al3j4i/product_inventory_worker-0.1.0.dev0-py3-none-any.whl' and adding 'build/bdist.linux-x86_64/wheel' to it
#14 2.266 adding 'inventory_worker/__init__.py'
#14 2.267 adding 'inventory_worker/bootstrap/__init__.py'
#14 2.267 adding 'inventory_worker/bootstrap/health.py'
#14 2.268 adding 'inventory_worker/interfaces/__init__.py'
#14 2.268 adding 'inventory_worker/interfaces/health.py'
#14 2.269 adding 'product_inventory_worker-0.1.0.dev0.dist-info/METADATA'
#14 2.270 adding 'product_inventory_worker-0.1.0.dev0.dist-info/WHEEL'
#14 2.270 adding 'product_inventory_worker-0.1.0.dev0.dist-info/entry_points.txt'
#14 2.270 adding 'product_inventory_worker-0.1.0.dev0.dist-info/top_level.txt'
#14 2.271 adding 'product_inventory_worker-0.1.0.dev0.dist-info/RECORD'
#14 2.271 removing build/bdist.linux-x86_64/wheel
#14 2.304 Successfully built dist/product_inventory_worker-0.1.0.dev0-py3-none-any.whl
#14 2.600 Using CPython 3.12.14 interpreter at: /usr/local/bin/python
#14 2.600 Creating virtual environment at: /opt/venv
#14 2.897 Using Python 3.12.14 environment at: /opt/venv
#14 2.898 Resolved 1 package in 1ms
#14 2.902 Prepared 1 package in 3ms
#14 2.906 Installed 1 package in 4ms
#14 2.906  + product-inventory-worker==0.1.0.dev0 (from file:///build/dist/product_inventory_worker-0.1.0.dev0-py3-none-any.whl)
#14 DONE 2.9s

#15 [runtime 3/3] COPY --from=build /opt/venv/ /opt/venv/
#15 DONE 0.0s

#16 exporting to image
#16 exporting layers
#16 exporting layers 0.5s done
#16 writing image sha256:0d8471c884ed6830d6a16b8add85c9893a3f667efeacb990a306b2cb6e120015 done
#16 naming to docker.io/library/p01-inventory-workers:b7705eef994c50863d87b4d8f9ff272f9397ca37 done
#16 DONE 0.5s
