[
    {
        "Id": "sha256:0d8471c884ed6830d6a16b8add85c9893a3f667efeacb990a306b2cb6e120015",
        "RepoTags": [
            "p01-inventory-workers:b7705eef994c50863d87b4d8f9ff272f9397ca37"
        ],
        "RepoDigests": [],
        "Parent": "",
        "Comment": "buildkit.dockerfile.v0",
        "Created": "2026-10-05T06:32:44.487567415Z",
        "DockerVersion": "",
        "Author": "",
        "Config": {
            "Hostname": "",
            "Domainname": "",
            "User": "10001:10001",
            "AttachStdin": false,
            "AttachStdout": false,
            "AttachStderr": false,
            "Tty": false,
            "OpenStdin": false,
            "StdinOnce": false,
            "Env": [
                "PATH=/opt/venv/bin:/usr/local/bin:/usr/local/sbin:/usr/local/bin:/usr/sbin:/usr/bin:/sbin:/bin",
                "LANG=C.UTF-8",
                "GPG_KEY=7169605F62C751356D054A26A821E680E5FA6305",
                "PYTHON_VERSION=3.12.14",
                "PYTHON_SHA256=5c8462af5790baf43a321a1559dbe0db06d1be4300fb85fb53c40060668e548a",
                "PYTHONDONTWRITEBYTECODE=1",
                "PYTHONUNBUFFERED=1"
            ],
            "Cmd": [
                "liveness"
            ],
            "Healthcheck": {
                "Test": [
                    "NONE"
                ]
            },
            "ArgsEscaped": true,
            "Image": "",
            "Volumes": null,
            "WorkingDir": "/app",
            "Entrypoint": [
                "/opt/venv/bin/inventory-worker-health"
            ],
            "OnBuild": null,
            "Labels": {
                "org.opencontainers.image.revision": "b7705eef994c50863d87b4d8f9ff272f9397ca37",
                "org.opencontainers.image.source": "https://github.com/awalker0878/multi-tenant",
                "org.opencontainers.image.title": "product-inventory-worker bootstrap"
            }
        },
        "Architecture": "amd64",
        "Os": "linux",
        "Size": 48918443,
        "GraphDriver": {
            "Data": {
                "LowerDir": "/var/lib/docker/overlay2/mcapttaycbglc6pkbywcextcs/diff:/var/lib/docker/overlay2/ba6d38d3b0ccbfa88e8fcc00851f7a404b22186c683d200db0c51b8f8dd275e1/diff:/var/lib/docker/overlay2/19e666060d22fdf731387fbcd1e08e0c1e8e77d0b98ac403bdff316df8225f60/diff:/var/lib/docker/overlay2/eb974ebdaae099f0bdf54ac54549b7b9a819955400d344e537b4dd4802efaf10/diff:/var/lib/docker/overlay2/2ae0b48eecfe9a6e2756191da34c38096ffcefcfe60a3735da2ca81df409a0ef/diff",
                "MergedDir": "/var/lib/docker/overlay2/qc37uk3h05cz8k7mosqw5qg0j/merged",
                "UpperDir": "/var/lib/docker/overlay2/qc37uk3h05cz8k7mosqw5qg0j/diff",
                "WorkDir": "/var/lib/docker/overlay2/qc37uk3h05cz8k7mosqw5qg0j/work"
            },
            "Name": "overlay2"
        },
        "RootFS": {
            "Type": "layers",
            "Layers": [
                "sha256:74d97c428c51a828f9051a7a40a53ff1fc99e54fc30323ce36760701b0b7f711",
                "sha256:d1475f57bfeb95f8d89bad4de04d7af788036223b8505b2b5791158c8d885ff0",
                "sha256:90630b4239d75c9daa2f10f7bb6bfe9b45cfc1419783384dd9873dbf2b732fc3",
                "sha256:23d9641aa36e31a0b3699cec59ff9f51478b65b47f5f2c7de83d48293d4d4852",
                "sha256:f74dc9006717dfdd83b573080bf79b82addea4fb6bacea3d20bbaf62d3e118c4",
                "sha256:6fcffcf7e2f8bb8b64d156750dfc943680526c0675f5d25043db31d077e2d7bf"
            ]
        },
        "Metadata": {
            "LastTagTime": "2026-10-05T06:32:45.006724984Z"
        }
    }
]
