[
    {
        "Id": "sha256:e2731e7f540f4af394c7891d617df7455c659a8fc32f1ff32c2891c638b9f01f",
        "RepoTags": [
            "p01-lifecycle:41bbcaec3be5ec0f2abdd534bab2041e46a74e90"
        ],
        "RepoDigests": [],
        "Parent": "",
        "Comment": "buildkit.dockerfile.v0",
        "Created": "2026-10-05T04:59:54.427005245Z",
        "DockerVersion": "",
        "Author": "",
        "Config": {
            "Hostname": "",
            "Domainname": "",
            "User": "10001:10001",
            "AttachStdin": false,
            "AttachStdout": false,
            "AttachStderr": false,
            "Tty": false,
            "OpenStdin": false,
            "StdinOnce": false,
            "Env": [
                "PATH=/opt/venv/bin:/usr/local/bin:/usr/local/sbin:/usr/local/bin:/usr/sbin:/usr/bin:/sbin:/bin",
                "LANG=C.UTF-8",
                "GPG_KEY=7169605F62C751356D054A26A821E680E5FA6305",
                "PYTHON_VERSION=3.12.14",
                "PYTHON_SHA256=5c8462af5790baf43a321a1559dbe0db06d1be4300fb85fb53c40060668e548a",
                "PYTHONDONTWRITEBYTECODE=1",
                "PYTHONUNBUFFERED=1"
            ],
            "Cmd": [
                "liveness"
            ],
            "Healthcheck": {
                "Test": [
                    "NONE"
                ]
            },
            "ArgsEscaped": true,
            "Image": "",
            "Volumes": null,
            "WorkingDir": "/app",
            "Entrypoint": [
                "/opt/venv/bin/lifecycle-health"
            ],
            "OnBuild": null,
            "Labels": {
                "io.product.component": "lifecycle",
                "org.opencontainers.image.revision": "41bbcaec3be5ec0f2abdd534bab2041e46a74e90",
                "org.opencontainers.image.source": "https://github.com/awalker0878/multi-tenant",
                "org.opencontainers.image.title": "product-lifecycle bootstrap"
            }
        },
        "Architecture": "amd64",
        "Os": "linux",
        "Size": 150424080,
        "GraphDriver": {
            "Data": {
                "LowerDir": "/var/lib/docker/overlay2/viupwvd7bd8qqpfpslz3kgyqt/diff:/var/lib/docker/overlay2/wzssj36ry472xqdlmoy8ew3yd/diff:/var/lib/docker/overlay2/xi4qw3o26u5iofaeyswn793fl/diff:/var/lib/docker/overlay2/db13b767ef4b1e869bdebda908a8b712840a960e99d15bd8b8d52ee94053a272/diff:/var/lib/docker/overlay2/1df7c4185a9a6bc363a375bb48db35143c161abba6ecacc85c36c650e8c8c2ef/diff:/var/lib/docker/overlay2/9d72ca802c1ac2660b00d000f196e8507b2e7736bf3081cec01bb5e7d52ad3ce/diff:/var/lib/docker/overlay2/36dcb037c9557b9bc28ec0fdb1df8263d7cb86c9753d4a083a6d2bf6e6306f62/diff",
                "MergedDir": "/var/lib/docker/overlay2/euv6ns3qkt50jo7p6x52214gy/merged",
                "UpperDir": "/var/lib/docker/overlay2/euv6ns3qkt50jo7p6x52214gy/diff",
                "WorkDir": "/var/lib/docker/overlay2/euv6ns3qkt50jo7p6x52214gy/work"
            },
            "Name": "overlay2"
        },
        "RootFS": {
            "Type": "layers",
            "Layers": [
                "sha256:34467cc93912af891dfee8a3902adf9b4f355a9bca4eaa46f658d1181a21de0d",
                "sha256:16df0073c13c96653ee2b601b16e514321513eb4af983de156c2d4e17df8a5d9",
                "sha256:9639007baab8a136bc468bd5d757fdf79cf5d77b6ff2a87889071252e334fab3",
                "sha256:abca6d63c9dbe51fa3bc42e75e0387da12803ef64430ad151814e468d5e1c203",
                "sha256:a281c970c96947c04d15989a623406773c21d3a4fb4e8564ebd7d8766614d10a",
                "sha256:7dc106b01da02e7f5f892b2d6bfd4da701929e883d8013289f2afc8bb4ed8bfe",
                "sha256:442ed1b7931ce5a2e6fc7d2fa258708d31a2f202e2dd732bc3a75a842f201417",
                "sha256:c44b7860d400219e7f6b27d464347bc4869a54283469ace9941ef9494c4965d5"
            ]
        },
        "Metadata": {
            "LastTagTime": "2026-10-05T04:59:55.009402092Z"
        }
    }
]
