
Running 2 tests using 1 worker

  ✓  1 [chromium] › tests/browser-p02/identity.spec.ts:4:1 › deployment credential requires a change, survives reload and cannot be reused (3.2s)
  ✘  2 [chromium] › tests/browser-p02/identity.spec.ts:36:1 › console configuration verifies HTTPS federation and enforces tenant revocation across browsers (9.2s)


  1) [chromium] › tests/browser-p02/identity.spec.ts:36:1 › console configuration verifies HTTPS federation and enforces tenant revocation across browsers 

    Error: expect(locator).toBeVisible() failed

    Locator: getByRole('heading', { name: 'P02 Tenant A', exact: true })
    Expected: visible
    Timeout: 5000ms
    Error: element(s) not found

    Call log:
      - Expect "toBeVisible" getByRole('heading', { name: 'P02 Tenant A', exact: true }) with timeout 5000ms
      - waiting for getByRole('heading', { name: 'P02 Tenant A', exact: true })


      101 |     await expect(reader.getByRole('status')).toContainText('unavailable or your access has changed');
      102 |     await reader.goto(tenantA + '?role=tenant_admin');
    > 103 |     await expect(reader.getByRole('heading', { name: 'P02 Tenant A', exact: true })).toBeVisible();
          |                                                                                      ^
      104 |     await expect(reader.getByRole('heading', { name: 'Memberships', exact: true })).toHaveCount(0);
      105 |     await page.getByRole('listitem').filter({ hasText: 'p02-reader' }).getByRole('button', { name: 'Edit membership' }).click();
      106 |     await page.getByLabel('Membership state', { exact: true }).selectOption('revoked');
        at /home/runner/work/multi-tenant/multi-tenant/apps/console/tests/browser-p02/identity.spec.ts:103:86

    Error Context: test-results/identity-console-configura-4c8e8--revocation-across-browsers-chromium/error-context.md

  1 failed
    [chromium] › tests/browser-p02/identity.spec.ts:36:1 › console configuration verifies HTTPS federation and enforces tenant revocation across browsers 
  1 passed (13.2s)
