
   PASS  Tests\Feature\LocalIdentityTest
  ✓ it generates one high entropy credential and never redisplays or re… 0.15s  
  ✓ it requires independent mounted console identity and rejects health… 0.07s  
  ✓ it enforces first-login restrictions in direct APIs then rotates al… 0.10s  
  ✓ it requires the current password and rejects reuse, short or mismat… 0.08s  
  ✓ it expires temporary sessions and invalidates an explicitly logged…  0.08s  
  ✓ it commits throttling across requests and denies attempts during th… 0.09s  
  ✓ it never recreates a retired identity and rejects its existing sess… 0.13s  
  ✓ it rolls back identity and audit together when outbox persistence f… 0.06s  
  ✓ it refuses bootstrap through redirected or noninteractive command o… 0.09s  

   PASS  Tests\Feature\OidcIdentityTest
  ✓ it stores secret references with encrypted custody and rejects pre-… 0.27s  
  ✓ it preserves local setup after provider failure and never activates… 0.11s  
  ✓ it uses real signed tokens, verifies PKCE and atomically retires ev… 0.14s  
  ✓ it denies forged issuer audience expiry nonce authorized party and…  0.10s  
  ✓ it denies forged issuer audience expiry nonce authorized party and…  0.10s  
  ✓ it denies forged issuer audience expiry nonce authorized party and…  0.10s  
  ✓ it denies forged issuer audience expiry nonce authorized party and…  0.55s  
  ✓ it denies forged issuer audience expiry nonce authorized party and…  0.10s  
  ✓ it denies forged issuer audience expiry nonce authorized party and…  0.10s  
  ✓ it denies forged issuer audience expiry nonce authorized party and…  0.10s  
  ✓ it denies forged issuer audience expiry nonce authorized party and…  0.11s  
  ✓ it denies forged issuer audience expiry nonce authorized party and…  0.10s  
  ✓ it denies forged issuer audience expiry nonce authorized party and…  0.11s  
  ✓ it rejects a forged signature and consumes the failed flow           0.10s  
  ✓ it binds browser state and proof to their initiating session and se… 0.14s  
  ✓ it expires sign-in attempts and handover proofs                      0.12s  
  ✓ it keeps the active connection during draft edits and denies setup…  0.15s  
  ✓ it rolls activation back if its audit outbox cannot commit           0.15s  
  ✓ it refuses insecure URLs and discovery that redirects authority or…  0.09s  
  ✓ it denies metadata and loopback targets and permits only selected p… 0.07s  

   PASS  Tests\Feature\TenancyTest
  ✓ it requires workload and federated identity and grants no implied e… 0.20s  
  ✓ it scopes role decisions by tenant site environment and current mem… 0.20s  
  ✓ it bounds delegated grants and revokes them without trusting a stal… 0.19s  
  ✓ it invalidates old delegated grants when membership revision change… 0.19s  
  ✓ it rejects guessed cross-tenant membership and grant identifiers     0.15s  
  ✓ it keeps quota entitlement distinct from capacity and reservations…  0.18s  
  ✓ it preserves independent immutable histories and refuses removal of… 0.16s  
  ✓ it suspends new access and permits the scoped tenant administrator…  0.16s  
  ✓ it rolls back quota and command receipts if its durable outbox fail… 0.15s  

   PASS  Tests\Feature\ApprovalTest
  ✓ it binds an independent approval to an immutable plan and named exe… 0.24s  
  ✓ it denies self-approval even if the requestor also has a reviewer g… 0.23s  
  ✓ it denies a named executor from approving even if given approval au… 0.23s  
  ✓ it rejects every changed approval binding rather than widening the…  0.23s  
  ✓ it rejects every changed approval binding rather than widening the…  0.24s  
  ✓ it rejects every changed approval binding rather than widening the…  0.23s  
  ✓ it rejects every changed approval binding rather than widening the…  0.24s  
  ✓ it rejects every changed approval binding rather than widening the…  0.24s  
  ✓ it rejects every changed approval binding rather than widening the…  0.27s  
  ✓ it rejects every changed approval binding rather than widening the…  0.58s  
  ✓ it denies an unnamed executor and cross-tenant approval identifiers  0.29s  
  ✓ it records rejection and revocation without destroying history or p… 0.26s  
  ✓ it expires approval authoritatively and records the transition once  0.25s  
  ✓ it requires fresh authority and cannot resurrect an approval after…  0.26s  
  ✓ it fails closed on missing plan authority and detects changed autho… 0.22s  
  ✓ it returns the original idempotent decision but rejects changed rea… 0.25s  
  ✓ it does not fall back to a synthetic plan source in the deployed ad… 0.21s  

  Tests:    55 passed (952 assertions)
  Duration: 9.78s

