#0 building with "default" instance using docker driver

#1 [internal] load build definition from Dockerfile
#1 transferring dockerfile: 2.93kB done
#1 DONE 0.0s

#2 [internal] load metadata for docker.io/library/composer@sha256:bdd249749908be12facc9dec72e19704371bb893f96dff3e024ec89528a5a08d
#2 DONE 0.0s

#3 [internal] load metadata for docker.io/library/php@sha256:c0dc98639fddeaad891a338e1e3fa2b2d724eb616bcd5a0bb1d8afd650e0fda3
#3 DONE 0.0s

#4 [internal] load .dockerignore
#4 transferring context: 459B done
#4 DONE 0.0s

#5 [php-base 1/4] FROM docker.io/library/php@sha256:c0dc98639fddeaad891a338e1e3fa2b2d724eb616bcd5a0bb1d8afd650e0fda3
#5 DONE 0.0s

#6 [composer-tool 1/1] FROM docker.io/library/composer@sha256:bdd249749908be12facc9dec72e19704371bb893f96dff3e024ec89528a5a08d
#6 DONE 0.0s

#7 [internal] load build context
#7 transferring context: 389.62kB 0.0s done
#7 DONE 0.0s

#8 [dependencies 1/4] COPY --from=composer-tool /usr/bin/composer /usr/local/bin/composer
#8 CACHED

#9 [php-base 4/4] WORKDIR /app
#9 CACHED

#10 [php-base 3/4] RUN sh /tmp/service-snapshot.sh     && apt-get update     && apt-get install -y --no-install-recommends libpq-dev     && docker-php-ext-install -j2 pdo_pgsql     && apt-mark manual libpq5     && apt-get purge -y --auto-remove libpq-dev autoconf 		dpkg-dev 		file 		g++ 		gcc 		libc-dev 		make 		pkg-config 		re2c     && rm -rf /var/lib/apt/lists/* /tmp/service-snapshot.sh     && cp "/usr/local/etc/php/php.ini-production" "/usr/local/etc/php/php.ini"
#10 CACHED

#11 [php-base 2/4] COPY build/snapshot.sh /tmp/service-snapshot.sh
#11 CACHED

#12 [dependencies 2/4] RUN apt-get update && apt-get install -y --no-install-recommends unzip     && rm -rf /var/lib/apt/lists/*
#12 CACHED

#13 [dependencies 3/4] COPY . ./
#13 DONE 0.0s

#14 [dependencies 4/4] RUN composer --version     && composer validate --strict --no-check-all     && composer install --no-dev --no-plugins --no-scripts --no-interaction         --prefer-dist --no-progress --classmap-authoritative     && composer check-platform-reqs --no-dev     && mkdir -p resources bootstrap/cache
#14 0.272 Composer version 2.10.3 2026-08-27 13:34:23
#14 0.273 PHP version 8.5.11 (/usr/local/bin/php)
#14 0.273 Run the "diagnose" command to get more detailed diagnostics output.
#14 0.453 ./composer.json is valid
#14 0.601 Installing dependencies from lock file
#14 0.607 Verifying lock file contents can be installed on current platform.
#14 1.278 Package operations: 73 installs, 0 updates, 0 removals
#14 1.283   - Downloading doctrine/lexer (3.0.3)
#14 1.283   - Downloading voku/portable-ascii (2.1.1)
#14 1.284   - Downloading symfony/polyfill-php80 (v1.43.0)
#14 1.284   - Downloading symfony/polyfill-mbstring (v1.43.0)
#14 1.285   - Downloading symfony/polyfill-ctype (v1.37.0)
#14 1.285   - Downloading phpoption/phpoption (1.10.0)
#14 1.286   - Downloading graham-campbell/result-type (v1.2.0)
#14 1.286   - Downloading vlucas/phpdotenv (v5.7.0)
#14 1.287   - Downloading symfony/css-selector (v8.1.6)
#14 1.287   - Downloading tijsverkoyen/css-to-inline-styles (v2.4.0)
#14 1.288   - Downloading symfony/var-dumper (v8.1.7)
#14 1.288   - Downloading symfony/polyfill-uuid (v1.43.0)
#14 1.288   - Downloading symfony/uid (v8.1.8)
#14 1.289   - Downloading symfony/deprecation-contracts (v3.7.1)
#14 1.289   - Downloading symfony/routing (v8.1.8)
#14 1.289   - Downloading symfony/process (v8.1.7)
#14 1.289   - Downloading symfony/polyfill-php86 (v1.43.0)
#14 1.290   - Downloading symfony/polyfill-php85 (v1.43.0)
#14 1.290   - Downloading symfony/polyfill-php84 (v1.43.0)
#14 1.290   - Downloading symfony/polyfill-intl-normalizer (v1.43.0)
#14 1.290   - Downloading symfony/polyfill-intl-idn (v1.43.0)
#14 1.290   - Downloading symfony/mime (v8.1.7)
#14 1.291   - Downloading psr/container (2.0.2)
#14 1.291   - Downloading symfony/service-contracts (v3.7.3)
#14 1.291   - Downloading psr/event-dispatcher (1.0.0)
#14 1.292   - Downloading symfony/event-dispatcher-contracts (v3.7.1)
#14 1.292   - Downloading symfony/event-dispatcher (v8.1.5)
#14 1.292   - Downloading psr/log (3.0.2)
#14 1.293   - Downloading egulias/email-validator (4.0.4)
#14 1.293   - Downloading symfony/mailer (v8.1.7)
#14 1.293   - Downloading symfony/http-foundation (v8.1.8)
#14 1.293   - Downloading symfony/error-handler (v8.1.8)
#14 1.294   - Downloading symfony/http-kernel (v8.1.8)
#14 1.294   - Downloading symfony/finder (v8.1.8)
#14 1.294   - Downloading symfony/polyfill-intl-grapheme (v1.43.0)
#14 1.294   - Downloading symfony/string (v8.1.7)
#14 1.295   - Downloading symfony/console (v8.1.8)
#14 1.295   - Downloading ramsey/collection (2.1.1)
#14 1.296   - Downloading brick/math (1.0.0)
#14 1.296   - Downloading ramsey/uuid (4.9.4)
#14 1.296   - Downloading psr/simple-cache (3.0.0)
#14 1.297   - Downloading psr/http-message (2.0)
#14 1.297   - Downloading nunomaduro/termwind (v2.4.0)
#14 1.297   - Downloading symfony/translation-contracts (v3.7.1)
#14 1.297   - Downloading symfony/translation (v8.1.5)
#14 1.297   - Downloading psr/clock (1.0.0)
#14 1.298   - Downloading symfony/clock (v8.1.0)
#14 1.298   - Downloading carbonphp/carbon-doctrine-types (3.2.1)
#14 1.298   - Downloading nesbot/carbon (3.14.2)
#14 1.299   - Downloading monolog/monolog (3.12.1)
#14 1.299   - Downloading psr/http-factory (1.1.0)
#14 1.299   - Downloading league/uri-interfaces (7.8.1)
#14 1.300   - Downloading league/uri (7.8.1)
#14 1.300   - Downloading league/mime-type-detection (1.17.0)
#14 1.300   - Downloading league/flysystem-local (3.35.3)
#14 1.300   - Downloading league/flysystem (3.36.0)
#14 1.300   - Downloading nette/utils (v4.1.5)
#14 1.301   - Downloading nette/schema (v1.3.6)
#14 1.301   - Downloading dflydev/dot-access-data (v3.0.3)
#14 1.301   - Downloading league/config (v1.2.0)
#14 1.302   - Downloading league/commonmark (2.10.3)
#14 1.302   - Downloading laravel/serializable-closure (v2.1.0)
#14 1.302   - Downloading laravel/prompts (v0.3.24)
#14 1.302   - Downloading guzzlehttp/uri-template (v2.0.1)
#14 1.303   - Downloading symfony/polyfill-php82 (v1.43.0)
#14 1.303   - Downloading guzzlehttp/psr7 (3.1.0)
#14 1.303   - Downloading guzzlehttp/promises (3.0.2)
#14 1.303   - Downloading psr/http-client (1.0.3)
#14 1.304   - Downloading guzzlehttp/guzzle (8.2.0)
#14 1.304   - Downloading fruitcake/php-cors (v1.4.0)
#14 1.304   - Downloading dragonmantank/cron-expression (v3.6.0)
#14 1.305   - Downloading doctrine/inflector (2.1.0)
#14 1.305   - Downloading laravel/framework (v13.34.0)
#14 2.394   - Installing doctrine/lexer (3.0.3): Extracting archive
#14 2.396   - Installing voku/portable-ascii (2.1.1): Extracting archive
#14 2.398   - Installing symfony/polyfill-php80 (v1.43.0): Extracting archive
#14 2.398   - Installing symfony/polyfill-mbstring (v1.43.0): Extracting archive
#14 2.400   - Installing symfony/polyfill-ctype (v1.37.0): Extracting archive
#14 2.403   - Installing phpoption/phpoption (1.10.0): Extracting archive
#14 2.407   - Installing graham-campbell/result-type (v1.2.0): Extracting archive
#14 2.408   - Installing vlucas/phpdotenv (v5.7.0): Extracting archive
#14 2.413   - Installing symfony/css-selector (v8.1.6): Extracting archive
#14 2.414   - Installing tijsverkoyen/css-to-inline-styles (v2.4.0): Extracting archive
#14 2.422   - Installing symfony/var-dumper (v8.1.7): Extracting archive
#14 2.423   - Installing symfony/polyfill-uuid (v1.43.0): Extracting archive
#14 2.424   - Installing symfony/uid (v8.1.8): Extracting archive
#14 2.424   - Installing symfony/deprecation-contracts (v3.7.1): Extracting archive
#14 2.425   - Installing symfony/routing (v8.1.8): Extracting archive
#14 2.428   - Installing symfony/process (v8.1.7): Extracting archive
#14 2.429   - Installing symfony/polyfill-php86 (v1.43.0): Extracting archive
#14 2.430   - Installing symfony/polyfill-php85 (v1.43.0): Extracting archive
#14 2.430   - Installing symfony/polyfill-php84 (v1.43.0): Extracting archive
#14 2.434   - Installing symfony/polyfill-intl-normalizer (v1.43.0): Extracting archive
#14 2.435   - Installing symfony/polyfill-intl-idn (v1.43.0): Extracting archive
#14 2.435   - Installing symfony/mime (v8.1.7): Extracting archive
#14 2.437   - Installing psr/container (2.0.2): Extracting archive
#14 2.438   - Installing symfony/service-contracts (v3.7.3): Extracting archive
#14 2.439   - Installing psr/event-dispatcher (1.0.0): Extracting archive
#14 2.439   - Installing symfony/event-dispatcher-contracts (v3.7.1): Extracting archive
#14 2.442   - Installing symfony/event-dispatcher (v8.1.5): Extracting archive
#14 2.443   - Installing psr/log (3.0.2): Extracting archive
#14 2.443   - Installing egulias/email-validator (4.0.4): Extracting archive
#14 2.444   - Installing symfony/mailer (v8.1.7): Extracting archive
#14 2.444   - Installing symfony/http-foundation (v8.1.8): Extracting archive
#14 2.445   - Installing symfony/error-handler (v8.1.8): Extracting archive
#14 2.446   - Installing symfony/http-kernel (v8.1.8): Extracting archive
#14 2.447   - Installing symfony/finder (v8.1.8): Extracting archive
#14 2.447   - Installing symfony/polyfill-intl-grapheme (v1.43.0): Extracting archive
#14 2.448   - Installing symfony/string (v8.1.7): Extracting archive
#14 2.448   - Installing symfony/console (v8.1.8): Extracting archive
#14 2.449   - Installing ramsey/collection (2.1.1): Extracting archive
#14 2.450   - Installing brick/math (1.0.0): Extracting archive
#14 2.450   - Installing ramsey/uuid (4.9.4): Extracting archive
#14 2.451   - Installing psr/simple-cache (3.0.0): Extracting archive
#14 2.452   - Installing psr/http-message (2.0): Extracting archive
#14 2.452   - Installing nunomaduro/termwind (v2.4.0): Extracting archive
#14 2.453   - Installing symfony/translation-contracts (v3.7.1): Extracting archive
#14 2.454   - Installing symfony/translation (v8.1.5): Extracting archive
#14 2.454   - Installing psr/clock (1.0.0): Extracting archive
#14 2.455   - Installing symfony/clock (v8.1.0): Extracting archive
#14 2.455   - Installing carbonphp/carbon-doctrine-types (3.2.1): Extracting archive
#14 2.456   - Installing nesbot/carbon (3.14.2): Extracting archive
#14 2.457   - Installing monolog/monolog (3.12.1): Extracting archive
#14 2.457   - Installing psr/http-factory (1.1.0): Extracting archive
#14 2.458   - Installing league/uri-interfaces (7.8.1): Extracting archive
#14 2.458   - Installing league/uri (7.8.1): Extracting archive
#14 2.459   - Installing league/mime-type-detection (1.17.0): Extracting archive
#14 2.459   - Installing league/flysystem-local (3.35.3): Extracting archive
#14 2.460   - Installing league/flysystem (3.36.0): Extracting archive
#14 2.460   - Installing nette/utils (v4.1.5): Extracting archive
#14 2.461   - Installing nette/schema (v1.3.6): Extracting archive
#14 2.461   - Installing dflydev/dot-access-data (v3.0.3): Extracting archive
#14 2.462   - Installing league/config (v1.2.0): Extracting archive
#14 2.463   - Installing league/commonmark (2.10.3): Extracting archive
#14 2.463   - Installing laravel/serializable-closure (v2.1.0): Extracting archive
#14 2.464   - Installing laravel/prompts (v0.3.24): Extracting archive
#14 2.464   - Installing guzzlehttp/uri-template (v2.0.1): Extracting archive
#14 2.465   - Installing symfony/polyfill-php82 (v1.43.0): Extracting archive
#14 2.465   - Installing guzzlehttp/psr7 (3.1.0): Extracting archive
#14 2.466   - Installing guzzlehttp/promises (3.0.2): Extracting archive
#14 2.467   - Installing psr/http-client (1.0.3): Extracting archive
#14 2.468   - Installing guzzlehttp/guzzle (8.2.0): Extracting archive
#14 2.469   - Installing fruitcake/php-cors (v1.4.0): Extracting archive
#14 2.469   - Installing dragonmantank/cron-expression (v3.6.0): Extracting archive
#14 2.470   - Installing doctrine/inflector (2.1.0): Extracting archive
#14 2.470   - Installing laravel/framework (v13.34.0): Extracting archive
#14 3.925 Generating optimized autoload files
#14 4.989 54 packages you are using are looking for funding.
#14 4.989 Use the `composer fund` command to find out more!
#14 5.191 Checking non-dev platform requirements for packages in the vendor dir
#14 5.202 composer-runtime-api 2.2.2      success                                       
#14 5.202 ext-ctype            *          success provided by symfony/polyfill-ctype    
#14 5.202 ext-dom              20031129   success                                       
#14 5.202 ext-fileinfo         8.5.11     success                                       
#14 5.203 ext-filter           8.5.11     success                                       
#14 5.203 ext-hash             8.5.11     success                                       
#14 5.203 ext-iconv            8.5.11     success                                       
#14 5.203 ext-json             8.5.11     success                                       
#14 5.203 ext-libxml           8.5.11     success                                       
#14 5.203 ext-mbstring         *          success provided by symfony/polyfill-mbstring 
#14 5.203 ext-openssl          8.5.11     success                                       
#14 5.203 ext-pcre             8.5.11     success                                       
#14 5.203 ext-pdo              8.5.11     success                                       
#14 5.203 ext-pdo_pgsql        8.5.11     success                                       
#14 5.203 ext-session          8.5.11     success                                       
#14 5.203 ext-tokenizer        8.5.11     success                                       
#14 5.204 php                  8.5.11     success                                       
#14 DONE 5.2s

#9 [php-base 4/4] WORKDIR /app
#9 CACHED

#15 [php-runtime 1/9] COPY --from=dependencies /app/vendor/ ./vendor/
#15 DONE 1.1s

#16 [php-runtime 2/9] COPY --from=dependencies /app/app/ ./app/
#16 DONE 0.0s

#17 [php-runtime 3/9] COPY --from=dependencies /app/bootstrap/ ./bootstrap/
#17 DONE 0.0s

#18 [php-runtime 4/9] COPY --from=dependencies /app/config/ ./config/
#18 DONE 0.0s

#19 [php-runtime 5/9] COPY --from=dependencies /app/public/ ./public/
#19 DONE 0.0s

#20 [php-runtime 6/9] COPY --from=dependencies /app/routes/ ./routes/
#20 DONE 0.0s

#21 [php-runtime 7/9] COPY --from=dependencies /app/artisan /app/composer.json /app/composer.lock ./
#21 DONE 0.0s

#22 [php-runtime 8/9] COPY --from=dependencies /app/resources/ ./resources/
#22 DONE 0.0s

#23 [php-runtime 9/9] RUN mkdir -p bootstrap/cache storage/framework/cache storage/framework/sessions storage/framework/views storage/logs     && chown -R 10001:10001 bootstrap/cache storage     && printf '[global]\npid = /tmp/php-fpm.pid\n[www]\nlisten = 9000\nclear_env = no\n' > /usr/local/etc/php-fpm.d/zz-service.conf     && printf '%s\n' '#!/bin/sh' 'set -eu'         'mkdir -p /app/bootstrap/cache /app/storage/framework/cache /app/storage/framework/sessions /app/storage/framework/views /app/storage/logs'         'exec docker-php-entrypoint "$@"' > /usr/local/bin/service-entrypoint     && chmod 0755 /usr/local/bin/service-entrypoint
#23 DONE 0.2s

#24 exporting to image
#24 exporting layers
#24 exporting layers 2.8s done
#24 writing image sha256:c3e9c5b34fa92b0c8ef2628b09d20afdd79418b8a2ea2eabb4798e2d290e9999 done
#24 naming to docker.io/library/p01-assurance:5122e256fb49ba55ee797f02771e7b12c4109481 done
#24 DONE 2.8s
