{
  "schemaVersion": 2,
  "mediaType": "application/vnd.oci.image.manifest.v1+json",
  "config": {
    "mediaType": "application/vnd.oci.image.config.v1+json",
    "digest": "sha256:b390522f07c58e679098bb25225b197a7524e5e8f72a9748dd1b76aa96699b91",
    "size": 3064
  },
  "layers": [
    {
      "mediaType": "application/vnd.oci.image.layer.v1.tar+gzip",
      "digest": "sha256:eaac70c68abdf6ffacf6de10d31ed9de4813505d1a794eb7393cb27fceb624a6",
      "size": 48503440
    },
    {
      "mediaType": "application/vnd.oci.image.layer.v1.tar+gzip",
      "digest": "sha256:7b2de2423ebd9d3290883175c0e46dccd6de955b08e6e9a5bd20909e3face240",
      "size": 24056077
    },
    {
      "mediaType": "application/vnd.oci.image.layer.v1.tar+gzip",
      "digest": "sha256:81578410df169380efec491bfdc60a7e586d4b48ef4c0aeb9b6ff085812d9a7d",
      "size": 64424271
    },
    {
      "mediaType": "application/vnd.oci.image.layer.v1.tar+gzip",
      "digest": "sha256:1ddf5cf9dbcdbe710d916cd51857336eacb515c330836b363b4ba246253d021b",
      "size": 92575887
    },
    {
      "mediaType": "application/vnd.oci.image.layer.v1.tar+gzip",
      "digest": "sha256:ef1dbfdbb5d59bdeac07b1398a9f0808b453513bf6a76eb3ffd509a284483095",
      "size": 71077884
    },
    {
      "mediaType": "application/vnd.oci.image.layer.v1.tar+gzip",
      "digest": "sha256:2ef8b006eb07afec59943e9532c912e1391ad061c6dcba6a19648a0e4cb29fae",
      "size": 126
    },
    {
      "mediaType": "application/vnd.oci.image.layer.v1.tar+gzip",
      "digest": "sha256:4f4fb700ef54461cfa02571ae0db9a0dc1e0cdb5577484a6d75e68dc38e8acc1",
      "size": 32
    }
  ],
  "annotations": {
    "com.docker.official-images.bashbrew.arch": "amd64",
    "org.opencontainers.image.base.digest": "sha256:3143266296a102272e713b232372287e4e8f792a518635c562c18136d596ee1b",
    "org.opencontainers.image.base.name": "buildpack-deps:bookworm-scm",
    "org.opencontainers.image.created": "2026-09-19T02:16:26Z",
    "org.opencontainers.image.revision": "c4664da1bd8d0cbc975460744d90c031b409c215",
    "org.opencontainers.image.source": "https://github.com/docker-library/golang.git#c4664da1bd8d0cbc975460744d90c031b409c215:1.27/bookworm",
    "org.opencontainers.image.url": "https://hub.docker.com/_/golang",
    "org.opencontainers.image.version": "1.27.1-bookworm"
  }
}