Loading composer repositories with package information
Updating dependencies
Lock file operations: 74 installs, 0 updates, 0 removals
  - Locking brick/math (1.0.0)
  - Locking carbonphp/carbon-doctrine-types (3.2.1)
  - Locking dflydev/dot-access-data (v3.0.3)
  - Locking doctrine/inflector (2.1.0)
  - Locking doctrine/lexer (3.0.3)
  - Locking dragonmantank/cron-expression (v3.6.0)
  - Locking egulias/email-validator (4.0.4)
  - Locking fruitcake/php-cors (v1.4.0)
  - Locking graham-campbell/result-type (v1.2.0)
  - Locking guzzlehttp/guzzle (8.2.0)
  - Locking guzzlehttp/promises (3.0.2)
  - Locking guzzlehttp/psr7 (3.1.0)
  - Locking guzzlehttp/uri-template (v2.0.1)
  - Locking inertiajs/inertia-laravel (v3.5.1)
  - Locking laravel/framework (v13.34.0)
  - Locking laravel/prompts (v0.3.24)
  - Locking laravel/serializable-closure (v2.1.0)
  - Locking league/commonmark (2.10.3)
  - Locking league/config (v1.2.0)
  - Locking league/flysystem (3.36.0)
  - Locking league/flysystem-local (3.35.3)
  - Locking league/mime-type-detection (1.17.0)
  - Locking league/uri (7.8.1)
  - Locking league/uri-interfaces (7.8.1)
  - Locking monolog/monolog (3.12.1)
  - Locking nesbot/carbon (3.14.2)
  - Locking nette/schema (v1.3.6)
  - Locking nette/utils (v4.1.5)
  - Locking nunomaduro/termwind (v2.4.0)
  - Locking phpoption/phpoption (1.10.0)
  - Locking psr/clock (1.0.0)
  - Locking psr/container (2.0.2)
  - Locking psr/event-dispatcher (1.0.0)
  - Locking psr/http-client (1.0.3)
  - Locking psr/http-factory (1.1.0)
  - Locking psr/http-message (2.0)
  - Locking psr/log (3.0.2)
  - Locking psr/simple-cache (3.0.0)
  - Locking ramsey/collection (2.1.1)
  - Locking ramsey/uuid (4.9.4)
  - Locking symfony/clock (v8.1.0)
  - Locking symfony/console (v8.1.8)
  - Locking symfony/css-selector (v8.1.6)
  - Locking symfony/deprecation-contracts (v3.7.1)
  - Locking symfony/error-handler (v8.1.8)
  - Locking symfony/event-dispatcher (v8.1.5)
  - Locking symfony/event-dispatcher-contracts (v3.7.1)
  - Locking symfony/finder (v8.1.8)
  - Locking symfony/http-foundation (v8.1.8)
  - Locking symfony/http-kernel (v8.1.8)
  - Locking symfony/mailer (v8.1.7)
  - Locking symfony/mime (v8.1.7)
  - Locking symfony/polyfill-ctype (v1.37.0)
  - Locking symfony/polyfill-intl-grapheme (v1.43.0)
  - Locking symfony/polyfill-intl-idn (v1.43.0)
  - Locking symfony/polyfill-intl-normalizer (v1.43.0)
  - Locking symfony/polyfill-mbstring (v1.43.0)
  - Locking symfony/polyfill-php80 (v1.43.0)
  - Locking symfony/polyfill-php82 (v1.43.0)
  - Locking symfony/polyfill-php84 (v1.43.0)
  - Locking symfony/polyfill-php85 (v1.43.0)
  - Locking symfony/polyfill-php86 (v1.43.0)
  - Locking symfony/polyfill-uuid (v1.43.0)
  - Locking symfony/process (v8.1.7)
  - Locking symfony/routing (v8.1.8)
  - Locking symfony/service-contracts (v3.7.3)
  - Locking symfony/string (v8.1.7)
  - Locking symfony/translation (v8.1.5)
  - Locking symfony/translation-contracts (v3.7.1)
  - Locking symfony/uid (v8.1.8)
  - Locking symfony/var-dumper (v8.1.7)
  - Locking tijsverkoyen/css-to-inline-styles (v2.4.0)
  - Locking vlucas/phpdotenv (v5.7.0)
  - Locking voku/portable-ascii (2.1.1)
Writing lock file
Installing dependencies from lock file (including require-dev)
Package operations: 74 installs, 0 updates, 0 removals
  - Downloading doctrine/lexer (3.0.3)
  - Downloading symfony/polyfill-mbstring (v1.43.0)
  - Downloading symfony/polyfill-intl-normalizer (v1.43.0)
  - Downloading symfony/polyfill-intl-grapheme (v1.43.0)
  - Downloading symfony/polyfill-ctype (v1.37.0)
  - Downloading symfony/string (v8.1.7)
  - Downloading symfony/deprecation-contracts (v3.7.1)
  - Downloading psr/container (2.0.2)
  - Downloading symfony/service-contracts (v3.7.3)
  - Downloading symfony/polyfill-php85 (v1.43.0)
  - Downloading symfony/console (v8.1.8)
  - Downloading voku/portable-ascii (2.1.1)
  - Downloading symfony/polyfill-php80 (v1.43.0)
  - Downloading phpoption/phpoption (1.10.0)
  - Downloading graham-campbell/result-type (v1.2.0)
  - Downloading vlucas/phpdotenv (v5.7.0)
  - Downloading symfony/css-selector (v8.1.6)
  - Downloading tijsverkoyen/css-to-inline-styles (v2.4.0)
  - Downloading symfony/var-dumper (v8.1.7)
  - Downloading symfony/polyfill-uuid (v1.43.0)
  - Downloading symfony/uid (v8.1.8)
  - Downloading symfony/routing (v8.1.8)
  - Downloading symfony/process (v8.1.7)
  - Downloading symfony/polyfill-php86 (v1.43.0)
  - Downloading symfony/polyfill-php84 (v1.43.0)
  - Downloading symfony/polyfill-intl-idn (v1.43.0)
  - Downloading symfony/mime (v8.1.7)
  - Downloading psr/event-dispatcher (1.0.0)
  - Downloading symfony/event-dispatcher-contracts (v3.7.1)
  - Downloading symfony/event-dispatcher (v8.1.5)
  - Downloading psr/log (3.0.2)
  - Downloading egulias/email-validator (4.0.4)
  - Downloading symfony/mailer (v8.1.7)
  - Downloading symfony/http-foundation (v8.1.8)
  - Downloading symfony/error-handler (v8.1.8)
  - Downloading symfony/http-kernel (v8.1.8)
  - Downloading symfony/finder (v8.1.8)
  - Downloading ramsey/collection (2.1.1)
  - Downloading brick/math (1.0.0)
  - Downloading ramsey/uuid (4.9.4)
  - Downloading psr/simple-cache (3.0.0)
  - Downloading psr/http-message (2.0)
  - Downloading nunomaduro/termwind (v2.4.0)
  - Downloading symfony/translation-contracts (v3.7.1)
  - Downloading symfony/translation (v8.1.5)
  - Downloading psr/clock (1.0.0)
  - Downloading symfony/clock (v8.1.0)
  - Downloading carbonphp/carbon-doctrine-types (3.2.1)
  - Downloading nesbot/carbon (3.14.2)
  - Downloading monolog/monolog (3.12.1)
  - Downloading psr/http-factory (1.1.0)
  - Downloading league/uri-interfaces (7.8.1)
  - Downloading league/uri (7.8.1)
  - Downloading league/mime-type-detection (1.17.0)
  - Downloading league/flysystem-local (3.35.3)
  - Downloading league/flysystem (3.36.0)
  - Downloading nette/utils (v4.1.5)
  - Downloading nette/schema (v1.3.6)
  - Downloading dflydev/dot-access-data (v3.0.3)
  - Downloading league/config (v1.2.0)
  - Downloading league/commonmark (2.10.3)
  - Downloading laravel/serializable-closure (v2.1.0)
  - Downloading laravel/prompts (v0.3.24)
  - Downloading guzzlehttp/uri-template (v2.0.1)
  - Downloading symfony/polyfill-php82 (v1.43.0)
  - Downloading guzzlehttp/psr7 (3.1.0)
  - Downloading guzzlehttp/promises (3.0.2)
  - Downloading psr/http-client (1.0.3)
  - Downloading guzzlehttp/guzzle (8.2.0)
  - Downloading fruitcake/php-cors (v1.4.0)
  - Downloading dragonmantank/cron-expression (v3.6.0)
  - Downloading doctrine/inflector (2.1.0)
  - Downloading laravel/framework (v13.34.0)
  - Downloading inertiajs/inertia-laravel (v3.5.1)
  - Installing doctrine/lexer (3.0.3): Extracting archive
  - Installing symfony/polyfill-mbstring (v1.43.0): Extracting archive
  - Installing symfony/polyfill-intl-normalizer (v1.43.0): Extracting archive
  - Installing symfony/polyfill-intl-grapheme (v1.43.0): Extracting archive
  - Installing symfony/polyfill-ctype (v1.37.0): Extracting archive
  - Installing symfony/string (v8.1.7): Extracting archive
  - Installing symfony/deprecation-contracts (v3.7.1): Extracting archive
  - Installing psr/container (2.0.2): Extracting archive
  - Installing symfony/service-contracts (v3.7.3): Extracting archive
  - Installing symfony/polyfill-php85 (v1.43.0): Extracting archive
  - Installing symfony/console (v8.1.8): Extracting archive
  - Installing voku/portable-ascii (2.1.1): Extracting archive
  - Installing symfony/polyfill-php80 (v1.43.0): Extracting archive
  - Installing phpoption/phpoption (1.10.0): Extracting archive
  - Installing graham-campbell/result-type (v1.2.0): Extracting archive
  - Installing vlucas/phpdotenv (v5.7.0): Extracting archive
  - Installing symfony/css-selector (v8.1.6): Extracting archive
  - Installing tijsverkoyen/css-to-inline-styles (v2.4.0): Extracting archive
  - Installing symfony/var-dumper (v8.1.7): Extracting archive
  - Installing symfony/polyfill-uuid (v1.43.0): Extracting archive
  - Installing symfony/uid (v8.1.8): Extracting archive
  - Installing symfony/routing (v8.1.8): Extracting archive
  - Installing symfony/process (v8.1.7): Extracting archive
  - Installing symfony/polyfill-php86 (v1.43.0): Extracting archive
  - Installing symfony/polyfill-php84 (v1.43.0): Extracting archive
  - Installing symfony/polyfill-intl-idn (v1.43.0): Extracting archive
  - Installing symfony/mime (v8.1.7): Extracting archive
  - Installing psr/event-dispatcher (1.0.0): Extracting archive
  - Installing symfony/event-dispatcher-contracts (v3.7.1): Extracting archive
  - Installing symfony/event-dispatcher (v8.1.5): Extracting archive
  - Installing psr/log (3.0.2): Extracting archive
  - Installing egulias/email-validator (4.0.4): Extracting archive
  - Installing symfony/mailer (v8.1.7): Extracting archive
  - Installing symfony/http-foundation (v8.1.8): Extracting archive
  - Installing symfony/error-handler (v8.1.8): Extracting archive
  - Installing symfony/http-kernel (v8.1.8): Extracting archive
  - Installing symfony/finder (v8.1.8): Extracting archive
  - Installing ramsey/collection (2.1.1): Extracting archive
  - Installing brick/math (1.0.0): Extracting archive
  - Installing ramsey/uuid (4.9.4): Extracting archive
  - Installing psr/simple-cache (3.0.0): Extracting archive
  - Installing psr/http-message (2.0): Extracting archive
  - Installing nunomaduro/termwind (v2.4.0): Extracting archive
  - Installing symfony/translation-contracts (v3.7.1): Extracting archive
  - Installing symfony/translation (v8.1.5): Extracting archive
  - Installing psr/clock (1.0.0): Extracting archive
  - Installing symfony/clock (v8.1.0): Extracting archive
  - Installing carbonphp/carbon-doctrine-types (3.2.1): Extracting archive
  - Installing nesbot/carbon (3.14.2): Extracting archive
  - Installing monolog/monolog (3.12.1): Extracting archive
  - Installing psr/http-factory (1.1.0): Extracting archive
  - Installing league/uri-interfaces (7.8.1): Extracting archive
  - Installing league/uri (7.8.1): Extracting archive
  - Installing league/mime-type-detection (1.17.0): Extracting archive
  - Installing league/flysystem-local (3.35.3): Extracting archive
  - Installing league/flysystem (3.36.0): Extracting archive
  - Installing nette/utils (v4.1.5): Extracting archive
  - Installing nette/schema (v1.3.6): Extracting archive
  - Installing dflydev/dot-access-data (v3.0.3): Extracting archive
  - Installing league/config (v1.2.0): Extracting archive
  - Installing league/commonmark (2.10.3): Extracting archive
  - Installing laravel/serializable-closure (v2.1.0): Extracting archive
  - Installing laravel/prompts (v0.3.24): Extracting archive
  - Installing guzzlehttp/uri-template (v2.0.1): Extracting archive
  - Installing symfony/polyfill-php82 (v1.43.0): Extracting archive
  - Installing guzzlehttp/psr7 (3.1.0): Extracting archive
  - Installing guzzlehttp/promises (3.0.2): Extracting archive
  - Installing psr/http-client (1.0.3): Extracting archive
  - Installing guzzlehttp/guzzle (8.2.0): Extracting archive
  - Installing fruitcake/php-cors (v1.4.0): Extracting archive
  - Installing dragonmantank/cron-expression (v3.6.0): Extracting archive
  - Installing doctrine/inflector (2.1.0): Extracting archive
  - Installing laravel/framework (v13.34.0): Extracting archive
  - Installing inertiajs/inertia-laravel (v3.5.1): Extracting archive
46 package suggestions were added by new dependencies, use `composer suggest` to see details.
Generating autoload files
54 packages you are using are looking for funding.
Use the `composer fund` command to find out more!
