[
    {
        "Id": "sha256:207f424606653f4633b2225ee655c02e3ded47ece8d95beeadd73eeb3f00d191",
        "RepoTags": [
            "p01-catalogue:41bbcaec3be5ec0f2abdd534bab2041e46a74e90"
        ],
        "RepoDigests": [],
        "Parent": "",
        "Comment": "buildkit.dockerfile.v0",
        "Created": "2026-10-05T05:00:21.630125453Z",
        "DockerVersion": "",
        "Author": "",
        "Config": {
            "Hostname": "",
            "Domainname": "",
            "User": "10001:10001",
            "AttachStdin": false,
            "AttachStdout": false,
            "AttachStderr": false,
            "ExposedPorts": {
                "9000/tcp": {}
            },
            "Tty": false,
            "OpenStdin": false,
            "StdinOnce": false,
            "Env": [
                "PATH=/usr/local/sbin:/usr/local/bin:/usr/sbin:/usr/bin:/sbin:/bin",
                "PHPIZE_DEPS=autoconf \t\tdpkg-dev \t\tfile \t\tg++ \t\tgcc \t\tlibc-dev \t\tmake \t\tpkg-config \t\tre2c",
                "PHP_INI_DIR=/usr/local/etc/php",
                "PHP_CFLAGS=-fstack-protector-strong -fpic -fpie -O2 -D_LARGEFILE_SOURCE -D_FILE_OFFSET_BITS=64",
                "PHP_CPPFLAGS=-fstack-protector-strong -fpic -fpie -O2 -D_LARGEFILE_SOURCE -D_FILE_OFFSET_BITS=64",
                "PHP_LDFLAGS=-Wl,-O1 -pie",
                "GPG_KEYS=1198C0117593497A5EC5C199286AF1F9897469DC 49D9AF6BC72A80D6691719C8AA23F5BE9C7097D4 D95C03BC702BE9515344AE3374E44BC9067701A5",
                "PHP_VERSION=8.5.11",
                "PHP_URL=https://www.php.net/distributions/php-8.5.11.tar.xz",
                "PHP_ASC_URL=https://www.php.net/distributions/php-8.5.11.tar.xz.asc",
                "PHP_SHA256=d9be75c08e8c316f4c8f4194d8fbe1750a15f6a6d9d4e3fe72082abeeb800360",
                "APP_ENV=production",
                "APP_DEBUG=false"
            ],
            "Cmd": [
                "php-fpm",
                "-F"
            ],
            "ArgsEscaped": true,
            "Image": "",
            "Volumes": null,
            "WorkingDir": "/app",
            "Entrypoint": [
                "/usr/local/bin/service-entrypoint"
            ],
            "OnBuild": null,
            "Labels": {
                "io.product.component": "catalogue",
                "org.opencontainers.image.revision": "41bbcaec3be5ec0f2abdd534bab2041e46a74e90"
            },
            "StopSignal": "SIGQUIT"
        },
        "Architecture": "amd64",
        "Os": "linux",
        "Size": 560170898,
        "GraphDriver": {
            "Data": {
                "LowerDir": "/var/lib/docker/overlay2/4md2n33yco5s2ze2dy0iye0ej/diff:/var/lib/docker/overlay2/qp6tcnz3xvlynhp06o0k1bjmu/diff:/var/lib/docker/overlay2/378wuq1hk9dvfrds9jbl2j2fy/diff:/var/lib/docker/overlay2/ep5rea4pl2f7dx8te405nx3ln/diff:/var/lib/docker/overlay2/jmks5p91pur091ahoizcuram0/diff:/var/lib/docker/overlay2/xa9qcve0ei8zga0w9365r793z/diff:/var/lib/docker/overlay2/fn15vzl9bhjn6vjg7ao9ysa4f/diff:/var/lib/docker/overlay2/i4ajth2ke3dr97lkl4my8bmxo/diff:/var/lib/docker/overlay2/2mc6d6y4q3xmsd6n9yu344gon/diff:/var/lib/docker/overlay2/dyn0igq6zcbgr5ohplq4t8spb/diff:/var/lib/docker/overlay2/viqee9mfaf66abolqs8uydx2x/diff:/var/lib/docker/overlay2/fc2756e3725755971404d1d570fdfa6314c7729c5e0b757c9d2938e740905ec2/diff:/var/lib/docker/overlay2/2f3fd5660bc65cb5c1ef492feab90668ff424f698d73628998d92a0e0a2a8c5a/diff:/var/lib/docker/overlay2/3f27660202f1a4ad90512be4df05bb01f5ae5e7249b1978877b6ba49568176ef/diff:/var/lib/docker/overlay2/4ad65a9545158fdf72b25a687073b62fce9befa534df356f89b5591797155cc4/diff:/var/lib/docker/overlay2/37be31c71dc475343e5adee27592479839043b629a8bb4cb4b09f6c29cd1aa6d/diff:/var/lib/docker/overlay2/8c97fa98f11b82c006859b0592290a8858a3b8198aafd94b92c82af159bb4635/diff:/var/lib/docker/overlay2/063b14effef9d1bad8dc26c836bf8ee36d0484612c80860c0cac9450dddd4951/diff:/var/lib/docker/overlay2/b625ffe6760075253743b0d86a9234f7028f0b9058bf2ac177b09eb07cc97e00/diff:/var/lib/docker/overlay2/4d476c521e1cd6bf23c94d2317c4ce3830f29be088d73dcdeba29053a559bb91/diff:/var/lib/docker/overlay2/b32206b902f015e4cc02411fbec75716be713cf8536127948fdb21a2f5b6b134/diff:/var/lib/docker/overlay2/b3eb2902ff21f2da6ed27ec11950ae2f2c2110fee69bac7a34215b2445d38e9c/diff",
                "MergedDir": "/var/lib/docker/overlay2/b4xtya90a9df6k42g5jddi6tu/merged",
                "UpperDir": "/var/lib/docker/overlay2/b4xtya90a9df6k42g5jddi6tu/diff",
                "WorkDir": "/var/lib/docker/overlay2/b4xtya90a9df6k42g5jddi6tu/work"
            },
            "Name": "overlay2"
        },
        "RootFS": {
            "Type": "layers",
            "Layers": [
                "sha256:34467cc93912af891dfee8a3902adf9b4f355a9bca4eaa46f658d1181a21de0d",
                "sha256:81274738dbf57317e5435144826219706147834290d012a351d5fc593b5adae2",
                "sha256:0504f653b699e414def5b49113f24c6e542a7846c5df9a799b27c809313dbb4d",
                "sha256:da1395a377a2acc8422d3bc4b7d862885a3a97a3421e3fed1adf62d061ff4f63",
                "sha256:27ac94f3ce3452f11b8a4e05cd00328bc38ad35848dfa0caa7ac7377e2b4c48c",
                "sha256:75906afbd8260b795e6e9b04941130b4bc0f4c137e76562f13753c62972bc5ef",
                "sha256:92e695b6cfd2d361a0864f12771aeb461c040dcd3ac66a0c704bf6e02cd2fc54",
                "sha256:ba5cfed66dabaf73234dbd89396a9011991392d027832714d3bbe68640c82d79",
                "sha256:c5687dee67cf6207590530c6c1c1bf4f1484aa1aeb2a44ff0e0ab0ebb7936ed7",
                "sha256:5f70bf18a086007016e948b04aed3b82103a36bea41755b6cddfaf10ace3c6ef",
                "sha256:a3d8babd0c9ce6e5640c2d87ef48eb3b4adf3e152f63414c1ef6ec0cc9ae911d",
                "sha256:2daeaba630d9db0c77180eb2729cd71cc985b58a71357bb5fb234e7bed21766e",
                "sha256:bb327d882428d24fa01793ce36c8ee5b9a0f384f530e27ba24275c969f50b436",
                "sha256:6707e3151f57dd8fc875ac0b22c93f225db3e94e32be9f89e108a02932ae6cf3",
                "sha256:31da0cf0c89d8cb3d7fde36e248d4514274244842c182f82b4d0e6e70a0721bc",
                "sha256:d903c190c77765229c69ac975334a545ec24a76504df4d6e6e55abf9409c40f1",
                "sha256:b180fcd622e4c9363b78f0b3431a85a3f139b97e7d139f6d35af12fc5672e094",
                "sha256:535327d433522be36e1aa639b80db6faf120958323f06c5361cef89aa07c8d6c",
                "sha256:d0ecc7ab2d5f5238e798a45edd70e11d29fa1b237d9a22d1f55b843c236b8460",
                "sha256:bafbd102544a2e394a9cf222749dd74819676cdc1cbe0b097ae5caf983513614",
                "sha256:6200e9da380f60527509d40c22640b87a612daec5e877c25b2395b02439d0df1",
                "sha256:a0a1cf0d4d37891315890dbe7ad4a6e2a042348355cdc609bb4a0e0535ed7586",
                "sha256:eaadfb427a1d6afd1a308f324038c72622407b06b5709d1b68f0db7c1bc5d9a1"
            ]
        },
        "Metadata": {
            "LastTagTime": "2026-10-05T05:00:24.143288412Z"
        }
    }
]
