[
    {
        "Id": "sha256:02e18987970a363192f69ec947fba9d8385bc563c550afe07cd3b957559698ce",
        "RepoTags": [
            "p01-console:41bbcaec3be5ec0f2abdd534bab2041e46a74e90"
        ],
        "RepoDigests": [],
        "Parent": "",
        "Comment": "buildkit.dockerfile.v0",
        "Created": "2026-10-05T05:00:22.613323411Z",
        "DockerVersion": "",
        "Author": "",
        "Config": {
            "Hostname": "",
            "Domainname": "",
            "User": "10001:10001",
            "AttachStdin": false,
            "AttachStdout": false,
            "AttachStderr": false,
            "ExposedPorts": {
                "9000/tcp": {}
            },
            "Tty": false,
            "OpenStdin": false,
            "StdinOnce": false,
            "Env": [
                "PATH=/usr/local/sbin:/usr/local/bin:/usr/sbin:/usr/bin:/sbin:/bin",
                "PHPIZE_DEPS=autoconf \t\tdpkg-dev \t\tfile \t\tg++ \t\tgcc \t\tlibc-dev \t\tmake \t\tpkg-config \t\tre2c",
                "PHP_INI_DIR=/usr/local/etc/php",
                "PHP_CFLAGS=-fstack-protector-strong -fpic -fpie -O2 -D_LARGEFILE_SOURCE -D_FILE_OFFSET_BITS=64",
                "PHP_CPPFLAGS=-fstack-protector-strong -fpic -fpie -O2 -D_LARGEFILE_SOURCE -D_FILE_OFFSET_BITS=64",
                "PHP_LDFLAGS=-Wl,-O1 -pie",
                "GPG_KEYS=1198C0117593497A5EC5C199286AF1F9897469DC 49D9AF6BC72A80D6691719C8AA23F5BE9C7097D4 D95C03BC702BE9515344AE3374E44BC9067701A5",
                "PHP_VERSION=8.5.11",
                "PHP_URL=https://www.php.net/distributions/php-8.5.11.tar.xz",
                "PHP_ASC_URL=https://www.php.net/distributions/php-8.5.11.tar.xz.asc",
                "PHP_SHA256=d9be75c08e8c316f4c8f4194d8fbe1750a15f6a6d9d4e3fe72082abeeb800360",
                "APP_ENV=production",
                "APP_DEBUG=false"
            ],
            "Cmd": [
                "php-fpm",
                "-F"
            ],
            "ArgsEscaped": true,
            "Image": "",
            "Volumes": null,
            "WorkingDir": "/app",
            "Entrypoint": [
                "/usr/local/bin/service-entrypoint"
            ],
            "OnBuild": null,
            "Labels": {
                "io.product.component": "console",
                "org.opencontainers.image.revision": "41bbcaec3be5ec0f2abdd534bab2041e46a74e90"
            },
            "StopSignal": "SIGQUIT"
        },
        "Architecture": "amd64",
        "Os": "linux",
        "Size": 556596994,
        "GraphDriver": {
            "Data": {
                "LowerDir": "/var/lib/docker/overlay2/zuix9gtfykuc2ilh5qh2petk9/diff:/var/lib/docker/overlay2/0mr50b63rn9ftykdjin955lc6/diff:/var/lib/docker/overlay2/hz7k9ue88y7zz4tlbcs3tc3xb/diff:/var/lib/docker/overlay2/f8dgrz7v5xpbasdnd2tj10odg/diff:/var/lib/docker/overlay2/igc7617udcdmu6wyjdiqxqa3p/diff:/var/lib/docker/overlay2/jh5in2uffp1u6w21nb4jahbua/diff:/var/lib/docker/overlay2/m34o50xq4o5rz93bfso0k5z32/diff:/var/lib/docker/overlay2/7xqnj5jzb0gwxofx8uvmvak02/diff:/var/lib/docker/overlay2/so2yedtppnvn7mcjstkd77j3t/diff:/var/lib/docker/overlay2/iwaln22un9in3w5e0nf1zl6xf/diff:/var/lib/docker/overlay2/g1lsntgxr9hipksklfkhamol9/diff:/var/lib/docker/overlay2/igt2ilqzng9jglsupw8ygpg9m/diff:/var/lib/docker/overlay2/v2om9nba6urr6ldyfkjalortq/diff:/var/lib/docker/overlay2/350b04b3352a5abc9b8238a0a819a92643e3e276d8bf87991a5ccac75c487b3a/diff:/var/lib/docker/overlay2/1fdcba2c4cb8b706f536b467e28b2c2bc3749440d208f051ef9f1c2dfad7e5b1/diff:/var/lib/docker/overlay2/3c60597205d1c4df4fbcc060b0d8d54fa27fbe5675b480ab322a21a86514f9f8/diff:/var/lib/docker/overlay2/fa8951a07ac7a898a4e82d1a4d8e3c3868c0870470cbbf65e7adbe4224d2f43f/diff:/var/lib/docker/overlay2/d4fc477319d0d161c4ededec0e1f89afb2037342bd21727c474df8fc63aa7b8e/diff:/var/lib/docker/overlay2/d813b7899daedc81c2354d025e11585ee2b1f7aecccc82933af3562184788006/diff:/var/lib/docker/overlay2/0f8b146afa38e073d43c16ac140b462bbd74a17416b270cc46a02264fb6fe8f3/diff:/var/lib/docker/overlay2/d438f4c8a5dc39fe167ba150a6e220316908e71d77c5de4fe3e645cb19307d5f/diff:/var/lib/docker/overlay2/a89dd415318393ec7ea65fccd09b16a921c5ec7bdeb7aabb72ac295bcd17abe1/diff:/var/lib/docker/overlay2/c290dac537dbffc09ac45e81bbd3754e676d9b62628ff22213f59516b65c4e33/diff:/var/lib/docker/overlay2/7fb626db5a474071d4e5935fb1123bd8935bb2d2769cb96732f8e48a787bad77/diff",
                "MergedDir": "/var/lib/docker/overlay2/qmmaglz8onf1hooecltcjkstj/merged",
                "UpperDir": "/var/lib/docker/overlay2/qmmaglz8onf1hooecltcjkstj/diff",
                "WorkDir": "/var/lib/docker/overlay2/qmmaglz8onf1hooecltcjkstj/work"
            },
            "Name": "overlay2"
        },
        "RootFS": {
            "Type": "layers",
            "Layers": [
                "sha256:34467cc93912af891dfee8a3902adf9b4f355a9bca4eaa46f658d1181a21de0d",
                "sha256:81274738dbf57317e5435144826219706147834290d012a351d5fc593b5adae2",
                "sha256:0504f653b699e414def5b49113f24c6e542a7846c5df9a799b27c809313dbb4d",
                "sha256:da1395a377a2acc8422d3bc4b7d862885a3a97a3421e3fed1adf62d061ff4f63",
                "sha256:27ac94f3ce3452f11b8a4e05cd00328bc38ad35848dfa0caa7ac7377e2b4c48c",
                "sha256:75906afbd8260b795e6e9b04941130b4bc0f4c137e76562f13753c62972bc5ef",
                "sha256:92e695b6cfd2d361a0864f12771aeb461c040dcd3ac66a0c704bf6e02cd2fc54",
                "sha256:ba5cfed66dabaf73234dbd89396a9011991392d027832714d3bbe68640c82d79",
                "sha256:c5687dee67cf6207590530c6c1c1bf4f1484aa1aeb2a44ff0e0ab0ebb7936ed7",
                "sha256:5f70bf18a086007016e948b04aed3b82103a36bea41755b6cddfaf10ace3c6ef",
                "sha256:a3d8babd0c9ce6e5640c2d87ef48eb3b4adf3e152f63414c1ef6ec0cc9ae911d",
                "sha256:177186c21159a99715ecce4fae1191561d2420f9457914aadb9c66da4776c46b",
                "sha256:9c7959b0a1e037ca8e8010a2b17ee11b7901e05b891064496f3654c6b4a4172f",
                "sha256:ffcc2dca9593ba169fcf1d385b3d305f618401b150c3264db7ad6c10896b5cc5",
                "sha256:42b2e307f0ed535e6ba30e5da6c91939a482c2fd0910cf81a8bc2a624bc783c7",
                "sha256:e42b385ef6a6c1ac207f40d71e11bcd48de7958385b18f2437c1447a1d79a098",
                "sha256:96a0d4e7b231e4fb399628bb48a2500ad28b123dc280acce7d945318d8a2459a",
                "sha256:96ee61da342f92f7cadc81599281c52d8164c28b4f6adecd75037b5f87be0896",
                "sha256:66071c6d2de0e1b8c50395b82ff130064921be0eec10fde3565bdbb416e4f247",
                "sha256:8cbbc2e73e36589b9289fd275fb7993cc298a1ecdd9c6f6d71f04431314af9e9",
                "sha256:18349eb49d4b7c73fc673a0b7002f0f90292b14bce56ce9b209e1abae912253b",
                "sha256:b9a20ef6e2f896fe4fcb2d5d1ac186c1a1e02d2f8907b2d0157d45030eb41f38",
                "sha256:0b2cae2f640c69ecfa5b1a8d82fd373856949d0972feca2abccda49d8de68924",
                "sha256:34e4719aad4f98cddd4046c527962ea50714784868519beb24c018a605f4a2db",
                "sha256:e875dd3481be266a75e002ce2cd1ec6554b9c611486c93cb2763da3c0c6ecc60"
            ]
        },
        "Metadata": {
            "LastTagTime": "2026-10-05T05:00:25.232177603Z"
        }
    }
]
