#0 building with "default" instance using docker driver

#1 [internal] load build definition from Dockerfile
#1 transferring dockerfile: 1.01kB done
#1 WARN: InvalidDefaultArgInFrom: Default value for ARG ${GO_IMAGE} results in empty or invalid base image name (line 2)
#1 DONE 0.0s

#2 [internal] load metadata for docker.io/library/python@sha256:1aaa65a85fda306ffb8b910824d4e93bdce61e212c7e87168123ea3073b41a1a
#2 DONE 0.0s

#3 [auth] library/golang:pull token for registry-1.docker.io
#3 DONE 0.0s

#4 [internal] load metadata for docker.io/library/golang@sha256:966278043a40889499db9b0cd196fc789c37c385d41bd9a10cb1e7764af60cdc
#4 DONE 0.5s

#5 [internal] load .dockerignore
#5 transferring context: 2B done
#5 DONE 0.0s

#6 [stage-1 1/4] FROM docker.io/library/python@sha256:1aaa65a85fda306ffb8b910824d4e93bdce61e212c7e87168123ea3073b41a1a
#6 CACHED

#7 [build 1/4] FROM docker.io/library/golang@sha256:966278043a40889499db9b0cd196fc789c37c385d41bd9a10cb1e7764af60cdc
#7 resolve docker.io/library/golang@sha256:966278043a40889499db9b0cd196fc789c37c385d41bd9a10cb1e7764af60cdc done
#7 DONE 0.0s

#8 [build 2/4] WORKDIR /source
#8 DONE 0.0s

#9 [internal] load build context
#9 transferring context: 24.24MB 0.1s done
#9 DONE 0.1s

#10 [build 3/4] COPY source.tar.gz /tmp/source.tar.gz
#10 DONE 0.0s

#11 [build 4/4] RUN echo "45521908307306e925c98d629e1c17d78c8b72b6ee242b1bfb1409f7d8ee5841  /tmp/source.tar.gz" | sha256sum -c - && tar -xzf /tmp/source.tar.gz --strip-components=1 && go build -mod=readonly -trimpath -o /out/minio . && go version -m /out/minio > /out/build-info.txt && sha256sum go.mod go.sum > /out/module-digests.txt
#11 0.195 /tmp/source.tar.gz: OK
#11 0.532 go: downloading cloud.google.com/go/storage v1.52.0
#11 0.545 go: downloading github.com/Azure/azure-sdk-for-go/sdk/azcore v1.18.0
#11 0.554 go: downloading github.com/Azure/azure-sdk-for-go/sdk/azidentity v1.9.0
#11 0.748 go: downloading github.com/Azure/azure-sdk-for-go/sdk/storage/azblob v1.6.1
#11 0.777 go: downloading github.com/cespare/xxhash/v2 v2.3.0
#11 0.880 go: downloading github.com/cheggaaa/pb v1.0.29
#11 0.880 go: downloading cloud.google.com/go v0.120.1
#11 0.909 go: downloading github.com/coreos/go-oidc/v3 v3.14.1
#11 0.909 go: downloading github.com/coreos/go-systemd/v22 v22.5.0
#11 0.927 go: downloading github.com/cosnicolaou/pbzip2 v1.0.5
#11 0.957 go: downloading github.com/dchest/siphash v1.2.3
#11 0.988 go: downloading github.com/dustin/go-humanize v1.0.1
#11 0.988 go: downloading github.com/fatih/color v1.18.0
#11 1.030 go: downloading github.com/felixge/fgprof v0.9.5
#11 1.054 go: downloading github.com/go-openapi/loads v0.22.0
#11 1.056 go: downloading github.com/golang-jwt/jwt/v4 v4.5.2
#11 1.082 go: downloading github.com/google/uuid v1.6.0
#11 1.120 go: downloading github.com/inconshreveable/mousetrap v1.1.0
#11 1.120 go: downloading github.com/json-iterator/go v1.1.12
#11 1.127 go: downloading github.com/klauspost/compress v1.18.0
#11 2.211 go: downloading github.com/klauspost/pgzip v1.2.6
#11 2.211 go: downloading github.com/klauspost/filepathx v1.1.1
#11 2.211 go: downloading github.com/klauspost/reedsolomon v1.12.4
#11 2.211 go: downloading github.com/klauspost/readahead v1.4.0
#11 2.269 go: downloading github.com/lithammer/shortuuid/v4 v4.2.0
#11 2.270 go: downloading github.com/miekg/dns v1.1.65
#11 2.271 go: downloading github.com/minio/cli v1.24.2
#11 2.298 go: downloading github.com/minio/console v1.7.7-0.20250905210349-2017f33b26e1
#11 2.963 go: downloading github.com/minio/dnscache v0.1.1
#11 2.963 go: downloading github.com/minio/highwayhash v1.0.3
#11 2.963 go: downloading github.com/minio/dperf v0.6.3
#11 2.963 go: downloading github.com/minio/kms-go/kes v0.3.1
#11 3.006 go: downloading github.com/minio/madmin-go/v3 v3.0.109
#11 3.091 go: downloading github.com/minio/minio-go/v7 v7.0.91
#11 3.185 go: downloading github.com/minio/mux v1.9.2
#11 3.185 go: downloading github.com/minio/pkg/v3 v3.1.3
#11 3.264 go: downloading github.com/minio/sio v0.4.1
#11 3.265 go: downloading github.com/minio/zipindex v0.4.0
#11 3.265 go: downloading github.com/minio/selfupdate v0.6.0
#11 3.265 go: downloading github.com/minio/xxml v0.0.3
#11 3.322 go: downloading github.com/mitchellh/go-homedir v1.1.0
#11 3.323 go: downloading github.com/philhofer/fwd v1.2.0
#11 3.323 go: downloading github.com/pierrec/lz4/v4 v4.1.22
#11 3.362 go: downloading github.com/pkg/errors v0.9.1
#11 3.365 go: downloading github.com/pkg/sftp v1.13.9
#11 3.380 go: downloading github.com/pkg/xattr v0.4.10
#11 3.406 go: downloading github.com/prometheus/client_golang v1.22.0
#11 3.501 go: downloading github.com/prometheus/client_model v0.6.2
#11 3.501 go: downloading github.com/prometheus/common v0.63.0
#11 3.501 go: downloading github.com/prometheus/procfs v0.16.1
#11 3.545 go: downloading github.com/puzpuzpuz/xsync/v3 v3.5.1
#11 3.589 go: downloading github.com/rcrowley/go-metrics v0.0.0-20250401214520-65e299d6c5c9
#11 3.598 go: downloading github.com/rs/cors v1.11.1
#11 3.624 go: downloading github.com/secure-io/sio-go v0.3.1
#11 3.639 go: downloading github.com/shirou/gopsutil/v3 v3.24.5
#11 3.738 go: downloading github.com/tinylib/msgp v1.4.0
#11 3.739 go: downloading github.com/zeebo/xxh3 v1.0.2
#11 3.739 go: downloading github.com/valyala/bytebufferpool v1.0.0
#11 3.782 go: downloading go.etcd.io/etcd/api/v3 v3.5.21
#11 3.797 go: downloading go.etcd.io/etcd/client/v3 v3.5.21
#11 3.814 go: downloading go.uber.org/atomic v1.11.0
#11 3.833 go: downloading goftp.io/server/v2 v2.0.1
#11 3.859 go: downloading golang.org/x/crypto v0.37.0
#11 3.884 go: downloading golang.org/x/oauth2 v0.29.0
#11 4.008 go: downloading golang.org/x/sync v0.13.0
#11 4.054 go: downloading golang.org/x/sys v0.32.0
#11 4.054 go: downloading golang.org/x/term v0.31.0
#11 4.054 go: downloading google.golang.org/api v0.230.0
#11 4.774 go: downloading gopkg.in/yaml.v2 v2.4.0
#11 4.823 go: downloading gopkg.in/yaml.v3 v3.0.1
#11 4.973 go: downloading github.com/Azure/azure-sdk-for-go/sdk/internal v1.11.1
#11 5.038 go: downloading github.com/AzureAD/microsoft-authentication-library-for-go v1.4.2
#11 5.111 go: downloading github.com/mattn/go-runewidth v0.0.16
#11 5.155 go: downloading github.com/go-jose/go-jose/v4 v4.1.0
#11 5.227 go: downloading cloud.google.com/go/compute/metadata v0.6.0
#11 5.271 go: downloading cloud.google.com/go/iam v1.5.2
#11 5.362 go: downloading github.com/GoogleCloudPlatform/opentelemetry-operations-go/exporter/metric v0.51.0
#11 5.407 go: downloading github.com/googleapis/gax-go/v2 v2.14.1
#11 5.463 go: downloading go.opentelemetry.io/contrib/detectors/gcp v1.35.0
#11 5.507 go: downloading go.opentelemetry.io/otel v1.35.0
#11 5.714 go: downloading go.opentelemetry.io/otel/sdk/metric v1.35.0
#11 5.752 go: downloading go.opentelemetry.io/otel/sdk v1.35.0
#11 5.837 go: downloading go.opentelemetry.io/otel/trace v1.35.0
#11 6.918 go: downloading google.golang.org/genproto v0.0.0-20250422160041-2d3770c4ea7f
#11 6.918 go: downloading google.golang.org/grpc v1.72.0
#11 7.280 go: downloading google.golang.org/protobuf v1.36.6
#11 7.550 go: downloading github.com/mattn/go-colorable v0.1.14
#11 7.550 go: downloading github.com/mattn/go-isatty v0.0.20
#11 7.594 go: downloading github.com/google/pprof v0.0.0-20250422154841-e1f9c1950416
#11 7.595 go: downloading github.com/go-openapi/analysis v0.23.0
#11 7.617 go: downloading github.com/go-openapi/spec v0.21.0
#11 7.617 go: downloading github.com/go-openapi/swag v0.23.1
#11 7.673 go: downloading github.com/modern-go/concurrent v0.0.0-20180306012644-bacd9c7ef1dd
#11 7.689 go: downloading github.com/modern-go/reflect2 v1.0.2
#11 7.714 go: downloading github.com/klauspost/cpuid/v2 v2.2.10
#11 7.723 go: downloading golang.org/x/net v0.39.0
#11 7.761 go: downloading github.com/go-openapi/errors v0.22.1
#11 7.806 go: downloading github.com/go-openapi/runtime v0.28.0
#11 7.884 go: downloading github.com/go-openapi/strfmt v0.23.0
#11 7.885 go: downloading github.com/jessevdk/go-flags v1.6.1
#11 7.938 go: downloading github.com/minio/mc v0.0.0-20250313080218-cf909e1063a9
#11 7.972 go: downloading github.com/minio/websocket v1.6.0
#11 7.972 go: downloading github.com/unrolled/secure v1.17.0
#11 8.017 go: downloading aead.dev/mem v0.2.0
#11 8.025 go: downloading github.com/ncw/directio v1.0.5
#11 8.061 go: downloading github.com/prometheus/prom2json v1.4.2
#11 8.066 go: downloading github.com/safchain/ethtool v0.5.10
#11 8.089 go: downloading github.com/goccy/go-json v0.10.5
#11 8.090 go: downloading github.com/minio/crc64nvme v1.0.1
#11 8.107 go: downloading github.com/minio/md5-simd v1.1.2
#11 8.114 go: downloading github.com/go-ini/ini v1.67.0
#11 8.133 go: downloading github.com/rs/xid v1.6.0
#11 8.155 go: downloading golang.org/x/time v0.11.0
#11 8.163 go: downloading github.com/beevik/ntp v1.4.3
#11 8.164 go: downloading go.uber.org/zap v1.27.0
#11 8.175 go: downloading github.com/go-ldap/ldap/v3 v3.4.11
#11 8.196 go: downloading github.com/rabbitmq/amqp091-go v1.10.0
#11 8.207 go: downloading github.com/gobwas/ws v1.4.0
#11 8.241 go: downloading github.com/buger/jsonparser v1.1.1
#11 8.259 go: downloading github.com/IBM/sarama v1.45.1
#11 8.264 go: downloading github.com/eclipse/paho.mqtt.golang v1.5.0
#11 8.286 go: downloading github.com/elastic/go-elasticsearch/v7 v7.17.10
#11 8.332 go: downloading github.com/go-sql-driver/mysql v1.9.2
#11 8.372 go: downloading github.com/gomodule/redigo v1.9.2
#11 8.372 go: downloading github.com/lib/pq v1.10.9
#11 8.387 go: downloading github.com/nats-io/nats.go v1.41.2
#11 8.475 go: downloading github.com/nats-io/stan.go v0.10.4
#11 8.479 go: downloading github.com/nsqio/go-nsq v1.1.0
#11 8.505 go: downloading github.com/xdg/scram v1.0.5
#11 8.509 go: downloading aead.dev/mtls v0.2.1
#11 8.521 go: downloading github.com/minio/kms-go/kms v0.5.1-0.20250225090116-4e64ce8d0f35
#11 8.533 go: downloading github.com/minio/simdjson-go v0.4.5
#11 8.552 go: downloading github.com/rjeczalik/notify v0.9.3
#11 8.556 go: downloading github.com/fatih/structs v1.1.0
#11 8.569 go: downloading github.com/lestrrat-go/jwx/v2 v2.1.4
#11 8.634 go: downloading aead.dev/minisign v0.3.0
#11 8.664 go: downloading github.com/kr/fs v0.1.0
#11 8.664 go: downloading github.com/beorn7/perks v1.0.1
#11 8.664 go: downloading github.com/munnerz/goautoneg v0.0.0-20191010083416-a7dc8b61c822
#11 8.680 go: downloading github.com/tklauser/go-sysconf v0.3.15
#11 8.705 go: downloading github.com/gogo/protobuf v1.3.2
#11 8.706 go: downloading github.com/golang/protobuf v1.5.4
#11 8.707 go: downloading go.etcd.io/etcd/client/pkg/v3 v3.5.21
#11 8.784 go: downloading github.com/kylelemons/godebug v1.1.0
#11 8.784 go: downloading github.com/pkg/browser v0.0.0-20240102092130-5ac0b6a4141c
#11 8.788 go: downloading github.com/rivo/uniseg v0.4.7
#11 8.829 go: downloading google.golang.org/genproto/googleapis/api v0.0.0-20250422160041-2d3770c4ea7f
#11 8.833 go: downloading google.golang.org/genproto/googleapis/rpc v0.0.0-20250422160041-2d3770c4ea7f
#11 8.864 go: downloading cloud.google.com/go/monitoring v1.24.2
#11 8.891 go: downloading github.com/GoogleCloudPlatform/opentelemetry-operations-go/internal/resourcemapping v0.51.0
#11 8.934 go: downloading github.com/GoogleCloudPlatform/opentelemetry-operations-go/detectors/gcp v1.27.0
#11 8.944 go: downloading github.com/go-logr/logr v1.4.2
#11 8.944 go: downloading go.opentelemetry.io/otel/metric v1.35.0
#11 8.992 go: downloading cloud.google.com/go/auth v0.16.0
#11 9.018 go: downloading cloud.google.com/go/auth/oauth2adapt v0.2.8
#11 9.067 go: downloading go.opentelemetry.io/contrib/instrumentation/net/http/otelhttp v0.60.0
#11 9.068 go: downloading github.com/mailru/easyjson v0.9.0
#11 9.068 go: downloading github.com/go-openapi/jsonpointer v0.21.1
#11 9.112 go: downloading github.com/go-openapi/jsonreference v0.21.0
#11 9.119 go: downloading github.com/go-openapi/validate v0.24.0
#11 9.124 go: downloading github.com/docker/go-units v0.5.0
#11 9.126 go: downloading github.com/asaskevich/govalidator v0.0.0-20230301143203-a9d515a09cc2
#11 9.153 go: downloading github.com/mitchellh/mapstructure v1.5.0
#11 9.166 go: downloading github.com/oklog/ulid v1.3.1
#11 9.176 go: downloading go.mongodb.org/mongo-driver v1.17.3
#11 9.261 go: downloading github.com/charmbracelet/bubbles v0.20.0
#11 9.314 go: downloading github.com/charmbracelet/bubbletea v1.3.4
#11 9.365 go: downloading github.com/charmbracelet/lipgloss v1.0.0
#11 9.415 go: downloading github.com/google/shlex v0.0.0-20191202100458-e7afc7fbc510
#11 9.457 go: downloading github.com/jedib0t/go-pretty/v6 v6.6.7
#11 9.541 go: downloading github.com/mattn/go-ieproxy v0.0.12
#11 9.585 go: downloading github.com/minio/colorjson v1.0.8
#11 9.629 go: downloading github.com/minio/filepath v1.0.0
#11 9.671 go: downloading github.com/muesli/reflow v0.3.0
#11 9.690 go: downloading github.com/muesli/termenv v0.16.0
#11 9.690 go: downloading github.com/olekukonko/tablewriter v0.0.5
#11 9.716 go: downloading github.com/posener/complete v1.2.3
#11 9.734 go: downloading github.com/tidwall/gjson v1.18.0
#11 9.746 go: downloading github.com/vbauerster/mpb/v8 v8.9.3
#11 9.763 go: downloading golang.org/x/text v0.24.0
#11 9.778 go: downloading github.com/matttproud/golang_protobuf_extensions v1.0.4
#11 9.799 go: downloading github.com/go-asn1-ber/asn1-ber v1.5.8-0.20250403174932-29230038a667
#11 9.799 go: downloading github.com/Azure/go-ntlmssp v0.0.0-20221128193559-754e69321358
#11 9.825 go: downloading go.uber.org/multierr v1.11.0
#11 9.846 go: downloading github.com/gobwas/httphead v0.1.0
#11 9.854 go: downloading github.com/gobwas/pool v0.2.1
#11 9.897 go: downloading github.com/davecgh/go-spew v1.1.2-0.20180830191138-d8f796af33cc
#11 9.897 go: downloading github.com/gorilla/websocket v1.5.3
#11 9.897 go: downloading github.com/eapache/go-resiliency v1.7.0
#11 9.942 go: downloading github.com/eapache/go-xerial-snappy v0.0.0-20230731223053-c322873962e3
#11 9.945 go: downloading github.com/eapache/queue v1.1.0
#11 9.949 go: downloading github.com/hashicorp/go-multierror v1.1.1
#11 9.986 go: downloading github.com/jcmturner/gofork v1.7.6
#11 9.988 go: downloading github.com/jcmturner/gokrb5/v8 v8.4.4
#11 10.06 go: downloading filippo.io/edwards25519 v1.1.0
#11 10.06 go: downloading github.com/nats-io/nkeys v0.4.11
#11 10.06 go: downloading github.com/nats-io/nuid v1.0.1
#11 10.11 go: downloading github.com/golang/snappy v1.0.0
#11 10.11 go: downloading github.com/fraugster/parquet-go v0.12.0
#11 10.11 go: downloading github.com/minio/csvparser v1.0.0
#11 10.17 go: downloading github.com/alecthomas/participle v0.7.1
#11 10.19 go: downloading github.com/xdg/stringprep v1.0.3
#11 10.22 go: downloading github.com/lestrrat-go/option v1.0.1
#11 10.22 go: downloading github.com/lestrrat-go/blackmagic v1.0.2
#11 10.23 go: downloading github.com/lestrrat-go/httprc v1.0.6
#11 10.26 go: downloading github.com/lestrrat-go/iter v1.0.2
#11 10.28 go: downloading github.com/coreos/go-semver v0.3.1
#11 10.30 go: downloading github.com/tklauser/numcpus v0.10.0
#11 10.31 go: downloading github.com/golang-jwt/jwt/v5 v5.2.2
#11 10.32 go: downloading go.opentelemetry.io/contrib/instrumentation/google.golang.org/grpc/otelgrpc v0.60.0
#11 10.35 go: downloading github.com/go-logr/stdr v1.2.2
#11 10.37 go: downloading go.opentelemetry.io/auto/sdk v1.1.0
#11 10.37 go: downloading github.com/google/s2a-go v0.1.9
#11 10.39 go: downloading github.com/googleapis/enterprise-certificate-proxy v0.3.6
#11 10.41 go: downloading github.com/envoyproxy/go-control-plane/envoy v1.32.4
#11 10.51 go: downloading github.com/felixge/httpsnoop v1.0.4
#11 10.55 go: downloading github.com/josharian/intern v1.0.0
#11 10.59 go: downloading github.com/charmbracelet/x/ansi v0.8.0
#11 10.65 go: downloading github.com/charmbracelet/x/term v0.2.1
#11 10.69 go: downloading github.com/muesli/ansi v0.0.0-20230316100256-276c6243b2f6
#11 10.74 go: downloading github.com/muesli/cancelreader v0.2.2
#11 10.78 go: downloading github.com/juju/ratelimit v1.0.2
#11 10.82 go: downloading github.com/aymanbagabas/go-osc52/v2 v2.0.1
#11 10.87 go: downloading github.com/lucasb-eyer/go-colorful v1.2.0
#11 10.96 go: downloading github.com/tidwall/match v1.1.1
#11 11.00 go: downloading github.com/tidwall/pretty v1.2.1
#11 11.04 go: downloading github.com/acarl005/stripansi v0.0.0-20180116102854-5a71ef0e047d
#11 11.08 go: downloading github.com/prometheus/prometheus v0.303.0
#11 11.08 go: downloading github.com/VividCortex/ewma v1.2.0
#11 11.08 go: downloading github.com/hashicorp/errwrap v1.1.0
#11 11.08 go: downloading github.com/hashicorp/go-uuid v1.0.3
#11 11.15 go: downloading github.com/jcmturner/dnsutils/v2 v2.0.0
#11 11.15 go: downloading github.com/apache/thrift v0.21.0
#11 11.15 go: downloading github.com/lestrrat-go/httpcc v1.0.1
#11 11.21 go: downloading github.com/spiffe/go-spiffe/v2 v2.5.0
#11 11.21 go: downloading github.com/cncf/xds/go v0.0.0-20250326154945-ae57f3c0d45f
#11 11.30 go: downloading github.com/envoyproxy/protoc-gen-validate v1.2.1
#11 11.30 go: downloading github.com/jcmturner/rpc/v2 v2.0.3
#11 11.35 go: downloading cel.dev/expr v0.23.1
#11 11.40 go: downloading github.com/zeebo/errs v1.4.0
#11 11.42 go: downloading github.com/jcmturner/aescts/v2 v2.0.0
#11 DONE 107.6s

#12 [stage-1 2/4] COPY --from=build /out/ /usr/local/bin/
#12 DONE 0.2s

#13 [stage-1 3/4] COPY --from=build /source/LICENSE /usr/share/licenses/fixture/LICENSE
#13 DONE 0.0s

#14 [stage-1 4/4] RUN mkdir /data && chown 10001:10001 /data && chmod 0700 /data
#14 DONE 0.1s

#15 exporting to image
#15 exporting layers
#15 exporting layers 0.8s done
#15 writing image sha256:330dfd4de3ab64933b4771a39557e2547b699b0b7c8eb6afd8c9f5339d322958 done
#15 DONE 0.8s

 [33m1 warning found (use docker --debug to expand):
[0m - InvalidDefaultArgInFrom: Default value for ARG ${GO_IMAGE} results in empty or invalid base image name (line 2)
