#0 building with "default" instance using docker driver

#1 [internal] load build definition from Dockerfile
#1 transferring dockerfile: 1.01kB done
#1 WARN: InvalidDefaultArgInFrom: Default value for ARG ${GO_IMAGE} results in empty or invalid base image name (line 2)
#1 DONE 0.0s

#2 [internal] load metadata for docker.io/library/python@sha256:1aaa65a85fda306ffb8b910824d4e93bdce61e212c7e87168123ea3073b41a1a
#2 DONE 0.0s

#3 [internal] load metadata for docker.io/library/golang@sha256:966278043a40889499db9b0cd196fc789c37c385d41bd9a10cb1e7764af60cdc
#3 DONE 0.0s

#4 [internal] load .dockerignore
#4 transferring context: 2B done
#4 DONE 0.0s

#5 [build 1/4] FROM docker.io/library/golang@sha256:966278043a40889499db9b0cd196fc789c37c385d41bd9a10cb1e7764af60cdc
#5 DONE 0.0s

#6 [stage-1 1/4] FROM docker.io/library/python@sha256:1aaa65a85fda306ffb8b910824d4e93bdce61e212c7e87168123ea3073b41a1a
#6 DONE 0.0s

#7 [internal] load build context
#7 transferring context: 564.37kB done
#7 DONE 0.0s

#8 [build 2/4] WORKDIR /source
#8 CACHED

#9 [build 3/4] COPY source.tar.gz /tmp/source.tar.gz
#9 DONE 0.0s

#10 [build 4/4] RUN echo "95cd293c7119f16921a6dc515a1fb74a2227f19fd994b9c8b770a154e802ac44  /tmp/source.tar.gz" | sha256sum -c - && tar -xzf /tmp/source.tar.gz --strip-components=1 && go build -mod=readonly -trimpath -o /out/mc . && go version -m /out/mc > /out/build-info.txt && sha256sum go.mod go.sum > /out/module-digests.txt
#10 0.115 /tmp/source.tar.gz: OK
#10 0.172 go: downloading github.com/minio/pkg/v3 v3.1.0
#10 0.230 go: downloading github.com/charmbracelet/bubbles v0.20.0
#10 0.370 go: downloading github.com/charmbracelet/bubbletea v1.3.4
#10 0.370 go: downloading github.com/charmbracelet/lipgloss v1.0.0
#10 0.432 go: downloading github.com/cheggaaa/pb v1.0.29
#10 0.435 go: downloading github.com/dustin/go-humanize v1.0.1
#10 0.436 go: downloading github.com/fatih/color v1.18.0
#10 0.485 go: downloading github.com/golang-jwt/jwt/v4 v4.5.2
#10 0.486 go: downloading github.com/google/shlex v0.0.0-20191202100458-e7afc7fbc510
#10 0.489 go: downloading github.com/google/uuid v1.6.0
#10 0.489 go: downloading github.com/inconshreveable/mousetrap v1.1.0
#10 0.537 go: downloading github.com/jedib0t/go-pretty/v6 v6.6.7
#10 0.543 go: downloading github.com/klauspost/compress v1.18.0
#10 1.708 go: downloading github.com/mattn/go-ieproxy v0.0.12
#10 1.708 go: downloading github.com/mattn/go-isatty v0.0.20
#10 1.708 go: downloading github.com/minio/cli v1.24.2
#10 1.709 go: downloading github.com/minio/colorjson v1.0.8
#10 1.762 go: downloading github.com/minio/filepath v1.0.0
#10 1.776 go: downloading github.com/minio/madmin-go/v3 v3.0.107-0.20250415152934-4b504b82db63
#10 1.779 go: downloading github.com/minio/minio-go/v7 v7.0.90
#10 1.888 go: downloading github.com/minio/selfupdate v0.6.0
#10 1.888 go: downloading github.com/mitchellh/go-homedir v1.1.0
#10 1.888 go: downloading github.com/muesli/reflow v0.3.0
#10 1.936 go: downloading github.com/muesli/termenv v0.16.0
#10 1.942 go: downloading github.com/olekukonko/tablewriter v0.0.5
#10 1.942 go: downloading github.com/pkg/xattr v0.4.10
#10 1.942 go: downloading github.com/posener/complete v1.2.3
#10 1.993 go: downloading github.com/prometheus/client_golang v1.21.1
#10 2.007 go: downloading github.com/prometheus/procfs v0.16.0
#10 2.093 go: downloading github.com/rjeczalik/notify v0.9.3
#10 2.093 go: downloading github.com/shirou/gopsutil/v3 v3.24.5
#10 2.153 go: downloading github.com/tidwall/gjson v1.18.0
#10 2.205 go: downloading github.com/vbauerster/mpb/v8 v8.9.3
#10 2.212 go: downloading golang.org/x/net v0.42.0
#10 2.212 go: downloading golang.org/x/sys v0.34.0
#10 2.285 go: downloading golang.org/x/term v0.33.0
#10 2.285 go: downloading golang.org/x/text v0.27.0
#10 2.341 go: downloading gopkg.in/yaml.v2 v2.4.0
#10 2.538 go: downloading github.com/mattn/go-runewidth v0.0.16
#10 2.554 go: downloading github.com/charmbracelet/x/ansi v0.8.0
#10 2.583 go: downloading github.com/charmbracelet/x/term v0.2.1
#10 2.587 go: downloading github.com/muesli/ansi v0.0.0-20230316100256-276c6243b2f6
#10 2.621 go: downloading github.com/muesli/cancelreader v0.2.2
#10 2.631 go: downloading golang.org/x/sync v0.16.0
#10 2.636 go: downloading github.com/rivo/uniseg v0.4.7
#10 2.671 go: downloading github.com/mattn/go-colorable v0.1.14
#10 2.716 go: downloading github.com/rs/xid v1.6.0
#10 2.722 go: downloading github.com/juju/ratelimit v1.0.2
#10 2.769 go: downloading github.com/cespare/xxhash/v2 v2.3.0
#10 2.770 go: downloading github.com/secure-io/sio-go v0.3.1
#10 2.821 go: downloading github.com/tinylib/msgp v1.2.5
#10 2.832 go: downloading github.com/prometheus/common v0.63.0
#10 2.891 go: downloading github.com/prometheus/prom2json v1.4.2
#10 2.925 go: downloading github.com/safchain/ethtool v0.5.10
#10 2.944 go: downloading golang.org/x/crypto v0.40.0
#10 2.971 go: downloading github.com/goccy/go-json v0.10.5
#10 2.975 go: downloading github.com/minio/crc64nvme v1.0.1
#10 3.024 go: downloading github.com/minio/md5-simd v1.1.2
#10 3.057 go: downloading github.com/lestrrat-go/jwx/v2 v2.1.4
#10 3.168 go: downloading github.com/fatih/structs v1.1.0
#10 3.168 go: downloading go.etcd.io/etcd/client/v3 v3.5.19
#10 3.170 go: downloading gopkg.in/yaml.v3 v3.0.1
#10 3.170 go: downloading github.com/go-ini/ini v1.67.0
#10 3.218 go: downloading aead.dev/minisign v0.3.0
#10 3.236 go: downloading github.com/hashicorp/go-multierror v1.1.1
#10 3.237 go: downloading github.com/aymanbagabas/go-osc52/v2 v2.0.1
#10 3.247 go: downloading github.com/lucasb-eyer/go-colorful v1.2.0
#10 3.270 go: downloading github.com/beorn7/perks v1.0.1
#10 3.286 go: downloading github.com/prometheus/client_model v0.6.2
#10 3.287 go: downloading google.golang.org/protobuf v1.36.6
#10 3.343 go: downloading github.com/tidwall/match v1.1.1
#10 3.343 go: downloading github.com/tidwall/pretty v1.2.1
#10 3.391 go: downloading github.com/tklauser/go-sysconf v0.3.15
#10 3.393 go: downloading github.com/acarl005/stripansi v0.0.0-20180116102854-5a71ef0e047d
#10 3.439 go: downloading github.com/VividCortex/ewma v1.2.0
#10 3.481 go: downloading github.com/philhofer/fwd v1.1.3-0.20240916144458-20a13a1f6b7c
#10 3.489 go: downloading github.com/munnerz/goautoneg v0.0.0-20191010083416-a7dc8b61c822
#10 3.561 go: downloading github.com/matttproud/golang_protobuf_extensions v1.0.4
#10 3.561 go: downloading github.com/klauspost/cpuid/v2 v2.2.10
#10 3.561 go: downloading github.com/lestrrat-go/option v1.0.1
#10 3.562 go: downloading github.com/lestrrat-go/iter v1.0.2
#10 3.610 go: downloading github.com/lestrrat-go/blackmagic v1.0.2
#10 3.611 go: downloading github.com/lestrrat-go/httprc v1.0.6
#10 3.615 go: downloading go.etcd.io/etcd/api/v3 v3.5.19
#10 3.671 go: downloading go.etcd.io/etcd/client/pkg/v3 v3.5.19
#10 3.671 go: downloading go.uber.org/zap v1.27.0
#10 3.740 go: downloading google.golang.org/grpc v1.71.0
#10 4.055 go: downloading github.com/hashicorp/errwrap v1.1.0
#10 4.055 go: downloading github.com/tklauser/numcpus v0.10.0
#10 4.058 go: downloading github.com/prometheus/prometheus v0.303.0
#10 4.058 go: downloading github.com/golang/protobuf v1.5.4
#10 4.103 go: downloading github.com/lestrrat-go/httpcc v1.0.1
#10 4.104 go: downloading github.com/gogo/protobuf v1.3.2
#10 4.130 go: downloading github.com/coreos/go-semver v0.3.1
#10 4.151 go: downloading google.golang.org/genproto/googleapis/api v0.0.0-20250311173030-29e43e6258d7
#10 4.180 go: downloading github.com/coreos/go-systemd/v22 v22.5.0
#10 4.226 go: downloading go.uber.org/multierr v1.11.0
#10 4.250 go: downloading google.golang.org/genproto/googleapis/rpc v0.0.0-20250303144028-a0af3efb3deb
#10 DONE 45.2s

#6 [stage-1 1/4] FROM docker.io/library/python@sha256:1aaa65a85fda306ffb8b910824d4e93bdce61e212c7e87168123ea3073b41a1a
#6 CACHED

#11 [stage-1 2/4] COPY --from=build /out/ /usr/local/bin/
#11 DONE 0.0s

#12 [stage-1 3/4] COPY --from=build /source/LICENSE /usr/share/licenses/fixture/LICENSE
#12 DONE 0.0s

#13 [stage-1 4/4] RUN mkdir /data && chown 10001:10001 /data && chmod 0700 /data
#13 DONE 0.1s

#14 exporting to image
#14 exporting layers
#14 exporting layers 0.4s done
#14 writing image sha256:c4c4f5c514ce132efe7806315c3a49e4ef038e6a637bec8cdc8b5119bd8afa23 done
#14 DONE 0.4s

 [33m1 warning found (use docker --debug to expand):
[0m - InvalidDefaultArgInFrom: Default value for ARG ${GO_IMAGE} results in empty or invalid base image name (line 2)
