 Network p01-stateful-69f97b0c1dce_broker  Creating
 Network p01-stateful-69f97b0c1dce_broker  Created
 Network p01-stateful-69f97b0c1dce_database  Creating
 Network p01-stateful-69f97b0c1dce_database  Created
 Volume "p01-stateful-69f97b0c1dce_database"  Creating
 Volume "p01-stateful-69f97b0c1dce_database"  Created
 Volume "p01-stateful-69f97b0c1dce_broker"  Creating
 Volume "p01-stateful-69f97b0c1dce_broker"  Created
 Container p01-stateful-69f97b0c1dce-rabbit-1  Creating
 Container p01-stateful-69f97b0c1dce-postgres-1  Creating
 Container p01-stateful-69f97b0c1dce-postgres-1  Created
 Container p01-stateful-69f97b0c1dce-rabbit-1  Created
 Container p01-stateful-69f97b0c1dce-postgres-1  Starting
 Container p01-stateful-69f97b0c1dce-rabbit-1  Starting
 Container p01-stateful-69f97b0c1dce-postgres-1  Started
 Container p01-stateful-69f97b0c1dce-rabbit-1  Started
 Container p01-stateful-69f97b0c1dce-rabbit-1  Waiting
 Container p01-stateful-69f97b0c1dce-postgres-1  Waiting
 Container p01-stateful-69f97b0c1dce-postgres-1  Healthy
 Container p01-stateful-69f97b0c1dce-rabbit-1  Healthy
