 Network p01-stateful-69f97b0c1dce_evidence  Creating
 Network p01-stateful-69f97b0c1dce_evidence  Created
 Network p01-stateful-69f97b0c1dce_evidence-restore  Creating
 Network p01-stateful-69f97b0c1dce_evidence-restore  Created
 Network p01-stateful-69f97b0c1dce_workflow  Creating
 Network p01-stateful-69f97b0c1dce_workflow  Created
 Volume "p01-stateful-69f97b0c1dce_evidence-restore"  Creating
 Volume "p01-stateful-69f97b0c1dce_evidence-restore"  Created
 Volume "p01-stateful-69f97b0c1dce_evidence"  Creating
 Volume "p01-stateful-69f97b0c1dce_evidence"  Created
 Container p01-stateful-69f97b0c1dce-evidence-restore-1  Creating
 Container p01-stateful-69f97b0c1dce-evidence-1  Creating
 Container p01-stateful-69f97b0c1dce-temporal-1  Creating
 Container p01-stateful-69f97b0c1dce-evidence-restore-1  Created
 Container p01-stateful-69f97b0c1dce-temporal-1  Created
 Container p01-stateful-69f97b0c1dce-evidence-1  Created
 Container p01-stateful-69f97b0c1dce-evidence-restore-1  Starting
 Container p01-stateful-69f97b0c1dce-temporal-1  Starting
 Container p01-stateful-69f97b0c1dce-evidence-1  Starting
 Container p01-stateful-69f97b0c1dce-temporal-1  Started
 Container p01-stateful-69f97b0c1dce-evidence-restore-1  Started
 Container p01-stateful-69f97b0c1dce-evidence-1  Started
