#0 building with "default" instance using docker driver

#1 [internal] load build definition from Dockerfile
#1 transferring dockerfile: 30B 0.1s
#1 transferring dockerfile: 1.98kB 0.1s done
#1 DONE 0.2s

#2 [internal] load metadata for docker.io/library/python@sha256:1aaa65a85fda306ffb8b910824d4e93bdce61e212c7e87168123ea3073b41a1a
#2 DONE 0.0s

#3 [internal] load metadata for ghcr.io/astral-sh/uv@sha256:d46db4c7b7f2e75ff80aeef95da4c2c6ff1ad399c13ab85067db4430b7c3b9c3
#3 DONE 0.0s

#4 [internal] load .dockerignore
#4 transferring context:
#4 transferring context: 179B 0.1s done
#4 DONE 0.2s

#5 [uv-tool 1/1] FROM ghcr.io/astral-sh/uv@sha256:d46db4c7b7f2e75ff80aeef95da4c2c6ff1ad399c13ab85067db4430b7c3b9c3
#5 DONE 0.0s

#6 [build 1/6] FROM docker.io/library/python@sha256:1aaa65a85fda306ffb8b910824d4e93bdce61e212c7e87168123ea3073b41a1a
#6 DONE 0.0s

#7 [internal] load build context
#7 transferring context: 59.72kB 0.1s done
#7 DONE 0.1s

#8 [build 2/6] COPY --from=uv-tool /uv /usr/local/bin/uv
#8 CACHED

#9 [build 3/6] WORKDIR /build
#9 CACHED

#10 [build 4/6] COPY .python-version pyproject.toml uv.lock README.md ./
#10 DONE 0.2s

#11 [build 5/6] COPY src/ ./src/
#11 DONE 0.1s

#12 [build 6/6] RUN uv sync --locked --only-group build --no-install-project --no-managed-python     && uv build --offline --no-build-isolation --wheel     && uv export --locked --no-default-groups --no-emit-project --no-annotate --no-header          --format requirements.txt --output-file /build/production-requirements.txt     && uv venv --no-managed-python --python /usr/local/bin/python /opt/venv     && uv pip sync --python /opt/venv/bin/python --require-hashes --only-binary :all: /build/production-requirements.txt     && uv pip install --python /opt/venv/bin/python --offline --no-index --no-deps dist/*.whl     && uv pip check --python /opt/venv/bin/python
#12 0.493 Using CPython 3.12.14 interpreter at: /usr/local/bin/python3.12
#12 0.493 Creating virtual environment at: .venv
#12 0.496 Resolved 22 packages in 0.92ms
#12 0.661 Prepared 3 packages in 164ms
#12 0.738 Installed 3 packages in 76ms
#12 0.738  + packaging==26.3
#12 0.738  + setuptools==84.0.0
#12 0.738  + wheel==0.48.0
#12 0.979 Building wheel...
#12 1.932 running bdist_wheel
#12 1.941 running build
#12 1.941 running build_py
#12 1.943 creating build/lib/lifecycle
#12 1.943 copying src/lifecycle/__init__.py -> build/lib/lifecycle
#12 1.944 creating build/lib/lifecycle/application
#12 1.945 copying src/lifecycle/application/foundation.py -> build/lib/lifecycle/application
#12 1.945 copying src/lifecycle/application/__init__.py -> build/lib/lifecycle/application
#12 1.945 creating build/lib/lifecycle/bootstrap
#12 1.945 copying src/lifecycle/bootstrap/server.py -> build/lib/lifecycle/bootstrap
#12 1.945 copying src/lifecycle/bootstrap/health.py -> build/lib/lifecycle/bootstrap
#12 1.947 copying src/lifecycle/bootstrap/__init__.py -> build/lib/lifecycle/bootstrap
#12 1.947 creating build/lib/lifecycle/infrastructure
#12 1.947 copying src/lifecycle/infrastructure/foundation.py -> build/lib/lifecycle/infrastructure
#12 1.947 copying src/lifecycle/infrastructure/__init__.py -> build/lib/lifecycle/infrastructure
#12 1.947 creating build/lib/lifecycle/interfaces
#12 1.947 copying src/lifecycle/interfaces/health.py -> build/lib/lifecycle/interfaces
#12 1.947 copying src/lifecycle/interfaces/http.py -> build/lib/lifecycle/interfaces
#12 1.947 copying src/lifecycle/interfaces/__init__.py -> build/lib/lifecycle/interfaces
#12 1.948 running egg_info
#12 1.949 creating src/product_lifecycle.egg-info
#12 1.950 writing src/product_lifecycle.egg-info/PKG-INFO
#12 1.951 writing dependency_links to src/product_lifecycle.egg-info/dependency_links.txt
#12 1.951 writing entry points to src/product_lifecycle.egg-info/entry_points.txt
#12 1.952 writing requirements to src/product_lifecycle.egg-info/requires.txt
#12 1.952 writing top-level names to src/product_lifecycle.egg-info/top_level.txt
#12 1.952 writing manifest file 'src/product_lifecycle.egg-info/SOURCES.txt'
#12 1.956 reading manifest file 'src/product_lifecycle.egg-info/SOURCES.txt'
#12 1.957 writing manifest file 'src/product_lifecycle.egg-info/SOURCES.txt'
#12 1.958 warning: build_py: byte-compiling is disabled, skipping.
#12 1.958 
#12 1.961 installing to build/bdist.linux-x86_64/wheel
#12 1.961 running install
#12 1.968 running install_lib
#12 1.970 creating build/bdist.linux-x86_64/wheel
#12 1.970 creating build/bdist.linux-x86_64/wheel/lifecycle
#12 1.970 creating build/bdist.linux-x86_64/wheel/lifecycle/application
#12 1.971 copying build/lib/lifecycle/application/foundation.py -> build/bdist.linux-x86_64/wheel/./lifecycle/application
#12 1.971 copying build/lib/lifecycle/application/__init__.py -> build/bdist.linux-x86_64/wheel/./lifecycle/application
#12 1.971 creating build/bdist.linux-x86_64/wheel/lifecycle/bootstrap
#12 1.972 copying build/lib/lifecycle/bootstrap/server.py -> build/bdist.linux-x86_64/wheel/./lifecycle/bootstrap
#12 1.972 copying build/lib/lifecycle/bootstrap/health.py -> build/bdist.linux-x86_64/wheel/./lifecycle/bootstrap
#12 1.972 copying build/lib/lifecycle/bootstrap/__init__.py -> build/bdist.linux-x86_64/wheel/./lifecycle/bootstrap
#12 1.973 creating build/bdist.linux-x86_64/wheel/lifecycle/infrastructure
#12 1.973 copying build/lib/lifecycle/infrastructure/foundation.py -> build/bdist.linux-x86_64/wheel/./lifecycle/infrastructure
#12 1.973 copying build/lib/lifecycle/infrastructure/__init__.py -> build/bdist.linux-x86_64/wheel/./lifecycle/infrastructure
#12 1.973 creating build/bdist.linux-x86_64/wheel/lifecycle/interfaces
#12 1.975 warning: install_lib: byte-compiling is disabled, skipping.
#12 1.975 
#12 1.975 copying build/lib/lifecycle/interfaces/health.py -> build/bdist.linux-x86_64/wheel/./lifecycle/interfaces
#12 1.975 copying build/lib/lifecycle/interfaces/http.py -> build/bdist.linux-x86_64/wheel/./lifecycle/interfaces
#12 1.975 copying build/lib/lifecycle/interfaces/__init__.py -> build/bdist.linux-x86_64/wheel/./lifecycle/interfaces
#12 1.975 copying build/lib/lifecycle/__init__.py -> build/bdist.linux-x86_64/wheel/./lifecycle
#12 1.975 running install_egg_info
#12 1.977 Copying src/product_lifecycle.egg-info to build/bdist.linux-x86_64/wheel/./product_lifecycle-0.1.0.dev0-py3.12.egg-info
#12 1.978 running install_scripts
#12 1.980 creating build/bdist.linux-x86_64/wheel/product_lifecycle-0.1.0.dev0.dist-info/WHEEL
#12 1.981 creating '/build/dist/.tmp-fc7qqagr/product_lifecycle-0.1.0.dev0-py3-none-any.whl' and adding 'build/bdist.linux-x86_64/wheel' to it
#12 1.981 adding 'lifecycle/__init__.py'
#12 1.981 adding 'lifecycle/application/__init__.py'
#12 1.982 adding 'lifecycle/application/foundation.py'
#12 1.982 adding 'lifecycle/bootstrap/__init__.py'
#12 1.982 adding 'lifecycle/bootstrap/health.py'
#12 1.983 adding 'lifecycle/bootstrap/server.py'
#12 1.983 adding 'lifecycle/infrastructure/__init__.py'
#12 1.983 adding 'lifecycle/infrastructure/foundation.py'
#12 1.984 adding 'lifecycle/interfaces/__init__.py'
#12 1.984 adding 'lifecycle/interfaces/health.py'
#12 1.985 adding 'lifecycle/interfaces/http.py'
#12 1.985 adding 'product_lifecycle-0.1.0.dev0.dist-info/METADATA'
#12 1.985 adding 'product_lifecycle-0.1.0.dev0.dist-info/WHEEL'
#12 1.986 adding 'product_lifecycle-0.1.0.dev0.dist-info/entry_points.txt'
#12 1.986 adding 'product_lifecycle-0.1.0.dev0.dist-info/top_level.txt'
#12 1.986 adding 'product_lifecycle-0.1.0.dev0.dist-info/RECORD'
#12 1.986 removing build/bdist.linux-x86_64/wheel
#12 2.023 Successfully built dist/product_lifecycle-0.1.0.dev0-py3-none-any.whl
#12 2.030 Resolved 22 packages in 0.89ms
#12 2.030 click==8.5.0 \
#12 2.030     --hash=sha256:255bc9599cf7748b4b1a446ccc735421bd08a2ae529a8b88597d3de5664ee360 \
#12 2.030     --hash=sha256:ba0d2089de75ea0310e2dde03160e6ca10009947fb95a182f9b54021bb272e34
#12 2.030 h11==0.16.0 \
#12 2.030     --hash=sha256:4e35b956cf45792e4caa5885e69fba00bdbc6ffafbfa020300e549b208ee5ff1 \
#12 2.030     --hash=sha256:63cf8bbe7522de3bf65932fda1d9c2772064ffb3dae62d55932da54b31cb6c86
#12 2.030 psycopg==3.3.6 \
#12 2.030     --hash=sha256:a1db9f7148b06a28606767efaca51fa6f9398c5c0a3810519be69d7000bdb631 \
#12 2.031     --hash=sha256:c081f2250df751a943036e42db6df4571c66cd0aabe8291a7a506512b12007d2
#12 2.031 psycopg-binary==3.3.6 ; implementation_name != 'pypy' \
#12 2.031     --hash=sha256:1679a1cb93fbe5a6d1fd58d82cbddcc6fcb8c61446ba7cae6eb2a7b19bc585de \
#12 2.031     --hash=sha256:289aadd6a00e151203c081f708348ec89f1e483c9b510ef4ac3981f847f01f79 \
#12 2.031     --hash=sha256:366db6e97e66b37211475f20c4c1324a2dc0dd825e46d4e87f9d599304d276f9 \
#12 2.031     --hash=sha256:37d40450659401600e6d043ff586c89a71a69f33cbb8bcdba6cdb2569beecdbe \
#12 2.031     --hash=sha256:3f84dab25e0385692ee13274c68678377e0b1a70ab9d14e56264cbf61f60c62d \
#12 2.031     --hash=sha256:612382ac3ed13651c7fa44b5fee9fbf7baaa2ddbc6f500391672682c5f1df9e0 \
#12 2.031     --hash=sha256:a4ee3bdd5468a725f2a4d9aab8a74b6d0279f768c8b5d3aeb102c5307ff3d59c \
#12 2.031     --hash=sha256:a5165300324efd5a772c48a88ab3a928513ab3979fca76553e62ee815f7b2b9c \
#12 2.031     --hash=sha256:d636338c8f21b0df2f84657b00bc34f9313f826ef93f1155bc743607e4a0c5eb \
#12 2.031     --hash=sha256:e23a66a763fbe83fcc210bc77c27e5a5ea380ebf091c06f34d8561b695e5a40f \
#12 2.031     --hash=sha256:f21d057f3e5f5491067e5b292498073b73847d48799b099803fef100775fcc52
#12 2.031 typing-extensions==4.16.0 \
#12 2.031     --hash=sha256:481caa481374e813c1b176ada14e97f1f67a4539ce9cfeb3f350d78d6370c2e8 \
#12 2.031     --hash=sha256:dc983d19a509c94dba722ee6abd33940f7c05a89e243c47e907eb4db6f1a43e5
#12 2.031 tzdata==2026.5 ; sys_platform == 'win32' \
#12 2.031     --hash=sha256:8cc73c0a0bfca7dbfa59235d60b2eff82231dee33f53d206db1acd9173cfc0a7 \
#12 2.031     --hash=sha256:b683bd1b6659ddcd810ff02ad09ba821d4bf1065072805063eb35c49617905ac
#12 2.031 uvicorn==0.53.0 \
#12 2.031     --hash=sha256:a9356f0cb89b3b8621529c5d5eebd69bfe154f4c3f68b4cf2de47e45fa855c2e \
#12 2.031     --hash=sha256:e8dca71ec86dce5f04e333f0d56cdedf942446e6643b9cea1af0d6d3a02cb03e
#12 2.200 Using CPython 3.12.14 interpreter at: /usr/local/bin/python
#12 2.200 Creating virtual environment at: /opt/venv
#12 2.373 Using Python 3.12.14 environment at: /opt/venv
#12 2.483 Resolved 6 packages in 109ms
#12 2.519 Downloading psycopg-binary (5.0MiB)
#12 2.585  Downloaded psycopg-binary
#12 2.585 Prepared 6 packages in 101ms
#12 2.612 Installed 6 packages in 26ms
#12 2.612  + click==8.5.0
#12 2.612  + h11==0.16.0
#12 2.612  + psycopg==3.3.6
#12 2.613  + psycopg-binary==3.3.6
#12 2.613  + typing-extensions==4.16.0
#12 2.613  + uvicorn==0.53.0
#12 2.621 Using Python 3.12.14 environment at: /opt/venv
#12 2.623 Resolved 1 package in 1ms
#12 2.627 Prepared 1 package in 3ms
#12 2.633 Installed 1 package in 4ms
#12 2.633  + product-lifecycle==0.1.0.dev0 (from file:///build/dist/product_lifecycle-0.1.0.dev0-py3-none-any.whl)
#12 2.639 Using Python 3.12.14 environment at: /opt/venv
#12 2.641 Checked 7 packages in 0.54ms
#12 2.641 All installed packages are compatible
#12 DONE 2.7s

#13 [runtime 2/3] WORKDIR /app
#13 CACHED

#14 [runtime 3/3] COPY --from=build /opt/venv/ /opt/venv/
#14 DONE 0.1s

#15 exporting to image
#15 exporting layers
#15 exporting layers 0.8s done
#15 writing image sha256:551adea7f330ddeee402a818e3e6eb1424594f6170dfb81b70bda914331b6db3 done
#15 naming to docker.io/library/p01-lifecycle:5122e256fb49ba55ee797f02771e7b12c4109481 done
#15 DONE 0.8s
