[
    {
        "Id": "sha256:8d76d8de17e883d3995f76252e260bc6b7761e9c23edbf3356b0676d37c49ddb",
        "RepoTags": [],
        "RepoDigests": [
            "postgres@sha256:9e73daeb439141c2b11eea2463f5f1a3b269fd90d897b41cddb7cb440f21aa5d"
        ],
        "Parent": "",
        "Comment": "buildkit.dockerfile.v0",
        "Created": "2026-09-19T00:36:23.342656378Z",
        "DockerVersion": "",
        "Author": "",
        "Config": {
            "Hostname": "",
            "Domainname": "",
            "User": "",
            "AttachStdin": false,
            "AttachStdout": false,
            "AttachStderr": false,
            "ExposedPorts": {
                "5432/tcp": {}
            },
            "Tty": false,
            "OpenStdin": false,
            "StdinOnce": false,
            "Env": [
                "PATH=/usr/local/sbin:/usr/local/bin:/usr/sbin:/usr/bin:/sbin:/bin:/usr/lib/postgresql/18/bin",
                "GOSU_VERSION=1.19",
                "LANG=en_US.utf8",
                "PG_MAJOR=18",
                "PG_VERSION=18.6-1.pgdg12+2",
                "PGDATA=/var/lib/postgresql/18/docker"
            ],
            "Cmd": [
                "postgres"
            ],
            "Image": "",
            "Volumes": {
                "/var/lib/postgresql": {}
            },
            "WorkingDir": "",
            "Entrypoint": [
                "docker-entrypoint.sh"
            ],
            "OnBuild": null,
            "Labels": null,
            "StopSignal": "SIGINT"
        },
        "Architecture": "amd64",
        "Os": "linux",
        "Size": 440353195,
        "GraphDriver": {
            "Data": {
                "LowerDir": "/var/lib/docker/overlay2/bda2d619ac71c316021c273553f0ba70f4310984e9e191b745efccda2b95bed8/diff:/var/lib/docker/overlay2/4c025a0b929e8e67c196f77ebdd48141d28cc0ad93bf66ad76ce889ab7990bea/diff:/var/lib/docker/overlay2/85720948ddf01279a3057c11f4c87369e5ff589681097f4e947f4dced5a46ec6/diff:/var/lib/docker/overlay2/94e9013dac2a66418fceec2e2ab0b3fb31889be45be7b6943a28c7bbe51c71ef/diff:/var/lib/docker/overlay2/d0e437d9d63ed0d06b42df337f41d17d7e23bcd3975d33fce1bfbca69c19ac88/diff:/var/lib/docker/overlay2/318954d29b8a266cb02f9e2737fe7219b6686058e0dc5dd0199aa6842f94b586/diff:/var/lib/docker/overlay2/720e0802db0b0bc586db21d22ab3212ea2351d2ce2561b25bd293f637de014a1/diff:/var/lib/docker/overlay2/e2f5c3c4d476b5535490d6e2a1be21316f218cab75acb9ae0e97dc26ea48642e/diff:/var/lib/docker/overlay2/be6a53b7968a1d12fb25e8d03a78e85514a29fdbb8317446a7ae8f71ca3ac2c2/diff:/var/lib/docker/overlay2/9e50051c99caa2f73e6c2116883a2dc4735390ee9f7d98571a13fcaf57beed6e/diff:/var/lib/docker/overlay2/36eea8e1b51c9e9079c59d8aea564207f925941e56f9a036f05019fffd6b751b/diff:/var/lib/docker/overlay2/e122372b36241605bb9e8c87514f72372b0ee67c2f24b452b535887a6a5e5fec/diff",
                "MergedDir": "/var/lib/docker/overlay2/80eae247d0fe0310dc58bcdd8d379fb4ac1065cf76f8f5f26b86e4d93e054571/merged",
                "UpperDir": "/var/lib/docker/overlay2/80eae247d0fe0310dc58bcdd8d379fb4ac1065cf76f8f5f26b86e4d93e054571/diff",
                "WorkDir": "/var/lib/docker/overlay2/80eae247d0fe0310dc58bcdd8d379fb4ac1065cf76f8f5f26b86e4d93e054571/work"
            },
            "Name": "overlay2"
        },
        "RootFS": {
            "Type": "layers",
            "Layers": [
                "sha256:34467cc93912af891dfee8a3902adf9b4f355a9bca4eaa46f658d1181a21de0d",
                "sha256:8f045a3ab0a089995123e77d6a7bd7a0e2bc9632d000a2dcdc22273310736566",
                "sha256:adb195a998402ee496b46f19dc2010048f69c92cbef37cc1c7b32f1bdbf57966",
                "sha256:7af66262fa283cf5d3de6fcaf3b70b7de6bc4d870fa6e5d3636a1e2aacee705f",
                "sha256:8c44c9b8475091503263b0d13713534614522018794d15e9bcdd79a17f6f647d",
                "sha256:145212acd9861542f7e0e21886a27d942480bb8bbfc46af5c357e4866968f0d2",
                "sha256:e2fb01ca3015fe414db9e171b8015e08aaa6358b93cfc5da74b7eb93cf53f927",
                "sha256:32429d5a0f22ecd7edc84dd1757b6e33b0ae2fb0a0fa025e9a668dcdd30ba686",
                "sha256:1723d234ab75f6d9ccabfc2e82a877c9631f4c7ee3600997b8f3bd261b1f8777",
                "sha256:012ae39ecbccaba1c0515d28019f702e4fd5a5bb724a9aa98583c7801b5187d5",
                "sha256:f14c0baaa388fa3d2f8b3855b54dc32f1c1b61e8ba60d4e67205c0af97fc3b8f",
                "sha256:f1f20a65bc98d0b9a981a6fa982d35e14cb15f801183ff47a897b9addbd8bab1",
                "sha256:a00fbd9ec7b83b1c2a6aec49c29cc9915153ff118832e69ebe0d25eac8749509"
            ]
        },
        "Metadata": {
            "LastTagTime": "0001-01-01T00:00:00Z"
        }
    }
]
