
   PASS  Tests\Feature\GovernanceOutboxTest
  ✓ it publishes a schema-validated minimal fact reference and preserve… 0.71s  
  ✓ it retains an uncertain publication and replays exactly the same ev… 0.17s  
  ✓ it replays a confirmed event after the database acknowledgement is…  0.16s  
  ✓ it delivers committed history even when its originating actor no lo… 0.13s  
  ✓ it quarantines malformed facts without blocking independent tenant…  0.15s  
  ✓ it rejects unknown event types and mismatched scope without publish… 0.13s  
  ✓ it rejects unknown event types and mismatched scope without publish… 0.14s  
  ✓ it fails closed without broker custody and bounds operator commands  0.17s  

   PASS  Tests\Feature\GovernanceBrokerTest
  ✓ it recovers a killed confirmed publisher with a stable wire and dur… 0.39s  
  ✓ it skips a locked claim then permits two independent relays to fini… 0.49s  
  ✓ it requires a routed confirmation and verified TLS, then recovers a… 0.18s  

   PASS  Tests\Feature\ApprovalTest
  ✓ it binds an independent approval to an immutable plan and named exe… 0.27s  
  ✓ it denies self-approval even if the requestor also has a reviewer g… 0.29s  
  ✓ it denies a named executor from approving even if given approval au… 0.28s  
  ✓ it rejects every changed approval binding rather than widening the…  0.24s  
  ✓ it rejects every changed approval binding rather than widening the…  0.24s  
  ✓ it rejects every changed approval binding rather than widening the…  0.23s  
  ✓ it rejects every changed approval binding rather than widening the…  0.24s  
  ✓ it rejects every changed approval binding rather than widening the…  0.24s  
  ✓ it rejects every changed approval binding rather than widening the…  0.26s  
  ✓ it rejects every changed approval binding rather than widening the…  0.24s  
  ✓ it denies an unnamed executor and cross-tenant approval identifiers  0.27s  
  ✓ it records rejection and revocation without destroying history or p… 0.33s  
  ✓ it expires approval authoritatively and records the transition once  0.29s  
  ✓ it requires fresh authority and cannot resurrect an approval after…  0.26s  
  ✓ it fails closed on missing plan authority and detects changed autho… 0.22s  
  ✓ it returns the original idempotent decision but rejects changed rea… 0.24s  
  ✓ it does not fall back to a synthetic plan source in the deployed ad… 0.21s  
  ✓ it records background expiry once without a live session or availab… 0.24s  
  ✓ it preserves the v1 audit UUID contract without attributing system…  0.24s  
  ✓ it expires bounded batches at the exact deadline and leaves termina… 0.27s  
  ✓ it rolls expiry back if its durable outbox cannot be written         0.23s  

  Tests:    32 passed (719 assertions)
  Duration: 8.26s

