Building wheel...
running bdist_wheel
running build
running build_py
creating build/lib/lifecycle_worker
copying src/lifecycle_worker/__init__.py -> build/lib/lifecycle_worker
creating build/lib/lifecycle_worker/application
copying src/lifecycle_worker/application/native.py -> build/lib/lifecycle_worker/application
copying src/lifecycle_worker/application/__init__.py -> build/lib/lifecycle_worker/application
copying src/lifecycle_worker/application/simulation.py -> build/lib/lifecycle_worker/application
creating build/lib/lifecycle_worker/bootstrap
copying src/lifecycle_worker/bootstrap/health.py -> build/lib/lifecycle_worker/bootstrap
copying src/lifecycle_worker/bootstrap/native_inspect.py -> build/lib/lifecycle_worker/bootstrap
copying src/lifecycle_worker/bootstrap/__init__.py -> build/lib/lifecycle_worker/bootstrap
copying src/lifecycle_worker/bootstrap/simulation.py -> build/lib/lifecycle_worker/bootstrap
creating build/lib/lifecycle_worker/infrastructure
copying src/lifecycle_worker/infrastructure/native_files.py -> build/lib/lifecycle_worker/infrastructure
copying src/lifecycle_worker/infrastructure/native_journal.py -> build/lib/lifecycle_worker/infrastructure
copying src/lifecycle_worker/infrastructure/native_http.py -> build/lib/lifecycle_worker/infrastructure
copying src/lifecycle_worker/infrastructure/openstack_readback.py -> build/lib/lifecycle_worker/infrastructure
copying src/lifecycle_worker/infrastructure/runtime.py -> build/lib/lifecycle_worker/infrastructure
copying src/lifecycle_worker/infrastructure/__init__.py -> build/lib/lifecycle_worker/infrastructure
copying src/lifecycle_worker/infrastructure/terraform.py -> build/lib/lifecycle_worker/infrastructure
creating build/lib/lifecycle_worker/interfaces
copying src/lifecycle_worker/interfaces/health.py -> build/lib/lifecycle_worker/interfaces
copying src/lifecycle_worker/interfaces/__init__.py -> build/lib/lifecycle_worker/interfaces
copying src/lifecycle_worker/interfaces/simulation.py -> build/lib/lifecycle_worker/interfaces
running egg_info
writing src/product_lifecycle_worker.egg-info/PKG-INFO
writing dependency_links to src/product_lifecycle_worker.egg-info/dependency_links.txt
writing entry points to src/product_lifecycle_worker.egg-info/entry_points.txt
writing requirements to src/product_lifecycle_worker.egg-info/requires.txt
writing top-level names to src/product_lifecycle_worker.egg-info/top_level.txt
reading manifest file 'src/product_lifecycle_worker.egg-info/SOURCES.txt'
writing manifest file 'src/product_lifecycle_worker.egg-info/SOURCES.txt'
installing to build/bdist.linux-x86_64/wheel
running install
running install_lib
creating build/bdist.linux-x86_64/wheel
creating build/bdist.linux-x86_64/wheel/lifecycle_worker
creating build/bdist.linux-x86_64/wheel/lifecycle_worker/application
copying build/lib/lifecycle_worker/application/native.py -> build/bdist.linux-x86_64/wheel/./lifecycle_worker/application
copying build/lib/lifecycle_worker/application/__init__.py -> build/bdist.linux-x86_64/wheel/./lifecycle_worker/application
copying build/lib/lifecycle_worker/application/simulation.py -> build/bdist.linux-x86_64/wheel/./lifecycle_worker/application
creating build/bdist.linux-x86_64/wheel/lifecycle_worker/bootstrap
copying build/lib/lifecycle_worker/bootstrap/health.py -> build/bdist.linux-x86_64/wheel/./lifecycle_worker/bootstrap
copying build/lib/lifecycle_worker/bootstrap/native_inspect.py -> build/bdist.linux-x86_64/wheel/./lifecycle_worker/bootstrap
copying build/lib/lifecycle_worker/bootstrap/__init__.py -> build/bdist.linux-x86_64/wheel/./lifecycle_worker/bootstrap
copying build/lib/lifecycle_worker/bootstrap/simulation.py -> build/bdist.linux-x86_64/wheel/./lifecycle_worker/bootstrap
creating build/bdist.linux-x86_64/wheel/lifecycle_worker/infrastructure
copying build/lib/lifecycle_worker/infrastructure/native_files.py -> build/bdist.linux-x86_64/wheel/./lifecycle_worker/infrastructure
copying build/lib/lifecycle_worker/infrastructure/native_journal.py -> build/bdist.linux-x86_64/wheel/./lifecycle_worker/infrastructure
copying build/lib/lifecycle_worker/infrastructure/native_http.py -> build/bdist.linux-x86_64/wheel/./lifecycle_worker/infrastructure
copying build/lib/lifecycle_worker/infrastructure/openstack_readback.py -> build/bdist.linux-x86_64/wheel/./lifecycle_worker/infrastructure
copying build/lib/lifecycle_worker/infrastructure/runtime.py -> build/bdist.linux-x86_64/wheel/./lifecycle_worker/infrastructure
copying build/lib/lifecycle_worker/infrastructure/__init__.py -> build/bdist.linux-x86_64/wheel/./lifecycle_worker/infrastructure
copying build/lib/lifecycle_worker/infrastructure/terraform.py -> build/bdist.linux-x86_64/wheel/./lifecycle_worker/infrastructure
creating build/bdist.linux-x86_64/wheel/lifecycle_worker/interfaces
copying build/lib/lifecycle_worker/interfaces/health.py -> build/bdist.linux-x86_64/wheel/./lifecycle_worker/interfaces
copying build/lib/lifecycle_worker/interfaces/__init__.py -> build/bdist.linux-x86_64/wheel/./lifecycle_worker/interfaces
copying build/lib/lifecycle_worker/interfaces/simulation.py -> build/bdist.linux-x86_64/wheel/./lifecycle_worker/interfaces
copying build/lib/lifecycle_worker/__init__.py -> build/bdist.linux-x86_64/wheel/./lifecycle_worker
running install_egg_info
Copying src/product_lifecycle_worker.egg-info to build/bdist.linux-x86_64/wheel/./product_lifecycle_worker-0.1.0.dev0-py3.12.egg-info
running install_scripts
creating build/bdist.linux-x86_64/wheel/product_lifecycle_worker-0.1.0.dev0.dist-info/WHEEL
creating '/home/runner/work/multi-tenant/multi-tenant/workers/lifecycle/dist/.tmp-rzxbj1zk/product_lifecycle_worker-0.1.0.dev0-py3-none-any.whl' and adding 'build/bdist.linux-x86_64/wheel' to it
adding 'lifecycle_worker/__init__.py'
adding 'lifecycle_worker/application/__init__.py'
adding 'lifecycle_worker/application/native.py'
adding 'lifecycle_worker/application/simulation.py'
adding 'lifecycle_worker/bootstrap/__init__.py'
adding 'lifecycle_worker/bootstrap/health.py'
adding 'lifecycle_worker/bootstrap/native_inspect.py'
adding 'lifecycle_worker/bootstrap/simulation.py'
adding 'lifecycle_worker/infrastructure/__init__.py'
adding 'lifecycle_worker/infrastructure/native_files.py'
adding 'lifecycle_worker/infrastructure/native_http.py'
adding 'lifecycle_worker/infrastructure/native_journal.py'
adding 'lifecycle_worker/infrastructure/openstack_readback.py'
adding 'lifecycle_worker/infrastructure/runtime.py'
adding 'lifecycle_worker/infrastructure/terraform.py'
adding 'lifecycle_worker/interfaces/__init__.py'
adding 'lifecycle_worker/interfaces/health.py'
adding 'lifecycle_worker/interfaces/simulation.py'
adding 'product_lifecycle_worker-0.1.0.dev0.dist-info/METADATA'
adding 'product_lifecycle_worker-0.1.0.dev0.dist-info/WHEEL'
adding 'product_lifecycle_worker-0.1.0.dev0.dist-info/entry_points.txt'
adding 'product_lifecycle_worker-0.1.0.dev0.dist-info/top_level.txt'
adding 'product_lifecycle_worker-0.1.0.dev0.dist-info/RECORD'
removing build/bdist.linux-x86_64/wheel
Successfully built dist/product_lifecycle_worker-0.1.0.dev0-py3-none-any.whl
