#0 building with "default" instance using docker driver

#1 [internal] load build definition from Dockerfile
#1 transferring dockerfile: 2.29kB done
#1 DONE 0.0s

#2 [auth] library/python:pull token for registry-1.docker.io
#2 DONE 0.0s

#3 [internal] load metadata for docker.io/library/python@sha256:1aaa65a85fda306ffb8b910824d4e93bdce61e212c7e87168123ea3073b41a1a
#3 ...

#4 [internal] load metadata for ghcr.io/astral-sh/uv@sha256:d46db4c7b7f2e75ff80aeef95da4c2c6ff1ad399c13ab85067db4430b7c3b9c3
#4 DONE 0.2s

#3 [internal] load metadata for docker.io/library/python@sha256:1aaa65a85fda306ffb8b910824d4e93bdce61e212c7e87168123ea3073b41a1a
#3 DONE 0.3s

#5 [internal] load .dockerignore
#5 transferring context: 206B done
#5 DONE 0.0s

#6 [build 1/6] FROM docker.io/library/python@sha256:1aaa65a85fda306ffb8b910824d4e93bdce61e212c7e87168123ea3073b41a1a
#6 resolve docker.io/library/python@sha256:1aaa65a85fda306ffb8b910824d4e93bdce61e212c7e87168123ea3073b41a1a done
#6 ...

#7 [internal] load build context
#7 transferring context: 60.66kB done
#7 DONE 0.0s

#6 [build 1/6] FROM docker.io/library/python@sha256:1aaa65a85fda306ffb8b910824d4e93bdce61e212c7e87168123ea3073b41a1a
#6 sha256:febd0be41adb897a0ab8f1f1c693d8912669ea60c4940e076e9946b60e210ef0 5.68kB / 5.68kB done
#6 sha256:774043ccc8ccd0d0833a9ee0792142ab7ad93df971e59dd248fbf82db16d0150 25.17MB / 28.24MB 0.1s
#6 sha256:1c5e03f304918f89aed0c098c8f4b6f163f7bf9d2702991696bf0132a2853e30 3.15MB / 3.53MB 0.1s
#6 sha256:1aaa65a85fda306ffb8b910824d4e93bdce61e212c7e87168123ea3073b41a1a 1.75kB / 1.75kB done
#6 sha256:774043ccc8ccd0d0833a9ee0792142ab7ad93df971e59dd248fbf82db16d0150 28.24MB / 28.24MB 0.1s done
#6 sha256:1c5e03f304918f89aed0c098c8f4b6f163f7bf9d2702991696bf0132a2853e30 3.53MB / 3.53MB 0.1s done
#6 extracting sha256:774043ccc8ccd0d0833a9ee0792142ab7ad93df971e59dd248fbf82db16d0150
#6 sha256:a2e58067964fcd8f46a6b5992975e9c8ab34e7620d96204e08e99bf0fdf4dab8 13.67MB / 13.67MB 0.2s done
#6 sha256:7c6fab1667eb7d9029684d783e4c127f11dd7ed5120829f875b799a0b9431558 249B / 249B 0.1s done
#6 ...

#8 [uv-tool 1/1] FROM ghcr.io/astral-sh/uv@sha256:d46db4c7b7f2e75ff80aeef95da4c2c6ff1ad399c13ab85067db4430b7c3b9c3
#8 resolve ghcr.io/astral-sh/uv@sha256:d46db4c7b7f2e75ff80aeef95da4c2c6ff1ad399c13ab85067db4430b7c3b9c3 done
#8 sha256:d46db4c7b7f2e75ff80aeef95da4c2c6ff1ad399c13ab85067db4430b7c3b9c3 669B / 669B done
#8 sha256:de5ce60260f893ece94ee7b7e9bdc7d0cd51b33e74aabef1358342e642ca71e7 1.30kB / 1.30kB done
#8 sha256:c899545868f84f908ee09e6d932033fc14acdf3a2a8b2d6cdacf573c85450bba 23.52MB / 23.52MB 0.1s done
#8 sha256:54723a59ba9fe2be41df3ad59d75d4738b62774f60a8e988163ed08002fa4215 98B / 98B 0.0s done
#8 extracting sha256:c899545868f84f908ee09e6d932033fc14acdf3a2a8b2d6cdacf573c85450bba 0.4s done
#8 extracting sha256:54723a59ba9fe2be41df3ad59d75d4738b62774f60a8e988163ed08002fa4215 done
#8 DONE 0.7s

#6 [build 1/6] FROM docker.io/library/python@sha256:1aaa65a85fda306ffb8b910824d4e93bdce61e212c7e87168123ea3073b41a1a
#6 extracting sha256:774043ccc8ccd0d0833a9ee0792142ab7ad93df971e59dd248fbf82db16d0150 1.2s done
#6 extracting sha256:1c5e03f304918f89aed0c098c8f4b6f163f7bf9d2702991696bf0132a2853e30 0.1s
#6 extracting sha256:1c5e03f304918f89aed0c098c8f4b6f163f7bf9d2702991696bf0132a2853e30 0.1s done
#6 extracting sha256:a2e58067964fcd8f46a6b5992975e9c8ab34e7620d96204e08e99bf0fdf4dab8 0.1s
#6 extracting sha256:a2e58067964fcd8f46a6b5992975e9c8ab34e7620d96204e08e99bf0fdf4dab8 0.5s done
#6 extracting sha256:7c6fab1667eb7d9029684d783e4c127f11dd7ed5120829f875b799a0b9431558 done
#6 DONE 2.3s

#9 [runtime 2/5] COPY build/snapshot.sh /tmp/service-snapshot.sh
#9 DONE 0.0s

#10 [build 2/6] COPY --from=uv-tool /uv /usr/local/bin/uv
#10 DONE 0.1s

#11 [runtime 3/5] RUN sh /tmp/service-snapshot.sh     && apt-get update     && apt-get install -y --no-install-recommends libpcre2-8-0=10.42-1+deb12u2 tzdata=2026c-0+deb12u1     && rm -rf /var/lib/apt/lists/* /tmp/service-snapshot.sh
#11 ...

#12 [build 3/6] WORKDIR /build
#12 DONE 0.0s

#13 [build 4/6] COPY .python-version pyproject.toml uv.lock README.md ./
#13 DONE 0.0s

#14 [build 5/6] COPY src/ ./src/
#14 DONE 0.0s

#11 [runtime 3/5] RUN sh /tmp/service-snapshot.sh     && apt-get update     && apt-get install -y --no-install-recommends libpcre2-8-0=10.42-1+deb12u2 tzdata=2026c-0+deb12u1     && rm -rf /var/lib/apt/lists/* /tmp/service-snapshot.sh
#11 0.246 Get:1 https://snapshot.debian.org/archive/debian/20261004T000000Z bookworm InRelease [151 kB]
#11 0.259 Get:2 https://snapshot.debian.org/archive/debian/20261004T000000Z bookworm-updates InRelease [55.4 kB]
#11 0.262 Get:3 https://snapshot.debian.org/archive/debian-security/20261004T000000Z bookworm-security InRelease [34.8 kB]
#11 0.332 Get:4 https://snapshot.debian.org/archive/debian/20261004T000000Z bookworm/main amd64 Packages [8790 kB]
#11 0.405 Get:5 https://snapshot.debian.org/archive/debian/20261004T000000Z bookworm-updates/main amd64 Packages [6924 B]
#11 0.413 Get:6 https://snapshot.debian.org/archive/debian-security/20261004T000000Z bookworm-security/main amd64 Packages [346 kB]
#11 1.200 Fetched 9384 kB in 1s (9412 kB/s)
#11 1.200 Reading package lists...
#11 1.656 Reading package lists...
#11 2.102 Building dependency tree...
#11 ...

#15 [build 6/6] RUN uv sync --locked --only-group build --no-install-project --no-managed-python     && uv build --offline --no-build-isolation --wheel     && uv export --locked --no-default-groups --no-emit-project --no-annotate --no-header          --format requirements.txt --output-file /build/production-requirements.txt     && uv venv --no-managed-python --python /usr/local/bin/python /opt/venv     && uv pip sync --python /opt/venv/bin/python --require-hashes --only-binary :all: /build/production-requirements.txt     && uv pip install --python /opt/venv/bin/python --offline --no-index --no-deps dist/*.whl     && uv pip check --python /opt/venv/bin/python
#15 0.333 Using CPython 3.12.14 interpreter at: /usr/local/bin/python3.12
#15 0.333 Creating virtual environment at: .venv
#15 0.337 Resolved 22 packages in 0.87ms
#15 0.440 Prepared 3 packages in 102ms
#15 0.509 Installed 3 packages in 68ms
#15 0.509  + packaging==26.3
#15 0.509  + setuptools==84.0.0
#15 0.509  + wheel==0.48.0
#15 0.670 Building wheel...
#15 1.423 running bdist_wheel
#15 1.430 running build
#15 1.430 running build_py
#15 1.432 creating build/lib/inventory
#15 1.432 copying src/inventory/__init__.py -> build/lib/inventory
#15 1.432 creating build/lib/inventory/application
#15 1.433 copying src/inventory/application/foundation.py -> build/lib/inventory/application
#15 1.433 copying src/inventory/application/__init__.py -> build/lib/inventory/application
#15 1.435 creating build/lib/inventory/bootstrap
#15 1.435 copying src/inventory/bootstrap/server.py -> build/lib/inventory/bootstrap
#15 1.435 copying src/inventory/bootstrap/health.py -> build/lib/inventory/bootstrap
#15 1.435 copying src/inventory/bootstrap/__init__.py -> build/lib/inventory/bootstrap
#15 1.435 creating build/lib/inventory/infrastructure
#15 1.435 copying src/inventory/infrastructure/foundation.py -> build/lib/inventory/infrastructure
#15 1.435 copying src/inventory/infrastructure/__init__.py -> build/lib/inventory/infrastructure
#15 1.436 creating build/lib/inventory/interfaces
#15 1.436 copying src/inventory/interfaces/health.py -> build/lib/inventory/interfaces
#15 1.436 copying src/inventory/interfaces/http.py -> build/lib/inventory/interfaces
#15 1.436 copying src/inventory/interfaces/__init__.py -> build/lib/inventory/interfaces
#15 1.437 running egg_info
#15 1.438 creating src/product_inventory.egg-info
#15 1.440 writing src/product_inventory.egg-info/PKG-INFO
#15 1.441 writing dependency_links to src/product_inventory.egg-info/dependency_links.txt
#15 1.441 writing entry points to src/product_inventory.egg-info/entry_points.txt
#15 1.442 writing requirements to src/product_inventory.egg-info/requires.txt
#15 1.442 writing top-level names to src/product_inventory.egg-info/top_level.txt
#15 1.442 writing manifest file 'src/product_inventory.egg-info/SOURCES.txt'
#15 1.445 reading manifest file 'src/product_inventory.egg-info/SOURCES.txt'
#15 1.446 writing manifest file 'src/product_inventory.egg-info/SOURCES.txt'
#15 1.447 warning: build_py: byte-compiling is disabled, skipping.
#15 1.447 
#15 1.450 installing to build/bdist.linux-x86_64/wheel
#15 1.450 running install
#15 1.457 running install_lib
#15 1.458 creating build/bdist.linux-x86_64/wheel
#15 1.459 creating build/bdist.linux-x86_64/wheel/inventory
#15 1.460 creating build/bdist.linux-x86_64/wheel/inventory/application
#15 1.460 copying build/lib/inventory/application/foundation.py -> build/bdist.linux-x86_64/wheel/./inventory/application
#15 1.460 copying build/lib/inventory/application/__init__.py -> build/bdist.linux-x86_64/wheel/./inventory/application
#15 1.460 creating build/bdist.linux-x86_64/wheel/inventory/bootstrap
#15 1.460 copying build/lib/inventory/bootstrap/server.py -> build/bdist.linux-x86_64/wheel/./inventory/bootstrap
#15 1.460 copying build/lib/inventory/bootstrap/health.py -> build/bdist.linux-x86_64/wheel/./inventory/bootstrap
#15 1.460 copying build/lib/inventory/bootstrap/__init__.py -> build/bdist.linux-x86_64/wheel/./inventory/bootstrap
#15 1.460 creating build/bdist.linux-x86_64/wheel/inventory/infrastructure
#15 1.461 copying build/lib/inventory/infrastructure/foundation.py -> build/bdist.linux-x86_64/wheel/./inventory/infrastructure
#15 1.461 copying build/lib/inventory/infrastructure/__init__.py -> build/bdist.linux-x86_64/wheel/./inventory/infrastructure
#15 1.461 creating build/bdist.linux-x86_64/wheel/inventory/interfaces
#15 1.462 copying build/lib/inventory/interfaces/health.py -> build/bdist.linux-x86_64/wheel/./inventory/interfaces
#15 1.463 warning: install_lib: byte-compiling is disabled, skipping.
#15 1.463 
#15 1.463 copying build/lib/inventory/interfaces/http.py -> build/bdist.linux-x86_64/wheel/./inventory/interfaces
#15 1.463 copying build/lib/inventory/interfaces/__init__.py -> build/bdist.linux-x86_64/wheel/./inventory/interfaces
#15 1.463 copying build/lib/inventory/__init__.py -> build/bdist.linux-x86_64/wheel/./inventory
#15 1.463 running install_egg_info
#15 1.464 Copying src/product_inventory.egg-info to build/bdist.linux-x86_64/wheel/./product_inventory-0.1.0.dev0-py3.12.egg-info
#15 1.466 running install_scripts
#15 1.467 creating build/bdist.linux-x86_64/wheel/product_inventory-0.1.0.dev0.dist-info/WHEEL
#15 1.468 creating '/build/dist/.tmp-lqofyhjx/product_inventory-0.1.0.dev0-py3-none-any.whl' and adding 'build/bdist.linux-x86_64/wheel' to it
#15 1.468 adding 'inventory/__init__.py'
#15 1.468 adding 'inventory/application/__init__.py'
#15 1.468 adding 'inventory/application/foundation.py'
#15 1.469 adding 'inventory/bootstrap/__init__.py'
#15 1.469 adding 'inventory/bootstrap/health.py'
#15 1.469 adding 'inventory/bootstrap/server.py'
#15 1.470 adding 'inventory/infrastructure/__init__.py'
#15 1.470 adding 'inventory/infrastructure/foundation.py'
#15 1.470 adding 'inventory/interfaces/__init__.py'
#15 1.470 adding 'inventory/interfaces/health.py'
#15 1.471 adding 'inventory/interfaces/http.py'
#15 1.471 adding 'product_inventory-0.1.0.dev0.dist-info/METADATA'
#15 1.471 adding 'product_inventory-0.1.0.dev0.dist-info/WHEEL'
#15 1.471 adding 'product_inventory-0.1.0.dev0.dist-info/entry_points.txt'
#15 1.472 adding 'product_inventory-0.1.0.dev0.dist-info/top_level.txt'
#15 1.472 adding 'product_inventory-0.1.0.dev0.dist-info/RECORD'
#15 1.472 removing build/bdist.linux-x86_64/wheel
#15 1.497 Successfully built dist/product_inventory-0.1.0.dev0-py3-none-any.whl
#15 1.503 Resolved 22 packages in 0.65ms
#15 1.504 click==8.5.0 \
#15 1.504     --hash=sha256:255bc9599cf7748b4b1a446ccc735421bd08a2ae529a8b88597d3de5664ee360 \
#15 1.504     --hash=sha256:ba0d2089de75ea0310e2dde03160e6ca10009947fb95a182f9b54021bb272e34
#15 1.504 h11==0.16.0 \
#15 1.504     --hash=sha256:4e35b956cf45792e4caa5885e69fba00bdbc6ffafbfa020300e549b208ee5ff1 \
#15 1.504     --hash=sha256:63cf8bbe7522de3bf65932fda1d9c2772064ffb3dae62d55932da54b31cb6c86
#15 1.504 psycopg==3.3.6 \
#15 1.504     --hash=sha256:a1db9f7148b06a28606767efaca51fa6f9398c5c0a3810519be69d7000bdb631 \
#15 1.504     --hash=sha256:c081f2250df751a943036e42db6df4571c66cd0aabe8291a7a506512b12007d2
#15 1.504 psycopg-binary==3.3.6 ; implementation_name != 'pypy' \
#15 1.504     --hash=sha256:1679a1cb93fbe5a6d1fd58d82cbddcc6fcb8c61446ba7cae6eb2a7b19bc585de \
#15 1.504     --hash=sha256:289aadd6a00e151203c081f708348ec89f1e483c9b510ef4ac3981f847f01f79 \
#15 1.504     --hash=sha256:366db6e97e66b37211475f20c4c1324a2dc0dd825e46d4e87f9d599304d276f9 \
#15 1.504     --hash=sha256:37d40450659401600e6d043ff586c89a71a69f33cbb8bcdba6cdb2569beecdbe \
#15 1.504     --hash=sha256:3f84dab25e0385692ee13274c68678377e0b1a70ab9d14e56264cbf61f60c62d \
#15 1.504     --hash=sha256:612382ac3ed13651c7fa44b5fee9fbf7baaa2ddbc6f500391672682c5f1df9e0 \
#15 1.504     --hash=sha256:a4ee3bdd5468a725f2a4d9aab8a74b6d0279f768c8b5d3aeb102c5307ff3d59c \
#15 1.504     --hash=sha256:a5165300324efd5a772c48a88ab3a928513ab3979fca76553e62ee815f7b2b9c \
#15 1.504     --hash=sha256:d636338c8f21b0df2f84657b00bc34f9313f826ef93f1155bc743607e4a0c5eb \
#15 1.504     --hash=sha256:e23a66a763fbe83fcc210bc77c27e5a5ea380ebf091c06f34d8561b695e5a40f \
#15 1.504     --hash=sha256:f21d057f3e5f5491067e5b292498073b73847d48799b099803fef100775fcc52
#15 1.504 typing-extensions==4.16.0 \
#15 1.504     --hash=sha256:481caa481374e813c1b176ada14e97f1f67a4539ce9cfeb3f350d78d6370c2e8 \
#15 1.504     --hash=sha256:dc983d19a509c94dba722ee6abd33940f7c05a89e243c47e907eb4db6f1a43e5
#15 1.504 tzdata==2026.5 ; sys_platform == 'win32' \
#15 1.504     --hash=sha256:8cc73c0a0bfca7dbfa59235d60b2eff82231dee33f53d206db1acd9173cfc0a7 \
#15 1.504     --hash=sha256:b683bd1b6659ddcd810ff02ad09ba821d4bf1065072805063eb35c49617905ac
#15 1.504 uvicorn==0.53.0 \
#15 1.504     --hash=sha256:a9356f0cb89b3b8621529c5d5eebd69bfe154f4c3f68b4cf2de47e45fa855c2e \
#15 1.504     --hash=sha256:e8dca71ec86dce5f04e333f0d56cdedf942446e6643b9cea1af0d6d3a02cb03e
#15 1.661 Using CPython 3.12.14 interpreter at: /usr/local/bin/python
#15 1.661 Creating virtual environment at: /opt/venv
#15 1.821 Using Python 3.12.14 environment at: /opt/venv
#15 1.914 Resolved 6 packages in 93ms
#15 1.943 Downloading psycopg-binary (5.0MiB)
#15 1.993  Downloaded psycopg-binary
#15 1.993 Prepared 6 packages in 78ms
#15 2.017 Installed 6 packages in 23ms
#15 2.018  + click==8.5.0
#15 2.018  + h11==0.16.0
#15 2.018  + psycopg==3.3.6
#15 2.018  + psycopg-binary==3.3.6
#15 2.018  + typing-extensions==4.16.0
#15 2.018  + uvicorn==0.53.0
#15 2.025 Using Python 3.12.14 environment at: /opt/venv
#15 2.027 Resolved 1 package in 1ms
#15 2.031 Prepared 1 package in 3ms
#15 2.037 Installed 1 package in 5ms
#15 2.037  + product-inventory==0.1.0.dev0 (from file:///build/dist/product_inventory-0.1.0.dev0-py3-none-any.whl)
#15 2.043 Using Python 3.12.14 environment at: /opt/venv
#15 2.043 Checked 7 packages in 0.50ms
#15 2.044 All installed packages are compatible
#15 DONE 2.1s

#11 [runtime 3/5] RUN sh /tmp/service-snapshot.sh     && apt-get update     && apt-get install -y --no-install-recommends libpcre2-8-0=10.42-1+deb12u2 tzdata=2026c-0+deb12u1     && rm -rf /var/lib/apt/lists/* /tmp/service-snapshot.sh
#11 2.102 Building dependency tree...
#11 2.251 Reading state information...
#11 2.350 The following packages will be upgraded:
#11 2.350   libpcre2-8-0 tzdata
#11 2.523 2 upgraded, 0 newly installed, 0 to remove and 2 not upgraded.
#11 2.523 Need to get 566 kB of archives.
#11 2.523 After this operation, 4096 B disk space will be freed.
#11 2.523 Get:1 https://snapshot.debian.org/archive/debian-security/20261004T000000Z bookworm-security/main amd64 libpcre2-8-0 amd64 10.42-1+deb12u2 [262 kB]
#11 2.533 Get:2 https://snapshot.debian.org/archive/debian-security/20261004T000000Z bookworm-security/main amd64 tzdata all 2026c-0+deb12u1 [304 kB]
#11 2.616 debconf: delaying package configuration, since apt-utils is not installed
#11 2.633 Fetched 566 kB in 0s (3093 kB/s)
#11 2.645 (Reading database ... 
(Reading database ... 5%
(Reading database ... 10%
(Reading database ... 15%
(Reading database ... 20%
(Reading database ... 25%
(Reading database ... 30%
(Reading database ... 35%
(Reading database ... 40%
(Reading database ... 45%
(Reading database ... 50%
(Reading database ... 55%
(Reading database ... 60%
(Reading database ... 65%
(Reading database ... 70%
(Reading database ... 75%
(Reading database ... 80%
(Reading database ... 85%
(Reading database ... 90%
(Reading database ... 95%
(Reading database ... 100%
(Reading database ... 6703 files and directories currently installed.)
#11 2.653 Preparing to unpack .../libpcre2-8-0_10.42-1+deb12u2_amd64.deb ...
#11 2.656 Unpacking libpcre2-8-0:amd64 (10.42-1+deb12u2) over (10.42-1+deb12u1) ...
#11 2.690 Setting up libpcre2-8-0:amd64 (10.42-1+deb12u2) ...
#11 2.712 (Reading database ... 
(Reading database ... 5%
(Reading database ... 10%
(Reading database ... 15%
(Reading database ... 20%
(Reading database ... 25%
(Reading database ... 30%
(Reading database ... 35%
(Reading database ... 40%
(Reading database ... 45%
(Reading database ... 50%
(Reading database ... 55%
(Reading database ... 60%
(Reading database ... 65%
(Reading database ... 70%
(Reading database ... 75%
(Reading database ... 80%
(Reading database ... 85%
(Reading database ... 90%
(Reading database ... 95%
(Reading database ... 100%
(Reading database ... 6703 files and directories currently installed.)
#11 2.718 Preparing to unpack .../tzdata_2026c-0+deb12u1_all.deb ...
#11 2.828 Unpacking tzdata (2026c-0+deb12u1) over (2026b-0+deb12u1) ...
#11 3.648 Setting up tzdata (2026c-0+deb12u1) ...
#11 3.708 debconf: unable to initialize frontend: Dialog
#11 3.708 debconf: (TERM is not set, so the dialog frontend is not usable.)
#11 3.708 debconf: falling back to frontend: Readline
#11 3.708 debconf: unable to initialize frontend: Readline
#11 3.708 debconf: (Can't locate Term/ReadLine.pm in @INC (you may need to install the Term::ReadLine module) (@INC contains: /etc/perl /usr/local/lib/x86_64-linux-gnu/perl/5.36.0 /usr/local/share/perl/5.36.0 /usr/lib/x86_64-linux-gnu/perl5/5.36 /usr/share/perl5 /usr/lib/x86_64-linux-gnu/perl-base /usr/lib/x86_64-linux-gnu/perl/5.36 /usr/share/perl/5.36 /usr/local/lib/site_perl) at /usr/share/perl5/Debconf/FrontEnd/Readline.pm line 7.)
#11 3.708 debconf: falling back to frontend: Teletype
#11 3.740 
#11 3.740 Current default time zone: 'Etc/UTC'
#11 3.742 Local time is now:      Mon Oct  5 04:59:51 UTC 2026.
#11 3.742 Universal Time is now:  Mon Oct  5 04:59:51 UTC 2026.
#11 3.742 Run 'dpkg-reconfigure tzdata' if you wish to change it.
#11 3.742 
#11 3.796 Processing triggers for libc-bin (2.36-9+deb12u14) ...
#11 DONE 3.8s

#16 [runtime 4/5] WORKDIR /app
#16 DONE 0.0s

#17 [runtime 5/5] COPY --from=build /opt/venv/ /opt/venv/
#17 DONE 0.1s

#18 exporting to image
#18 exporting layers
#18 exporting layers 1.0s done
#18 writing image sha256:415c1ad8f7a35baef54f52f659d703b906dfb22c5f231505e54f9167dcdc9fa8 done
#18 naming to docker.io/library/p01-inventory:41bbcaec3be5ec0f2abdd534bab2041e46a74e90 done
#18 DONE 1.0s
