[
    {
        "Id": "sha256:415c1ad8f7a35baef54f52f659d703b906dfb22c5f231505e54f9167dcdc9fa8",
        "RepoTags": [
            "p01-inventory:41bbcaec3be5ec0f2abdd534bab2041e46a74e90"
        ],
        "RepoDigests": [],
        "Parent": "",
        "Comment": "buildkit.dockerfile.v0",
        "Created": "2026-10-05T04:59:52.007781255Z",
        "DockerVersion": "",
        "Author": "",
        "Config": {
            "Hostname": "",
            "Domainname": "",
            "User": "10001:10001",
            "AttachStdin": false,
            "AttachStdout": false,
            "AttachStderr": false,
            "Tty": false,
            "OpenStdin": false,
            "StdinOnce": false,
            "Env": [
                "PATH=/opt/venv/bin:/usr/local/bin:/usr/local/sbin:/usr/local/bin:/usr/sbin:/usr/bin:/sbin:/bin",
                "LANG=C.UTF-8",
                "GPG_KEY=7169605F62C751356D054A26A821E680E5FA6305",
                "PYTHON_VERSION=3.12.14",
                "PYTHON_SHA256=5c8462af5790baf43a321a1559dbe0db06d1be4300fb85fb53c40060668e548a",
                "PYTHONDONTWRITEBYTECODE=1",
                "PYTHONUNBUFFERED=1"
            ],
            "Cmd": [
                "liveness"
            ],
            "Healthcheck": {
                "Test": [
                    "NONE"
                ]
            },
            "ArgsEscaped": true,
            "Image": "",
            "Volumes": null,
            "WorkingDir": "/app",
            "Entrypoint": [
                "/opt/venv/bin/inventory-health"
            ],
            "OnBuild": null,
            "Labels": {
                "io.product.component": "inventory",
                "org.opencontainers.image.revision": "41bbcaec3be5ec0f2abdd534bab2041e46a74e90",
                "org.opencontainers.image.source": "https://github.com/awalker0878/multi-tenant",
                "org.opencontainers.image.title": "product-inventory bootstrap"
            }
        },
        "Architecture": "amd64",
        "Os": "linux",
        "Size": 150424083,
        "GraphDriver": {
            "Data": {
                "LowerDir": "/var/lib/docker/overlay2/yy9bzsqz4z54aqw69ublxp4my/diff:/var/lib/docker/overlay2/6khthdje7cwdtn7kkne89dqph/diff:/var/lib/docker/overlay2/5spe2k1yhyanviqiohnsgshay/diff:/var/lib/docker/overlay2/dcb706548fc49b38c84374eddc832221764225e901d245aa51b8b24e0d1776e4/diff:/var/lib/docker/overlay2/8d236088cd2c5b0878e58a5426699fe3fcd4c049538d01c09fd873b8cbe00005/diff:/var/lib/docker/overlay2/b39d685bdd6589cd39fb79301c364c748fa288fc35f87350523d0d77445e47c0/diff:/var/lib/docker/overlay2/5f309a3b6e16f0b21084620710c0e27742568f782af721be3ff5f311ca510867/diff",
                "MergedDir": "/var/lib/docker/overlay2/0zc09wtrvn0uhaa5tyqkaq6lw/merged",
                "UpperDir": "/var/lib/docker/overlay2/0zc09wtrvn0uhaa5tyqkaq6lw/diff",
                "WorkDir": "/var/lib/docker/overlay2/0zc09wtrvn0uhaa5tyqkaq6lw/work"
            },
            "Name": "overlay2"
        },
        "RootFS": {
            "Type": "layers",
            "Layers": [
                "sha256:34467cc93912af891dfee8a3902adf9b4f355a9bca4eaa46f658d1181a21de0d",
                "sha256:16df0073c13c96653ee2b601b16e514321513eb4af983de156c2d4e17df8a5d9",
                "sha256:9639007baab8a136bc468bd5d757fdf79cf5d77b6ff2a87889071252e334fab3",
                "sha256:abca6d63c9dbe51fa3bc42e75e0387da12803ef64430ad151814e468d5e1c203",
                "sha256:06b1af9ccc70226d45529b57d590d9c9c280418531f4b81d81a9a088250837d3",
                "sha256:876f49acaaeea2db184611a78dfb500d8c501e97230cfccc860232d877344225",
                "sha256:dbe68173e01afba17297c50db83c9cb3d0d5590107ccad2fa49ae85e453b626a",
                "sha256:abdbb3144bf3b421d798d4402c24356237ec4da3287880e03477ba962f192bb5"
            ]
        },
        "Metadata": {
            "LastTagTime": "2026-10-05T04:59:53.01249054Z"
        }
    }
]
