[
    {
        "Id": "sha256:52983e818d1c79a5260e333dcea50354608a194e8b6097772f3d65909cb5aa25",
        "RepoTags": [
            "p01-lifecycle:b7705eef994c50863d87b4d8f9ff272f9397ca37"
        ],
        "RepoDigests": [],
        "Parent": "",
        "Comment": "buildkit.dockerfile.v0",
        "Created": "2026-10-05T06:32:48.543050444Z",
        "DockerVersion": "",
        "Author": "",
        "Config": {
            "Hostname": "",
            "Domainname": "",
            "User": "10001:10001",
            "AttachStdin": false,
            "AttachStdout": false,
            "AttachStderr": false,
            "Tty": false,
            "OpenStdin": false,
            "StdinOnce": false,
            "Env": [
                "PATH=/opt/venv/bin:/usr/local/bin:/usr/local/sbin:/usr/local/bin:/usr/sbin:/usr/bin:/sbin:/bin",
                "LANG=C.UTF-8",
                "GPG_KEY=7169605F62C751356D054A26A821E680E5FA6305",
                "PYTHON_VERSION=3.12.14",
                "PYTHON_SHA256=5c8462af5790baf43a321a1559dbe0db06d1be4300fb85fb53c40060668e548a",
                "PYTHONDONTWRITEBYTECODE=1",
                "PYTHONUNBUFFERED=1"
            ],
            "Cmd": [
                "liveness"
            ],
            "Healthcheck": {
                "Test": [
                    "NONE"
                ]
            },
            "ArgsEscaped": true,
            "Image": "",
            "Volumes": null,
            "WorkingDir": "/app",
            "Entrypoint": [
                "/opt/venv/bin/lifecycle-health"
            ],
            "OnBuild": null,
            "Labels": {
                "io.product.component": "lifecycle",
                "org.opencontainers.image.revision": "b7705eef994c50863d87b4d8f9ff272f9397ca37",
                "org.opencontainers.image.source": "https://github.com/awalker0878/multi-tenant",
                "org.opencontainers.image.title": "product-lifecycle bootstrap"
            }
        },
        "Architecture": "amd64",
        "Os": "linux",
        "Size": 67769897,
        "GraphDriver": {
            "Data": {
                "LowerDir": "/var/lib/docker/overlay2/6jg5dwwqo5bptet5uhw11uuul/diff:/var/lib/docker/overlay2/eeaa39c239b047f1fc74b1d7b50d644a978f76c5714b034bff9457cccfd9f98f/diff:/var/lib/docker/overlay2/e67a7f37c30d9afecb443248473908226aa0a6444f96ed20417d90cd47ac4ef9/diff:/var/lib/docker/overlay2/42e2db3e3272d9bb9c399668e1736272751d8daa6bfa62039eb682eeca97d869/diff:/var/lib/docker/overlay2/2ae0b48eecfe9a6e2756191da34c38096ffcefcfe60a3735da2ca81df409a0ef/diff",
                "MergedDir": "/var/lib/docker/overlay2/qg2l6qjjxowwvrxw98b4zpjp6/merged",
                "UpperDir": "/var/lib/docker/overlay2/qg2l6qjjxowwvrxw98b4zpjp6/diff",
                "WorkDir": "/var/lib/docker/overlay2/qg2l6qjjxowwvrxw98b4zpjp6/work"
            },
            "Name": "overlay2"
        },
        "RootFS": {
            "Type": "layers",
            "Layers": [
                "sha256:74d97c428c51a828f9051a7a40a53ff1fc99e54fc30323ce36760701b0b7f711",
                "sha256:d1475f57bfeb95f8d89bad4de04d7af788036223b8505b2b5791158c8d885ff0",
                "sha256:90630b4239d75c9daa2f10f7bb6bfe9b45cfc1419783384dd9873dbf2b732fc3",
                "sha256:23d9641aa36e31a0b3699cec59ff9f51478b65b47f5f2c7de83d48293d4d4852",
                "sha256:2685b6edfc2f82d7cec52ca444d873d17191a31be11b69d4be4a21252fe9fb21",
                "sha256:c7aacd43428e8c399f62eed575bd40609122569a562a2450323f75de177b2c60"
            ]
        },
        "Metadata": {
            "LastTagTime": "2026-10-05T06:32:49.00760825Z"
        }
    }
]
