
Running 1 test using 1 worker

  ✘  1 [chromium] › tests/browser-p03/catalogue.spec.ts:5:1 › authors complete intent, preserves conflicts and uncertain retries, compares history and clears revoked access (16.8s)


  1) [chromium] › tests/browser-p03/catalogue.spec.ts:5:1 › authors complete intent, preserves conflicts and uncertain retries, compares history and clears revoked access 

    Error: expect(locator).toHaveCount(expected) failed

    Locator:  getByLabel('Virtual CPUs', { exact: true })
    Expected: 0
    Received: 2
    Timeout:  5000ms

    Call log:
      - Expect "toHaveCount" getByLabel('Virtual CPUs', { exact: true }) with timeout 5000ms
      - waiting for getByLabel('Virtual CPUs', { exact: true })
        14 × locator resolved to 2 elements
           - unexpected value "2"


      83 |   await expect(stale.getByLabel('Virtual CPUs', { exact: true })).toHaveCount(0);
      84 |   await stale.goBack();
    > 85 |   await expect(stale.getByLabel('Virtual CPUs', { exact: true })).toHaveCount(0);
         |                                                                   ^
      86 |   await page.goto(`/tenants/${fixture.foreign_tenant}/applications`);
      87 |   await expect(page).toHaveURL(/\/account$/);
      88 |   expect(errors).toEqual([]);
        at /home/runner/work/multi-tenant/multi-tenant/apps/console/tests/browser-p03/catalogue.spec.ts:85:67

    Error Context: test-results/p03-artifacts/catalogue-authors-complete-2c958-y-and-clears-revoked-access-chromium/error-context.md

  1 failed
    [chromium] › tests/browser-p03/catalogue.spec.ts:5:1 › authors complete intent, preserves conflicts and uncertain retries, compares history and clears revoked access 
