#0 building with "default" instance using docker driver

#1 [internal] load build definition from Dockerfile
#1 transferring dockerfile: 792B done
#1 DONE 0.0s

#2 [auth] library/python:pull token for registry-1.docker.io
#2 DONE 0.0s

#3 [internal] load metadata for docker.io/library/python@sha256:1aaa65a85fda306ffb8b910824d4e93bdce61e212c7e87168123ea3073b41a1a
#3 DONE 0.5s

#4 [internal] load .dockerignore
#4 transferring context: 2B done
#4 DONE 0.0s

#5 [internal] load build context
#5 transferring context: 57.42kB done
#5 DONE 0.0s

#6 [build 1/4] FROM docker.io/library/python@sha256:1aaa65a85fda306ffb8b910824d4e93bdce61e212c7e87168123ea3073b41a1a
#6 resolve docker.io/library/python@sha256:1aaa65a85fda306ffb8b910824d4e93bdce61e212c7e87168123ea3073b41a1a done
#6 sha256:1aaa65a85fda306ffb8b910824d4e93bdce61e212c7e87168123ea3073b41a1a 1.75kB / 1.75kB done
#6 sha256:febd0be41adb897a0ab8f1f1c693d8912669ea60c4940e076e9946b60e210ef0 5.68kB / 5.68kB done
#6 sha256:1c5e03f304918f89aed0c098c8f4b6f163f7bf9d2702991696bf0132a2853e30 0B / 3.53MB 0.1s
#6 sha256:a2e58067964fcd8f46a6b5992975e9c8ab34e7620d96204e08e99bf0fdf4dab8 0B / 13.67MB 0.1s
#6 sha256:7c6fab1667eb7d9029684d783e4c127f11dd7ed5120829f875b799a0b9431558 0B / 249B 0.1s
#6 sha256:1c5e03f304918f89aed0c098c8f4b6f163f7bf9d2702991696bf0132a2853e30 3.53MB / 3.53MB 0.1s done
#6 sha256:a2e58067964fcd8f46a6b5992975e9c8ab34e7620d96204e08e99bf0fdf4dab8 2.10MB / 13.67MB 0.2s
#6 sha256:7c6fab1667eb7d9029684d783e4c127f11dd7ed5120829f875b799a0b9431558 249B / 249B 0.1s done
#6 extracting sha256:1c5e03f304918f89aed0c098c8f4b6f163f7bf9d2702991696bf0132a2853e30 0.1s
#6 sha256:a2e58067964fcd8f46a6b5992975e9c8ab34e7620d96204e08e99bf0fdf4dab8 13.67MB / 13.67MB 0.3s
#6 extracting sha256:1c5e03f304918f89aed0c098c8f4b6f163f7bf9d2702991696bf0132a2853e30 0.1s done
#6 extracting sha256:a2e58067964fcd8f46a6b5992975e9c8ab34e7620d96204e08e99bf0fdf4dab8
#6 sha256:a2e58067964fcd8f46a6b5992975e9c8ab34e7620d96204e08e99bf0fdf4dab8 13.67MB / 13.67MB 0.3s done
#6 extracting sha256:a2e58067964fcd8f46a6b5992975e9c8ab34e7620d96204e08e99bf0fdf4dab8 0.4s done
#6 extracting sha256:7c6fab1667eb7d9029684d783e4c127f11dd7ed5120829f875b799a0b9431558
#6 extracting sha256:7c6fab1667eb7d9029684d783e4c127f11dd7ed5120829f875b799a0b9431558 done
#6 DONE 1.1s

#7 [build 2/4] WORKDIR /build
#7 DONE 0.0s

#8 [stage-1 2/4] WORKDIR /probe
#8 DONE 0.0s

#9 [build 3/4] COPY requirements.txt .
#9 DONE 0.0s

#10 [build 4/4] RUN python -m venv /opt/venv && /opt/venv/bin/pip install --no-cache-dir --require-hashes --only-binary=:all: -r requirements.txt && /opt/venv/bin/pip check
#10 2.374 Collecting attrs==26.1.0 (from -r requirements.txt (line 1))
#10 2.443   Downloading attrs-26.1.0-py3-none-any.whl (67 kB)
#10 2.643 Collecting boto3==1.43.108 (from -r requirements.txt (line 4))
#10 2.656   Downloading boto3-1.43.108-py3-none-any.whl (140 kB)
#10 2.818 Collecting botocore==1.43.108 (from -r requirements.txt (line 7))
#10 2.831   Downloading botocore-1.43.108-py3-none-any.whl (16.0 MB)
#10 2.953      ━━━━━━━━━━━━━━━━━━━━━━━━━━━━━━━━━━━━━━━ 16.0/16.0 MB 148.8 MB/s eta 0:00:00
#10 3.033 Collecting cffi==2.1.1 (from -r requirements.txt (line 10))
#10 3.046   Downloading cffi-2.1.1-cp312-cp312-manylinux2014_x86_64.manylinux_2_17_x86_64.whl (221 kB)
#10 3.166 Collecting cryptography==50.0.2 (from -r requirements.txt (line 111))
#10 3.179   Downloading cryptography-50.0.2-cp311-abi3-manylinux_2_34_x86_64.whl (4.8 MB)
#10 3.186      ━━━━━━━━━━━━━━━━━━━━━━━━━━━━━━━━━━━━━━━━ 4.8/4.8 MB 962.5 MB/s eta 0:00:00
#10 3.203 Collecting jmespath==1.1.0 (from -r requirements.txt (line 171))
#10 3.216   Downloading jmespath-1.1.0-py3-none-any.whl (20 kB)
#10 3.233 Collecting jsonschema==4.26.0 (from -r requirements.txt (line 174))
#10 3.246   Downloading jsonschema-4.26.0-py3-none-any.whl (90 kB)
#10 3.260 Collecting jsonschema-specifications==2025.9.1 (from -r requirements.txt (line 177))
#10 3.272   Downloading jsonschema_specifications-2025.9.1-py3-none-any.whl (18 kB)
#10 3.286 Collecting nexus-rpc==1.4.0 (from -r requirements.txt (line 180))
#10 3.298   Downloading nexus_rpc-1.4.0-py3-none-any.whl (29 kB)
#10 3.314 Collecting pika==1.4.4 (from -r requirements.txt (line 183))
#10 3.326   Downloading pika-1.4.4-py3-none-any.whl (165 kB)
#10 3.406 Collecting protobuf==7.36.2 (from -r requirements.txt (line 186))
#10 3.420   Downloading protobuf-7.36.2-cp310-abi3-manylinux2014_x86_64.whl (343 kB)
#10 3.435 Collecting psycopg==3.3.6 (from -r requirements.txt (line 195))
#10 3.448   Downloading psycopg-3.3.6-py3-none-any.whl (215 kB)
#10 3.533 Collecting psycopg-binary==3.3.6 (from -r requirements.txt (line 198))
#10 3.546   Downloading psycopg_binary-3.3.6-cp312-cp312-manylinux2014_x86_64.manylinux_2_17_x86_64.whl (5.2 MB)
#10 3.557      ━━━━━━━━━━━━━━━━━━━━━━━━━━━━━━━━━━━━━━━━ 5.2/5.2 MB 626.1 MB/s eta 0:00:00
#10 3.574 Collecting pycparser==3.0 (from -r requirements.txt (line 265))
#10 3.587   Downloading pycparser-3.0-py3-none-any.whl (48 kB)
#10 3.602 Collecting pyjwt==2.15.1 (from -r requirements.txt (line 268))
#10 3.615   Downloading pyjwt-2.15.1-py3-none-any.whl (33 kB)
#10 3.628 Collecting python-dateutil==2.9.0.post0 (from -r requirements.txt (line 271))
#10 3.641   Downloading python_dateutil-2.9.0.post0-py2.py3-none-any.whl (229 kB)
#10 3.659 Collecting referencing==0.37.0 (from -r requirements.txt (line 274))
#10 3.672   Downloading referencing-0.37.0-py3-none-any.whl (26 kB)
#10 3.834 Collecting rpds-py==2026.9.1 (from -r requirements.txt (line 277))
#10 3.847   Downloading rpds_py-2026.9.1-cp312-cp312-manylinux_2_17_x86_64.manylinux2014_x86_64.whl (371 kB)
#10 3.862 Collecting s3transfer==0.19.2 (from -r requirements.txt (line 406))
#10 3.876   Downloading s3transfer-0.19.2-py3-none-any.whl (90 kB)
#10 3.890 Collecting six==1.17.0 (from -r requirements.txt (line 409))
#10 3.903   Downloading six-1.17.0-py2.py3-none-any.whl (11 kB)
#10 3.922 Collecting temporalio==1.34.0 (from -r requirements.txt (line 412))
#10 3.934   Downloading temporalio-1.34.0-cp310-abi3-manylinux_2_17_x86_64.manylinux2014_x86_64.whl (14.5 MB)
#10 3.969      ━━━━━━━━━━━━━━━━━━━━━━━━━━━━━━━━━━━━━━━ 14.5/14.5 MB 432.9 MB/s eta 0:00:00
#10 4.010 Collecting types-protobuf==7.35.1.20260906 (from -r requirements.txt (line 421))
#10 4.022   Downloading types_protobuf-7.35.1.20260906-py3-none-any.whl (86 kB)
#10 4.037 Collecting typing-extensions==4.16.0 (from -r requirements.txt (line 424))
#10 4.050   Downloading typing_extensions-4.16.0-py3-none-any.whl (45 kB)
#10 4.067 Collecting urllib3==2.8.0 (from -r requirements.txt (line 427))
#10 4.082   Downloading urllib3-2.8.0-py3-none-any.whl (135 kB)
#10 4.241 Installing collected packages: urllib3, typing-extensions, types-protobuf, six, rpds-py, pyjwt, pycparser, psycopg-binary, protobuf, pika, jmespath, attrs, referencing, python-dateutil, psycopg, nexus-rpc, cffi, temporalio, jsonschema-specifications, cryptography, botocore, s3transfer, jsonschema, boto3
#10 6.015 Successfully installed attrs-26.1.0 boto3-1.43.108 botocore-1.43.108 cffi-2.1.1 cryptography-50.0.2 jmespath-1.1.0 jsonschema-4.26.0 jsonschema-specifications-2025.9.1 nexus-rpc-1.4.0 pika-1.4.4 protobuf-7.36.2 psycopg-3.3.6 psycopg-binary-3.3.6 pycparser-3.0 pyjwt-2.15.1 python-dateutil-2.9.0.post0 referencing-0.37.0 rpds-py-2026.9.1 s3transfer-0.19.2 six-1.17.0 temporalio-1.34.0 types-protobuf-7.35.1.20260906 typing-extensions-4.16.0 urllib3-2.8.0
#10 6.138 
#10 6.138 [notice] A new release of pip is available: 25.0.1 -> 26.2.1
#10 6.138 [notice] To update, run: python -m pip install --upgrade pip
#10 6.409 No broken requirements found.
#10 DONE 7.3s

#11 [stage-1 3/4] COPY --from=build /opt/venv /opt/venv
#11 DONE 1.2s

#12 [stage-1 4/4] COPY probe.py workflow.py ./
#12 DONE 0.0s

#13 exporting to image
#13 exporting layers
#13 exporting layers 0.8s done
#13 writing image sha256:de98fc99c53cf7e9f48260d6cb246d7555f9853bdac3a1595bc7370ddef960a2 done
#13 DONE 0.8s
