 Network p01-stateful-e4233091b4c4_database  Creating
 Network p01-stateful-e4233091b4c4_database  Created
 Network p01-stateful-e4233091b4c4_broker  Creating
 Network p01-stateful-e4233091b4c4_broker  Created
 Volume "p01-stateful-e4233091b4c4_broker"  Creating
 Volume "p01-stateful-e4233091b4c4_broker"  Created
 Volume "p01-stateful-e4233091b4c4_database"  Creating
 Volume "p01-stateful-e4233091b4c4_database"  Created
 Container p01-stateful-e4233091b4c4-rabbit-1  Creating
 Container p01-stateful-e4233091b4c4-postgres-1  Creating
 Container p01-stateful-e4233091b4c4-rabbit-1  Created
 Container p01-stateful-e4233091b4c4-postgres-1  Created
 Container p01-stateful-e4233091b4c4-rabbit-1  Starting
 Container p01-stateful-e4233091b4c4-postgres-1  Starting
 Container p01-stateful-e4233091b4c4-postgres-1  Started
 Container p01-stateful-e4233091b4c4-rabbit-1  Started
 Container p01-stateful-e4233091b4c4-postgres-1  Waiting
 Container p01-stateful-e4233091b4c4-rabbit-1  Waiting
 Container p01-stateful-e4233091b4c4-postgres-1  Healthy
 Container p01-stateful-e4233091b4c4-rabbit-1  Healthy
