 Container p01-stateful-e4233091b4c4-postgres-1  Stopping
 Container p01-stateful-e4233091b4c4-rabbit-1  Stopping
 Container p01-stateful-e4233091b4c4-evidence-restore-1  Stopping
 Container p01-stateful-e4233091b4c4-temporal-1  Stopping
 Container p01-stateful-e4233091b4c4-evidence-1  Stopping
 Container p01-stateful-e4233091b4c4-evidence-1  Stopped
 Container p01-stateful-e4233091b4c4-evidence-1  Removing
 Container p01-stateful-e4233091b4c4-evidence-restore-1  Stopped
 Container p01-stateful-e4233091b4c4-evidence-restore-1  Removing
 Container p01-stateful-e4233091b4c4-evidence-1  Removed
 Container p01-stateful-e4233091b4c4-postgres-1  Stopped
 Container p01-stateful-e4233091b4c4-postgres-1  Removing
 Container p01-stateful-e4233091b4c4-evidence-restore-1  Removed
 Container p01-stateful-e4233091b4c4-postgres-1  Removed
 Container p01-stateful-e4233091b4c4-rabbit-1  Stopped
 Container p01-stateful-e4233091b4c4-rabbit-1  Removing
 Container p01-stateful-e4233091b4c4-rabbit-1  Removed
 Container p01-stateful-e4233091b4c4-temporal-1  Stopped
 Container p01-stateful-e4233091b4c4-temporal-1  Removing
 Container p01-stateful-e4233091b4c4-temporal-1  Removed
 Volume p01-stateful-e4233091b4c4_evidence-restore  Removing
 Volume p01-stateful-e4233091b4c4_database  Removing
 Volume p01-stateful-e4233091b4c4_broker  Removing
 Network p01-stateful-e4233091b4c4_workflow  Removing
 Network p01-stateful-e4233091b4c4_database  Removing
 Network p01-stateful-e4233091b4c4_evidence  Removing
 Network p01-stateful-e4233091b4c4_evidence-restore  Removing
 Network p01-stateful-e4233091b4c4_broker  Removing
 Volume p01-stateful-e4233091b4c4_evidence-restore  Removed
 Volume p01-stateful-e4233091b4c4_evidence  Removing
 Network p01-stateful-e4233091b4c4_evidence  Removed
 Network p01-stateful-e4233091b4c4_broker  Removed
 Network p01-stateful-e4233091b4c4_evidence-restore  Removed
 Network p01-stateful-e4233091b4c4_workflow  Removed
 Network p01-stateful-e4233091b4c4_database  Removed
 Volume p01-stateful-e4233091b4c4_database  Removed
 Volume p01-stateful-e4233091b4c4_broker  Removed
 Volume p01-stateful-e4233091b4c4_evidence  Removed
