#0 building with "default" instance using docker driver

#1 [internal] load build definition from Dockerfile
#1 transferring dockerfile: 2.93kB done
#1 DONE 0.0s

#2 [internal] load metadata for docker.io/library/php@sha256:c0dc98639fddeaad891a338e1e3fa2b2d724eb616bcd5a0bb1d8afd650e0fda3
#2 DONE 0.0s

#3 [internal] load metadata for docker.io/library/composer@sha256:bdd249749908be12facc9dec72e19704371bb893f96dff3e024ec89528a5a08d
#3 DONE 0.0s

#4 [internal] load .dockerignore
#4 transferring context: 459B done
#4 DONE 0.0s

#5 [php-base 1/4] FROM docker.io/library/php@sha256:c0dc98639fddeaad891a338e1e3fa2b2d724eb616bcd5a0bb1d8afd650e0fda3
#5 DONE 0.0s

#6 [composer-tool 1/1] FROM docker.io/library/composer@sha256:bdd249749908be12facc9dec72e19704371bb893f96dff3e024ec89528a5a08d
#6 DONE 0.0s

#7 [internal] load build context
#7 transferring context: 389.62kB 0.0s done
#7 DONE 0.0s

#8 [php-base 4/4] WORKDIR /app
#8 CACHED

#9 [php-base 3/4] RUN sh /tmp/service-snapshot.sh     && apt-get update     && apt-get install -y --no-install-recommends libpq-dev     && docker-php-ext-install -j2 pdo_pgsql     && apt-mark manual libpq5     && apt-get purge -y --auto-remove libpq-dev autoconf 		dpkg-dev 		file 		g++ 		gcc 		libc-dev 		make 		pkg-config 		re2c     && rm -rf /var/lib/apt/lists/* /tmp/service-snapshot.sh     && cp "/usr/local/etc/php/php.ini-production" "/usr/local/etc/php/php.ini"
#9 CACHED

#10 [php-base 2/4] COPY build/snapshot.sh /tmp/service-snapshot.sh
#10 CACHED

#11 [dependencies 1/4] COPY --from=composer-tool /usr/bin/composer /usr/local/bin/composer
#11 CACHED

#12 [dependencies 2/4] RUN apt-get update && apt-get install -y --no-install-recommends unzip     && rm -rf /var/lib/apt/lists/*
#12 CACHED

#13 [dependencies 3/4] COPY . ./
#13 DONE 0.0s

#14 [dependencies 4/4] RUN composer --version     && composer validate --strict --no-check-all     && composer install --no-dev --no-plugins --no-scripts --no-interaction         --prefer-dist --no-progress --classmap-authoritative     && composer check-platform-reqs --no-dev     && mkdir -p resources bootstrap/cache
#14 0.285 Composer version 2.10.3 2026-08-27 13:34:23
#14 0.285 PHP version 8.5.11 (/usr/local/bin/php)
#14 0.285 Run the "diagnose" command to get more detailed diagnostics output.
#14 0.427 ./composer.json is valid
#14 0.561 Installing dependencies from lock file
#14 0.566 Verifying lock file contents can be installed on current platform.
#14 0.847 Package operations: 73 installs, 0 updates, 0 removals
#14 0.853   - Downloading doctrine/lexer (3.0.3)
#14 0.854   - Downloading voku/portable-ascii (2.1.1)
#14 0.855   - Downloading symfony/polyfill-php80 (v1.43.0)
#14 0.855   - Downloading symfony/polyfill-mbstring (v1.43.0)
#14 0.855   - Downloading symfony/polyfill-ctype (v1.37.0)
#14 0.856   - Downloading phpoption/phpoption (1.10.0)
#14 0.856   - Downloading graham-campbell/result-type (v1.2.0)
#14 0.858   - Downloading vlucas/phpdotenv (v5.7.0)
#14 0.858   - Downloading symfony/css-selector (v8.1.6)
#14 0.858   - Downloading tijsverkoyen/css-to-inline-styles (v2.4.0)
#14 0.858   - Downloading symfony/var-dumper (v8.1.7)
#14 0.858   - Downloading symfony/polyfill-uuid (v1.43.0)
#14 0.858   - Downloading symfony/uid (v8.1.8)
#14 0.859   - Downloading symfony/deprecation-contracts (v3.7.1)
#14 0.859   - Downloading symfony/routing (v8.1.8)
#14 0.861   - Downloading symfony/process (v8.1.7)
#14 0.861   - Downloading symfony/polyfill-php86 (v1.43.0)
#14 0.861   - Downloading symfony/polyfill-php85 (v1.43.0)
#14 0.861   - Downloading symfony/polyfill-php84 (v1.43.0)
#14 0.862   - Downloading symfony/polyfill-intl-normalizer (v1.43.0)
#14 0.862   - Downloading symfony/polyfill-intl-idn (v1.43.0)
#14 0.864   - Downloading symfony/mime (v8.1.7)
#14 0.864   - Downloading psr/container (2.0.2)
#14 0.864   - Downloading symfony/service-contracts (v3.7.3)
#14 0.864   - Downloading psr/event-dispatcher (1.0.0)
#14 0.864   - Downloading symfony/event-dispatcher-contracts (v3.7.1)
#14 0.864   - Downloading symfony/event-dispatcher (v8.1.5)
#14 0.864   - Downloading psr/log (3.0.2)
#14 0.864   - Downloading egulias/email-validator (4.0.4)
#14 0.864   - Downloading symfony/mailer (v8.1.7)
#14 0.864   - Downloading symfony/http-foundation (v8.1.8)
#14 0.864   - Downloading symfony/error-handler (v8.1.8)
#14 0.864   - Downloading symfony/http-kernel (v8.1.8)
#14 0.865   - Downloading symfony/finder (v8.1.8)
#14 0.865   - Downloading symfony/polyfill-intl-grapheme (v1.43.0)
#14 0.865   - Downloading symfony/string (v8.1.7)
#14 0.866   - Downloading symfony/console (v8.1.8)
#14 0.866   - Downloading ramsey/collection (2.1.1)
#14 0.866   - Downloading brick/math (1.0.0)
#14 0.867   - Downloading ramsey/uuid (4.9.4)
#14 0.867   - Downloading psr/simple-cache (3.0.0)
#14 0.867   - Downloading psr/http-message (2.0)
#14 0.868   - Downloading nunomaduro/termwind (v2.4.0)
#14 0.868   - Downloading symfony/translation-contracts (v3.7.1)
#14 0.868   - Downloading symfony/translation (v8.1.5)
#14 0.869   - Downloading psr/clock (1.0.0)
#14 0.869   - Downloading symfony/clock (v8.1.0)
#14 0.869   - Downloading carbonphp/carbon-doctrine-types (3.2.1)
#14 0.871   - Downloading nesbot/carbon (3.14.2)
#14 0.871   - Downloading monolog/monolog (3.12.1)
#14 0.871   - Downloading psr/http-factory (1.1.0)
#14 0.871   - Downloading league/uri-interfaces (7.8.1)
#14 0.871   - Downloading league/uri (7.8.1)
#14 0.871   - Downloading league/mime-type-detection (1.17.0)
#14 0.871   - Downloading league/flysystem-local (3.35.3)
#14 0.871   - Downloading league/flysystem (3.36.0)
#14 0.871   - Downloading nette/utils (v4.1.5)
#14 0.871   - Downloading nette/schema (v1.3.6)
#14 0.874   - Downloading dflydev/dot-access-data (v3.0.3)
#14 0.874   - Downloading league/config (v1.2.0)
#14 0.874   - Downloading league/commonmark (2.10.3)
#14 0.874   - Downloading laravel/serializable-closure (v2.1.0)
#14 0.874   - Downloading laravel/prompts (v0.3.24)
#14 0.879   - Downloading guzzlehttp/uri-template (v2.0.1)
#14 0.880   - Downloading symfony/polyfill-php82 (v1.43.0)
#14 0.880   - Downloading guzzlehttp/psr7 (3.1.0)
#14 0.880   - Downloading guzzlehttp/promises (3.0.2)
#14 0.880   - Downloading psr/http-client (1.0.3)
#14 0.881   - Downloading guzzlehttp/guzzle (8.2.0)
#14 0.881   - Downloading fruitcake/php-cors (v1.4.0)
#14 0.882   - Downloading dragonmantank/cron-expression (v3.6.0)
#14 0.882   - Downloading doctrine/inflector (2.1.0)
#14 0.882   - Downloading laravel/framework (v13.34.0)
#14 2.162   - Installing doctrine/lexer (3.0.3): Extracting archive
#14 2.164   - Installing voku/portable-ascii (2.1.1): Extracting archive
#14 2.165   - Installing symfony/polyfill-php80 (v1.43.0): Extracting archive
#14 2.166   - Installing symfony/polyfill-mbstring (v1.43.0): Extracting archive
#14 2.168   - Installing symfony/polyfill-ctype (v1.37.0): Extracting archive
#14 2.169   - Installing phpoption/phpoption (1.10.0): Extracting archive
#14 2.171   - Installing graham-campbell/result-type (v1.2.0): Extracting archive
#14 2.172   - Installing vlucas/phpdotenv (v5.7.0): Extracting archive
#14 2.175   - Installing symfony/css-selector (v8.1.6): Extracting archive
#14 2.176   - Installing tijsverkoyen/css-to-inline-styles (v2.4.0): Extracting archive
#14 2.178   - Installing symfony/var-dumper (v8.1.7): Extracting archive
#14 2.179   - Installing symfony/polyfill-uuid (v1.43.0): Extracting archive
#14 2.179   - Installing symfony/uid (v8.1.8): Extracting archive
#14 2.179   - Installing symfony/deprecation-contracts (v3.7.1): Extracting archive
#14 2.181   - Installing symfony/routing (v8.1.8): Extracting archive
#14 2.181   - Installing symfony/process (v8.1.7): Extracting archive
#14 2.183   - Installing symfony/polyfill-php86 (v1.43.0): Extracting archive
#14 2.183   - Installing symfony/polyfill-php85 (v1.43.0): Extracting archive
#14 2.183   - Installing symfony/polyfill-php84 (v1.43.0): Extracting archive
#14 2.184   - Installing symfony/polyfill-intl-normalizer (v1.43.0): Extracting archive
#14 2.187   - Installing symfony/polyfill-intl-idn (v1.43.0): Extracting archive
#14 2.189   - Installing symfony/mime (v8.1.7): Extracting archive
#14 2.189   - Installing psr/container (2.0.2): Extracting archive
#14 2.189   - Installing symfony/service-contracts (v3.7.3): Extracting archive
#14 2.189   - Installing psr/event-dispatcher (1.0.0): Extracting archive
#14 2.189   - Installing symfony/event-dispatcher-contracts (v3.7.1): Extracting archive
#14 2.190   - Installing symfony/event-dispatcher (v8.1.5): Extracting archive
#14 2.190   - Installing psr/log (3.0.2): Extracting archive
#14 2.191   - Installing egulias/email-validator (4.0.4): Extracting archive
#14 2.191   - Installing symfony/mailer (v8.1.7): Extracting archive
#14 2.192   - Installing symfony/http-foundation (v8.1.8): Extracting archive
#14 2.197   - Installing symfony/error-handler (v8.1.8): Extracting archive
#14 2.198   - Installing symfony/http-kernel (v8.1.8): Extracting archive
#14 2.199   - Installing symfony/finder (v8.1.8): Extracting archive
#14 2.199   - Installing symfony/polyfill-intl-grapheme (v1.43.0): Extracting archive
#14 2.200   - Installing symfony/string (v8.1.7): Extracting archive
#14 2.200   - Installing symfony/console (v8.1.8): Extracting archive
#14 2.201   - Installing ramsey/collection (2.1.1): Extracting archive
#14 2.202   - Installing brick/math (1.0.0): Extracting archive
#14 2.202   - Installing ramsey/uuid (4.9.4): Extracting archive
#14 2.203   - Installing psr/simple-cache (3.0.0): Extracting archive
#14 2.203   - Installing psr/http-message (2.0): Extracting archive
#14 2.204   - Installing nunomaduro/termwind (v2.4.0): Extracting archive
#14 2.205   - Installing symfony/translation-contracts (v3.7.1): Extracting archive
#14 2.205   - Installing symfony/translation (v8.1.5): Extracting archive
#14 2.206   - Installing psr/clock (1.0.0): Extracting archive
#14 2.206   - Installing symfony/clock (v8.1.0): Extracting archive
#14 2.207   - Installing carbonphp/carbon-doctrine-types (3.2.1): Extracting archive
#14 2.207   - Installing nesbot/carbon (3.14.2): Extracting archive
#14 2.208   - Installing monolog/monolog (3.12.1): Extracting archive
#14 2.208   - Installing psr/http-factory (1.1.0): Extracting archive
#14 2.208   - Installing league/uri-interfaces (7.8.1): Extracting archive
#14 2.209   - Installing league/uri (7.8.1): Extracting archive
#14 2.209   - Installing league/mime-type-detection (1.17.0): Extracting archive
#14 2.209   - Installing league/flysystem-local (3.35.3): Extracting archive
#14 2.210   - Installing league/flysystem (3.36.0): Extracting archive
#14 2.210   - Installing nette/utils (v4.1.5): Extracting archive
#14 2.210   - Installing nette/schema (v1.3.6): Extracting archive
#14 2.211   - Installing dflydev/dot-access-data (v3.0.3): Extracting archive
#14 2.211   - Installing league/config (v1.2.0): Extracting archive
#14 2.212   - Installing league/commonmark (2.10.3): Extracting archive
#14 2.212   - Installing laravel/serializable-closure (v2.1.0): Extracting archive
#14 2.212   - Installing laravel/prompts (v0.3.24): Extracting archive
#14 2.213   - Installing guzzlehttp/uri-template (v2.0.1): Extracting archive
#14 2.213   - Installing symfony/polyfill-php82 (v1.43.0): Extracting archive
#14 2.213   - Installing guzzlehttp/psr7 (3.1.0): Extracting archive
#14 2.215   - Installing guzzlehttp/promises (3.0.2): Extracting archive
#14 2.215   - Installing psr/http-client (1.0.3): Extracting archive
#14 2.215   - Installing guzzlehttp/guzzle (8.2.0): Extracting archive
#14 2.215   - Installing fruitcake/php-cors (v1.4.0): Extracting archive
#14 2.215   - Installing dragonmantank/cron-expression (v3.6.0): Extracting archive
#14 2.215   - Installing doctrine/inflector (2.1.0): Extracting archive
#14 2.215   - Installing laravel/framework (v13.34.0): Extracting archive
#14 3.342 Generating optimized autoload files
#14 4.351 54 packages you are using are looking for funding.
#14 4.351 Use the `composer fund` command to find out more!
#14 4.565 Checking non-dev platform requirements for packages in the vendor dir
#14 4.576 composer-runtime-api 2.2.2      success                                       
#14 4.576 ext-ctype            *          success provided by symfony/polyfill-ctype    
#14 4.576 ext-dom              20031129   success                                       
#14 4.576 ext-fileinfo         8.5.11     success                                       
#14 4.576 ext-filter           8.5.11     success                                       
#14 4.576 ext-hash             8.5.11     success                                       
#14 4.576 ext-iconv            8.5.11     success                                       
#14 4.576 ext-json             8.5.11     success                                       
#14 4.576 ext-libxml           8.5.11     success                                       
#14 4.576 ext-mbstring         *          success provided by symfony/polyfill-mbstring 
#14 4.577 ext-openssl          8.5.11     success                                       
#14 4.577 ext-pcre             8.5.11     success                                       
#14 4.577 ext-pdo              8.5.11     success                                       
#14 4.577 ext-pdo_pgsql        8.5.11     success                                       
#14 4.577 ext-session          8.5.11     success                                       
#14 4.577 ext-tokenizer        8.5.11     success                                       
#14 4.578 php                  8.5.11     success                                       
#14 DONE 4.6s

#8 [php-base 4/4] WORKDIR /app
#8 CACHED

#15 [php-runtime 1/9] COPY --from=dependencies /app/vendor/ ./vendor/
#15 DONE 0.9s

#16 [php-runtime 2/9] COPY --from=dependencies /app/app/ ./app/
#16 DONE 0.0s

#17 [php-runtime 3/9] COPY --from=dependencies /app/bootstrap/ ./bootstrap/
#17 DONE 0.0s

#18 [php-runtime 4/9] COPY --from=dependencies /app/config/ ./config/
#18 DONE 0.0s

#19 [php-runtime 5/9] COPY --from=dependencies /app/public/ ./public/
#19 DONE 0.0s

#20 [php-runtime 6/9] COPY --from=dependencies /app/routes/ ./routes/
#20 DONE 0.0s

#21 [php-runtime 7/9] COPY --from=dependencies /app/artisan /app/composer.json /app/composer.lock ./
#21 DONE 0.0s

#22 [php-runtime 8/9] COPY --from=dependencies /app/resources/ ./resources/
#22 DONE 0.0s

#23 [php-runtime 9/9] RUN mkdir -p bootstrap/cache storage/framework/cache storage/framework/sessions storage/framework/views storage/logs     && chown -R 10001:10001 bootstrap/cache storage     && printf '[global]\npid = /tmp/php-fpm.pid\n[www]\nlisten = 9000\nclear_env = no\n' > /usr/local/etc/php-fpm.d/zz-service.conf     && printf '%s\n' '#!/bin/sh' 'set -eu'         'mkdir -p /app/bootstrap/cache /app/storage/framework/cache /app/storage/framework/sessions /app/storage/framework/views /app/storage/logs'         'exec docker-php-entrypoint "$@"' > /usr/local/bin/service-entrypoint     && chmod 0755 /usr/local/bin/service-entrypoint
#23 DONE 0.2s

#24 exporting to image
#24 exporting layers
#24 exporting layers 2.6s done
#24 writing image sha256:47f62073d8fff008f43b6d713a616ee8efa5f0bdddf99b3ca97c896f0fbd470e
#24 writing image sha256:47f62073d8fff008f43b6d713a616ee8efa5f0bdddf99b3ca97c896f0fbd470e done
#24 naming to docker.io/library/p01-assurance:84a8a2a0a88930e6e3dd3da715f6bdedc7646fec done
#24 DONE 2.6s
