#0 building with "default" instance using docker driver

#1 [internal] load build definition from Dockerfile
#1 transferring dockerfile: 1.98kB 0.1s done
#1 DONE 0.2s

#2 [internal] load metadata for ghcr.io/astral-sh/uv@sha256:d46db4c7b7f2e75ff80aeef95da4c2c6ff1ad399c13ab85067db4430b7c3b9c3
#2 ...

#3 [auth] library/python:pull token for registry-1.docker.io
#3 DONE 0.0s

#4 [internal] load metadata for docker.io/library/python@sha256:1aaa65a85fda306ffb8b910824d4e93bdce61e212c7e87168123ea3073b41a1a
#4 ...

#2 [internal] load metadata for ghcr.io/astral-sh/uv@sha256:d46db4c7b7f2e75ff80aeef95da4c2c6ff1ad399c13ab85067db4430b7c3b9c3
#2 DONE 0.7s

#4 [internal] load metadata for docker.io/library/python@sha256:1aaa65a85fda306ffb8b910824d4e93bdce61e212c7e87168123ea3073b41a1a
#4 DONE 0.8s

#5 [internal] load .dockerignore
#5 transferring context: 179B done
#5 DONE 0.0s

#6 [internal] load build context
#6 transferring context: 80.55kB done
#6 DONE 0.0s

#7 [uv-tool 1/1] FROM ghcr.io/astral-sh/uv@sha256:d46db4c7b7f2e75ff80aeef95da4c2c6ff1ad399c13ab85067db4430b7c3b9c3
#7 resolve ghcr.io/astral-sh/uv@sha256:d46db4c7b7f2e75ff80aeef95da4c2c6ff1ad399c13ab85067db4430b7c3b9c3 done
#7 sha256:c899545868f84f908ee09e6d932033fc14acdf3a2a8b2d6cdacf573c85450bba 0B / 23.52MB 0.1s
#7 sha256:54723a59ba9fe2be41df3ad59d75d4738b62774f60a8e988163ed08002fa4215 0B / 98B 0.1s
#7 sha256:d46db4c7b7f2e75ff80aeef95da4c2c6ff1ad399c13ab85067db4430b7c3b9c3 669B / 669B done
#7 sha256:de5ce60260f893ece94ee7b7e9bdc7d0cd51b33e74aabef1358342e642ca71e7 1.30kB / 1.30kB done
#7 sha256:c899545868f84f908ee09e6d932033fc14acdf3a2a8b2d6cdacf573c85450bba 5.24MB / 23.52MB 0.3s
#7 sha256:54723a59ba9fe2be41df3ad59d75d4738b62774f60a8e988163ed08002fa4215 98B / 98B 0.2s done
#7 sha256:c899545868f84f908ee09e6d932033fc14acdf3a2a8b2d6cdacf573c85450bba 9.44MB / 23.52MB 0.4s
#7 sha256:c899545868f84f908ee09e6d932033fc14acdf3a2a8b2d6cdacf573c85450bba 17.83MB / 23.52MB 0.6s
#7 sha256:c899545868f84f908ee09e6d932033fc14acdf3a2a8b2d6cdacf573c85450bba 22.02MB / 23.52MB 0.7s
#7 sha256:c899545868f84f908ee09e6d932033fc14acdf3a2a8b2d6cdacf573c85450bba 23.52MB / 23.52MB 0.7s done
#7 extracting sha256:c899545868f84f908ee09e6d932033fc14acdf3a2a8b2d6cdacf573c85450bba 0.1s
#7 extracting sha256:c899545868f84f908ee09e6d932033fc14acdf3a2a8b2d6cdacf573c85450bba 0.6s done
#7 extracting sha256:54723a59ba9fe2be41df3ad59d75d4738b62774f60a8e988163ed08002fa4215 done
#7 DONE 1.3s

#8 [build 1/6] FROM docker.io/library/python@sha256:1aaa65a85fda306ffb8b910824d4e93bdce61e212c7e87168123ea3073b41a1a
#8 resolve docker.io/library/python@sha256:1aaa65a85fda306ffb8b910824d4e93bdce61e212c7e87168123ea3073b41a1a done
#8 sha256:1aaa65a85fda306ffb8b910824d4e93bdce61e212c7e87168123ea3073b41a1a 1.75kB / 1.75kB done
#8 sha256:febd0be41adb897a0ab8f1f1c693d8912669ea60c4940e076e9946b60e210ef0 5.68kB / 5.68kB done
#8 sha256:1c5e03f304918f89aed0c098c8f4b6f163f7bf9d2702991696bf0132a2853e30 3.53MB / 3.53MB 0.2s done
#8 extracting sha256:1c5e03f304918f89aed0c098c8f4b6f163f7bf9d2702991696bf0132a2853e30 0.2s done
#8 sha256:a2e58067964fcd8f46a6b5992975e9c8ab34e7620d96204e08e99bf0fdf4dab8 13.67MB / 13.67MB 0.3s done
#8 sha256:7c6fab1667eb7d9029684d783e4c127f11dd7ed5120829f875b799a0b9431558 249B / 249B 0.3s done
#8 extracting sha256:a2e58067964fcd8f46a6b5992975e9c8ab34e7620d96204e08e99bf0fdf4dab8 1.0s
#8 extracting sha256:a2e58067964fcd8f46a6b5992975e9c8ab34e7620d96204e08e99bf0fdf4dab8 1.1s done
#8 extracting sha256:7c6fab1667eb7d9029684d783e4c127f11dd7ed5120829f875b799a0b9431558 done
#8 DONE 1.7s

#9 [runtime 2/3] WORKDIR /app
#9 DONE 0.0s

#10 [build 2/6] COPY --from=uv-tool /uv /usr/local/bin/uv
#10 DONE 0.0s

#11 [build 3/6] WORKDIR /build
#11 DONE 0.0s

#12 [build 4/6] COPY .python-version pyproject.toml uv.lock README.md ./
#12 DONE 0.0s

#13 [build 5/6] COPY src/ ./src/
#13 DONE 0.0s

#14 [build 6/6] RUN uv sync --locked --only-group build --no-install-project --no-managed-python     && uv build --offline --no-build-isolation --wheel     && uv export --locked --no-default-groups --no-emit-project --no-annotate --no-header          --format requirements.txt --output-file /build/production-requirements.txt     && uv venv --no-managed-python --python /usr/local/bin/python /opt/venv     && uv pip sync --python /opt/venv/bin/python --require-hashes --only-binary :all: /build/production-requirements.txt     && uv pip install --python /opt/venv/bin/python --offline --no-index --no-deps dist/*.whl     && uv pip check --python /opt/venv/bin/python
#14 0.377 Using CPython 3.12.14 interpreter at: /usr/local/bin/python3.12
#14 0.377 Creating virtual environment at: .venv
#14 0.381 Resolved 28 packages in 1ms
#14 0.530 Prepared 3 packages in 148ms
#14 0.605 Installed 3 packages in 74ms
#14 0.605  + packaging==26.3
#14 0.605  + setuptools==84.0.0
#14 0.605  + wheel==0.48.0
#14 0.848 Building wheel...
#14 1.782 running bdist_wheel
#14 1.791 running build
#14 1.792 running build_py
#14 1.794 creating build/lib/planning
#14 1.795 copying src/planning/__init__.py -> build/lib/planning
#14 1.796 creating build/lib/planning/application
#14 1.797 copying src/planning/application/foundation.py -> build/lib/planning/application
#14 1.798 copying src/planning/application/__init__.py -> build/lib/planning/application
#14 1.799 creating build/lib/planning/bootstrap
#14 1.800 copying src/planning/bootstrap/server.py -> build/lib/planning/bootstrap
#14 1.800 copying src/planning/bootstrap/health.py -> build/lib/planning/bootstrap
#14 1.801 copying src/planning/bootstrap/__init__.py -> build/lib/planning/bootstrap
#14 1.803 creating build/lib/planning/infrastructure
#14 1.803 copying src/planning/infrastructure/foundation.py -> build/lib/planning/infrastructure
#14 1.804 copying src/planning/infrastructure/__init__.py -> build/lib/planning/infrastructure
#14 1.804 creating build/lib/planning/interfaces
#14 1.804 copying src/planning/interfaces/health.py -> build/lib/planning/interfaces
#14 1.804 copying src/planning/interfaces/http.py -> build/lib/planning/interfaces
#14 1.804 copying src/planning/interfaces/__init__.py -> build/lib/planning/interfaces
#14 1.804 creating build/lib/planning/infrastructure/messaging
#14 1.804 copying src/planning/infrastructure/messaging/generated.py -> build/lib/planning/infrastructure/messaging
#14 1.804 copying src/planning/infrastructure/messaging/consumer.py -> build/lib/planning/infrastructure/messaging
#14 1.804 copying src/planning/infrastructure/messaging/inbox.py -> build/lib/planning/infrastructure/messaging
#14 1.804 copying src/planning/infrastructure/messaging/codec.py -> build/lib/planning/infrastructure/messaging
#14 1.804 copying src/planning/infrastructure/messaging/__init__.py -> build/lib/planning/infrastructure/messaging
#14 1.804 running egg_info
#14 1.804 creating src/product_planning.egg-info
#14 1.805 writing src/product_planning.egg-info/PKG-INFO
#14 1.806 writing dependency_links to src/product_planning.egg-info/dependency_links.txt
#14 1.806 writing entry points to src/product_planning.egg-info/entry_points.txt
#14 1.806 writing requirements to src/product_planning.egg-info/requires.txt
#14 1.809 writing top-level names to src/product_planning.egg-info/top_level.txt
#14 1.811 writing manifest file 'src/product_planning.egg-info/SOURCES.txt'
#14 1.812 reading manifest file 'src/product_planning.egg-info/SOURCES.txt'
#14 1.813 writing manifest file 'src/product_planning.egg-info/SOURCES.txt'
#14 1.815 copying src/planning/infrastructure/messaging/foundation-event.json -> build/lib/planning/infrastructure/messaging
#14 1.816 warning: build_py: byte-compiling is disabled, skipping.
#14 1.816 
#14 1.820 installing to build/bdist.linux-x86_64/wheel
#14 1.820 running install
#14 1.828 running install_lib
#14 1.832 creating build/bdist.linux-x86_64/wheel
#14 1.832 creating build/bdist.linux-x86_64/wheel/planning
#14 1.832 creating build/bdist.linux-x86_64/wheel/planning/application
#14 1.832 copying build/lib/planning/application/foundation.py -> build/bdist.linux-x86_64/wheel/./planning/application
#14 1.833 copying build/lib/planning/application/__init__.py -> build/bdist.linux-x86_64/wheel/./planning/application
#14 1.833 creating build/bdist.linux-x86_64/wheel/planning/bootstrap
#14 1.833 copying build/lib/planning/bootstrap/server.py -> build/bdist.linux-x86_64/wheel/./planning/bootstrap
#14 1.833 copying build/lib/planning/bootstrap/health.py -> build/bdist.linux-x86_64/wheel/./planning/bootstrap
#14 1.834 copying build/lib/planning/bootstrap/__init__.py -> build/bdist.linux-x86_64/wheel/./planning/bootstrap
#14 1.834 creating build/bdist.linux-x86_64/wheel/planning/infrastructure
#14 1.835 copying build/lib/planning/infrastructure/foundation.py -> build/bdist.linux-x86_64/wheel/./planning/infrastructure
#14 1.836 creating build/bdist.linux-x86_64/wheel/planning/infrastructure/messaging
#14 1.836 copying build/lib/planning/infrastructure/messaging/generated.py -> build/bdist.linux-x86_64/wheel/./planning/infrastructure/messaging
#14 1.837 copying build/lib/planning/infrastructure/messaging/consumer.py -> build/bdist.linux-x86_64/wheel/./planning/infrastructure/messaging
#14 1.837 copying build/lib/planning/infrastructure/messaging/inbox.py -> build/bdist.linux-x86_64/wheel/./planning/infrastructure/messaging
#14 1.838 copying build/lib/planning/infrastructure/messaging/codec.py -> build/bdist.linux-x86_64/wheel/./planning/infrastructure/messaging
#14 1.838 copying build/lib/planning/infrastructure/messaging/__init__.py -> build/bdist.linux-x86_64/wheel/./planning/infrastructure/messaging
#14 1.839 copying build/lib/planning/infrastructure/messaging/foundation-event.json -> build/bdist.linux-x86_64/wheel/./planning/infrastructure/messaging
#14 1.839 copying build/lib/planning/infrastructure/__init__.py -> build/bdist.linux-x86_64/wheel/./planning/infrastructure
#14 1.840 creating build/bdist.linux-x86_64/wheel/planning/interfaces
#14 1.840 copying build/lib/planning/interfaces/health.py -> build/bdist.linux-x86_64/wheel/./planning/interfaces
#14 1.841 copying build/lib/planning/interfaces/http.py -> build/bdist.linux-x86_64/wheel/./planning/interfaces
#14 1.841 copying build/lib/planning/interfaces/__init__.py -> build/bdist.linux-x86_64/wheel/./planning/interfaces
#14 1.841 copying build/lib/planning/__init__.py -> build/bdist.linux-x86_64/wheel/./planning
#14 1.841 warning: install_lib: byte-compiling is disabled, skipping.
#14 1.841 
#14 1.841 running install_egg_info
#14 1.844 Copying src/product_planning.egg-info to build/bdist.linux-x86_64/wheel/./product_planning-0.1.0.dev0-py3.12.egg-info
#14 1.846 running install_scripts
#14 1.848 creating build/bdist.linux-x86_64/wheel/product_planning-0.1.0.dev0.dist-info/WHEEL
#14 1.848 creating '/build/dist/.tmp-n_sx1z5q/product_planning-0.1.0.dev0-py3-none-any.whl' and adding 'build/bdist.linux-x86_64/wheel' to it
#14 1.849 adding 'planning/__init__.py'
#14 1.849 adding 'planning/application/__init__.py'
#14 1.850 adding 'planning/application/foundation.py'
#14 1.850 adding 'planning/bootstrap/__init__.py'
#14 1.850 adding 'planning/bootstrap/health.py'
#14 1.851 adding 'planning/bootstrap/server.py'
#14 1.851 adding 'planning/infrastructure/__init__.py'
#14 1.851 adding 'planning/infrastructure/foundation.py'
#14 1.852 adding 'planning/infrastructure/messaging/__init__.py'
#14 1.852 adding 'planning/infrastructure/messaging/codec.py'
#14 1.853 adding 'planning/infrastructure/messaging/consumer.py'
#14 1.854 adding 'planning/infrastructure/messaging/foundation-event.json'
#14 1.854 adding 'planning/infrastructure/messaging/generated.py'
#14 1.855 adding 'planning/infrastructure/messaging/inbox.py'
#14 1.856 adding 'planning/interfaces/__init__.py'
#14 1.856 adding 'planning/interfaces/health.py'
#14 1.857 adding 'planning/interfaces/http.py'
#14 1.858 adding 'product_planning-0.1.0.dev0.dist-info/METADATA'
#14 1.858 adding 'product_planning-0.1.0.dev0.dist-info/WHEEL'
#14 1.858 adding 'product_planning-0.1.0.dev0.dist-info/entry_points.txt'
#14 1.859 adding 'product_planning-0.1.0.dev0.dist-info/top_level.txt'
#14 1.859 adding 'product_planning-0.1.0.dev0.dist-info/RECORD'
#14 1.860 removing build/bdist.linux-x86_64/wheel
#14 1.901 Successfully built dist/product_planning-0.1.0.dev0-py3-none-any.whl
#14 1.911 Resolved 28 packages in 1ms
#14 1.911 attrs==26.1.0 \
#14 1.911     --hash=sha256:c647aa4a12dfbad9333ca4e71fe62ddc36f4e63b2d260a37a8b83d2f043ac309 \
#14 1.911     --hash=sha256:d03ceb89cb322a8fd706d4fb91940737b6642aa36998fe130a9bc96c985eff32
#14 1.911 click==8.5.0 \
#14 1.911     --hash=sha256:255bc9599cf7748b4b1a446ccc735421bd08a2ae529a8b88597d3de5664ee360 \
#14 1.911     --hash=sha256:ba0d2089de75ea0310e2dde03160e6ca10009947fb95a182f9b54021bb272e34
#14 1.911 h11==0.16.0 \
#14 1.911     --hash=sha256:4e35b956cf45792e4caa5885e69fba00bdbc6ffafbfa020300e549b208ee5ff1 \
#14 1.911     --hash=sha256:63cf8bbe7522de3bf65932fda1d9c2772064ffb3dae62d55932da54b31cb6c86
#14 1.911 jsonschema==4.26.0 \
#14 1.911     --hash=sha256:0c26707e2efad8aa1bfc5b7ce170f3fccc2e4918ff85989ba9ffa9facb2be326 \
#14 1.911     --hash=sha256:d489f15263b8d200f8387e64b4c3a75f06629559fb73deb8fdfb525f2dab50ce
#14 1.911 jsonschema-specifications==2025.9.1 \
#14 1.911     --hash=sha256:98802fee3a11ee76ecaca44429fda8a41bff98b00a0f2838151b113f210cc6fe \
#14 1.911     --hash=sha256:b540987f239e745613c7a9176f3edb72b832a4ac465cf02712288397832b5e8d
#14 1.911 pika==1.4.4 \
#14 1.911     --hash=sha256:48de960c97a93b55db06b8be4c53eb977c9c8a2754c57cdae9097abcbd70ce04 \
#14 1.911     --hash=sha256:8cfc8b33a5cb16e733bd60cffca9732c0d1d761ecd80a89f34ed7df2cd38d6d6
#14 1.911 psycopg==3.3.6 \
#14 1.911     --hash=sha256:a1db9f7148b06a28606767efaca51fa6f9398c5c0a3810519be69d7000bdb631 \
#14 1.911     --hash=sha256:c081f2250df751a943036e42db6df4571c66cd0aabe8291a7a506512b12007d2
#14 1.911 psycopg-binary==3.3.6 ; implementation_name != 'pypy' \
#14 1.911     --hash=sha256:1679a1cb93fbe5a6d1fd58d82cbddcc6fcb8c61446ba7cae6eb2a7b19bc585de \
#14 1.911     --hash=sha256:289aadd6a00e151203c081f708348ec89f1e483c9b510ef4ac3981f847f01f79 \
#14 1.911     --hash=sha256:366db6e97e66b37211475f20c4c1324a2dc0dd825e46d4e87f9d599304d276f9 \
#14 1.911     --hash=sha256:37d40450659401600e6d043ff586c89a71a69f33cbb8bcdba6cdb2569beecdbe \
#14 1.911     --hash=sha256:3f84dab25e0385692ee13274c68678377e0b1a70ab9d14e56264cbf61f60c62d \
#14 1.911     --hash=sha256:612382ac3ed13651c7fa44b5fee9fbf7baaa2ddbc6f500391672682c5f1df9e0 \
#14 1.911     --hash=sha256:a4ee3bdd5468a725f2a4d9aab8a74b6d0279f768c8b5d3aeb102c5307ff3d59c \
#14 1.911     --hash=sha256:a5165300324efd5a772c48a88ab3a928513ab3979fca76553e62ee815f7b2b9c \
#14 1.911     --hash=sha256:d636338c8f21b0df2f84657b00bc34f9313f826ef93f1155bc743607e4a0c5eb \
#14 1.911     --hash=sha256:e23a66a763fbe83fcc210bc77c27e5a5ea380ebf091c06f34d8561b695e5a40f \
#14 1.911     --hash=sha256:f21d057f3e5f5491067e5b292498073b73847d48799b099803fef100775fcc52
#14 1.911 referencing==0.37.0 \
#14 1.911     --hash=sha256:381329a9f99628c9069361716891d34ad94af76e461dcb0335825aecc7692231 \
#14 1.911     --hash=sha256:44aefc3142c5b842538163acb373e24cce6632bd54bdb01b21ad5863489f50d8
#14 1.911 rpds-py==2026.9.1 \
#14 1.911     --hash=sha256:01445c8d194aa032a08e944f16567672da1c62dbdbefd8b6d0693032e290cf68 \
#14 1.911     --hash=sha256:10e208f2425d973938afcd56e28a7c4be32e27b6a60b5d381f49fb9d8acf9759 \
#14 1.911     --hash=sha256:2693b2728bbcc48d09a981a356954b0c47c53ff25b545856f28a889ea619f69a \
#14 1.911     --hash=sha256:3890a6aa36e6baa53d5258a2a25d3ef8b37ad165a6ab27a892d7c3e3a432cd69 \
#14 1.911     --hash=sha256:3b5a6f40f0a1486b4b36c888123afc67acdbd9f33235927acf5ff295429a0ba3 \
#14 1.911     --hash=sha256:46d80bc76b51a6c24f9944368c28d38b8bcbcea1da4f2f8d3ebc31a67e8c6ec6 \
#14 1.911     --hash=sha256:4793ef7f78268b124b73fa933440f01d258bbae01de9fa53e9080c9ab0425a12 \
#14 1.911     --hash=sha256:492e5e428cbe126221611f47e068f01660352feec4ad18bc0f5ea9b2ae88fb14 \
#14 1.911     --hash=sha256:501909f2e4a1e2dee528ef766fe3c469060ebc17e54a8383d404ba07a81a6f02 \
#14 1.911     --hash=sha256:50906f5aea24b5a865cbd0a589698288631d9f3a54c3a937c83aefa95a0d14af \
#14 1.911     --hash=sha256:56c6952a9b15047466d0c2347c446a761d4527f89976156341e68f0ce5cc08b0 \
#14 1.911     --hash=sha256:5ce8943f79c2210f7abcc28e86367b03b28d95027fd01c46d2472373ae70c86f \
#14 1.911     --hash=sha256:684fd492fff4fead00587544e059be2bbcb6f93454f21fa2a91b66fc7508be82 \
#14 1.911     --hash=sha256:6b5b393eda5ea42cca1c1a6665f2a4882b4fd5d1777e41ce0545a107fb008c9d \
#14 1.911     --hash=sha256:6b9bf3135b4ad5981df9a73d71a35272d650a2985ae9c2746357b24d59de2448 \
#14 1.911     --hash=sha256:6c0dbbcc19735fe5f8b0a54c07659d154a9e69f47e15d0a6ab7299215daf62cb \
#14 1.911     --hash=sha256:6cdc537c8633d7fd92a82e2e0d2ab74320a3f63d5e59fb9cf08711e08fe151c4 \
#14 1.911     --hash=sha256:815d26356930846a40c7bc1366e7b1b0320ab8a063e66c11298a208bed0fd237 \
#14 1.911     --hash=sha256:8601470267d938bcb7f3ab1a336100af51a4fd5b6ed030ef52461bb3ef5e7e07 \
#14 1.911     --hash=sha256:88b5268892fde430d5531f95bc560b6efbbd67c929662c586afd729a96e7461c \
#14 1.911     --hash=sha256:addeda51556dac7c1a2f14cda62db8b621cd12afba3091d03a96c72932387eab \
#14 1.911     --hash=sha256:b242c27c8f836305a4a72df9cdd564386ac57b807bd252a063223331c9316b37 \
#14 1.911     --hash=sha256:b5b8b0753718d258fd454283fbd57e14545d3b40583fa672e27cb4f987626bcc \
#14 1.911     --hash=sha256:befc2d6a953e563f8a7bfd87a42c22ebf8a3e980dcb7b6a4d17b70b0e914e8a3 \
#14 1.911     --hash=sha256:d1028417bb44037eb3069c1009bd7b7277212876cda22fbe565b0bca9fab6d2c \
#14 1.911     --hash=sha256:d9edf30457d74eebfd76b045535e36f1cd89062566a128a0db2145ca042d787e \
#14 1.911     --hash=sha256:e21c1429e205828ea886a2293a4a2c8e01f4c25d9893ca330e97a6cf73f52e7b \
#14 1.911     --hash=sha256:eef6a03b0b6d08d0835ccfa8ec8d1bc70525e3801387567137b50c557695e6da
#14 1.911 typing-extensions==4.16.0 \
#14 1.911     --hash=sha256:481caa481374e813c1b176ada14e97f1f67a4539ce9cfeb3f350d78d6370c2e8 \
#14 1.911     --hash=sha256:dc983d19a509c94dba722ee6abd33940f7c05a89e243c47e907eb4db6f1a43e5
#14 1.911 tzdata==2026.5 ; sys_platform == 'win32' \
#14 1.911     --hash=sha256:8cc73c0a0bfca7dbfa59235d60b2eff82231dee33f53d206db1acd9173cfc0a7 \
#14 1.911     --hash=sha256:b683bd1b6659ddcd810ff02ad09ba821d4bf1065072805063eb35c49617905ac
#14 1.911 uvicorn==0.53.0 \
#14 1.911     --hash=sha256:a9356f0cb89b3b8621529c5d5eebd69bfe154f4c3f68b4cf2de47e45fa855c2e \
#14 1.911     --hash=sha256:e8dca71ec86dce5f04e333f0d56cdedf942446e6643b9cea1af0d6d3a02cb03e
#14 2.141 Using CPython 3.12.14 interpreter at: /usr/local/bin/python
#14 2.141 Creating virtual environment at: /opt/venv
#14 2.360 Using Python 3.12.14 environment at: /opt/venv
#14 2.511 Resolved 12 packages in 150ms
#14 2.548 Downloading psycopg-binary (5.0MiB)
#14 2.635  Downloaded psycopg-binary
#14 2.635 Prepared 12 packages in 123ms
#14 2.683 Installed 12 packages in 47ms
#14 2.684  + attrs==26.1.0
#14 2.684  + click==8.5.0
#14 2.684  + h11==0.16.0
#14 2.684  + jsonschema==4.26.0
#14 2.684  + jsonschema-specifications==2025.9.1
#14 2.684  + pika==1.4.4
#14 2.684  + psycopg==3.3.6
#14 2.684  + psycopg-binary==3.3.6
#14 2.684  + referencing==0.37.0
#14 2.684  + rpds-py==2026.9.1
#14 2.684  + typing-extensions==4.16.0
#14 2.684  + uvicorn==0.53.0
#14 2.693 Using Python 3.12.14 environment at: /opt/venv
#14 2.695 Resolved 1 package in 1ms
#14 2.700 Prepared 1 package in 4ms
#14 2.712 Installed 1 package in 12ms
#14 2.712  + product-planning==0.1.0.dev0 (from file:///build/dist/product_planning-0.1.0.dev0-py3-none-any.whl)
#14 2.719 Using Python 3.12.14 environment at: /opt/venv
#14 2.719 Checked 13 packages in 0.65ms
#14 2.721 All installed packages are compatible
#14 DONE 2.9s

#15 [runtime 3/3] COPY --from=build /opt/venv/ /opt/venv/
#15 DONE 0.2s

#16 exporting to image
#16 exporting layers
#16 exporting layers 0.5s done
#16 writing image sha256:cbae52802671de2b85f9aa36a8c46631d4f0e5f877560ffde85a140ed75a8f0b
#16 writing image sha256:cbae52802671de2b85f9aa36a8c46631d4f0e5f877560ffde85a140ed75a8f0b done
#16 naming to docker.io/library/p01-planning:72188a2dcf973ceee09eed05dfb79a6c53122ae2 done
#16 DONE 0.5s
