[
    {
        "Id": "sha256:4b89096ad1d9af45eade3a0d08617b54cb8deb653933e34fa1cc15dd284042e0",
        "RepoTags": [
            "p01-inventory:36a14811b5afa23717566d5e8a08632e011f44a5"
        ],
        "RepoDigests": [],
        "Parent": "",
        "Comment": "buildkit.dockerfile.v0",
        "Created": "2026-10-05T07:37:25.127193075Z",
        "DockerVersion": "",
        "Author": "",
        "Config": {
            "Hostname": "",
            "Domainname": "",
            "User": "10001:10001",
            "AttachStdin": false,
            "AttachStdout": false,
            "AttachStderr": false,
            "Tty": false,
            "OpenStdin": false,
            "StdinOnce": false,
            "Env": [
                "PATH=/opt/venv/bin:/usr/local/bin:/usr/local/sbin:/usr/local/bin:/usr/sbin:/usr/bin:/sbin:/bin",
                "LANG=C.UTF-8",
                "GPG_KEY=7169605F62C751356D054A26A821E680E5FA6305",
                "PYTHON_VERSION=3.12.14",
                "PYTHON_SHA256=5c8462af5790baf43a321a1559dbe0db06d1be4300fb85fb53c40060668e548a",
                "PYTHONDONTWRITEBYTECODE=1",
                "PYTHONUNBUFFERED=1"
            ],
            "Cmd": [
                "liveness"
            ],
            "Healthcheck": {
                "Test": [
                    "NONE"
                ]
            },
            "ArgsEscaped": true,
            "Image": "",
            "Volumes": null,
            "WorkingDir": "/app",
            "Entrypoint": [
                "/opt/venv/bin/inventory-health"
            ],
            "OnBuild": null,
            "Labels": {
                "io.product.component": "inventory",
                "org.opencontainers.image.revision": "36a14811b5afa23717566d5e8a08632e011f44a5",
                "org.opencontainers.image.source": "https://github.com/awalker0878/multi-tenant",
                "org.opencontainers.image.title": "product-inventory bootstrap"
            }
        },
        "Architecture": "amd64",
        "Os": "linux",
        "Size": 67776449,
        "GraphDriver": {
            "Data": {
                "LowerDir": "/var/lib/docker/overlay2/l68jo0kjr6toqjym8kggryskp/diff:/var/lib/docker/overlay2/94ced9eb1e6f170460c345f5a11c0e387deeffbc33d2ff5c6ecd9c9c2c0bb2cf/diff:/var/lib/docker/overlay2/c6771f564644ce7287a386a21eaa622f621e74307ef6cbeaa6783f176faba619/diff:/var/lib/docker/overlay2/be6c5f804b86587da6122cb3e218afca62306590f31bcd027051810e92b51a8b/diff:/var/lib/docker/overlay2/2ae0b48eecfe9a6e2756191da34c38096ffcefcfe60a3735da2ca81df409a0ef/diff",
                "MergedDir": "/var/lib/docker/overlay2/5l3lpybnnbvsidjiymmgwmge5/merged",
                "UpperDir": "/var/lib/docker/overlay2/5l3lpybnnbvsidjiymmgwmge5/diff",
                "WorkDir": "/var/lib/docker/overlay2/5l3lpybnnbvsidjiymmgwmge5/work"
            },
            "Name": "overlay2"
        },
        "RootFS": {
            "Type": "layers",
            "Layers": [
                "sha256:74d97c428c51a828f9051a7a40a53ff1fc99e54fc30323ce36760701b0b7f711",
                "sha256:d1475f57bfeb95f8d89bad4de04d7af788036223b8505b2b5791158c8d885ff0",
                "sha256:90630b4239d75c9daa2f10f7bb6bfe9b45cfc1419783384dd9873dbf2b732fc3",
                "sha256:23d9641aa36e31a0b3699cec59ff9f51478b65b47f5f2c7de83d48293d4d4852",
                "sha256:e4bc0958b0f43d31c3b63eb88474689dba8cfc224929596a7070bbbf02bb5f0f",
                "sha256:01a4e772a14c946bd59081eeb7001d8446f90140a5bffff8b661bbf9e8b81580"
            ]
        },
        "Metadata": {
            "LastTagTime": "2026-10-05T07:37:26.005810381Z"
        }
    }
]
