[
    {
        "Id": "sha256:2b82fb49d8a0e87505b454bbbffd1f4b5f50dcd2134465fb63b5f61f7982f0ff",
        "RepoTags": [
            "p01-console:84a8a2a0a88930e6e3dd3da715f6bdedc7646fec"
        ],
        "RepoDigests": [],
        "Parent": "",
        "Comment": "buildkit.dockerfile.v0",
        "Created": "2026-10-04T23:59:31.895349111Z",
        "DockerVersion": "",
        "Author": "",
        "Config": {
            "Hostname": "",
            "Domainname": "",
            "User": "10001:10001",
            "AttachStdin": false,
            "AttachStdout": false,
            "AttachStderr": false,
            "ExposedPorts": {
                "9000/tcp": {}
            },
            "Tty": false,
            "OpenStdin": false,
            "StdinOnce": false,
            "Env": [
                "PATH=/usr/local/sbin:/usr/local/bin:/usr/sbin:/usr/bin:/sbin:/bin",
                "PHPIZE_DEPS=autoconf \t\tdpkg-dev \t\tfile \t\tg++ \t\tgcc \t\tlibc-dev \t\tmake \t\tpkg-config \t\tre2c",
                "PHP_INI_DIR=/usr/local/etc/php",
                "PHP_CFLAGS=-fstack-protector-strong -fpic -fpie -O2 -D_LARGEFILE_SOURCE -D_FILE_OFFSET_BITS=64",
                "PHP_CPPFLAGS=-fstack-protector-strong -fpic -fpie -O2 -D_LARGEFILE_SOURCE -D_FILE_OFFSET_BITS=64",
                "PHP_LDFLAGS=-Wl,-O1 -pie",
                "GPG_KEYS=1198C0117593497A5EC5C199286AF1F9897469DC 49D9AF6BC72A80D6691719C8AA23F5BE9C7097D4 D95C03BC702BE9515344AE3374E44BC9067701A5",
                "PHP_VERSION=8.5.11",
                "PHP_URL=https://www.php.net/distributions/php-8.5.11.tar.xz",
                "PHP_ASC_URL=https://www.php.net/distributions/php-8.5.11.tar.xz.asc",
                "PHP_SHA256=d9be75c08e8c316f4c8f4194d8fbe1750a15f6a6d9d4e3fe72082abeeb800360",
                "APP_ENV=production",
                "APP_DEBUG=false"
            ],
            "Cmd": [
                "php-fpm",
                "-F"
            ],
            "ArgsEscaped": true,
            "Image": "",
            "Volumes": null,
            "WorkingDir": "/app",
            "Entrypoint": [
                "/usr/local/bin/service-entrypoint"
            ],
            "OnBuild": null,
            "Labels": {
                "io.product.component": "console",
                "org.opencontainers.image.revision": "84a8a2a0a88930e6e3dd3da715f6bdedc7646fec"
            },
            "StopSignal": "SIGQUIT"
        },
        "Architecture": "amd64",
        "Os": "linux",
        "Size": 552648577,
        "GraphDriver": {
            "Data": {
                "LowerDir": "/var/lib/docker/overlay2/tppe4k6un0rqjp6ambuory26y/diff:/var/lib/docker/overlay2/xxshnhzv8up6ok8gmk1fu1471/diff:/var/lib/docker/overlay2/pzg060xd725idvwugb1ru1396/diff:/var/lib/docker/overlay2/tzbk8nu0b3sc36ke005tu6a6b/diff:/var/lib/docker/overlay2/tleyrx44yp7kqxbyrvylelnps/diff:/var/lib/docker/overlay2/swrid74hsz0r0fvictd9hjyqn/diff:/var/lib/docker/overlay2/iab12wgrby065k5ef898jd9me/diff:/var/lib/docker/overlay2/hdnwyvkkv89rvwaddwvurg0tv/diff:/var/lib/docker/overlay2/zore93jbilzg8zqpv97l5xqvo/diff:/var/lib/docker/overlay2/jmlhcuuzof3hwd3i7fhts98nv/diff:/var/lib/docker/overlay2/x4cruofbfyvvt77g1ivrcta8z/diff:/var/lib/docker/overlay2/u1hg7hp9b2jxile4mqrrfxuxs/diff:/var/lib/docker/overlay2/qpiowni8k6ju6m03le6mxet7u/diff:/var/lib/docker/overlay2/2829e007dcd47b6acaaf946de6db18bdf29e2004659eeed757429f4b94ea40d8/diff:/var/lib/docker/overlay2/548fb14194c8000fd3644bbeb08ec3c59db50baf48e23f90b5f9291892ee2ce7/diff:/var/lib/docker/overlay2/f7d6c982523ad4f68733a15db78029dade570375392446154b8057b3378ddfbd/diff:/var/lib/docker/overlay2/f1f91f9a8c4ade681ee564c703812ab3e2b90cfcebf605bfc75841b02bdea81d/diff:/var/lib/docker/overlay2/e1f3bac08e77d8383a66c3559c5fe0915ce047545045633b3ef989063710062e/diff:/var/lib/docker/overlay2/3af03c1c6f8a84a1a7690644738261b8d1412f149dd8586d0b4181bc4e01e776/diff:/var/lib/docker/overlay2/79d6d980b2e4c1bf7ce48940aba9decc2a238328e48acfe9376538f499bbc319/diff:/var/lib/docker/overlay2/e31e92b9ae47a6e87aae1955eeef6e5a0448e9f60efd4f087fe35d9e53309398/diff:/var/lib/docker/overlay2/ae57cc055e6e9a4e2eb7dacd38e8a0470c4b34479e518c52575e8c04b90ca888/diff:/var/lib/docker/overlay2/d188ea371f4ea75235d965a48350a5d29527250eb7b7280c2860047503727738/diff:/var/lib/docker/overlay2/475f67fa5e97be992157a586b1e6e54723f2aae8658814e89fa8b5586f39688e/diff",
                "MergedDir": "/var/lib/docker/overlay2/pqsdksuddcbfrhvfiokvgmmi3/merged",
                "UpperDir": "/var/lib/docker/overlay2/pqsdksuddcbfrhvfiokvgmmi3/diff",
                "WorkDir": "/var/lib/docker/overlay2/pqsdksuddcbfrhvfiokvgmmi3/work"
            },
            "Name": "overlay2"
        },
        "RootFS": {
            "Type": "layers",
            "Layers": [
                "sha256:34467cc93912af891dfee8a3902adf9b4f355a9bca4eaa46f658d1181a21de0d",
                "sha256:81274738dbf57317e5435144826219706147834290d012a351d5fc593b5adae2",
                "sha256:0504f653b699e414def5b49113f24c6e542a7846c5df9a799b27c809313dbb4d",
                "sha256:da1395a377a2acc8422d3bc4b7d862885a3a97a3421e3fed1adf62d061ff4f63",
                "sha256:27ac94f3ce3452f11b8a4e05cd00328bc38ad35848dfa0caa7ac7377e2b4c48c",
                "sha256:75906afbd8260b795e6e9b04941130b4bc0f4c137e76562f13753c62972bc5ef",
                "sha256:92e695b6cfd2d361a0864f12771aeb461c040dcd3ac66a0c704bf6e02cd2fc54",
                "sha256:ba5cfed66dabaf73234dbd89396a9011991392d027832714d3bbe68640c82d79",
                "sha256:c5687dee67cf6207590530c6c1c1bf4f1484aa1aeb2a44ff0e0ab0ebb7936ed7",
                "sha256:5f70bf18a086007016e948b04aed3b82103a36bea41755b6cddfaf10ace3c6ef",
                "sha256:a3d8babd0c9ce6e5640c2d87ef48eb3b4adf3e152f63414c1ef6ec0cc9ae911d",
                "sha256:5cf11e2cf7dd0f92fd99ea5446124e97bc89eb98bd2916837ed2e04c6cf0d60d",
                "sha256:ab1c5a86e5a31923a6bf39271762cb772417c59a3bf79dc487a6cceceeec4204",
                "sha256:9c6570e1c9ec7300e258869e697fdea27854e69fe68aad75d6cb5b7a4078231d",
                "sha256:3062325d949970ba50b21a0b718629b958267985f42b41c1a00896689f860920",
                "sha256:ac0b1511cc83dc68f45307748b230b8e4487ba47a2602ce76ac288f8a326c6ed",
                "sha256:afe29c67fa231920a629a71fe8291b8618151540c476a6e75c53b824930b1db3",
                "sha256:2f5f5a79debbf60a840dfbfd37f3bbbb9e48248942a5c82e7b28e34f403fdeb7",
                "sha256:5d6f38f7ea6a6b68f65e9bfc38747e454e83e87a4b49da5e754a6cfbd28cedf8",
                "sha256:fd42895f9887e24f58ec7b08a021a07716ed16437bbcedea6674502fb05bb73e",
                "sha256:078b2d387193147c3197dcb7228829a758feb1692cede005d980b8ab5ebf5627",
                "sha256:d4b442a55aaa9ee1cc126d5feb4424d8d01f6da4b3c1f93df6defeac9f3eda3b",
                "sha256:06e6763572880bda16c86d4e6566f4d9df1b3de00d2f077eb62a6f328acbab71",
                "sha256:a0c99f4b2e3e699b07e5f699896eeac2b8db065c790c7ccabbff6d1a5810d333",
                "sha256:952f4a52ad38ec1b1eec6f7d185926eb8da6d2f1f7a62eb5e8c246b525befcc9"
            ]
        },
        "Metadata": {
            "LastTagTime": "2026-10-04T23:59:38.008889351Z"
        }
    }
]
