{
    "brianium\/paratest": {
        "version": "v7.20.0",
        "reference": "81c80677c9ec0ed4ef16b246167f11dec81a6e3d"
    },
    "brick\/math": {
        "version": "1.0.0",
        "reference": "2effe05d2177c451b86c6a073196a4034c02f211"
    },
    "carbonphp\/carbon-doctrine-types": {
        "version": "3.2.1",
        "reference": "5fa5eacafd9ef47c8c6ab9143fc901ba0194d3dc"
    },
    "composer\/pcre": {
        "version": "3.4.0",
        "reference": "d5a341b3fb61f3001970940afb1d332968a183ed"
    },
    "composer\/xdebug-handler": {
        "version": "3.0.5",
        "reference": "6c1925561632e83d60a44492e0b344cf48ab85ef"
    },
    "cordoval\/hamcrest-php": {
        "version": null,
        "reference": null
    },
    "davedevelopment\/hamcrest-php": {
        "version": null,
        "reference": null
    },
    "deptrac\/deptrac": {
        "version": "4.7.2",
        "reference": "060c7edca50331129c866e6c5d5687edfea03c5f"
    },
    "dflydev\/dot-access-data": {
        "version": "v3.0.3",
        "reference": "a23a2bf4f31d3518f3ecb38660c95715dfead60f"
    },
    "doctrine\/deprecations": {
        "version": "1.1.6",
        "reference": "d4fe3e6fd9bb9e72557a19674f44d8ac7db4c6ca"
    },
    "doctrine\/inflector": {
        "version": "2.1.0",
        "reference": "6d6c96277ea252fc1304627204c3d5e6e15faa3b"
    },
    "doctrine\/lexer": {
        "version": "3.0.3",
        "reference": "71d305eaa6480d3d3460c7d053d1da7749fa9cca"
    },
    "dragonmantank\/cron-expression": {
        "version": "v3.6.0",
        "reference": "d61a8a9604ec1f8c3d150d09db6ce98b32675013"
    },
    "egulias\/email-validator": {
        "version": "4.0.4",
        "reference": "d42c8731f0624ad6bdc8d3e5e9a4524f68801cfa"
    },
    "fidry\/cpu-core-counter": {
        "version": "1.4.1",
        "reference": "d384a7d0d6e67aa497327260ca95023e92dc2032"
    },
    "filp\/whoops": {
        "version": "2.18.6",
        "reference": "7d0a2cde892089bb09372f4366e9b960eb3001a9"
    },
    "fruitcake\/php-cors": {
        "version": "v1.4.0",
        "reference": "38aaa6c3fd4c157ffe2a4d10aa8b9b16ba8de379"
    },
    "graham-campbell\/result-type": {
        "version": "v1.2.0",
        "reference": "adccca3324eece92ca35463648c12b9e6293c05b"
    },
    "guzzlehttp\/guzzle": {
        "version": "8.2.0",
        "reference": "93939470950a9b11e2e84204166ef5e048c55fe4"
    },
    "guzzlehttp\/promises": {
        "version": "3.0.2",
        "reference": "42118e66a53c492effaf92bc357e931985d5c6f9"
    },
    "guzzlehttp\/psr7": {
        "version": "3.1.0",
        "reference": "a3059ba1a84c9139c4ae03cf0f45bea276c97c74"
    },
    "guzzlehttp\/uri-template": {
        "version": "v2.0.1",
        "reference": "7a466ad606491eb6528c717482f7cca77f1851f3"
    },
    "hamcrest\/hamcrest-php": {
        "version": "v3.0.0",
        "reference": "b61cd040da1a4925bc90a51c074f5297e7c0fa52"
    },
    "iamcal\/sql-parser": {
        "version": "v0.7",
        "reference": "610392f38de49a44dab08dc1659960a29874c4b8"
    },
    "illuminate\/auth": {
        "version": null,
        "reference": null
    },
    "illuminate\/broadcasting": {
        "version": null,
        "reference": null
    },
    "illuminate\/bus": {
        "version": null,
        "reference": null
    },
    "illuminate\/cache": {
        "version": null,
        "reference": null
    },
    "illuminate\/collections": {
        "version": null,
        "reference": null
    },
    "illuminate\/concurrency": {
        "version": null,
        "reference": null
    },
    "illuminate\/conditionable": {
        "version": null,
        "reference": null
    },
    "illuminate\/config": {
        "version": null,
        "reference": null
    },
    "illuminate\/console": {
        "version": null,
        "reference": null
    },
    "illuminate\/container": {
        "version": null,
        "reference": null
    },
    "illuminate\/contracts": {
        "version": null,
        "reference": null
    },
    "illuminate\/cookie": {
        "version": null,
        "reference": null
    },
    "illuminate\/database": {
        "version": null,
        "reference": null
    },
    "illuminate\/encryption": {
        "version": null,
        "reference": null
    },
    "illuminate\/events": {
        "version": null,
        "reference": null
    },
    "illuminate\/filesystem": {
        "version": null,
        "reference": null
    },
    "illuminate\/hashing": {
        "version": null,
        "reference": null
    },
    "illuminate\/http": {
        "version": null,
        "reference": null
    },
    "illuminate\/image": {
        "version": null,
        "reference": null
    },
    "illuminate\/json-schema": {
        "version": null,
        "reference": null
    },
    "illuminate\/log": {
        "version": null,
        "reference": null
    },
    "illuminate\/macroable": {
        "version": null,
        "reference": null
    },
    "illuminate\/mail": {
        "version": null,
        "reference": null
    },
    "illuminate\/notifications": {
        "version": null,
        "reference": null
    },
    "illuminate\/pagination": {
        "version": null,
        "reference": null
    },
    "illuminate\/pipeline": {
        "version": null,
        "reference": null
    },
    "illuminate\/process": {
        "version": null,
        "reference": null
    },
    "illuminate\/queue": {
        "version": null,
        "reference": null
    },
    "illuminate\/redis": {
        "version": null,
        "reference": null
    },
    "illuminate\/reflection": {
        "version": null,
        "reference": null
    },
    "illuminate\/routing": {
        "version": null,
        "reference": null
    },
    "illuminate\/session": {
        "version": null,
        "reference": null
    },
    "illuminate\/support": {
        "version": null,
        "reference": null
    },
    "illuminate\/testing": {
        "version": null,
        "reference": null
    },
    "illuminate\/translation": {
        "version": null,
        "reference": null
    },
    "illuminate\/validation": {
        "version": null,
        "reference": null
    },
    "illuminate\/view": {
        "version": null,
        "reference": null
    },
    "jean85\/pretty-package-versions": {
        "version": "2.1.1",
        "reference": "4d7aa5dab42e2a76d99559706022885de0e18e1a"
    },
    "jetbrains\/phpstorm-stubs": {
        "version": "v2026.2",
        "reference": "709e512210784a7c0a677b3a89d35def844a59b9"
    },
    "kodova\/hamcrest-php": {
        "version": null,
        "reference": null
    },
    "larastan\/larastan": {
        "version": "v3.12.2",
        "reference": "c328727e6103c1147d1c64cc96b3aedfda26bc20"
    },
    "laravel\/framework": {
        "version": "v13.34.0",
        "reference": "c829b4982d29344cbcf1d7ad78eb5d2bb8ae66c4"
    },
    "laravel\/pint": {
        "version": "v1.32.1",
        "reference": "006bd7825eb01daf92959d060b89cd9514fe4253"
    },
    "laravel\/prompts": {
        "version": "v0.3.24",
        "reference": "5d3cdef29e93ca3b62b1871359db3078cd99908b"
    },
    "laravel\/serializable-closure": {
        "version": "v2.1.0",
        "reference": "2d5869a838bbcf37e0d8b0568fc41914e81374b5"
    },
    "league\/commonmark": {
        "version": "2.10.3",
        "reference": "6efbd9c472b91db0a3350fcd601c8332c2382e1f"
    },
    "league\/config": {
        "version": "v1.2.0",
        "reference": "754b3604fb2984c71f4af4a9cbe7b57f346ec1f3"
    },
    "league\/flysystem": {
        "version": "3.36.0",
        "reference": "f7fb152932f30072d573510cbd4dd657d6475b25"
    },
    "league\/flysystem-local": {
        "version": "3.35.3",
        "reference": "a099b24dce160f3b2239043d13d47c4a1a214ea4"
    },
    "league\/mime-type-detection": {
        "version": "1.17.0",
        "reference": "f5f47eff7c48ed1003069a2ca67f316fb4021c76"
    },
    "league\/uri": {
        "version": "7.8.1",
        "reference": "08cf38e3924d4f56238125547b5720496fac8fd4"
    },
    "league\/uri-interfaces": {
        "version": "7.8.1",
        "reference": "85d5c77c5d6d3af6c54db4a78246364908f3c928"
    },
    "mockery\/mockery": {
        "version": "1.6.15",
        "reference": "967a801bd188989a5669bd280f252d51c0fdc9ee"
    },
    "monolog\/monolog": {
        "version": "3.12.1",
        "reference": "d7059e4c691d05ea1222b5124bed0f961be46e15"
    },
    "mtdowling\/cron-expression": {
        "version": null,
        "reference": null
    },
    "myclabs\/deep-copy": {
        "version": "1.14.0",
        "reference": "8680aa248f8e07bc8fb43f56f0f5fc77a0c96aae"
    },
    "nesbot\/carbon": {
        "version": "3.14.2",
        "reference": "94cfc34887f07ab5c0efa07914c8f527544e3224"
    },
    "nette\/schema": {
        "version": "v1.3.6",
        "reference": "c54350438cd6914616f790a49cb424605f421562"
    },
    "nette\/utils": {
        "version": "v4.1.5",
        "reference": "b043439dbdf954e6c28b5ea7e34b0100f83165e0"
    },
    "nikic\/php-parser": {
        "version": "v5.9.0",
        "reference": "9e33da9553fe7786f0962b35f4e4ecf01be89def"
    },
    "nunomaduro\/collision": {
        "version": "v8.9.5",
        "reference": "fb53eacd509a1d303858e2d20cfebf2d630254ec"
    },
    "nunomaduro\/termwind": {
        "version": "v2.4.0",
        "reference": "712a31b768f5daea284c2169a7d227031001b9a8"
    },
    "pestphp\/pest": {
        "version": "v4.7.8",
        "reference": "5b2293f67adcf1b2320b33f521b94a692d18f360"
    },
    "pestphp\/pest-plugin": {
        "version": "v4.0.0",
        "reference": "9d4b93d7f73d3f9c3189bb22c220fef271cdf568"
    },
    "pestphp\/pest-plugin-arch": {
        "version": "v4.0.2",
        "reference": "3fb0d02a91b9da504b139dc7ab2a31efb7c3215c"
    },
    "pestphp\/pest-plugin-laravel": {
        "version": "v4.1.0",
        "reference": "3057a36669ff11416cc0dc2b521b3aec58c488d0"
    },
    "pestphp\/pest-plugin-mutate": {
        "version": "v4.0.1",
        "reference": "d9b32b60b2385e1688a68cc227594738ec26d96c"
    },
    "pestphp\/pest-plugin-profanity": {
        "version": "v4.2.1",
        "reference": "343cfa6f3564b7e35df0ebb77b7fa97039f72b27"
    },
    "phar-io\/manifest": {
        "version": "2.0.4",
        "reference": "54750ef60c58e43759730615a392c31c80e23176"
    },
    "phar-io\/version": {
        "version": "3.2.1",
        "reference": "4f7fd7836c6f332bb2933569e566a0d6c4cbed74"
    },
    "phpdocumentor\/graphviz": {
        "version": "2.1.0",
        "reference": "115999dc7f31f2392645aa825a94a6b165e1cedf"
    },
    "phpdocumentor\/reflection-common": {
        "version": "2.2.1",
        "reference": "ee15a5a2022c8383906b225055e9496a6a5e6e3b"
    },
    "phpdocumentor\/reflection-docblock": {
        "version": "6.0.3",
        "reference": "7bae67520aa9f5ecc506d646810bd40d9da54582"
    },
    "phpdocumentor\/type-resolver": {
        "version": "2.1.0",
        "reference": "dbe2133bb23e2e33a6834f4ed417f24a1b167769"
    },
    "phpoption\/phpoption": {
        "version": "1.10.0",
        "reference": "67b192b6a42ec03944b972d6e633ddec78ad2c6d"
    },
    "phpstan\/phpdoc-parser": {
        "version": "2.3.6",
        "reference": "1427af4647235b4a73b13940b1f1258d3584f36e"
    },
    "phpstan\/phpstan": {
        "version": "2.2.16",
        "reference": "46a6d9060e5a7763adfcc21ebcb8b504ebdbcb92"
    },
    "phpunit\/php-code-coverage": {
        "version": "12.5.8",
        "reference": "7440368d94738d54f2c1de24dbd3871793bbb0dd"
    },
    "phpunit\/php-file-iterator": {
        "version": "6.0.2",
        "reference": "a248d1640ab059b075f53a2ef0f9856e864e06b5"
    },
    "phpunit\/php-invoker": {
        "version": "6.0.0",
        "reference": "12b54e689b07a25a9b41e57736dfab6ec9ae5406"
    },
    "phpunit\/php-text-template": {
        "version": "5.0.1",
        "reference": "babab73b7ef9fae406f2eb3ee11323a61caa63d5"
    },
    "phpunit\/php-timer": {
        "version": "8.0.0",
        "reference": "f258ce36aa457f3aa3339f9ed4c81fc66dc8c2cc"
    },
    "phpunit\/phpunit": {
        "version": "12.5.33",
        "reference": "b98e028a26c5c5ba7e4a54be96ccf35f2914d184"
    },
    "product\/assurance": {
        "version": "1.0.0+no-version-set",
        "reference": null
    },
    "psr\/clock": {
        "version": "1.0.0",
        "reference": "e41a24703d4560fd0acb709162f73b8adfc3aa0d"
    },
    "psr\/clock-implementation": {
        "version": null,
        "reference": null
    },
    "psr\/container": {
        "version": "2.0.2",
        "reference": "c71ecc56dfe541dbd90c5360474fbc405f8d5963"
    },
    "psr\/container-implementation": {
        "version": null,
        "reference": null
    },
    "psr\/event-dispatcher": {
        "version": "1.0.0",
        "reference": "dbefd12671e8a14ec7f180cab83036ed26714bb0"
    },
    "psr\/event-dispatcher-implementation": {
        "version": null,
        "reference": null
    },
    "psr\/http-client": {
        "version": "1.0.3",
        "reference": "bb5906edc1c324c9a05aa0873d40117941e5fa90"
    },
    "psr\/http-client-implementation": {
        "version": null,
        "reference": null
    },
    "psr\/http-factory": {
        "version": "1.1.0",
        "reference": "2b4765fddfe3b508ac62f829e852b1501d3f6e8a"
    },
    "psr\/http-factory-implementation": {
        "version": null,
        "reference": null
    },
    "psr\/http-message": {
        "version": "2.0",
        "reference": "402d35bcb92c70c026d1a6a9883f06b2ead23d71"
    },
    "psr\/http-message-implementation": {
        "version": null,
        "reference": null
    },
    "psr\/log": {
        "version": "3.0.2",
        "reference": "f16e1d5863e37f8d8c2a01719f5b34baa2b714d3"
    },
    "psr\/log-implementation": {
        "version": null,
        "reference": null
    },
    "psr\/simple-cache": {
        "version": "3.0.0",
        "reference": "764e0b3939f5ca87cb904f570ef9be2d78a07865"
    },
    "psr\/simple-cache-implementation": {
        "version": null,
        "reference": null
    },
    "ramsey\/collection": {
        "version": "2.1.1",
        "reference": "344572933ad0181accbf4ba763e85a0306a8c5e2"
    },
    "ramsey\/uuid": {
        "version": "4.9.4",
        "reference": "75d73f48d02797c2c285a7e9f348fadc0102ffe2"
    },
    "rhumsaa\/uuid": {
        "version": null,
        "reference": null
    },
    "sebastian\/cli-parser": {
        "version": "4.2.1",
        "reference": "7d05781b13f7dec9043a629a21d086ed74582a15"
    },
    "sebastian\/comparator": {
        "version": "7.1.8",
        "reference": "7c65c1e79836812819705b473a90c12399542485"
    },
    "sebastian\/complexity": {
        "version": "5.0.0",
        "reference": "bad4316aba5303d0221f43f8cee37eb58d384bbb"
    },
    "sebastian\/diff": {
        "version": "7.0.1",
        "reference": "cd4cabe39f8a4e8ee6818ba99f10a05561ea4ad6"
    },
    "sebastian\/environment": {
        "version": "8.1.2",
        "reference": "9d32c685773823b1983e256ae4ecd48a10d6e439"
    },
    "sebastian\/exporter": {
        "version": "7.0.3",
        "reference": "c5e21b5de653ce0a769fb36f5cdfcb5e7a32cf23"
    },
    "sebastian\/global-state": {
        "version": "8.0.3",
        "reference": "b164d3274d6537ab462591c5755f76a8f5b1aae9"
    },
    "sebastian\/lines-of-code": {
        "version": "4.0.1",
        "reference": "d543b8ef219dcd8da262cbb958639a96bedba10e"
    },
    "sebastian\/object-enumerator": {
        "version": "7.0.0",
        "reference": "1effe8e9b8e068e9ae228e542d5d11b5d16db894"
    },
    "sebastian\/object-reflector": {
        "version": "5.0.0",
        "reference": "4bfa827c969c98be1e527abd576533293c634f6a"
    },
    "sebastian\/recursion-context": {
        "version": "7.0.1",
        "reference": "0b01998a7d5b1f122911a66bebcb8d46f0c82d8c"
    },
    "sebastian\/type": {
        "version": "6.0.4",
        "reference": "82ff822c2edc46724be9f7411d3163021f602773"
    },
    "sebastian\/version": {
        "version": "6.0.1",
        "reference": "9e935a16187e14f39b0e79910dabd614972cdb26"
    },
    "spatie\/once": {
        "version": null,
        "reference": null
    },
    "staabm\/side-effects-detector": {
        "version": "1.0.5",
        "reference": "d8334211a140ce329c13726d4a715adbddd0a163"
    },
    "symfony\/clock": {
        "version": "v8.1.0",
        "reference": "701ef4de9705d6c32292ebee5e8044094a09fbf6"
    },
    "symfony\/config": {
        "version": "v8.1.5",
        "reference": "ec711a6c14ae287d9618fbd2c9de4e223a1a4b02"
    },
    "symfony\/console": {
        "version": "v8.1.8",
        "reference": "4b81146e3ee248ea969186f85499b54fbc78db08"
    },
    "symfony\/css-selector": {
        "version": "v8.1.6",
        "reference": "08e2905152a39cf3fd1745d83f8c483e258887d9"
    },
    "symfony\/dependency-injection": {
        "version": "v8.1.8",
        "reference": "e375617d3f132059bd096f41951b527c2eb60cd0"
    },
    "symfony\/deprecation-contracts": {
        "version": "v3.7.1",
        "reference": "f3202fa1b5097b0af062dc978b32ecf63404e31d"
    },
    "symfony\/error-handler": {
        "version": "v8.1.8",
        "reference": "c146daceccd5d4f864c051b233c276641cec527b"
    },
    "symfony\/event-dispatcher": {
        "version": "v8.1.5",
        "reference": "7458da64220376b2e0dc2d8451bf43382c1ad297"
    },
    "symfony\/event-dispatcher-contracts": {
        "version": "v3.7.1",
        "reference": "c7de7a00ffb67842132da02ea92988a39ccd9f4e"
    },
    "symfony\/event-dispatcher-implementation": {
        "version": null,
        "reference": null
    },
    "symfony\/filesystem": {
        "version": "v8.1.6",
        "reference": "7599ebb855fede59413ddb7f15198d67bfcae7ba"
    },
    "symfony\/finder": {
        "version": "v8.1.8",
        "reference": "bd4fed193a3132c91c5c93595cbfc78988915822"
    },
    "symfony\/http-foundation": {
        "version": "v8.1.8",
        "reference": "662f5257658d4f60deff1bc790e9f2c68cb391bf"
    },
    "symfony\/http-kernel": {
        "version": "v8.1.8",
        "reference": "51c014e881d8b4ce61e56c0d4105f65b50df786a"
    },
    "symfony\/mailer": {
        "version": "v8.1.7",
        "reference": "8783380ecdafa23d36fc90c5873fd44b635c6e10"
    },
    "symfony\/mime": {
        "version": "v8.1.7",
        "reference": "773ac57f20e2795bdadb65b5b1b5f4850d498283"
    },
    "symfony\/polyfill-ctype": {
        "version": "v1.37.0",
        "reference": "141046a8f9477948ff284fa65be2095baafb94f2"
    },
    "symfony\/polyfill-deepclone": {
        "version": "v1.43.0",
        "reference": "8db92c5508a3f7f82d8688d32f0a4868a26e58ad"
    },
    "symfony\/polyfill-intl-grapheme": {
        "version": "v1.43.0",
        "reference": "5cac8f4db97208823aa353f59a01faad2da52c75"
    },
    "symfony\/polyfill-intl-idn": {
        "version": "v1.43.0",
        "reference": "533d68cf99c8f8ee2e8893c59ed59192e92cfd74"
    },
    "symfony\/polyfill-intl-normalizer": {
        "version": "v1.43.0",
        "reference": "ebd57ccc7edb93d632e184efbe7693d2517bab3b"
    },
    "symfony\/polyfill-mbstring": {
        "version": "v1.43.0",
        "reference": "4d5d331bf731e0aedbc6b2f5e61135b7b7996a72"
    },
    "symfony\/polyfill-php80": {
        "version": "v1.43.0",
        "reference": "9c6a5d6b01ca51d486c813e9a9c0ed55f208bb74"
    },
    "symfony\/polyfill-php82": {
        "version": "v1.43.0",
        "reference": "843bbe8b2a7934307b749751eede0f111f5d1cfc"
    },
    "symfony\/polyfill-php84": {
        "version": "v1.43.0",
        "reference": "22c6548499cbe5c5bb072fc0c42312dff062a015"
    },
    "symfony\/polyfill-php85": {
        "version": "v1.43.0",
        "reference": "86a42cbcc07adc331481a5ab310a4024bfc227f6"
    },
    "symfony\/polyfill-php86": {
        "version": "v1.43.0",
        "reference": "8840df45b24f33a49dc419fa18dc0057231ae1d8"
    },
    "symfony\/polyfill-uuid": {
        "version": "v1.43.0",
        "reference": "b23ff8245cc5c4479ea2be3d0132d2e6dd433993"
    },
    "symfony\/process": {
        "version": "v8.1.7",
        "reference": "10823b09358e690df4ff943e24e8492bb1019fc3"
    },
    "symfony\/routing": {
        "version": "v8.1.8",
        "reference": "e46d741c56485441f37104a3e7eace4e17ed91f9"
    },
    "symfony\/service-contracts": {
        "version": "v3.7.3",
        "reference": "15e6a07ec2a2c75ceb1b21dd98105ee8456d2257"
    },
    "symfony\/service-implementation": {
        "version": null,
        "reference": null
    },
    "symfony\/string": {
        "version": "v8.1.7",
        "reference": "d950140b5f56f31901e5b7a0c04ffc3a3deb943c"
    },
    "symfony\/translation": {
        "version": "v8.1.5",
        "reference": "d9e1caba0d6b6f9a26710af8a2f88d37f001215a"
    },
    "symfony\/translation-contracts": {
        "version": "v3.7.1",
        "reference": "ccb206b98faccc511ebae8e5fad50f2dc0b30621"
    },
    "symfony\/translation-implementation": {
        "version": null,
        "reference": null
    },
    "symfony\/uid": {
        "version": "v8.1.8",
        "reference": "f412a0b5edd75eb3104a93bd0d11fd2ea3da34e4"
    },
    "symfony\/var-dumper": {
        "version": "v8.1.7",
        "reference": "741a8c4c948b0bb9bd3653daacd3644c73c40ea5"
    },
    "symfony\/var-exporter": {
        "version": "v8.1.6",
        "reference": "802362f41128c430fd6685491e1fb72127fae78a"
    },
    "symfony\/yaml": {
        "version": "v8.1.8",
        "reference": "030e96eed0303223bfca3af9109e9e64830b6ec3"
    },
    "ta-tikoma\/phpunit-architecture-test": {
        "version": "0.8.7",
        "reference": "1248f3f506ca9641d4f68cebcd538fa489754db8"
    },
    "theseer\/tokenizer": {
        "version": "2.0.1",
        "reference": "7989e43bf381af0eac72e4f0ca5bcbfa81658be4"
    },
    "tijsverkoyen\/css-to-inline-styles": {
        "version": "v2.4.0",
        "reference": "f0292ccf0ec75843d65027214426b6b163b48b41"
    },
    "vlucas\/phpdotenv": {
        "version": "v5.7.0",
        "reference": "301c07936b16d88628b126b01d082ba153cf4c40"
    },
    "voku\/portable-ascii": {
        "version": "2.1.1",
        "reference": "8e1051fe39379367aecf014f41744ce7539a856f"
    },
    "webmozart\/assert": {
        "version": "2.4.1",
        "reference": "2ccb7c2e821038c03a3e6e1700c570c158c55f70"
    }
}