
> p00-frontend-compatibility@0.0.0 browser:test
> playwright test


Running 1 test using 1 worker

  ✘  1 [chromium] › tests/browser/compatibility.spec.ts:3:1 › Laravel page hydrates and Inertia preserves the page through form validation (30.1s)


  1) [chromium] › tests/browser/compatibility.spec.ts:3:1 › Laravel page hydrates and Inertia preserves the page through form validation 

    Test timeout of 30000ms exceeded.

    Error: page.waitForResponse: Test timeout of 30000ms exceeded.

      22 |
      23 |   // A full reload could still display the error; require the actual Inertia JSON exchange.
    > 24 |   const invalidResponse = page.waitForResponse(response =>
         |                                ^
      25 |     new URL(response.url()).pathname === '/compatibility'
      26 |     && response.request().headers()['x-inertia'] === 'true',
      27 |   );
        at /home/runner/work/_temp/p00-integration/frontend/tests/browser/compatibility.spec.ts:24:32

    attachment #2: screenshot (image/png) ──────────────────────────────────────────────────────────
    test-results/artifacts/compatibility-Laravel-page-ec93b-age-through-form-validation-chromium/test-failed-1.png
    ────────────────────────────────────────────────────────────────────────────────────────────────

    Error Context: test-results/artifacts/compatibility-Laravel-page-ec93b-age-through-form-validation-chromium/error-context.md

    attachment #4: trace (application/zip) ─────────────────────────────────────────────────────────
    test-results/artifacts/compatibility-Laravel-page-ec93b-age-through-form-validation-chromium/trace.zip
    Usage:

        npx playwright show-trace test-results/artifacts/compatibility-Laravel-page-ec93b-age-through-form-validation-chromium/trace.zip

    ────────────────────────────────────────────────────────────────────────────────────────────────

  1 failed
    [chromium] › tests/browser/compatibility.spec.ts:3:1 › Laravel page hydrates and Inertia preserves the page through form validation 
