
   PASS  Tests\Unit\SampleTest
  ✓ it rejects invalid state and stale revision before changing attribu… 0.02s  

   FAIL  Tests\Feature\CompatibilityHttpTest
  ! it boots Laravel and returns an initial Inertia HTML page → file_ge… 0.12s  
  ! it returns Inertia JSON with the component props URL and asset vers… 0.01s  
  ⨯ it requires a fresh page when the Inertia asset version differs      0.01s  
  ⨯ it redirects web validation errors and shares them through Inertia   0.01s  
  ! it redirects a valid synthetic form to its Inertia page → file_get_… 0.01s  
[2026-10-04 18:53:39] testing.ERROR: Sample state or revision does not allow approval. {"userId":100,"exception":"[object] (App\\Domain\\Compatibility\\Exceptions\\InvalidSampleTransition(code: 0): Sample state or revision does not allow approval. at /home/runner/work/_temp/p00-integration/php/app/Domain/Compatibility/Models/Sample.php:34)
[stacktrace]
#0 /home/runner/work/_temp/p00-integration/php/app/Application/Compatibility/Actions/ApproveSample.php(23): App\\Domain\\Compatibility\\Models\\Sample->approve()
#1 /home/runner/work/_temp/p00-integration/php/vendor/laravel/framework/src/Illuminate/Database/Concerns/ManagesTransactions.php(35): App\\Application\\Compatibility\\Actions\\ApproveSample->{closure:App\\Application\\Compatibility\\Actions\\ApproveSample::handle():16}()
#2 /home/runner/work/_temp/p00-integration/php/vendor/laravel/framework/src/Illuminate/Database/DatabaseManager.php(502): Illuminate\\Database\\Connection->transaction()
#3 /home/runner/work/_temp/p00-integration/php/vendor/laravel/framework/src/Illuminate/Support/Facades/Facade.php(364): Illuminate\\Database\\DatabaseManager->__call()
#4 /home/runner/work/_temp/p00-integration/php/app/Application/Compatibility/Actions/ApproveSample.php(16): Illuminate\\Support\\Facades\\Facade::__callStatic()
#5 /home/runner/work/_temp/p00-integration/php/app/Http/Controllers/SampleController.php(40): App\\Application\\Compatibility\\Actions\\ApproveSample->handle()
#6 /home/runner/work/_temp/p00-integration/php/vendor/laravel/framework/src/Illuminate/Routing/ControllerDispatcher.php(46): App\\Http\\Controllers\\SampleController->approve()
#7 /home/runner/work/_temp/p00-integration/php/vendor/laravel/framework/src/Illuminate/Routing/Route.php(276): Illuminate\\Routing\\ControllerDispatcher->dispatch()
#8 /home/runner/work/_temp/p00-integration/php/vendor/laravel/framework/src/Illuminate/Routing/Route.php(216): Illuminate\\Routing\\Route->runController()
#9 /home/runner/work/_temp/p00-integration/php/vendor/laravel/framework/src/Illuminate/Routing/Router.php(822): Illuminate\\Routing\\Route->run()
#10 /home/runner/work/_temp/p00-integration/php/vendor/laravel/framework/src/Illuminate/Pipeline/Pipeline.php(180): Illuminate\\Routing\\Router->{closure:Illuminate\\Routing\\Router::runRouteWithinStack():821}()
#11 /home/runner/work/_temp/p00-integration/php/vendor/inertiajs/inertia-laravel/src/Middleware.php(150): Illuminate\\Pipeline\\Pipeline->{closure:Illuminate\\Pipeline\\Pipeline::prepareDestination():178}()
#12 /home/runner/work/_temp/p00-integration/php/vendor/laravel/framework/src/Illuminate/Pipeline/Pipeline.php(219): Inertia\\Middleware->handle()
#13 /home/runner/work/_temp/p00-integration/php/vendor/laravel/framework/src/Illuminate/Routing/Middleware/SubstituteBindings.php(52): Illuminate\\Pipeline\\Pipeline->{closure:{closure:Illuminate\\Pipeline\\Pipeline::carry():194}:195}()
#14 /home/runner/work/_temp/p00-integration/php/vendor/laravel/framework/src/Illuminate/Pipeline/Pipeline.php(219): Illuminate\\Routing\\Middleware\\SubstituteBindings->handle()
#15 /home/runner/work/_temp/p00-integration/php/vendor/laravel/framework/src/Illuminate/Auth/Middleware/Authenticate.php(63): Illuminate\\Pipeline\\Pipeline->{closure:{closure:Illuminate\\Pipeline\\Pipeline::carry():194}:195}()
#16 /home/runner/work/_temp/p00-integration/php/vendor/laravel/framework/src/Illuminate/Pipeline/Pipeline.php(219): Illuminate\\Auth\\Middleware\\Authenticate->handle()
#17 /home/runner/work/_temp/p00-integration/php/vendor/laravel/framework/src/Illuminate/Foundation/Http/Middleware/PreventRequestForgery.php(104): Illuminate\\Pipeline\\Pipeline->{closure:{closure:Illuminate\\Pipeline\\Pipeline::carry():194}:195}()
#18 /home/runner/work/_temp/p00-integration/php/vendor/laravel/framework/src/Illuminate/Pipeline/Pipeline.php(219): Illuminate\\Foundation\\Http\\Middleware\\PreventRequestForgery->handle()
#19 /home/runner/work/_temp/p00-integration/php/vendor/laravel/framework/src/Illuminate/View/Middleware/ShareErrorsFromSession.php(48): Illuminate\\Pipeline\\Pipeline->{closure:{closure:Illuminate\\Pipeline\\Pipeline::carry():194}:195}()
#20 /home/runner/work/_temp/p00-integration/php/vendor/laravel/framework/src/Illuminate/Pipeline/Pipeline.php(219): Illuminate\\View\\Middleware\\ShareErrorsFromSession->handle()
#21 /home/runner/work/_temp/p00-integration/php/vendor/laravel/framework/src/Illuminate/Session/Middleware/StartSession.php(120): Illuminate\\Pipeline\\Pipeline->{closure:{closure:Illuminate\\Pipeline\\Pipeline::carry():194}:195}()
#22 /home/runner/work/_temp/p00-integration/php/vendor/laravel/framework/src/Illuminate/Session/Middleware/StartSession.php(63): Illuminate\\Session\\Middleware\\StartSession->handleStatefulRequest()
#23 /home/runner/work/_temp/p00-integration/php/vendor/laravel/framework/src/Illuminate/Pipeline/Pipeline.php(219): Illuminate\\Session\\Middleware\\StartSession->handle()
#24 /home/runner/work/_temp/p00-integration/php/vendor/laravel/framework/src/Illuminate/Cookie/Middleware/AddQueuedCookiesToResponse.php(36): Illuminate\\Pipeline\\Pipeline->{closure:{closure:Illuminate\\Pipeline\\Pipeline::carry():194}:195}()
#25 /home/runner/work/_temp/p00-integration/php/vendor/laravel/framework/src/Illuminate/Pipeline/Pipeline.php(219): Illuminate\\Cookie\\Middleware\\AddQueuedCookiesToResponse->handle()
#26 /home/runner/work/_temp/p00-integration/php/vendor/laravel/framework/src/Illuminate/Cookie/Middleware/EncryptCookies.php(74): Illuminate\\Pipeline\\Pipeline->{closure:{closure:Illuminate\\Pipeline\\Pipeline::carry():194}:195}()
#27 /home/runner/work/_temp/p00-integration/php/vendor/laravel/framework/src/Illuminate/Pipeline/Pipeline.php(219): Illuminate\\Cookie\\Middleware\\EncryptCookies->handle()
#28 /home/runner/work/_temp/p00-integration/php/vendor/laravel/framework/src/Illuminate/Pipeline/Pipeline.php(137): Illuminate\\Pipeline\\Pipeline->{closure:{closure:Illuminate\\Pipeline\\Pipeline::carry():194}:195}()
#29 /home/runner/work/_temp/p00-integration/php/vendor/laravel/framework/src/Illuminate/Routing/Router.php(821): Illuminate\\Pipeline\\Pipeline->then()
#30 /home/runner/work/_temp/p00-integration/php/vendor/laravel/framework/src/Illuminate/Routing/Router.php(800): Illuminate\\Routing\\Router->runRouteWithinStack()
#31 /home/runner/work/_temp/p00-integration/php/vendor/laravel/framework/src/Illuminate/Routing/Router.php(764): Illuminate\\Routing\\Router->runRoute()
#32 /home/runner/work/_temp/p00-integration/php/vendor/laravel/framework/src/Illuminate/Routing/Router.php(753): Illuminate\\Routing\\Router->dispatchToRoute()
#33 /home/runner/work/_temp/p00-integration/php/vendor/laravel/framework/src/Illuminate/Foundation/Http/Kernel.php(200): Illuminate\\Routing\\Router->dispatch()
#34 /home/runner/work/_temp/p00-integration/php/vendor/laravel/framework/src/Illuminate/Pipeline/Pipeline.php(180): Illuminate\\Foundation\\Http\\Kernel->{closure:Illuminate\\Foundation\\Http\\Kernel::dispatchToRouter():197}()
#35 /home/runner/work/_temp/p00-integration/php/vendor/inertiajs/inertia-laravel/src/Middleware/EnsureGetOnRedirect.php(19): Illuminate\\Pipeline\\Pipeline->{closure:Illuminate\\Pipeline\\Pipeline::prepareDestination():178}()
#36 /home/runner/work/_temp/p00-integration/php/vendor/laravel/framework/src/Illuminate/Pipeline/Pipeline.php(219): Inertia\\Middleware\\EnsureGetOnRedirect->handle()
#37 /home/runner/work/_temp/p00-integration/php/vendor/laravel/framework/src/Illuminate/Foundation/Http/Middleware/TransformsRequest.php(21): Illuminate\\Pipeline\\Pipeline->{closure:{closure:Illuminate\\Pipeline\\Pipeline::carry():194}:195}()
#38 /home/runner/work/_temp/p00-integration/php/vendor/laravel/framework/src/Illuminate/Foundation/Http/Middleware/ConvertEmptyStringsToNull.php(31): Illuminate\\Foundation\\Http\\Middleware\\TransformsRequest->handle()
#39 /home/runner/work/_temp/p00-integration/php/vendor/laravel/framework/src/Illuminate/Pipeline/Pipeline.php(219): Illuminate\\Foundation\\Http\\Middleware\\ConvertEmptyStringsToNull->handle()
#40 /home/runner/work/_temp/p00-integration/php/vendor/laravel/framework/src/Illuminate/Foundation/Http/Middleware/TransformsRequest.php(21): Illuminate\\Pipeline\\Pipeline->{closure:{closure:Illuminate\\Pipeline\\Pipeline::carry():194}:195}()
#41 /home/runner/work/_temp/p00-integration/php/vendor/laravel/framework/src/Illuminate/Foundation/Http/Middleware/TrimStrings.php(51): Illuminate\\Foundation\\Http\\Middleware\\TransformsRequest->handle()
#42 /home/runner/work/_temp/p00-integration/php/vendor/laravel/framework/src/Illuminate/Pipeline/Pipeline.php(219): Illuminate\\Foundation\\Http\\Middleware\\TrimStrings->handle()
#43 /home/runner/work/_temp/p00-integration/php/vendor/laravel/framework/src/Illuminate/Http/Middleware/ValidatePostSize.php(27): Illuminate\\Pipeline\\Pipeline->{closure:{closure:Illuminate\\Pipeline\\Pipeline::carry():194}:195}()
#44 /home/runner/work/_temp/p00-integration/php/vendor/laravel/framework/src/Illuminate/Pipeline/Pipeline.php(219): Illuminate\\Http\\Middleware\\ValidatePostSize->handle()
#45 /home/runner/work/_temp/p00-integration/php/vendor/laravel/framework/src/Illuminate/Foundation/Http/Middleware/PreventRequestsDuringMaintenance.php(110): Illuminate\\Pipeline\\Pipeline->{closure:{closure:Illuminate\\Pipeline\\Pipeline::carry():194}:195}()
#46 /home/runner/work/_temp/p00-integration/php/vendor/laravel/framework/src/Illuminate/Pipeline/Pipeline.php(219): Illuminate\\Foundation\\Http\\Middleware\\PreventRequestsDuringMaintenance->handle()
#47 /home/runner/work/_temp/p00-integration/php/vendor/laravel/framework/src/Illuminate/Http/Middleware/HandleCors.php(61): Illuminate\\Pipeline\\Pipeline->{closure:{closure:Illuminate\\Pipeline\\Pipeline::carry():194}:195}()
#48 /home/runner/work/_temp/p00-integration/php/vendor/laravel/framework/src/Illuminate/Pipeline/Pipeline.php(219): Illuminate\\Http\\Middleware\\HandleCors->handle()
#49 /home/runner/work/_temp/p00-integration/php/vendor/laravel/framework/src/Illuminate/Http/Middleware/TrustProxies.php(58): Illuminate\\Pipeline\\Pipeline->{closure:{closure:Illuminate\\Pipeline\\Pipeline::carry():194}:195}()
#50 /home/runner/work/_temp/p00-integration/php/vendor/laravel/framework/src/Illuminate/Pipeline/Pipeline.php(219): Illuminate\\Http\\Middleware\\TrustProxies->handle()
#51 /home/runner/work/_temp/p00-integration/php/vendor/laravel/framework/src/Illuminate/Foundation/Http/Middleware/InvokeDeferredCallbacks.php(22): Illuminate\\Pipeline\\Pipeline->{closure:{closure:Illuminate\\Pipeline\\Pipeline::carry():194}:195}()
#52 /home/runner/work/_temp/p00-integration/php/vendor/laravel/framework/src/Illuminate/Pipeline/Pipeline.php(219): Illuminate\\Foundation\\Http\\Middleware\\InvokeDeferredCallbacks->handle()
#53 /home/runner/work/_temp/p00-integration/php/vendor/laravel/framework/src/Illuminate/Http/Middleware/ValidatePathEncoding.php(28): Illuminate\\Pipeline\\Pipeline->{closure:{closure:Illuminate\\Pipeline\\Pipeline::carry():194}:195}()
#54 /home/runner/work/_temp/p00-integration/php/vendor/laravel/framework/src/Illuminate/Pipeline/Pipeline.php(219): Illuminate\\Http\\Middleware\\ValidatePathEncoding->handle()
#55 /home/runner/work/_temp/p00-integration/php/vendor/inertiajs/inertia-laravel/src/Middleware/EnsureDeferredCallbacksRun.php(21): Illuminate\\Pipeline\\Pipeline->{closure:{closure:Illuminate\\Pipeline\\Pipeline::carry():194}:195}()
#56 /home/runner/work/_temp/p00-integration/php/vendor/laravel/framework/src/Illuminate/Pipeline/Pipeline.php(219): Inertia\\Middleware\\EnsureDeferredCallbacksRun->handle()
#57 /home/runner/work/_temp/p00-integration/php/vendor/laravel/framework/src/Illuminate/Pipeline/Pipeline.php(137): Illuminate\\Pipeline\\Pipeline->{closure:{closure:Illuminate\\Pipeline\\Pipeline::carry():194}:195}()
#58 /home/runner/work/_temp/p00-integration/php/vendor/laravel/framework/src/Illuminate/Foundation/Http/Kernel.php(175): Illuminate\\Pipeline\\Pipeline->then()
#59 /home/runner/work/_temp/p00-integration/php/vendor/laravel/framework/src/Illuminate/Foundation/Http/Kernel.php(144): Illuminate\\Foundation\\Http\\Kernel->sendRequestThroughRouter()
#60 /home/runner/work/_temp/p00-integration/php/vendor/laravel/framework/src/Illuminate/Foundation/Testing/Concerns/MakesHttpRequests.php(638): Illuminate\\Foundation\\Http\\Kernel->handle()
#61 /home/runner/work/_temp/p00-integration/php/vendor/laravel/framework/src/Illuminate/Foundation/Testing/Concerns/MakesHttpRequests.php(604): Illuminate\\Foundation\\Testing\\TestCase->call()
#62 /home/runner/work/_temp/p00-integration/php/vendor/laravel/framework/src/Illuminate/Foundation/Testing/Concerns/MakesHttpRequests.php(411): Illuminate\\Foundation\\Testing\\TestCase->json()
#63 /home/runner/work/_temp/p00-integration/php/tests/Feature/SampleAuthorizationTest.php(82): Illuminate\\Foundation\\Testing\\TestCase->postJson()
#64 /home/runner/work/_temp/p00-integration/php/vendor/pestphp/pest/src/Factories/TestCaseMethodFactory.php(177): P\\Tests\\Feature\\SampleAuthorizationTest->{closure:/home/runner/work/_temp/p00-integration/php/tests/Feature/SampleAuthorizationTest.php:78}()
#65 [internal function]: P\\Tests\\Feature\\SampleAuthorizationTest->{closure:Pest\\Factories\\TestCaseMethodFactory::getClosure():167}()
#66 /home/runner/work/_temp/p00-integration/php/vendor/pestphp/pest/src/Concerns/Testable.php(514): call_user_func_array()
#67 /home/runner/work/_temp/p00-integration/php/vendor/pestphp/pest/src/Support/ExceptionTrace.php(26): P\\Tests\\Feature\\SampleAuthorizationTest->{closure:Pest\\Concerns\\Testable::__callClosure():514}()
#68 /home/runner/work/_temp/p00-integration/php/vendor/pestphp/pest/src/Concerns/Testable.php(514): Pest\\Support\\ExceptionTrace::ensure()
#69 /home/runner/work/_temp/p00-integration/php/vendor/pestphp/pest/src/Concerns/Testable.php(336): P\\Tests\\Feature\\SampleAuthorizationTest->__callClosure()
#70 /home/runner/work/_temp/p00-integration/php/vendor/pestphp/pest/src/Factories/TestCaseFactory.php(179) : eval()'d code(100): P\\Tests\\Feature\\SampleAuthorizationTest->__runTest()
#71 /home/runner/work/_temp/p00-integration/php/vendor/phpunit/phpunit/src/Framework/TestCase.php(1318): P\\Tests\\Feature\\SampleAuthorizationTest->__pest_evaluable_it_rejects_stale_and_repeated_transitions_without_adding_an_audit()
#72 /home/runner/work/_temp/p00-integration/php/vendor/phpunit/phpunit/src/Framework/TestCase.php(1355): PHPUnit\\Framework\\TestCase->invokeTestMethod()
#73 /home/runner/work/_temp/p00-integration/php/vendor/phpunit/phpunit/src/Framework/TestCase.php(521): PHPUnit\\Framework\\TestCase->runTest()
#74 /home/runner/work/_temp/p00-integration/php/vendor/phpunit/phpunit/src/Framework/TestRunner/TestRunner.php(99): PHPUnit\\Framework\\TestCase->runBare()
#75 /home/runner/work/_temp/p00-integration/php/vendor/phpunit/phpunit/src/Framework/TestCase.php(361): PHPUnit\\Framework\\TestRunner->run()
#76 /home/runner/work/_temp/p00-integration/php/vendor/phpunit/phpunit/src/Framework/TestSuite.php(374): PHPUnit\\Framework\\TestCase->run()
#77 /home/runner/work/_temp/p00-integration/php/vendor/phpunit/phpunit/src/Framework/TestSuite.php(374): PHPUnit\\Framework\\TestSuite->run()
#78 /home/runner/work/_temp/p00-integration/php/vendor/phpunit/phpunit/src/Framework/TestSuite.php(374): PHPUnit\\Framework\\TestSuite->run()
#79 /home/runner/work/_temp/p00-integration/php/vendor/phpunit/phpunit/src/TextUI/TestRunner.php(64): PHPUnit\\Framework\\TestSuite->run()
#80 /home/runner/work/_temp/p00-integration/php/vendor/phpunit/phpunit/src/TextUI/Application.php(229): PHPUnit\\TextUI\\TestRunner->run()
#81 /home/runner/work/_temp/p00-integration/php/vendor/pestphp/pest/src/Kernel.php(103): PHPUnit\\TextUI\\Application->run()
#82 /home/runner/work/_temp/p00-integration/php/vendor/pestphp/pest/bin/pest(196): Pest\\Kernel->handle()
#83 /home/runner/work/_temp/p00-integration/php/vendor/pestphp/pest/bin/pest(204): {closure:/home/runner/work/_temp/p00-integration/php/vendor/pestphp/pest/bin/pest:19}()
#84 /home/runner/work/_temp/p00-integration/php/vendor/bin/pest(119): include('...')
#85 {main}
"} 
[2026-10-04 18:53:39] testing.ERROR: Sample state or revision does not allow approval. {"userId":100,"exception":"[object] (App\\Domain\\Compatibility\\Exceptions\\InvalidSampleTransition(code: 0): Sample state or revision does not allow approval. at /home/runner/work/_temp/p00-integration/php/app/Domain/Compatibility/Models/Sample.php:34)
[stacktrace]
#0 /home/runner/work/_temp/p00-integration/php/app/Application/Compatibility/Actions/ApproveSample.php(23): App\\Domain\\Compatibility\\Models\\Sample->approve()
#1 /home/runner/work/_temp/p00-integration/php/vendor/laravel/framework/src/Illuminate/Database/Concerns/ManagesTransactions.php(35): App\\Application\\Compatibility\\Actions\\ApproveSample->{closure:App\\Application\\Compatibility\\Actions\\ApproveSample::handle():16}()
#2 /home/runner/work/_temp/p00-integration/php/vendor/laravel/framework/src/Illuminate/Database/DatabaseManager.php(502): Illuminate\\Database\\Connection->transaction()
#3 /home/runner/work/_temp/p00-integration/php/vendor/laravel/framework/src/Illuminate/Support/Facades/Facade.php(364): Illuminate\\Database\\DatabaseManager->__call()
#4 /home/runner/work/_temp/p00-integration/php/app/Application/Compatibility/Actions/ApproveSample.php(16): Illuminate\\Support\\Facades\\Facade::__callStatic()
#5 /home/runner/work/_temp/p00-integration/php/app/Http/Controllers/SampleController.php(40): App\\Application\\Compatibility\\Actions\\ApproveSample->handle()
#6 /home/runner/work/_temp/p00-integration/php/vendor/laravel/framework/src/Illuminate/Routing/ControllerDispatcher.php(46): App\\Http\\Controllers\\SampleController->approve()
#7 /home/runner/work/_temp/p00-integration/php/vendor/laravel/framework/src/Illuminate/Routing/Route.php(276): Illuminate\\Routing\\ControllerDispatcher->dispatch()
#8 /home/runner/work/_temp/p00-integration/php/vendor/laravel/framework/src/Illuminate/Routing/Route.php(216): Illuminate\\Routing\\Route->runController()
#9 /home/runner/work/_temp/p00-integration/php/vendor/laravel/framework/src/Illuminate/Routing/Router.php(822): Illuminate\\Routing\\Route->run()
#10 /home/runner/work/_temp/p00-integration/php/vendor/laravel/framework/src/Illuminate/Pipeline/Pipeline.php(180): Illuminate\\Routing\\Router->{closure:Illuminate\\Routing\\Router::runRouteWithinStack():821}()
#11 /home/runner/work/_temp/p00-integration/php/vendor/inertiajs/inertia-laravel/src/Middleware.php(150): Illuminate\\Pipeline\\Pipeline->{closure:Illuminate\\Pipeline\\Pipeline::prepareDestination():178}()
#12 /home/runner/work/_temp/p00-integration/php/vendor/laravel/framework/src/Illuminate/Pipeline/Pipeline.php(219): Inertia\\Middleware->handle()
#13 /home/runner/work/_temp/p00-integration/php/vendor/laravel/framework/src/Illuminate/Routing/Middleware/SubstituteBindings.php(52): Illuminate\\Pipeline\\Pipeline->{closure:{closure:Illuminate\\Pipeline\\Pipeline::carry():194}:195}()
#14 /home/runner/work/_temp/p00-integration/php/vendor/laravel/framework/src/Illuminate/Pipeline/Pipeline.php(219): Illuminate\\Routing\\Middleware\\SubstituteBindings->handle()
#15 /home/runner/work/_temp/p00-integration/php/vendor/laravel/framework/src/Illuminate/Auth/Middleware/Authenticate.php(63): Illuminate\\Pipeline\\Pipeline->{closure:{closure:Illuminate\\Pipeline\\Pipeline::carry():194}:195}()
#16 /home/runner/work/_temp/p00-integration/php/vendor/laravel/framework/src/Illuminate/Pipeline/Pipeline.php(219): Illuminate\\Auth\\Middleware\\Authenticate->handle()
#17 /home/runner/work/_temp/p00-integration/php/vendor/laravel/framework/src/Illuminate/Foundation/Http/Middleware/PreventRequestForgery.php(104): Illuminate\\Pipeline\\Pipeline->{closure:{closure:Illuminate\\Pipeline\\Pipeline::carry():194}:195}()
#18 /home/runner/work/_temp/p00-integration/php/vendor/laravel/framework/src/Illuminate/Pipeline/Pipeline.php(219): Illuminate\\Foundation\\Http\\Middleware\\PreventRequestForgery->handle()
#19 /home/runner/work/_temp/p00-integration/php/vendor/laravel/framework/src/Illuminate/View/Middleware/ShareErrorsFromSession.php(48): Illuminate\\Pipeline\\Pipeline->{closure:{closure:Illuminate\\Pipeline\\Pipeline::carry():194}:195}()
#20 /home/runner/work/_temp/p00-integration/php/vendor/laravel/framework/src/Illuminate/Pipeline/Pipeline.php(219): Illuminate\\View\\Middleware\\ShareErrorsFromSession->handle()
#21 /home/runner/work/_temp/p00-integration/php/vendor/laravel/framework/src/Illuminate/Session/Middleware/StartSession.php(120): Illuminate\\Pipeline\\Pipeline->{closure:{closure:Illuminate\\Pipeline\\Pipeline::carry():194}:195}()
#22 /home/runner/work/_temp/p00-integration/php/vendor/laravel/framework/src/Illuminate/Session/Middleware/StartSession.php(63): Illuminate\\Session\\Middleware\\StartSession->handleStatefulRequest()
#23 /home/runner/work/_temp/p00-integration/php/vendor/laravel/framework/src/Illuminate/Pipeline/Pipeline.php(219): Illuminate\\Session\\Middleware\\StartSession->handle()
#24 /home/runner/work/_temp/p00-integration/php/vendor/laravel/framework/src/Illuminate/Cookie/Middleware/AddQueuedCookiesToResponse.php(36): Illuminate\\Pipeline\\Pipeline->{closure:{closure:Illuminate\\Pipeline\\Pipeline::carry():194}:195}()
#25 /home/runner/work/_temp/p00-integration/php/vendor/laravel/framework/src/Illuminate/Pipeline/Pipeline.php(219): Illuminate\\Cookie\\Middleware\\AddQueuedCookiesToResponse->handle()
#26 /home/runner/work/_temp/p00-integration/php/vendor/laravel/framework/src/Illuminate/Cookie/Middleware/EncryptCookies.php(74): Illuminate\\Pipeline\\Pipeline->{closure:{closure:Illuminate\\Pipeline\\Pipeline::carry():194}:195}()
#27 /home/runner/work/_temp/p00-integration/php/vendor/laravel/framework/src/Illuminate/Pipeline/Pipeline.php(219): Illuminate\\Cookie\\Middleware\\EncryptCookies->handle()
#28 /home/runner/work/_temp/p00-integration/php/vendor/laravel/framework/src/Illuminate/Pipeline/Pipeline.php(137): Illuminate\\Pipeline\\Pipeline->{closure:{closure:Illuminate\\Pipeline\\Pipeline::carry():194}:195}()
#29 /home/runner/work/_temp/p00-integration/php/vendor/laravel/framework/src/Illuminate/Routing/Router.php(821): Illuminate\\Pipeline\\Pipeline->then()
#30 /home/runner/work/_temp/p00-integration/php/vendor/laravel/framework/src/Illuminate/Routing/Router.php(800): Illuminate\\Routing\\Router->runRouteWithinStack()
#31 /home/runner/work/_temp/p00-integration/php/vendor/laravel/framework/src/Illuminate/Routing/Router.php(764): Illuminate\\Routing\\Router->runRoute()
#32 /home/runner/work/_temp/p00-integration/php/vendor/laravel/framework/src/Illuminate/Routing/Router.php(753): Illuminate\\Routing\\Router->dispatchToRoute()
#33 /home/runner/work/_temp/p00-integration/php/vendor/laravel/framework/src/Illuminate/Foundation/Http/Kernel.php(200): Illuminate\\Routing\\Router->dispatch()
#34 /home/runner/work/_temp/p00-integration/php/vendor/laravel/framework/src/Illuminate/Pipeline/Pipeline.php(180): Illuminate\\Foundation\\Http\\Kernel->{closure:Illuminate\\Foundation\\Http\\Kernel::dispatchToRouter():197}()
#35 /home/runner/work/_temp/p00-integration/php/vendor/inertiajs/inertia-laravel/src/Middleware/EnsureGetOnRedirect.php(19): Illuminate\\Pipeline\\Pipeline->{closure:Illuminate\\Pipeline\\Pipeline::prepareDestination():178}()
#36 /home/runner/work/_temp/p00-integration/php/vendor/laravel/framework/src/Illuminate/Pipeline/Pipeline.php(219): Inertia\\Middleware\\EnsureGetOnRedirect->handle()
#37 /home/runner/work/_temp/p00-integration/php/vendor/laravel/framework/src/Illuminate/Foundation/Http/Middleware/TransformsRequest.php(21): Illuminate\\Pipeline\\Pipeline->{closure:{closure:Illuminate\\Pipeline\\Pipeline::carry():194}:195}()
#38 /home/runner/work/_temp/p00-integration/php/vendor/laravel/framework/src/Illuminate/Foundation/Http/Middleware/ConvertEmptyStringsToNull.php(31): Illuminate\\Foundation\\Http\\Middleware\\TransformsRequest->handle()
#39 /home/runner/work/_temp/p00-integration/php/vendor/laravel/framework/src/Illuminate/Pipeline/Pipeline.php(219): Illuminate\\Foundation\\Http\\Middleware\\ConvertEmptyStringsToNull->handle()
#40 /home/runner/work/_temp/p00-integration/php/vendor/laravel/framework/src/Illuminate/Foundation/Http/Middleware/TransformsRequest.php(21): Illuminate\\Pipeline\\Pipeline->{closure:{closure:Illuminate\\Pipeline\\Pipeline::carry():194}:195}()
#41 /home/runner/work/_temp/p00-integration/php/vendor/laravel/framework/src/Illuminate/Foundation/Http/Middleware/TrimStrings.php(51): Illuminate\\Foundation\\Http\\Middleware\\TransformsRequest->handle()
#42 /home/runner/work/_temp/p00-integration/php/vendor/laravel/framework/src/Illuminate/Pipeline/Pipeline.php(219): Illuminate\\Foundation\\Http\\Middleware\\TrimStrings->handle()
#43 /home/runner/work/_temp/p00-integration/php/vendor/laravel/framework/src/Illuminate/Http/Middleware/ValidatePostSize.php(27): Illuminate\\Pipeline\\Pipeline->{closure:{closure:Illuminate\\Pipeline\\Pipeline::carry():194}:195}()
#44 /home/runner/work/_temp/p00-integration/php/vendor/laravel/framework/src/Illuminate/Pipeline/Pipeline.php(219): Illuminate\\Http\\Middleware\\ValidatePostSize->handle()
#45 /home/runner/work/_temp/p00-integration/php/vendor/laravel/framework/src/Illuminate/Foundation/Http/Middleware/PreventRequestsDuringMaintenance.php(110): Illuminate\\Pipeline\\Pipeline->{closure:{closure:Illuminate\\Pipeline\\Pipeline::carry():194}:195}()
#46 /home/runner/work/_temp/p00-integration/php/vendor/laravel/framework/src/Illuminate/Pipeline/Pipeline.php(219): Illuminate\\Foundation\\Http\\Middleware\\PreventRequestsDuringMaintenance->handle()
#47 /home/runner/work/_temp/p00-integration/php/vendor/laravel/framework/src/Illuminate/Http/Middleware/HandleCors.php(61): Illuminate\\Pipeline\\Pipeline->{closure:{closure:Illuminate\\Pipeline\\Pipeline::carry():194}:195}()
#48 /home/runner/work/_temp/p00-integration/php/vendor/laravel/framework/src/Illuminate/Pipeline/Pipeline.php(219): Illuminate\\Http\\Middleware\\HandleCors->handle()
#49 /home/runner/work/_temp/p00-integration/php/vendor/laravel/framework/src/Illuminate/Http/Middleware/TrustProxies.php(58): Illuminate\\Pipeline\\Pipeline->{closure:{closure:Illuminate\\Pipeline\\Pipeline::carry():194}:195}()
#50 /home/runner/work/_temp/p00-integration/php/vendor/laravel/framework/src/Illuminate/Pipeline/Pipeline.php(219): Illuminate\\Http\\Middleware\\TrustProxies->handle()
#51 /home/runner/work/_temp/p00-integration/php/vendor/laravel/framework/src/Illuminate/Foundation/Http/Middleware/InvokeDeferredCallbacks.php(22): Illuminate\\Pipeline\\Pipeline->{closure:{closure:Illuminate\\Pipeline\\Pipeline::carry():194}:195}()
#52 /home/runner/work/_temp/p00-integration/php/vendor/laravel/framework/src/Illuminate/Pipeline/Pipeline.php(219): Illuminate\\Foundation\\Http\\Middleware\\InvokeDeferredCallbacks->handle()
#53 /home/runner/work/_temp/p00-integration/php/vendor/laravel/framework/src/Illuminate/Http/Middleware/ValidatePathEncoding.php(28): Illuminate\\Pipeline\\Pipeline->{closure:{closure:Illuminate\\Pipeline\\Pipeline::carry():194}:195}()
#54 /home/runner/work/_temp/p00-integration/php/vendor/laravel/framework/src/Illuminate/Pipeline/Pipeline.php(219): Illuminate\\Http\\Middleware\\ValidatePathEncoding->handle()
#55 /home/runner/work/_temp/p00-integration/php/vendor/inertiajs/inertia-laravel/src/Middleware/EnsureDeferredCallbacksRun.php(21): Illuminate\\Pipeline\\Pipeline->{closure:{closure:Illuminate\\Pipeline\\Pipeline::carry():194}:195}()
#56 /home/runner/work/_temp/p00-integration/php/vendor/laravel/framework/src/Illuminate/Pipeline/Pipeline.php(219): Inertia\\Middleware\\EnsureDeferredCallbacksRun->handle()
#57 /home/runner/work/_temp/p00-integration/php/vendor/laravel/framework/src/Illuminate/Pipeline/Pipeline.php(137): Illuminate\\Pipeline\\Pipeline->{closure:{closure:Illuminate\\Pipeline\\Pipeline::carry():194}:195}()
#58 /home/runner/work/_temp/p00-integration/php/vendor/laravel/framework/src/Illuminate/Foundation/Http/Kernel.php(175): Illuminate\\Pipeline\\Pipeline->then()
#59 /home/runner/work/_temp/p00-integration/php/vendor/laravel/framework/src/Illuminate/Foundation/Http/Kernel.php(144): Illuminate\\Foundation\\Http\\Kernel->sendRequestThroughRouter()
#60 /home/runner/work/_temp/p00-integration/php/vendor/laravel/framework/src/Illuminate/Foundation/Testing/Concerns/MakesHttpRequests.php(638): Illuminate\\Foundation\\Http\\Kernel->handle()
#61 /home/runner/work/_temp/p00-integration/php/vendor/laravel/framework/src/Illuminate/Foundation/Testing/Concerns/MakesHttpRequests.php(604): Illuminate\\Foundation\\Testing\\TestCase->call()
#62 /home/runner/work/_temp/p00-integration/php/vendor/laravel/framework/src/Illuminate/Foundation/Testing/Concerns/MakesHttpRequests.php(411): Illuminate\\Foundation\\Testing\\TestCase->json()
#63 /home/runner/work/_temp/p00-integration/php/tests/Feature/SampleAuthorizationTest.php(87): Illuminate\\Foundation\\Testing\\TestCase->postJson()
#64 /home/runner/work/_temp/p00-integration/php/vendor/pestphp/pest/src/Factories/TestCaseMethodFactory.php(177): P\\Tests\\Feature\\SampleAuthorizationTest->{closure:/home/runner/work/_temp/p00-integration/php/tests/Feature/SampleAuthorizationTest.php:78}()
#65 [internal function]: P\\Tests\\Feature\\SampleAuthorizationTest->{closure:Pest\\Factories\\TestCaseMethodFactory::getClosure():167}()
#66 /home/runner/work/_temp/p00-integration/php/vendor/pestphp/pest/src/Concerns/Testable.php(514): call_user_func_array()
#67 /home/runner/work/_temp/p00-integration/php/vendor/pestphp/pest/src/Support/ExceptionTrace.php(26): P\\Tests\\Feature\\SampleAuthorizationTest->{closure:Pest\\Concerns\\Testable::__callClosure():514}()
#68 /home/runner/work/_temp/p00-integration/php/vendor/pestphp/pest/src/Concerns/Testable.php(514): Pest\\Support\\ExceptionTrace::ensure()
#69 /home/runner/work/_temp/p00-integration/php/vendor/pestphp/pest/src/Concerns/Testable.php(336): P\\Tests\\Feature\\SampleAuthorizationTest->__callClosure()
#70 /home/runner/work/_temp/p00-integration/php/vendor/pestphp/pest/src/Factories/TestCaseFactory.php(179) : eval()'d code(100): P\\Tests\\Feature\\SampleAuthorizationTest->__runTest()
#71 /home/runner/work/_temp/p00-integration/php/vendor/phpunit/phpunit/src/Framework/TestCase.php(1318): P\\Tests\\Feature\\SampleAuthorizationTest->__pest_evaluable_it_rejects_stale_and_repeated_transitions_without_adding_an_audit()
#72 /home/runner/work/_temp/p00-integration/php/vendor/phpunit/phpunit/src/Framework/TestCase.php(1355): PHPUnit\\Framework\\TestCase->invokeTestMethod()
#73 /home/runner/work/_temp/p00-integration/php/vendor/phpunit/phpunit/src/Framework/TestCase.php(521): PHPUnit\\Framework\\TestCase->runTest()
#74 /home/runner/work/_temp/p00-integration/php/vendor/phpunit/phpunit/src/Framework/TestRunner/TestRunner.php(99): PHPUnit\\Framework\\TestCase->runBare()
#75 /home/runner/work/_temp/p00-integration/php/vendor/phpunit/phpunit/src/Framework/TestCase.php(361): PHPUnit\\Framework\\TestRunner->run()
#76 /home/runner/work/_temp/p00-integration/php/vendor/phpunit/phpunit/src/Framework/TestSuite.php(374): PHPUnit\\Framework\\TestCase->run()
#77 /home/runner/work/_temp/p00-integration/php/vendor/phpunit/phpunit/src/Framework/TestSuite.php(374): PHPUnit\\Framework\\TestSuite->run()
#78 /home/runner/work/_temp/p00-integration/php/vendor/phpunit/phpunit/src/Framework/TestSuite.php(374): PHPUnit\\Framework\\TestSuite->run()
#79 /home/runner/work/_temp/p00-integration/php/vendor/phpunit/phpunit/src/TextUI/TestRunner.php(64): PHPUnit\\Framework\\TestSuite->run()
#80 /home/runner/work/_temp/p00-integration/php/vendor/phpunit/phpunit/src/TextUI/Application.php(229): PHPUnit\\TextUI\\TestRunner->run()
#81 /home/runner/work/_temp/p00-integration/php/vendor/pestphp/pest/src/Kernel.php(103): PHPUnit\\TextUI\\Application->run()
#82 /home/runner/work/_temp/p00-integration/php/vendor/pestphp/pest/bin/pest(196): Pest\\Kernel->handle()
#83 /home/runner/work/_temp/p00-integration/php/vendor/pestphp/pest/bin/pest(204): {closure:/home/runner/work/_temp/p00-integration/php/vendor/pestphp/pest/bin/pest:19}()
#84 /home/runner/work/_temp/p00-integration/php/vendor/bin/pest(119): include('...')
#85 {main}
"} 

   WARN  Tests\Feature\SampleAuthorizationTest
  ! it requires authentication for sample reads and writes → file_get_c… 0.03s  
  ! it returns only the actor tenant and explicitly presented fields →…  0.01s  
  ! it rejects denied readers and malformed commands without writes → f… 0.01s  
  ! it does not reveal or mutate another tenant sample → file_get_conte… 0.01s  
  ! it authorizes the explicit actor when the Action is called without…  0.01s  
  ! it commits the authorized transition and its local audit together →… 0.01s  
  ! it rejects stale and repeated transitions without adding an audit →… 0.02s  
  ! it rolls back the first write when the second local write fails → f… 0.01s  

   PASS  Tests\Architecture\PragmaticBoundariesTest
  ✓ the architecture suite inspects implemented spike classes            0.02s  
  ✓ domain does not depend on orchestration or delivery                  0.64s  
  ✓ application does not depend on concrete infrastructure or delivery   0.01s  
  ✓ actions expose a public non-static handle method
  ✓ domain models may use eloquent under the selected convention
  ✓ the spike resolves only its own application source
  ────────────────────────────────────────────────────────────────────────────  
   FAILED  Tests\Feature\CompatibilityHttpTest > it requires a fresh page wh…   
  Header [X-Inertia-Location] was found, but value [http://127.0.0.1:8000/compatibility] does not match [http://localhost/compatibility].
Failed asserting that two strings are equal.
  -'http://localhost/compatibility'
  +'http://127.0.0.1:8000/compatibility'
  

  at tests/Feature/CompatibilityHttpTest.php:28
     24▕ 
     25▕ it('requires a fresh page when the Inertia asset version differs', function (): void {
     26▕     $this->get('/compatibility', ['X-Inertia' => 'true', 'X-Inertia-Version' => 'old-version'])
     27▕         ->assertStatus(409)
  ➜  28▕         ->assertHeader('X-Inertia-Location', 'http://localhost/compatibility');
     29▕ });
     30▕ 
     31▕ it('redirects web validation errors and shares them through Inertia', function (): void {
     32▕     $this->from('/compatibility')->post('/compatibility/validate', ['name' => ''])

  ────────────────────────────────────────────────────────────────────────────  
   FAILED  Tests\Feature\CompatibilityHttpTest > it redirects web validation…   
  Failed asserting that null is identical to 'The name field is required.'.

  at tests/Feature/CompatibilityHttpTest.php:37
     33▕         ->assertRedirect('/compatibility')
     34▕         ->assertSessionHasErrors('name');
     35▕ 
     36▕     $this->get('/compatibility', ['X-Inertia' => 'true', 'X-Inertia-Version' => 'p00-compatibility-v1'])
  ➜  37▕         ->assertJsonPath('props.errors.name', 'The name field is required.');
     38▕ });
     39▕ 
     40▕ it('redirects a valid synthetic form to its Inertia page', function (): void {
     41▕     $this->post('/compatibility/validate', ['name' => 'P00 probe'])


  Tests:    2 failed, 11 warnings, 7 passed (179 assertions)
  Duration: 1.08s

