[
    {
        "Id": "sha256:aa84658aff54fe0500efe6726ced52b0cd83f445da9cd907487401cb31cb163a",
        "RepoTags": [
            "p01-assurance:88e44414e4add9706435e49d869090cc1b5f81c5"
        ],
        "RepoDigests": [],
        "Parent": "",
        "Comment": "buildkit.dockerfile.v0",
        "Created": "2026-10-05T20:41:45.471630448Z",
        "DockerVersion": "",
        "Author": "",
        "Config": {
            "Hostname": "",
            "Domainname": "",
            "User": "10001:10001",
            "AttachStdin": false,
            "AttachStdout": false,
            "AttachStderr": false,
            "ExposedPorts": {
                "9000/tcp": {}
            },
            "Tty": false,
            "OpenStdin": false,
            "StdinOnce": false,
            "Env": [
                "PATH=/usr/local/sbin:/usr/local/bin:/usr/sbin:/usr/bin:/sbin:/bin",
                "PHPIZE_DEPS=autoconf \t\tdpkg-dev dpkg \t\tfile \t\tg++ \t\tgcc \t\tlibc-dev \t\tmake \t\tpkgconf \t\tre2c",
                "PHP_INI_DIR=/usr/local/etc/php",
                "PHP_CFLAGS=-fstack-protector-strong -fpic -fpie -O2 -D_LARGEFILE_SOURCE -D_FILE_OFFSET_BITS=64",
                "PHP_CPPFLAGS=-fstack-protector-strong -fpic -fpie -O2 -D_LARGEFILE_SOURCE -D_FILE_OFFSET_BITS=64",
                "PHP_LDFLAGS=-Wl,-O1 -pie",
                "GPG_KEYS=1198C0117593497A5EC5C199286AF1F9897469DC 49D9AF6BC72A80D6691719C8AA23F5BE9C7097D4 D95C03BC702BE9515344AE3374E44BC9067701A5",
                "PHP_VERSION=8.5.11",
                "PHP_URL=https://www.php.net/distributions/php-8.5.11.tar.xz",
                "PHP_ASC_URL=https://www.php.net/distributions/php-8.5.11.tar.xz.asc",
                "PHP_SHA256=d9be75c08e8c316f4c8f4194d8fbe1750a15f6a6d9d4e3fe72082abeeb800360",
                "APP_ENV=production",
                "APP_DEBUG=false"
            ],
            "Cmd": [
                "php-fpm",
                "-F"
            ],
            "ArgsEscaped": true,
            "Image": "",
            "Volumes": null,
            "WorkingDir": "/app",
            "Entrypoint": [
                "/usr/local/bin/service-entrypoint"
            ],
            "OnBuild": null,
            "Labels": {
                "io.product.component": "assurance",
                "org.opencontainers.image.revision": "88e44414e4add9706435e49d869090cc1b5f81c5"
            },
            "StopSignal": "SIGQUIT"
        },
        "Architecture": "amd64",
        "Os": "linux",
        "Size": 140596270,
        "GraphDriver": {
            "Data": {
                "LowerDir": "/var/lib/docker/overlay2/fx1vr6bwo73pda0iqx7t3yr3v/diff:/var/lib/docker/overlay2/47dz69ammunw36m266btvik5w/diff:/var/lib/docker/overlay2/kpmjlgs2gcqvpb0l1k3pwc84q/diff:/var/lib/docker/overlay2/q2s0k7h2wszkkxzc39pnizyna/diff:/var/lib/docker/overlay2/xzdy571mbhrgjgntycpi6wxdu/diff:/var/lib/docker/overlay2/dokusb634ilxl5ecibt5xp4zi/diff:/var/lib/docker/overlay2/r57h6xv74d1rxexctnjgeci8m/diff:/var/lib/docker/overlay2/p9fd23gzx92hp1hcue6uvi8gi/diff:/var/lib/docker/overlay2/jdl7j1kouwwcvduxvk4n4dml7/diff:/var/lib/docker/overlay2/sovk2g9frvu51f61xfi8orzpq/diff:/var/lib/docker/overlay2/x3smpms0dqzyt35vdklw1lbc8/diff:/var/lib/docker/overlay2/be0247a6ab5759fcb02a532e2c0320c49cf49d1b6f2cb2607f7c992db07d54bf/diff:/var/lib/docker/overlay2/f756b7803ae0ae142e1662e5c6d44c42b0c28aa8bb23070fbab0fdac8bb7c4f0/diff:/var/lib/docker/overlay2/acb8219413d53f01faa9ab5f39d7b42093b16fea3f2ee2b6bf49f4c6074de190/diff:/var/lib/docker/overlay2/8c9905008d77027e141c13a9893ecdfac840207aadf9168117ab8602493cd5bc/diff:/var/lib/docker/overlay2/bd005320544637e8956521859e893e3378e1573e6ffea8a1b0a04006b1dec3c4/diff:/var/lib/docker/overlay2/af4e3bbbf3b2c516251d71676d0013a5883e8c020b0b8cf32d64e69694fd5b55/diff:/var/lib/docker/overlay2/4947aa932114bbe888c94baa03a418372d6f0c145acf620c8441b20896090e53/diff:/var/lib/docker/overlay2/a6e23e0aaf91a75eccd47d1c6f3663636f569afbadba8bab06b282a05dcd22f7/diff:/var/lib/docker/overlay2/bcd17695e228f66b4804ba481382cb8e90207fbe8d15b402ea9ab135c8888e6c/diff:/var/lib/docker/overlay2/2a04ae3992b51e501eab25af9ed82badc9328350b3c73dfb56dd35af9bd4dff3/diff:/var/lib/docker/overlay2/2ae0b48eecfe9a6e2756191da34c38096ffcefcfe60a3735da2ca81df409a0ef/diff",
                "MergedDir": "/var/lib/docker/overlay2/m3u93j6gmsgnyole309109t5c/merged",
                "UpperDir": "/var/lib/docker/overlay2/m3u93j6gmsgnyole309109t5c/diff",
                "WorkDir": "/var/lib/docker/overlay2/m3u93j6gmsgnyole309109t5c/work"
            },
            "Name": "overlay2"
        },
        "RootFS": {
            "Type": "layers",
            "Layers": [
                "sha256:74d97c428c51a828f9051a7a40a53ff1fc99e54fc30323ce36760701b0b7f711",
                "sha256:1c2f060f7a595b33c6bab0d3363f650e06358b6d7467509146e75f7b75eeed16",
                "sha256:34485dd96663f24521931d3a910e61d501250545710a62dbb661a7d2810bac6c",
                "sha256:9300080927dd9e59a5b76239edc461444835b9bc903d07d170203da898efeae8",
                "sha256:364fe0d010bd8ba6e31e0b9708413c686a0709a11103f77826a6d8c70f1114f7",
                "sha256:3b223733175e42016635eb0e3d289707be3900cf9f6c03904277a97ade845f94",
                "sha256:bb9d2a2a22ecd56cb3de0f277e7e2c8bf43cb5dbdf6e31b5fa14a43d90956aa2",
                "sha256:3e9ad28155f6fadf965089a1b96b3e8f6750492610c98f9127faa8df19c39184",
                "sha256:0638497e28fbf72d460f27f2e8374b1655c9950e7f74e5de5b5b39f17144241a",
                "sha256:5f70bf18a086007016e948b04aed3b82103a36bea41755b6cddfaf10ace3c6ef",
                "sha256:e7e9b55a081b67c49c31b1ce99003174a9f74cd625a41533a9bf17cb4b38e6b0",
                "sha256:630e2cca2014863b4e4a8d1cce64fb597e990128919e78b7524138c6242a1c5d",
                "sha256:1aa0b27726760a12ea39958ee8a838aadb7ccb14ada71e3f6ef321d3e0a117a4",
                "sha256:4e0209368a3c93867f7d1659a1b4de25c241d79414e9b85e4788f633adff0eeb",
                "sha256:69fc1396859e5eb2980161f6e7d5ef033c6820184648f0fc89ffa4f3f8c28d8d",
                "sha256:c801f15b63bf72479d9dad784bef90e75ce60027b2f1fe25aa8a35f339099192",
                "sha256:b93a248a6c6d06de6312ec3704c6f60699b694a657a1029007746cf7360373af",
                "sha256:b1e5794ec889c183d222277d78f71009735ec4b93170a52950126c200741d37c",
                "sha256:3168ca439f7be4fc11e1f2f6af45065aef64f90ba48b1bfd254fdfa5437ea6f9",
                "sha256:3b4c977771c3557ce25e1310839f5476d06a16b07518426a44a51d9f2d20320b",
                "sha256:43f0b7ea980f3fadf31a256e8b043526d5846c2df6fbc8e08dca1a6c693bbb0a",
                "sha256:3db33c12d7c6b67e8002fa663c8a2f5b675c26d111f0db98c6886fa738a1c310",
                "sha256:72826657c0f3a1d3de7b656c3fafa70ff6c62904735216a5c0d1d0d7d815fc0e"
            ]
        },
        "Metadata": {
            "LastTagTime": "2026-10-05T20:41:46.372608032Z"
        }
    }
]
