/out/mc: go1.27.1
	path	github.com/minio/mc
	mod	github.com/minio/mc	(devel)	
	dep	aead.dev/minisign	v0.3.0	h1:8Xafzy5PEVZqYDNP60yJHARlW1eOQtsKNp/Ph2c0vRA=
	dep	github.com/VividCortex/ewma	v1.2.0	h1:f58SaIzcDXrSy3kWaHNvuJgJ3Nmz59Zji6XoJR/q1ow=
	dep	github.com/acarl005/stripansi	v0.0.0-20180116102854-5a71ef0e047d	h1:licZJFw2RwpHMqeKTCYkitsPqHNxTmd4SNR5r94FGM8=
	dep	github.com/aymanbagabas/go-osc52/v2	v2.0.1	h1:HwpRHbFMcZLEVr42D4p7XBqjyuxQH5SMiErDT4WkJ2k=
	dep	github.com/beorn7/perks	v1.0.1	h1:VlbKKnNfV8bJzeqoa4cOKqO6bYr3WgKZxO8Z16+hsOM=
	dep	github.com/cespare/xxhash/v2	v2.3.0	h1:UL815xU9SqsFlibzuggzjXhog7bL6oX9BbNZnL2UFvs=
	dep	github.com/charmbracelet/bubbles	v0.20.0	h1:jSZu6qD8cRQ6k9OMfR1WlM+ruM8fkPWkHvQWD9LIutE=
	dep	github.com/charmbracelet/bubbletea	v1.3.4	h1:kCg7B+jSCFPLYRA52SDZjr51kG/fMUEoPoZrkaDHyoI=
	dep	github.com/charmbracelet/lipgloss	v1.0.0	h1:O7VkGDvqEdGi93X+DeqsQ7PKHDgtQfF8j8/O2qFMQNg=
	dep	github.com/charmbracelet/x/ansi	v0.8.0	h1:9GTq3xq9caJW8ZrBTe0LIe2fvfLR/bYXKTx2llXn7xE=
	dep	github.com/charmbracelet/x/term	v0.2.1	h1:AQeHeLZ1OqSXhrAWpYUtZyX1T3zVxfpZuEQMIQaGIAQ=
	dep	github.com/cheggaaa/pb	v1.0.29	h1:FckUN5ngEk2LpvuG0fw1GEFx6LtyY2pWI/Z2QgCnEYo=
	dep	github.com/coreos/go-semver	v0.3.1	h1:yi21YpKnrx1gt5R+la8n5WgS0kCrsPp33dmEyHReZr4=
	dep	github.com/coreos/go-systemd/v22	v22.5.0	h1:RrqgGjYQKalulkV8NGVIfkXQf6YYmOyiJKk8iXXhfZs=
	dep	github.com/dustin/go-humanize	v1.0.1	h1:GzkhY7T5VNhEkwH0PVJgjz+fX1rhBrR7pRT3mDkpeCY=
	dep	github.com/fatih/color	v1.18.0	h1:S8gINlzdQ840/4pfAwic/ZE0djQEH3wM94VfqLTZcOM=
	dep	github.com/fatih/structs	v1.1.0	h1:Q7juDM0QtcnhCpeyLGQKyg4TOIghuNXrkL32pHAUMxo=
	dep	github.com/go-ini/ini	v1.67.0	h1:z6ZrTEZqSWOTyH2FlglNbNgARyHG8oLW9gMELqKr06A=
	dep	github.com/goccy/go-json	v0.10.5	h1:Fq85nIqj+gXn/S5ahsiTlK3TmC85qgirsdTP/+DeaC4=
	dep	github.com/gogo/protobuf	v1.3.2	h1:Ov1cvc58UF3b5XjBnZv7+opcTcQFZebYjWzi34vdm4Q=
	dep	github.com/golang-jwt/jwt/v4	v4.5.2	h1:YtQM7lnr8iZ+j5q71MGKkNw9Mn7AjHM68uc9g5fXeUI=
	dep	github.com/golang/protobuf	v1.5.4	h1:i7eJL8qZTpSEXOPTxNKhASYpMn+8e5Q6AdndVa1dWek=
	dep	github.com/google/shlex	v0.0.0-20191202100458-e7afc7fbc510	h1:El6M4kTTCOh6aBiKaUGG7oYTSPP8MxqL4YI3kZKwcP4=
	dep	github.com/google/uuid	v1.6.0	h1:NIvaJDMOsjHA8n1jAhLSgzrAzy1Hgr+hNrb57e+94F0=
	dep	github.com/hashicorp/errwrap	v1.1.0	h1:OxrOeh75EUXMY8TBjag2fzXGZ40LB6IKw45YeGUDY2I=
	dep	github.com/hashicorp/go-multierror	v1.1.1	h1:H5DkEtf6CXdFp0N0Em5UCwQpXMWke8IA0+lD48awMYo=
	dep	github.com/inconshreveable/mousetrap	v1.1.0	h1:wN+x4NVGpMsO7ErUn/mUI3vEoE6Jt13X2s0bqwp9tc8=
	dep	github.com/jedib0t/go-pretty/v6	v6.6.7	h1:m+LbHpm0aIAPLzLbMfn8dc3Ht8MW7lsSO4MPItz/Uuo=
	dep	github.com/juju/ratelimit	v1.0.2	h1:sRxmtRiajbvrcLQT7S+JbqU0ntsb9W2yhSdNN8tWfaI=
	dep	github.com/klauspost/compress	v1.18.0	h1:c/Cqfb0r+Yi+JtIEq73FWXVkRonBlf0CRNYc8Zttxdo=
	dep	github.com/klauspost/cpuid/v2	v2.2.10	h1:tBs3QSyvjDyFTq3uoc/9xFpCuOsJQFNPiAhYdw2skhE=
	dep	github.com/lestrrat-go/blackmagic	v1.0.2	h1:Cg2gVSc9h7sz9NOByczrbUvLopQmXrfFx//N+AkAr5k=
	dep	github.com/lestrrat-go/httpcc	v1.0.1	h1:ydWCStUeJLkpYyjLDHihupbn2tYmZ7m22BGkcvZZrIE=
	dep	github.com/lestrrat-go/httprc	v1.0.6	h1:qgmgIRhpvBqexMJjA/PmwSvhNk679oqD1RbovdCGW8k=
	dep	github.com/lestrrat-go/iter	v1.0.2	h1:gMXo1q4c2pHmC3dn8LzRhJfP1ceCbgSiT9lUydIzltI=
	dep	github.com/lestrrat-go/jwx/v2	v2.1.4	h1:uBCMmJX8oRZStmKuMMOFb0Yh9xmEMgNJLgjuKKt4/qc=
	dep	github.com/lestrrat-go/option	v1.0.1	h1:oAzP2fvZGQKWkvHa1/SAcFolBEca1oN+mQ7eooNBEYU=
	dep	github.com/lucasb-eyer/go-colorful	v1.2.0	h1:1nnpGOrhyZZuNyfu1QjKiUICQ74+3FNCN69Aj6K7nkY=
	dep	github.com/mattn/go-colorable	v0.1.14	h1:9A9LHSqF/7dyVVX6g0U9cwm9pG3kP9gSzcuIPHPsaIE=
	dep	github.com/mattn/go-ieproxy	v0.0.12	h1:OZkUFJC3ESNZPQ+6LzC3VJIFSnreeFLQyqvBWtvfL2M=
	dep	github.com/mattn/go-isatty	v0.0.20	h1:xfD0iDuEKnDkl03q4limB+vH+GxLEtL/jb4xVJSWWEY=
	dep	github.com/mattn/go-runewidth	v0.0.16	h1:E5ScNMtiwvlvB5paMFdw9p4kSQzbXFikJ5SQO6TULQc=
	dep	github.com/matttproud/golang_protobuf_extensions	v1.0.4	h1:mmDVorXM7PCGKw94cs5zkfA9PSy5pEvNWRP0ET0TIVo=
	dep	github.com/minio/cli	v1.24.2	h1:J+fCUh9mhPLjN3Lj/YhklXvxj8mnyE/D6FpFduXJ2jg=
	dep	github.com/minio/colorjson	v1.0.8	h1:AS6gEQ1dTRYHmC4xuoodPDRILHP/9Wz5wYUGDQfPLpg=
	dep	github.com/minio/crc64nvme	v1.0.1	h1:DHQPrYPdqK7jQG/Ls5CTBZWeex/2FMS3G5XGkycuFrY=
	dep	github.com/minio/filepath	v1.0.0	h1:fvkJu1+6X+ECRA6G3+JJETj4QeAYO9sV43I79H8ubDY=
	dep	github.com/minio/madmin-go/v3	v3.0.107-0.20250415152934-4b504b82db63	h1:ktN/FrMuM9sjvjIbPZYRKeHEzBDOXQdpYUDiNO0CutE=
	dep	github.com/minio/md5-simd	v1.1.2	h1:Gdi1DZK69+ZVMoNHRXJyNcxrMA4dSxoYHZSQbirFg34=
	dep	github.com/minio/minio-go/v7	v7.0.90	h1:TmSj1083wtAD0kEYTx7a5pFsv3iRYMsOJ6A4crjA1lE=
	dep	github.com/minio/pkg/v3	v3.1.0	h1:RoR1TMXV5y4LvKPkaB1WoeuM6CO7A+I55xYb1tzrvLQ=
	dep	github.com/minio/selfupdate	v0.6.0	h1:i76PgT0K5xO9+hjzKcacQtO7+MjJ4JKA8Ak8XQ9DDwU=
	dep	github.com/mitchellh/go-homedir	v1.1.0	h1:lukF9ziXFxDFPkA1vsr5zpc1XuPDn/wFntq5mG+4E0Y=
	dep	github.com/muesli/ansi	v0.0.0-20230316100256-276c6243b2f6	h1:ZK8zHtRHOkbHy6Mmr5D264iyp3TiX5OmNcI5cIARiQI=
	dep	github.com/muesli/cancelreader	v0.2.2	h1:3I4Kt4BQjOR54NavqnDogx/MIoWBFa0StPA8ELUXHmA=
	dep	github.com/muesli/reflow	v0.3.0	h1:IFsN6K9NfGtjeggFP+68I4chLZV2yIKsXJFNZ+eWh6s=
	dep	github.com/muesli/termenv	v0.16.0	h1:S5AlUN9dENB57rsbnkPyfdGuWIlkmzJjbFf0Tf5FWUc=
	dep	github.com/munnerz/goautoneg	v0.0.0-20191010083416-a7dc8b61c822	h1:C3w9PqII01/Oq1c1nUAm88MOHcQC9l5mIlSMApZMrHA=
	dep	github.com/olekukonko/tablewriter	v0.0.5	h1:P2Ga83D34wi1o9J6Wh1mRuqd4mF/x/lgBS7N7AbDhec=
	dep	github.com/philhofer/fwd	v1.1.3-0.20240916144458-20a13a1f6b7c	h1:dAMKvw0MlJT1GshSTtih8C2gDs04w8dReiOGXrGLNoY=
	dep	github.com/pkg/xattr	v0.4.10	h1:Qe0mtiNFHQZ296vRgUjRCoPHPqH7VdTOrZx3g0T+pGA=
	dep	github.com/posener/complete	v1.2.3	h1:NP0eAhjcjImqslEwo/1hq7gpajME0fTLTezBKDqfXqo=
	dep	github.com/prometheus/client_golang	v1.21.1	h1:DOvXXTqVzvkIewV/CDPFdejpMCGeMcbGCQ8YOmu+Ibk=
	dep	github.com/prometheus/client_model	v0.6.2	h1:oBsgwpGs7iVziMvrGhE53c/GrLUsZdHnqNwqPLxwZyk=
	dep	github.com/prometheus/common	v0.63.0	h1:YR/EIY1o3mEFP/kZCD7iDMnLPlGyuU2Gb3HIcXnA98k=
	dep	github.com/prometheus/procfs	v0.16.0	h1:xh6oHhKwnOJKMYiYBDWmkHqQPyiY40sny36Cmx2bbsM=
	dep	github.com/prometheus/prom2json	v1.4.2	h1:PxCTM+Whqi/eykO1MKsEL0p/zMpxp9ybpsmdFamw6po=
	dep	github.com/prometheus/prometheus	v0.303.0	h1:wsNNsbd4EycMCphYnTmNY9JASBVbp7NWwJna857cGpA=
	dep	github.com/rivo/uniseg	v0.4.7	h1:WUdvkW8uEhrYfLC4ZzdpI2ztxP1I582+49Oc5Mq64VQ=
	dep	github.com/rjeczalik/notify	v0.9.3	h1:6rJAzHTGKXGj76sbRgDiDcYj/HniypXmSJo1SWakZeY=
	dep	github.com/rs/xid	v1.6.0	h1:fV591PaemRlL6JfRxGDEPl69wICngIQ3shQtzfy2gxU=
	dep	github.com/safchain/ethtool	v0.5.10	h1:Im294gZtuf4pSGJRAOGKaASNi3wMeFaGaWuSaomedpc=
	dep	github.com/secure-io/sio-go	v0.3.1	h1:dNvY9awjabXTYGsTF1PiCySl9Ltofk9GA3VdWlo7rRc=
	dep	github.com/shirou/gopsutil/v3	v3.24.5	h1:i0t8kL+kQTvpAYToeuiVk3TgDeKOFioZO3Ztz/iZ9pI=
	dep	github.com/tidwall/gjson	v1.18.0	h1:FIDeeyB800efLX89e5a8Y0BNH+LOngJyGrIWxG2FKQY=
	dep	github.com/tidwall/match	v1.1.1	h1:+Ho715JplO36QYgwN9PGYNhgZvoUSc9X2c80KVTi+GA=
	dep	github.com/tidwall/pretty	v1.2.1	h1:qjsOFOWWQl+N3RsoF5/ssm1pHmJJwhjlSbZ51I6wMl4=
	dep	github.com/tinylib/msgp	v1.2.5	h1:WeQg1whrXRFiZusidTQqzETkRpGjFjcIhW6uqWH09po=
	dep	github.com/tklauser/go-sysconf	v0.3.15	h1:VE89k0criAymJ/Os65CSn1IXaol+1wrsFHEB8Ol49K4=
	dep	github.com/tklauser/numcpus	v0.10.0	h1:18njr6LDBk1zuna922MgdjQuJFjrdppsZG60sHGfjso=
	dep	github.com/vbauerster/mpb/v8	v8.9.3	h1:PnMeF+sMvYv9u23l6DO6Q3+Mdj408mjLRXIzmUmU2Z8=
	dep	go.etcd.io/etcd/api/v3	v3.5.19	h1:w3L6sQZGsWPuBxRQ4m6pPP3bVUtV8rjW033EGwlr0jw=
	dep	go.etcd.io/etcd/client/pkg/v3	v3.5.19	h1:9VsyGhg0WQGjDWWlDI4VuaS9PZJGNbPkaHEIuLwtixk=
	dep	go.etcd.io/etcd/client/v3	v3.5.19	h1:+4byIz6ti3QC28W0zB0cEZWwhpVHXdrKovyycJh1KNo=
	dep	go.uber.org/multierr	v1.11.0	h1:blXXJkSxSSfBVBlC76pxqeO+LN3aDfLQo+309xJstO0=
	dep	go.uber.org/zap	v1.27.0	h1:aJMhYGrd5QSmlpLMr2MftRKl7t8J8PTZPA732ud/XR8=
	dep	golang.org/x/crypto	v0.40.0	h1:r4x+VvoG5Fm+eJcxMaY8CQM7Lb0l1lsmjGBQ6s8BfKM=
	dep	golang.org/x/net	v0.42.0	h1:jzkYrhi3YQWD6MLBJcsklgQsoAcw89EcZbJw8Z614hs=
	dep	golang.org/x/sync	v0.16.0	h1:ycBJEhp9p4vXvUZNszeOq0kGTPghopOL8q0fq3vstxw=
	dep	golang.org/x/sys	v0.34.0	h1:H5Y5sJ2L2JRdyv7ROF1he/lPdvFsd0mJHFw2ThKHxLA=
	dep	golang.org/x/term	v0.33.0	h1:NuFncQrRcaRvVmgRkvM3j/F00gWIAlcmlB8ACEKmGIg=
	dep	golang.org/x/text	v0.27.0	h1:4fGWRpyh641NLlecmyl4LOe6yDdfaYNrGb2zdfo4JV4=
	dep	google.golang.org/genproto/googleapis/api	v0.0.0-20250311173030-29e43e6258d7	h1:WpkiKdu5iuBhOW8QJl1NwI4O5DLQ2u6d/VlhsR/TbHc=
	dep	google.golang.org/genproto/googleapis/rpc	v0.0.0-20250303144028-a0af3efb3deb	h1:TLPQVbx1GJ8VKZxz52VAxl1EBgKXXbTiU9Fc5fZeLn4=
	dep	google.golang.org/grpc	v1.71.0	h1:kF77BGdPTQ4/JZWMlb9VpJ5pa25aqvVqogsxNHHdeBg=
	dep	google.golang.org/protobuf	v1.36.6	h1:z1NpPI8ku2WgiWnf+t9wTPsn6eP1L7ksHUlkfLvd9xY=
	dep	gopkg.in/yaml.v2	v2.4.0	h1:D8xgwECY7CYvx+Y2n4sBz93Jn9JRvxdiyyo8CTfuKaY=
	dep	gopkg.in/yaml.v3	v3.0.1	h1:fxVm/GzAzEWqLHuvctI91KS9hhNmmWOoWu0XTYJS7CA=
	build	-buildmode=exe
	build	-compiler=gc
	build	-trimpath=true
	build	DefaultGODEBUG=containermaxprocs=0,cryptocustomrand=1,decoratemappings=0,gotestjsonbuildtext=1,httpcookiemaxnum=0,multipathtcp=0,randseednop=0,rsa1024min=0,tlsmlkem=0,tlssecpmlkem=0,tlssha1=1,tracebacklabels=0,updatemaxprocs=0,urlmaxqueryparams=0,urlstrictcolons=0,x509rsacrt=0,x509sha256skid=0,x509sslcertoverrideplatform=0,x509usepolicies=0
	build	CGO_ENABLED=0
	build	GOARCH=amd64
	build	GOOS=linux
	build	GOAMD64=v1
76dbbad8795627d32a7d1a271d0b6a16a6bd4c0956262467a3b54d36ae67d622  go.mod
1592c97fca12c8ccb99f3bf1a3dc3627f4449e3b29ae78c3ff84e33e2acc8bf9  go.sum
41b7f10fe6b04cf31d165615667d02e1ab3388df560e0b7bc2946d2f8cf4605b  /usr/local/bin/mc
