 Network p01-stateful-4cfdafce2de5_database  Creating
 Network p01-stateful-4cfdafce2de5_database  Created
 Network p01-stateful-4cfdafce2de5_broker  Creating
 Network p01-stateful-4cfdafce2de5_broker  Created
 Volume "p01-stateful-4cfdafce2de5_database"  Creating
 Volume "p01-stateful-4cfdafce2de5_database"  Created
 Volume "p01-stateful-4cfdafce2de5_broker"  Creating
 Volume "p01-stateful-4cfdafce2de5_broker"  Created
 Container p01-stateful-4cfdafce2de5-rabbit-1  Creating
 Container p01-stateful-4cfdafce2de5-postgres-1  Creating
 Container p01-stateful-4cfdafce2de5-rabbit-1  Created
 Container p01-stateful-4cfdafce2de5-postgres-1  Created
 Container p01-stateful-4cfdafce2de5-postgres-1  Starting
 Container p01-stateful-4cfdafce2de5-rabbit-1  Starting
 Container p01-stateful-4cfdafce2de5-postgres-1  Started
 Container p01-stateful-4cfdafce2de5-rabbit-1  Started
 Container p01-stateful-4cfdafce2de5-postgres-1  Waiting
 Container p01-stateful-4cfdafce2de5-rabbit-1  Waiting
 Container p01-stateful-4cfdafce2de5-postgres-1  Healthy
 Container p01-stateful-4cfdafce2de5-rabbit-1  Healthy
