 Network p01-stateful-4cfdafce2de5_workflow  Creating
 Network p01-stateful-4cfdafce2de5_workflow  Created
 Network p01-stateful-4cfdafce2de5_evidence-restore  Creating
 Network p01-stateful-4cfdafce2de5_evidence-restore  Created
 Network p01-stateful-4cfdafce2de5_evidence  Creating
 Network p01-stateful-4cfdafce2de5_evidence  Created
 Volume "p01-stateful-4cfdafce2de5_evidence"  Creating
 Volume "p01-stateful-4cfdafce2de5_evidence"  Created
 Volume "p01-stateful-4cfdafce2de5_evidence-restore"  Creating
 Volume "p01-stateful-4cfdafce2de5_evidence-restore"  Created
 Container p01-stateful-4cfdafce2de5-evidence-1  Creating
 Container p01-stateful-4cfdafce2de5-temporal-1  Creating
 Container p01-stateful-4cfdafce2de5-evidence-restore-1  Creating
 Container p01-stateful-4cfdafce2de5-evidence-restore-1  Created
 Container p01-stateful-4cfdafce2de5-temporal-1  Created
 Container p01-stateful-4cfdafce2de5-evidence-1  Created
 Container p01-stateful-4cfdafce2de5-evidence-restore-1  Starting
 Container p01-stateful-4cfdafce2de5-temporal-1  Starting
 Container p01-stateful-4cfdafce2de5-evidence-1  Starting
 Container p01-stateful-4cfdafce2de5-evidence-restore-1  Started
 Container p01-stateful-4cfdafce2de5-evidence-1  Started
 Container p01-stateful-4cfdafce2de5-temporal-1  Started
