docker.io/library/postgres@sha256:9e73daeb439141c2b11eea2463f5f1a3b269fd90d897b41cddb7cb440f21aa5d: Pulling from library/postgres
774043ccc8cc: Already exists
211cec8da20e: Pulling fs layer
c56d732b49fe: Pulling fs layer
a9bacfc8d232: Pulling fs layer
c043c1caa591: Pulling fs layer
6bd876b3b38f: Pulling fs layer
bdbb8057313b: Pulling fs layer
d1c18bcbca3a: Pulling fs layer
0e6c3beb32b1: Pulling fs layer
980abddbe295: Pulling fs layer
5178c10d12ba: Pulling fs layer
9dd6e8795674: Pulling fs layer
ddda533f81f8: Pulling fs layer
d1c18bcbca3a: Waiting
0e6c3beb32b1: Waiting
980abddbe295: Waiting
5178c10d12ba: Waiting
9dd6e8795674: Waiting
ddda533f81f8: Waiting
6bd876b3b38f: Waiting
bdbb8057313b: Waiting
c043c1caa591: Waiting
211cec8da20e: Verifying Checksum
211cec8da20e: Download complete
a9bacfc8d232: Download complete
c56d732b49fe: Download complete
bdbb8057313b: Verifying Checksum
bdbb8057313b: Download complete
c043c1caa591: Verifying Checksum
c043c1caa591: Download complete
6bd876b3b38f: Verifying Checksum
6bd876b3b38f: Download complete
d1c18bcbca3a: Verifying Checksum
d1c18bcbca3a: Download complete
5178c10d12ba: Download complete
980abddbe295: Verifying Checksum
980abddbe295: Download complete
9dd6e8795674: Verifying Checksum
9dd6e8795674: Download complete
ddda533f81f8: Verifying Checksum
ddda533f81f8: Download complete
0e6c3beb32b1: Verifying Checksum
0e6c3beb32b1: Download complete
211cec8da20e: Pull complete
c56d732b49fe: Pull complete
a9bacfc8d232: Pull complete
c043c1caa591: Pull complete
6bd876b3b38f: Pull complete
bdbb8057313b: Pull complete
d1c18bcbca3a: Pull complete
0e6c3beb32b1: Pull complete
980abddbe295: Pull complete
5178c10d12ba: Pull complete
9dd6e8795674: Pull complete
ddda533f81f8: Pull complete
Digest: sha256:9e73daeb439141c2b11eea2463f5f1a3b269fd90d897b41cddb7cb440f21aa5d
Status: Downloaded newer image for postgres@sha256:9e73daeb439141c2b11eea2463f5f1a3b269fd90d897b41cddb7cb440f21aa5d
docker.io/library/postgres@sha256:9e73daeb439141c2b11eea2463f5f1a3b269fd90d897b41cddb7cb440f21aa5d
