serviceaccount/console created
deployment.apps/console created
service/console created
serviceaccount/console-proxy created
configmap/console-proxy created
deployment.apps/console-proxy created
service/console-proxy created
serviceaccount/console-migrator created
serviceaccount/governance created
deployment.apps/governance created
service/governance created
serviceaccount/governance-proxy created
configmap/governance-proxy created
deployment.apps/governance-proxy created
service/governance-proxy created
serviceaccount/governance-migrator created
serviceaccount/catalogue created
deployment.apps/catalogue created
service/catalogue created
serviceaccount/catalogue-proxy created
configmap/catalogue-proxy created
deployment.apps/catalogue-proxy created
service/catalogue-proxy created
serviceaccount/catalogue-migrator created
serviceaccount/assurance created
deployment.apps/assurance created
service/assurance created
serviceaccount/assurance-proxy created
configmap/assurance-proxy created
deployment.apps/assurance-proxy created
service/assurance-proxy created
serviceaccount/assurance-migrator created
serviceaccount/planning created
deployment.apps/planning created
service/planning created
serviceaccount/planning-proxy created
configmap/planning-proxy created
deployment.apps/planning-proxy created
service/planning-proxy created
serviceaccount/planning-migrator created
serviceaccount/inventory created
deployment.apps/inventory created
service/inventory created
serviceaccount/inventory-proxy created
configmap/inventory-proxy created
deployment.apps/inventory-proxy created
service/inventory-proxy created
serviceaccount/inventory-migrator created
serviceaccount/lifecycle created
deployment.apps/lifecycle created
service/lifecycle created
serviceaccount/lifecycle-proxy created
configmap/lifecycle-proxy created
deployment.apps/lifecycle-proxy created
service/lifecycle-proxy created
serviceaccount/lifecycle-migrator created
configmap/postgres-scripts created
persistentvolumeclaim/postgres-data created
serviceaccount/postgres created
deployment.apps/postgres created
service/postgres created
networkpolicy.networking.k8s.io/deny-by-default created
networkpolicy.networking.k8s.io/cluster-dns created
networkpolicy.networking.k8s.io/console-application created
networkpolicy.networking.k8s.io/console-proxy created
networkpolicy.networking.k8s.io/console-migrator created
networkpolicy.networking.k8s.io/console-probe created
networkpolicy.networking.k8s.io/governance-application created
networkpolicy.networking.k8s.io/governance-proxy created
networkpolicy.networking.k8s.io/governance-migrator created
networkpolicy.networking.k8s.io/governance-probe created
networkpolicy.networking.k8s.io/catalogue-application created
networkpolicy.networking.k8s.io/catalogue-proxy created
networkpolicy.networking.k8s.io/catalogue-migrator created
networkpolicy.networking.k8s.io/catalogue-probe created
networkpolicy.networking.k8s.io/assurance-application created
networkpolicy.networking.k8s.io/assurance-proxy created
networkpolicy.networking.k8s.io/assurance-migrator created
networkpolicy.networking.k8s.io/assurance-probe created
networkpolicy.networking.k8s.io/planning-application created
networkpolicy.networking.k8s.io/planning-proxy created
networkpolicy.networking.k8s.io/planning-migrator created
networkpolicy.networking.k8s.io/planning-probe created
networkpolicy.networking.k8s.io/inventory-application created
networkpolicy.networking.k8s.io/inventory-proxy created
networkpolicy.networking.k8s.io/inventory-migrator created
networkpolicy.networking.k8s.io/inventory-probe created
networkpolicy.networking.k8s.io/lifecycle-application created
networkpolicy.networking.k8s.io/lifecycle-proxy created
networkpolicy.networking.k8s.io/lifecycle-migrator created
networkpolicy.networking.k8s.io/lifecycle-probe created
networkpolicy.networking.k8s.io/postgres-private-clients created
