
   PASS  Tests\Feature\GovernanceOutboxTest
  ✓ it publishes a schema-validated minimal fact reference and preserve… 0.73s  
  ✓ it retains an uncertain publication and replays exactly the same ev… 0.27s  
  ✓ it replays a confirmed event after the database acknowledgement is…  0.22s  
  ✓ it delivers committed history even when its originating actor no lo… 0.22s  
  ✓ it quarantines malformed facts without blocking independent tenant…  0.22s  
  ✓ it rejects unknown event types and mismatched scope without publish… 0.21s  
  ✓ it rejects unknown event types and mismatched scope without publish… 0.20s  
  ✓ it fails closed without broker custody and bounds operator commands  0.24s  

   PASS  Tests\Feature\GovernanceBrokerTest
  ✓ it recovers a killed confirmed publisher with a stable wire and dur… 0.45s  
  ✓ it skips a locked claim then permits two independent relays to fini… 0.60s  
  ✓ it requires a routed confirmation and verified TLS, then recovers a… 0.29s  

   PASS  Tests\Feature\IdentityOutboxTest
  ✓ it delivers an existing bootstrap fact without rewriting its audit…  0.14s  
  ✓ it preserves identical identity wire bytes across uncertain confirm… 0.13s  
  ✓ it replays identity history after database acknowledgement rollback  0.11s  
  ✓ it caps retry delay and isolates a malformed event from the remaini… 0.12s  
  ✓ it validates identity event types, audit attribution and immutable…  0.10s  
  ✓ it validates identity event types, audit attribution and immutable…  0.10s  
  ✓ it validates identity event types, audit attribution and immutable…  0.10s  
  ✓ it validates identity event types, audit attribution and immutable…  0.11s  
  ✓ it validates identity event types, audit attribution and immutable…  0.12s  
  ✓ it validates identity event types, audit attribution and immutable…  0.10s  
  ✓ it reports unavailable audit storage without poisoning a pending fa… 0.11s  
  ✓ it continues delivery after federation retirement and session revoc… 0.14s  
  ✓ it denies invalid batch limits and keeps schemata byte-identical     0.10s  
  ✓ it encodes every supported identity event using internal attributio… 0.10s  
  ✓ it encodes every supported identity event using internal attributio… 0.11s  
  ✓ it encodes every supported identity event using internal attributio… 0.11s  
  ✓ it encodes every supported identity event using internal attributio… 0.10s  
  ✓ it encodes every supported identity event using internal attributio… 0.10s  
  ✓ it encodes every supported identity event using internal attributio… 0.11s  
  ✓ it encodes every supported identity event using internal attributio… 0.11s  
  ✓ it encodes every supported identity event using internal attributio… 0.14s  
  ✓ it encodes every supported identity event using internal attributio… 0.12s  
  ✓ it encodes every supported identity event using internal attributio… 0.15s  
  ✓ it encodes every supported identity event using internal attributio… 0.14s  
  ✓ it encodes every supported identity event using internal attributio… 0.11s  

   PASS  Tests\Feature\IdentityBrokerTest
  ✓ it recovers a killed confirmed publisher with a stable wire and dur… 0.31s  
  ✓ it skips a locked claim then permits two independent relays to fini… 0.45s  
  ✓ it requires a routed confirmation and verified TLS, then recovers a… 0.15s  

   PASS  Tests\Feature\SupportOutboxTest
  ✓ it publishes only restricted audit references with stable bytes acr… 0.48s  
  ✓ it rejects outbox disagreement without losing later immutable facts… 0.45s  
  ✓ it rejects outbox disagreement without losing later immutable facts… 0.55s  
  ✓ it rejects outbox disagreement without losing later immutable facts… 0.47s  
  ✓ it rejects outbox disagreement without losing later immutable facts… 0.45s  
  ✓ it rejects outbox disagreement without losing later immutable facts… 0.48s  
  ✓ it quarantines malformed facts while storage outage leaves a claim…  0.49s  
  ✓ it delivers every declared support fact without depending on curren… 0.60s  
  ✓ it bounds relay and expiry batches without authorizing from schedul… 0.54s  

   PASS  Tests\Feature\SupportBrokerTest
  ✓ it recovers a killed confirmed publisher with a stable wire and dur… 0.67s  
  ✓ it skips a locked claim then permits two independent relays to fini… 0.84s  
  ✓ it requires a routed confirmation and verified TLS, then recovers a… 0.55s  
  ✓ it enforces separate Console and support-audit queue privileges at…  0.52s  

   PASS  Tests\Feature\ApprovalTest
  ✓ it binds an independent approval to an immutable plan and named exe… 0.37s  
  ✓ it denies self-approval even if the requestor also has a reviewer g… 0.35s  
  ✓ it denies a named executor from approving even if given approval au… 0.35s  
  ✓ it rejects every changed approval binding rather than widening the…  0.35s  
  ✓ it rejects every changed approval binding rather than widening the…  0.36s  
  ✓ it rejects every changed approval binding rather than widening the…  0.41s  
  ✓ it rejects every changed approval binding rather than widening the…  0.38s  
  ✓ it rejects every changed approval binding rather than widening the…  0.37s  
  ✓ it rejects every changed approval binding rather than widening the…  0.34s  
  ✓ it rejects every changed approval binding rather than widening the…  0.35s  
  ✓ it denies an unnamed executor and cross-tenant approval identifiers  0.40s  
  ✓ it records rejection and revocation without destroying history or p… 0.41s  
  ✓ it expires approval authoritatively and records the transition once  0.43s  
  ✓ it requires fresh authority and cannot resurrect an approval after…  0.41s  
  ✓ it fails closed on missing plan authority and detects changed autho… 0.33s  
  ✓ it returns the original idempotent decision but rejects changed rea… 0.38s  
  ✓ it does not fall back to a synthetic plan source in the deployed ad… 0.32s  
  ✓ it records background expiry once without a live session or availab… 0.38s  
  ✓ it preserves the v1 audit UUID contract without attributing system…  0.36s  
  ✓ it expires bounded batches at the exact deadline and leaves termina… 0.48s  
  ✓ it rolls expiry back if its durable outbox cannot be written         0.38s  
  ✓ it retains nonempty terminal decision history for recovery qualific… 0.39s  

  Tests:    74 passed (1358 assertions)
  Duration: 22.95s

