Using CPython 3.12.14 interpreter at: /opt/hostedtoolcache/Python/3.12.14/x64/bin/python3.12
Creating virtual environment at: .venv
Resolved 28 packages in 0.64ms
   Building product-planning @ file:///home/runner/work/multi-tenant/multi-tenant/services/planning
Downloading psycopg-binary (5.0MiB)
Downloading pygments (1.2MiB)
Downloading ast-serialize (1.3MiB)
Downloading mypy (14.8MiB)
Downloading ruff (9.9MiB)
 Downloaded pygments
 Downloaded ast-serialize
 Downloaded psycopg-binary
 Downloaded ruff
 Downloaded mypy
      Built product-planning @ file:///home/runner/work/multi-tenant/multi-tenant/services/planning
Prepared 24 packages in 1.16s
Installed 24 packages in 33ms
 + ast-serialize==0.12.1
 + attrs==26.1.0
 + click==8.5.0
 + h11==0.16.0
 + iniconfig==2.3.0
 + jsonschema==4.26.0
 + jsonschema-specifications==2025.9.1
 + librt==0.16.0
 + mypy==2.4.0
 + mypy-extensions==1.1.0
 + packaging==26.3
 + pathspec==1.1.1
 + pika==1.4.4
 + pluggy==1.6.0
 + product-planning==0.1.0.dev0 (from file:///home/runner/work/multi-tenant/multi-tenant/services/planning)
 + psycopg==3.3.6
 + psycopg-binary==3.3.6
 + pygments==2.21.0
 + pytest==9.1.1
 + referencing==0.37.0
 + rpds-py==2026.9.1
 + ruff==0.16.10
 + typing-extensions==4.16.0
 + uvicorn==0.53.0
