 Network p01-c14ddbdb5c6d-2ce52a24_db_assurance  Creating
 Network p01-c14ddbdb5c6d-2ce52a24_db_assurance  Created
 Network p01-c14ddbdb5c6d-2ce52a24_db_planning  Creating
 Network p01-c14ddbdb5c6d-2ce52a24_db_planning  Created
 Network p01-c14ddbdb5c6d-2ce52a24_db_inventory  Creating
 Network p01-c14ddbdb5c6d-2ce52a24_db_inventory  Created
 Network p01-c14ddbdb5c6d-2ce52a24_db_lifecycle  Creating
 Network p01-c14ddbdb5c6d-2ce52a24_db_lifecycle  Created
 Network p01-c14ddbdb5c6d-2ce52a24_db_console  Creating
 Network p01-c14ddbdb5c6d-2ce52a24_db_console  Created
 Network p01-c14ddbdb5c6d-2ce52a24_db_governance  Creating
 Network p01-c14ddbdb5c6d-2ce52a24_db_governance  Created
 Network p01-c14ddbdb5c6d-2ce52a24_db_catalogue  Creating
 Network p01-c14ddbdb5c6d-2ce52a24_db_catalogue  Created
 Volume "p01-c14ddbdb5c6d-2ce52a24_postgres_data"  Creating
 Volume "p01-c14ddbdb5c6d-2ce52a24_postgres_data"  Created
 Container p01-c14ddbdb5c6d-2ce52a24-postgres-1  Creating
 Container p01-c14ddbdb5c6d-2ce52a24-postgres-1  Created
 Container p01-c14ddbdb5c6d-2ce52a24-postgres-1  Starting
 Container p01-c14ddbdb5c6d-2ce52a24-postgres-1  Started
 Container p01-c14ddbdb5c6d-2ce52a24-postgres-1  Waiting
 Container p01-c14ddbdb5c6d-2ce52a24-postgres-1  Healthy
