 Container p01-c14ddbdb5c6d-2ce52a24-governance-proxy-1  Stopping
 Container p01-c14ddbdb5c6d-2ce52a24-planning-proxy-1  Stopping
 Container p01-c14ddbdb5c6d-2ce52a24-console-proxy-1  Stopping
 Container p01-c14ddbdb5c6d-2ce52a24-inventory-proxy-1  Stopping
 Container p01-c14ddbdb5c6d-2ce52a24-lifecycle-proxy-1  Stopping
 Container p01-c14ddbdb5c6d-2ce52a24-catalogue-proxy-1  Stopping
 Container p01-c14ddbdb5c6d-2ce52a24-assurance-proxy-1  Stopping
 Container p01-c14ddbdb5c6d-2ce52a24-inventory-proxy-1  Stopped
 Container p01-c14ddbdb5c6d-2ce52a24-inventory-proxy-1  Removing
 Container p01-c14ddbdb5c6d-2ce52a24-inventory-proxy-1  Removed
 Container p01-c14ddbdb5c6d-2ce52a24-inventory-1  Stopping
 Container p01-c14ddbdb5c6d-2ce52a24-planning-proxy-1  Stopped
 Container p01-c14ddbdb5c6d-2ce52a24-planning-proxy-1  Removing
 Container p01-c14ddbdb5c6d-2ce52a24-planning-proxy-1  Removed
 Container p01-c14ddbdb5c6d-2ce52a24-planning-1  Stopping
 Container p01-c14ddbdb5c6d-2ce52a24-console-proxy-1  Stopped
 Container p01-c14ddbdb5c6d-2ce52a24-console-proxy-1  Removing
 Container p01-c14ddbdb5c6d-2ce52a24-lifecycle-proxy-1  Stopped
 Container p01-c14ddbdb5c6d-2ce52a24-lifecycle-proxy-1  Removing
 Container p01-c14ddbdb5c6d-2ce52a24-console-proxy-1  Removed
 Container p01-c14ddbdb5c6d-2ce52a24-console-1  Stopping
 Container p01-c14ddbdb5c6d-2ce52a24-lifecycle-proxy-1  Removed
 Container p01-c14ddbdb5c6d-2ce52a24-lifecycle-1  Stopping
 Container p01-c14ddbdb5c6d-2ce52a24-governance-proxy-1  Stopped
 Container p01-c14ddbdb5c6d-2ce52a24-governance-proxy-1  Removing
 Container p01-c14ddbdb5c6d-2ce52a24-catalogue-proxy-1  Stopped
 Container p01-c14ddbdb5c6d-2ce52a24-catalogue-proxy-1  Removing
 Container p01-c14ddbdb5c6d-2ce52a24-governance-proxy-1  Removed
 Container p01-c14ddbdb5c6d-2ce52a24-governance-1  Stopping
 Container p01-c14ddbdb5c6d-2ce52a24-assurance-proxy-1  Stopped
 Container p01-c14ddbdb5c6d-2ce52a24-assurance-proxy-1  Removing
 Container p01-c14ddbdb5c6d-2ce52a24-catalogue-proxy-1  Removed
 Container p01-c14ddbdb5c6d-2ce52a24-catalogue-1  Stopping
 Container p01-c14ddbdb5c6d-2ce52a24-assurance-proxy-1  Removed
 Container p01-c14ddbdb5c6d-2ce52a24-assurance-1  Stopping
 Container p01-c14ddbdb5c6d-2ce52a24-inventory-1  Stopped
 Container p01-c14ddbdb5c6d-2ce52a24-inventory-1  Removing
 Container p01-c14ddbdb5c6d-2ce52a24-inventory-1  Removed
 Container p01-c14ddbdb5c6d-2ce52a24-console-1  Stopped
 Container p01-c14ddbdb5c6d-2ce52a24-console-1  Removing
 Container p01-c14ddbdb5c6d-2ce52a24-console-1  Removed
 Container p01-c14ddbdb5c6d-2ce52a24-governance-1  Stopped
 Container p01-c14ddbdb5c6d-2ce52a24-governance-1  Removing
 Container p01-c14ddbdb5c6d-2ce52a24-governance-1  Removed
 Container p01-c14ddbdb5c6d-2ce52a24-catalogue-1  Stopped
 Container p01-c14ddbdb5c6d-2ce52a24-catalogue-1  Removing
 Container p01-c14ddbdb5c6d-2ce52a24-catalogue-1  Removed
 Container p01-c14ddbdb5c6d-2ce52a24-assurance-1  Stopped
 Container p01-c14ddbdb5c6d-2ce52a24-assurance-1  Removing
 Container p01-c14ddbdb5c6d-2ce52a24-assurance-1  Removed
 Container p01-c14ddbdb5c6d-2ce52a24-planning-1  Stopped
 Container p01-c14ddbdb5c6d-2ce52a24-planning-1  Removing
 Container p01-c14ddbdb5c6d-2ce52a24-lifecycle-1  Stopped
 Container p01-c14ddbdb5c6d-2ce52a24-lifecycle-1  Removing
 Container p01-c14ddbdb5c6d-2ce52a24-planning-1  Removed
 Container p01-c14ddbdb5c6d-2ce52a24-lifecycle-1  Removed
 Container p01-c14ddbdb5c6d-2ce52a24-postgres-1  Stopping
 Container p01-c14ddbdb5c6d-2ce52a24-postgres-1  Stopped
 Container p01-c14ddbdb5c6d-2ce52a24-postgres-1  Removing
 Container p01-c14ddbdb5c6d-2ce52a24-postgres-1  Removed
 Volume p01-c14ddbdb5c6d-2ce52a24_postgres_data  Removing
 Network p01-c14ddbdb5c6d-2ce52a24_db_lifecycle  Removing
 Network p01-c14ddbdb5c6d-2ce52a24_db_inventory  Removing
 Network p01-c14ddbdb5c6d-2ce52a24_web_lifecycle  Removing
 Network p01-c14ddbdb5c6d-2ce52a24_ingress_inventory  Removing
 Network p01-c14ddbdb5c6d-2ce52a24_ingress_console  Removing
 Network p01-c14ddbdb5c6d-2ce52a24_db_assurance  Removing
 Network p01-c14ddbdb5c6d-2ce52a24_ingress_assurance  Removing
 Network p01-c14ddbdb5c6d-2ce52a24_web_assurance  Removing
 Network p01-c14ddbdb5c6d-2ce52a24_db_catalogue  Removing
 Network p01-c14ddbdb5c6d-2ce52a24_ingress_planning  Removing
 Network p01-c14ddbdb5c6d-2ce52a24_web_console  Removing
 Network p01-c14ddbdb5c6d-2ce52a24_web_catalogue  Removing
 Network p01-c14ddbdb5c6d-2ce52a24_web_governance  Removing
 Network p01-c14ddbdb5c6d-2ce52a24_db_planning  Removing
 Network p01-c14ddbdb5c6d-2ce52a24_ingress_lifecycle  Removing
 Network p01-c14ddbdb5c6d-2ce52a24_ingress_governance  Removing
 Network p01-c14ddbdb5c6d-2ce52a24_db_console  Removing
 Network p01-c14ddbdb5c6d-2ce52a24_ingress_catalogue  Removing
 Network p01-c14ddbdb5c6d-2ce52a24_db_governance  Removing
 Network p01-c14ddbdb5c6d-2ce52a24_web_inventory  Removing
 Network p01-c14ddbdb5c6d-2ce52a24_web_planning  Removing
 Network p01-c14ddbdb5c6d-2ce52a24_web_catalogue  Removed
 Network p01-c14ddbdb5c6d-2ce52a24_db_inventory  Removed
 Network p01-c14ddbdb5c6d-2ce52a24_db_catalogue  Removed
 Network p01-c14ddbdb5c6d-2ce52a24_db_assurance  Removed
 Network p01-c14ddbdb5c6d-2ce52a24_ingress_governance  Removed
 Network p01-c14ddbdb5c6d-2ce52a24_web_inventory  Removed
 Network p01-c14ddbdb5c6d-2ce52a24_ingress_planning  Removed
 Network p01-c14ddbdb5c6d-2ce52a24_web_planning  Removed
 Network p01-c14ddbdb5c6d-2ce52a24_ingress_catalogue  Removed
 Network p01-c14ddbdb5c6d-2ce52a24_ingress_lifecycle  Removed
 Volume p01-c14ddbdb5c6d-2ce52a24_postgres_data  Removed
 Network p01-c14ddbdb5c6d-2ce52a24_db_lifecycle  Removed
 Network p01-c14ddbdb5c6d-2ce52a24_ingress_assurance  Removed
 Network p01-c14ddbdb5c6d-2ce52a24_web_console  Removed
 Network p01-c14ddbdb5c6d-2ce52a24_db_console  Removed
 Network p01-c14ddbdb5c6d-2ce52a24_ingress_console  Removed
 Network p01-c14ddbdb5c6d-2ce52a24_ingress_inventory  Removed
 Network p01-c14ddbdb5c6d-2ce52a24_db_planning  Removed
 Network p01-c14ddbdb5c6d-2ce52a24_web_governance  Removed
 Network p01-c14ddbdb5c6d-2ce52a24_db_governance  Removed
 Network p01-c14ddbdb5c6d-2ce52a24_web_assurance  Removed
 Network p01-c14ddbdb5c6d-2ce52a24_web_lifecycle  Removed
