[
    {
        "Id": "sha256:53b09489f0468623393e79fc8e4114618914d49eae6d5a4fdcd4b9e444e0e119",
        "RepoTags": [
            "p01-inventory-workers:41bbcaec3be5ec0f2abdd534bab2041e46a74e90"
        ],
        "RepoDigests": [],
        "Parent": "",
        "Comment": "buildkit.dockerfile.v0",
        "Created": "2026-10-05T04:59:53.482568709Z",
        "DockerVersion": "",
        "Author": "",
        "Config": {
            "Hostname": "",
            "Domainname": "",
            "User": "10001:10001",
            "AttachStdin": false,
            "AttachStdout": false,
            "AttachStderr": false,
            "Tty": false,
            "OpenStdin": false,
            "StdinOnce": false,
            "Env": [
                "PATH=/opt/venv/bin:/usr/local/bin:/usr/local/sbin:/usr/local/bin:/usr/sbin:/usr/bin:/sbin:/bin",
                "LANG=C.UTF-8",
                "GPG_KEY=7169605F62C751356D054A26A821E680E5FA6305",
                "PYTHON_VERSION=3.12.14",
                "PYTHON_SHA256=5c8462af5790baf43a321a1559dbe0db06d1be4300fb85fb53c40060668e548a",
                "PYTHONDONTWRITEBYTECODE=1",
                "PYTHONUNBUFFERED=1"
            ],
            "Cmd": [
                "liveness"
            ],
            "Healthcheck": {
                "Test": [
                    "NONE"
                ]
            },
            "ArgsEscaped": true,
            "Image": "",
            "Volumes": null,
            "WorkingDir": "/app",
            "Entrypoint": [
                "/opt/venv/bin/inventory-worker-health"
            ],
            "OnBuild": null,
            "Labels": {
                "org.opencontainers.image.revision": "41bbcaec3be5ec0f2abdd534bab2041e46a74e90",
                "org.opencontainers.image.source": "https://github.com/awalker0878/multi-tenant",
                "org.opencontainers.image.title": "product-inventory-worker bootstrap"
            }
        },
        "Architecture": "amd64",
        "Os": "linux",
        "Size": 128726821,
        "GraphDriver": {
            "Data": {
                "LowerDir": "/var/lib/docker/overlay2/69jd868f41k9h9l1ar7i1rg2n/diff:/var/lib/docker/overlay2/nujgx1eoe45cyi2y6kx84nse3/diff:/var/lib/docker/overlay2/twvywaygnchrmskk2pzan8q8g/diff:/var/lib/docker/overlay2/f8cb87d06467b9278a93acb415f62007655e31ea28a0c178bf3af27863534d7b/diff:/var/lib/docker/overlay2/2aff33393d9eb7347e7a347752f48b9dfeeb66e9023d462952e39d382f451047/diff:/var/lib/docker/overlay2/07abd2ce187cce01ca7ae83293cd2418d7467fbebf7f157087dbd75ebd88de00/diff:/var/lib/docker/overlay2/859f716af12f3ee2d40106bb034beada10fb678929a1baffc94c2346bd7c1f34/diff",
                "MergedDir": "/var/lib/docker/overlay2/ppgcy2hjdbgelhrccsdsvn063/merged",
                "UpperDir": "/var/lib/docker/overlay2/ppgcy2hjdbgelhrccsdsvn063/diff",
                "WorkDir": "/var/lib/docker/overlay2/ppgcy2hjdbgelhrccsdsvn063/work"
            },
            "Name": "overlay2"
        },
        "RootFS": {
            "Type": "layers",
            "Layers": [
                "sha256:34467cc93912af891dfee8a3902adf9b4f355a9bca4eaa46f658d1181a21de0d",
                "sha256:16df0073c13c96653ee2b601b16e514321513eb4af983de156c2d4e17df8a5d9",
                "sha256:9639007baab8a136bc468bd5d757fdf79cf5d77b6ff2a87889071252e334fab3",
                "sha256:abca6d63c9dbe51fa3bc42e75e0387da12803ef64430ad151814e468d5e1c203",
                "sha256:7f67475707a7ca7bccbc3b909347b39d276f7780dcf496752a7730062795a7cb",
                "sha256:b20c5abecdfd33971fc587fafe8eff7324da09bce8edaa50e1d7a76153aff8c0",
                "sha256:06309d6a50a4c7422416cf49eef734556f41937d1bd4aaf74b304c7493e99e93",
                "sha256:fbc85d2460fa6b93e385e38536a70111bb6f77337ade15e80b34316bc4db8f3a"
            ]
        },
        "Metadata": {
            "LastTagTime": "2026-10-05T04:59:54.010176245Z"
        }
    }
]
