[main] INFO  o.o.codegen.DefaultGenerator - Generating with dryRun=false
[main] INFO  o.o.c.ignore.CodegenIgnoreProcessor - Output directory (/tmp/p01-health-clients-6hz576k8/first/php) does not exist, or is inaccessible. No file (.openapi-generator-ignore) will be evaluated.
[main] INFO  o.o.codegen.DefaultGenerator - OpenAPI Generator: php (client)
[main] INFO  o.o.codegen.DefaultGenerator - Generator 'php' is considered stable.
[main] INFO  o.o.c.languages.AbstractPhpCodegen - Environment variable PHP_POST_PROCESS_FILE not defined so the PHP code may not be properly formatted. To define it, try 'export PHP_POST_PROCESS_FILE="/usr/local/bin/prettier --write"' (Linux/Mac)
[main] INFO  o.o.c.languages.AbstractPhpCodegen - NOTE: To enable file post-processing, 'enablePostProcessFile' must be set to `true` (--enable-post-process-file for CLI).
[main] INFO  o.o.codegen.TemplateManager - writing file /tmp/p01-health-clients-6hz576k8/first/php/lib/Model/DependenciesReady.php
[main] INFO  o.o.codegen.TemplateManager - Skipped /tmp/p01-health-clients-6hz576k8/first/php/docs/Model/DependenciesReady.md (Skipped by modelDocs options supplied by user.)
[main] INFO  o.o.codegen.TemplateManager - writing file /tmp/p01-health-clients-6hz576k8/first/php/lib/Model/DependenciesUnauthorized.php
[main] INFO  o.o.codegen.TemplateManager - Skipped /tmp/p01-health-clients-6hz576k8/first/php/docs/Model/DependenciesUnauthorized.md (Skipped by modelDocs options supplied by user.)
[main] INFO  o.o.codegen.TemplateManager - writing file /tmp/p01-health-clients-6hz576k8/first/php/lib/Model/DependenciesUnavailable.php
[main] INFO  o.o.codegen.TemplateManager - Skipped /tmp/p01-health-clients-6hz576k8/first/php/docs/Model/DependenciesUnavailable.md (Skipped by modelDocs options supplied by user.)
[main] INFO  o.o.codegen.TemplateManager - writing file /tmp/p01-health-clients-6hz576k8/first/php/lib/Model/ProcessLive.php
[main] INFO  o.o.codegen.TemplateManager - Skipped /tmp/p01-health-clients-6hz576k8/first/php/docs/Model/ProcessLive.md (Skipped by modelDocs options supplied by user.)
[main] INFO  o.o.codegen.TemplateManager - writing file /tmp/p01-health-clients-6hz576k8/first/php/lib/Model/ServiceNotReady.php
[main] INFO  o.o.codegen.TemplateManager - Skipped /tmp/p01-health-clients-6hz576k8/first/php/docs/Model/ServiceNotReady.md (Skipped by modelDocs options supplied by user.)
[main] INFO  o.o.codegen.TemplateManager - writing file /tmp/p01-health-clients-6hz576k8/first/php/lib/Api/DefaultApi.php
[main] INFO  o.o.codegen.TemplateManager - Skipped /tmp/p01-health-clients-6hz576k8/first/php/test/Api/DefaultApiTest.php (Skipped by apiTests options supplied by user.)
[main] INFO  o.o.codegen.TemplateManager - Skipped /tmp/p01-health-clients-6hz576k8/first/php/docs/Api/DefaultApi.md (Skipped by apiDocs options supplied by user.)
[main] INFO  o.o.codegen.TemplateManager - writing file /tmp/p01-health-clients-6hz576k8/first/php/.gitignore
[main] INFO  o.o.codegen.TemplateManager - writing file /tmp/p01-health-clients-6hz576k8/first/php/lib/ApiException.php
[main] INFO  o.o.codegen.TemplateManager - writing file /tmp/p01-health-clients-6hz576k8/first/php/lib/Configuration.php
[main] INFO  o.o.codegen.TemplateManager - writing file /tmp/p01-health-clients-6hz576k8/first/php/lib/FormDataProcessor.php
[main] INFO  o.o.codegen.TemplateManager - writing file /tmp/p01-health-clients-6hz576k8/first/php/lib/ObjectSerializer.php
[main] INFO  o.o.codegen.TemplateManager - writing file /tmp/p01-health-clients-6hz576k8/first/php/lib/Model/ModelInterface.php
[main] INFO  o.o.codegen.TemplateManager - writing file /tmp/p01-health-clients-6hz576k8/first/php/lib/HeaderSelector.php
[main] INFO  o.o.codegen.TemplateManager - writing file /tmp/p01-health-clients-6hz576k8/first/php/composer.json
[main] INFO  o.o.codegen.TemplateManager - writing file /tmp/p01-health-clients-6hz576k8/first/php/README.md
[main] INFO  o.o.codegen.TemplateManager - writing file /tmp/p01-health-clients-6hz576k8/first/php/phpunit.xml.dist
[main] INFO  o.o.codegen.TemplateManager - writing file /tmp/p01-health-clients-6hz576k8/first/php/.travis.yml
[main] INFO  o.o.codegen.TemplateManager - writing file /tmp/p01-health-clients-6hz576k8/first/php/.php-cs-fixer.dist.php
[main] INFO  o.o.codegen.TemplateManager - writing file /tmp/p01-health-clients-6hz576k8/first/php/git_push.sh
[main] INFO  o.o.codegen.TemplateManager - writing file /tmp/p01-health-clients-6hz576k8/first/php/.openapi-generator-ignore
[main] INFO  o.o.codegen.TemplateManager - writing file /tmp/p01-health-clients-6hz576k8/first/php/.openapi-generator/VERSION
[main] INFO  o.o.codegen.TemplateManager - writing file /tmp/p01-health-clients-6hz576k8/first/php/.openapi-generator/FILES
############################################################################################
# Thanks for using OpenAPI Generator.                                                      #
# We appreciate your support! Please consider donating to help us maintain this project.   #
# https://opencollective.com/openapi_generator/donate                                      #
############################################################################################
