Using CPython 3.12.14 interpreter at: /opt/hostedtoolcache/Python/3.12.14/x64/bin/python3.12
Creating virtual environment at: .venv
Resolved 16 packages in 0.64ms
   Building product-lifecycle-worker @ file:///home/runner/work/_temp/p01-quality/component
Downloading pygments (1.2MiB)
Downloading mypy (14.8MiB)
Downloading ast-serialize (1.3MiB)
Downloading ruff (9.9MiB)
 Downloaded ruff
 Downloaded ast-serialize
 Downloaded pygments
 Downloaded mypy
      Built product-lifecycle-worker @ file:///home/runner/work/_temp/p01-quality/component
Prepared 15 packages in 1.87s
Installed 15 packages in 31ms
 + ast-serialize==0.12.1
 + iniconfig==2.3.0
 + librt==0.16.0
 + mypy==2.4.0
 + mypy-extensions==1.1.0
 + packaging==26.3
 + pathspec==1.1.1
 + pluggy==1.6.0
 + product-lifecycle-worker==0.1.0.dev0 (from file:///home/runner/work/_temp/p01-quality/component)
 + pygments==2.21.0
 + pytest==9.1.1
 + ruff==0.16.10
 + setuptools==84.0.0
 + typing-extensions==4.16.0
 + wheel==0.48.0
