2026-10-05T01:09:47.6006525Z Current runner version: '2.337.0'
2026-10-05T01:09:47.6026654Z ##[group]Runner Image Provisioner
2026-10-05T01:09:47.6027449Z Hosted Compute Agent
2026-10-05T01:09:47.6027976Z Version: 20260901.588
2026-10-05T01:09:47.6028584Z Commit: f88ec8081b781fac6c440065ac7ff9e710ce3d0b
2026-10-05T01:09:47.6029201Z Build Date: 2026-09-01T19:56:44Z
2026-10-05T01:09:47.6029806Z Worker ID: {49e1cbbe-ceec-4e61-b787-3e79677a16c2}
2026-10-05T01:09:47.6030463Z Azure Region: mexicocentral
2026-10-05T01:09:47.6030969Z ##[endgroup]
2026-10-05T01:09:47.6032137Z ##[group]Operating System
2026-10-05T01:09:47.6032655Z Ubuntu
2026-10-05T01:09:47.6033069Z 24.04.5
2026-10-05T01:09:47.6033578Z LTS
2026-10-05T01:09:47.6034006Z ##[endgroup]
2026-10-05T01:09:47.6034483Z ##[group]Runner Image
2026-10-05T01:09:47.6035186Z Image: ubuntu-24.04
2026-10-05T01:09:47.6035637Z Version: 20260927.320.1
2026-10-05T01:09:47.6036796Z Included Software: https://github.com/actions/runner-images/blob/ubuntu24/20260927.320/images/ubuntu/Ubuntu2404-Readme.md
2026-10-05T01:09:47.6038163Z Image Release: https://github.com/actions/runner-images/releases/tag/ubuntu24%2F20260927.320
2026-10-05T01:09:47.6039033Z ##[endgroup]
2026-10-05T01:09:47.6040209Z ##[group]GITHUB_TOKEN Permissions
2026-10-05T01:09:47.6042011Z Contents: read
2026-10-05T01:09:47.6042488Z Metadata: read
2026-10-05T01:09:47.6043027Z ##[endgroup]
2026-10-05T01:09:47.6044846Z Secret source: Actions
2026-10-05T01:09:47.6045729Z Cache mode: write
2026-10-05T01:09:47.6046287Z Prepare workflow directory
2026-10-05T01:09:47.6297270Z Prepare all required actions
2026-10-05T01:09:47.6347291Z Getting action download info
2026-10-05T01:09:47.9284364Z Download action repository 'actions/checkout@fbc6f3992d24b796d5a048ff273f7fcc4a7b6c09' (SHA:fbc6f3992d24b796d5a048ff273f7fcc4a7b6c09)
2026-10-05T01:09:48.0212802Z Download action repository 'actions/upload-artifact@ea165f8d65b6e75b540449e92b4886f43607fa02' (SHA:ea165f8d65b6e75b540449e92b4886f43607fa02)
2026-10-05T01:09:48.2479689Z Complete job name: observe
2026-10-05T01:09:48.3064845Z ##[group]Run actions/checkout@fbc6f3992d24b796d5a048ff273f7fcc4a7b6c09
2026-10-05T01:09:48.3065720Z with:
2026-10-05T01:09:48.3066070Z   persist-credentials: false
2026-10-05T01:09:48.3066505Z   repository: awalker0878/multi-tenant
2026-10-05T01:09:48.3069855Z   token: ***
2026-10-05T01:09:48.3070214Z   ssh-strict: true
2026-10-05T01:09:48.3070567Z   ssh-user: git
2026-10-05T01:09:48.3070906Z   clean: true
2026-10-05T01:09:48.3071266Z   sparse-checkout-cone-mode: true
2026-10-05T01:09:48.3071695Z   fetch-depth: 1
2026-10-05T01:09:48.3072043Z   fetch-tags: false
2026-10-05T01:09:48.3072403Z   show-progress: true
2026-10-05T01:09:48.3072771Z   lfs: false
2026-10-05T01:09:48.3073101Z   submodules: false
2026-10-05T01:09:48.3073461Z   set-safe-directory: true
2026-10-05T01:09:48.3073868Z   allow-unsafe-pr-checkout: false
2026-10-05T01:09:48.3074420Z ##[endgroup]
2026-10-05T01:09:48.3876866Z Syncing repository: awalker0878/multi-tenant
2026-10-05T01:09:48.3878672Z ##[group]Getting Git version info
2026-10-05T01:09:48.3879645Z Working directory is '/home/runner/work/multi-tenant/multi-tenant'
2026-10-05T01:09:48.3880996Z [command]/usr/bin/git version
2026-10-05T01:09:48.3954952Z git version 2.55.0
2026-10-05T01:09:48.3987530Z ##[endgroup]
2026-10-05T01:09:48.3993362Z Temporarily overriding HOME='/home/runner/work/_temp/b2676ebc-1e0c-44d6-a487-f90c5bf79c0b' before making global git config changes
2026-10-05T01:09:48.3995590Z Adding repository directory to the temporary git global config as a safe directory
2026-10-05T01:09:48.3996594Z [command]/usr/bin/git config --global --add safe.directory /home/runner/work/multi-tenant/multi-tenant
2026-10-05T01:09:48.4034783Z Deleting the contents of '/home/runner/work/multi-tenant/multi-tenant'
2026-10-05T01:09:48.4037928Z ##[group]Initializing the repository
2026-10-05T01:09:48.4041879Z [command]/usr/bin/git init /home/runner/work/multi-tenant/multi-tenant
2026-10-05T01:09:48.4152697Z hint: Using 'master' as the name for the initial branch. This default branch name
2026-10-05T01:09:48.4154452Z hint: will change to "main" in Git 3.0. To configure the initial branch name
2026-10-05T01:09:48.4155801Z hint: to use in all of your new repositories, which will suppress this warning,
2026-10-05T01:09:48.4156769Z hint: call:
2026-10-05T01:09:48.4157266Z hint:
2026-10-05T01:09:48.4157920Z hint: 	git config --global init.defaultBranch <name>
2026-10-05T01:09:48.4158706Z hint:
2026-10-05T01:09:48.4159478Z hint: Names commonly chosen instead of 'master' are 'main', 'trunk' and
2026-10-05T01:09:48.4160818Z hint: 'development'. The just-created branch can be renamed via this command:
2026-10-05T01:09:48.4161774Z hint:
2026-10-05T01:09:48.4162354Z hint: 	git branch -m <name>
2026-10-05T01:09:48.4162948Z hint:
2026-10-05T01:09:48.4163739Z hint: Disable this message with "git config set advice.defaultBranchName false"
2026-10-05T01:09:48.4165258Z Initialized empty Git repository in /home/runner/work/multi-tenant/multi-tenant/.git/
2026-10-05T01:09:48.4173784Z [command]/usr/bin/git remote add origin https://github.com/awalker0878/multi-tenant
2026-10-05T01:09:48.4218038Z ##[endgroup]
2026-10-05T01:09:48.4218990Z ##[group]Disabling automatic garbage collection
2026-10-05T01:09:48.4221316Z [command]/usr/bin/git config --local gc.auto 0
2026-10-05T01:09:48.4248517Z ##[endgroup]
2026-10-05T01:09:48.4249401Z ##[group]Setting up auth
2026-10-05T01:09:48.4254485Z [command]/usr/bin/git config --local --name-only --get-regexp core\.sshCommand
2026-10-05T01:09:48.4285455Z [command]/usr/bin/git submodule foreach --recursive sh -c "git config --local --name-only --get-regexp 'core\.sshCommand' && git config --local --unset-all 'core.sshCommand' || :"
2026-10-05T01:09:48.5260228Z [command]/usr/bin/git config --local --name-only --get-regexp http\.https\:\/\/github\.com\/\.extraheader
2026-10-05T01:09:48.5292058Z [command]/usr/bin/git submodule foreach --recursive sh -c "git config --local --name-only --get-regexp 'http\.https\:\/\/github\.com\/\.extraheader' && git config --local --unset-all 'http.https://github.com/.extraheader' || :"
2026-10-05T01:09:48.5480784Z [command]/usr/bin/git config --local --name-only --get-regexp ^includeIf\.gitdir:
2026-10-05T01:09:48.5510833Z [command]/usr/bin/git submodule foreach --recursive git config --local --show-origin --name-only --get-regexp remote.origin.url
2026-10-05T01:09:48.5697545Z [command]/usr/bin/git config --local http.https://github.com/.extraheader AUTHORIZATION: basic ***
2026-10-05T01:09:48.6133064Z ##[endgroup]
2026-10-05T01:09:48.6133790Z ##[group]Fetching the repository
2026-10-05T01:09:48.6140874Z [command]/usr/bin/git -c protocol.version=2 fetch --no-tags --prune --no-recurse-submodules --depth=1 origin +544487d288a3c7f817c6ad5f60d1d527c6abce02:refs/remotes/origin/greenfield/enterprise-microservices-plan
2026-10-05T01:09:49.7449851Z From https://github.com/awalker0878/multi-tenant
2026-10-05T01:09:49.7452207Z  * [new ref]         544487d288a3c7f817c6ad5f60d1d527c6abce02 -> origin/greenfield/enterprise-microservices-plan
2026-10-05T01:09:49.7457137Z ##[endgroup]
2026-10-05T01:09:49.7458281Z ##[group]Determining the checkout info
2026-10-05T01:09:49.7459486Z ##[endgroup]
2026-10-05T01:09:49.7461785Z [command]/usr/bin/git sparse-checkout disable
2026-10-05T01:09:49.7511744Z [command]/usr/bin/git config --local --unset-all extensions.worktreeConfig
2026-10-05T01:09:49.7541198Z ##[group]Checking out the ref
2026-10-05T01:09:49.7546051Z [command]/usr/bin/git checkout --progress --force -B greenfield/enterprise-microservices-plan refs/remotes/origin/greenfield/enterprise-microservices-plan
2026-10-05T01:09:49.9730979Z Switched to a new branch 'greenfield/enterprise-microservices-plan'
2026-10-05T01:09:49.9733890Z branch 'greenfield/enterprise-microservices-plan' set up to track 'origin/greenfield/enterprise-microservices-plan'.
2026-10-05T01:09:49.9746148Z ##[endgroup]
2026-10-05T01:09:49.9784774Z [command]/usr/bin/git log -1 --format=%H
2026-10-05T01:09:49.9807371Z 544487d288a3c7f817c6ad5f60d1d527c6abce02
2026-10-05T01:09:49.9815055Z ##[group]Removing auth
2026-10-05T01:09:49.9817780Z [command]/usr/bin/git config --local --name-only --get-regexp core\.sshCommand
2026-10-05T01:09:49.9844170Z [command]/usr/bin/git submodule foreach --recursive sh -c "git config --local --name-only --get-regexp 'core\.sshCommand' && git config --local --unset-all 'core.sshCommand' || :"
2026-10-05T01:09:50.0038167Z [command]/usr/bin/git config --local --name-only --get-regexp http\.https\:\/\/github\.com\/\.extraheader
2026-10-05T01:09:50.0061828Z http.https://github.com/.extraheader
2026-10-05T01:09:50.0068395Z [command]/usr/bin/git config --local --unset-all http.https://github.com/.extraheader
2026-10-05T01:09:50.0100688Z [command]/usr/bin/git submodule foreach --recursive sh -c "git config --local --name-only --get-regexp 'http\.https\:\/\/github\.com\/\.extraheader' && git config --local --unset-all 'http.https://github.com/.extraheader' || :"
2026-10-05T01:09:50.0291951Z [command]/usr/bin/git config --local --name-only --get-regexp ^includeIf\.gitdir:
2026-10-05T01:09:50.0320447Z [command]/usr/bin/git submodule foreach --recursive git config --local --show-origin --name-only --get-regexp remote.origin.url
2026-10-05T01:09:50.0511152Z ##[endgroup]
2026-10-05T01:09:50.0712781Z ##[group]Run python3 scripts/p01/stateful/resolve.py --output "$RUNNER_TEMP/p01-stateful-inputs"
2026-10-05T01:09:50.0715043Z [36;1mpython3 scripts/p01/stateful/resolve.py --output "$RUNNER_TEMP/p01-stateful-inputs"[0m
2026-10-05T01:09:50.1012725Z shell: /usr/bin/bash -e {0}
2026-10-05T01:09:50.1013657Z ##[endgroup]
2026-10-05T01:09:52.2519797Z Traceback (most recent call last):
2026-10-05T01:09:52.2520571Z   File "/home/runner/work/multi-tenant/multi-tenant/scripts/p01/stateful/resolve.py", line 58, in <module>
2026-10-05T01:09:52.2521249Z     main()
2026-10-05T01:09:52.2521662Z   File "/home/runner/work/multi-tenant/multi-tenant/scripts/p01/stateful/resolve.py", line 24, in main
2026-10-05T01:09:52.2522661Z     raw = command(['docker', 'buildx', 'imagetools', 'inspect', '--raw', record['candidate']])
2026-10-05T01:09:52.2523335Z           ^^^^^^^^^^^^^^^^^^^^^^^^^^^^^^^^^^^^^^^^^^^^^^^^^^^^^^^^^^^^^^^^^^^^^^^^^^^^^^^^^^^^
2026-10-05T01:09:52.2524129Z   File "/home/runner/work/multi-tenant/multi-tenant/scripts/p01/stateful/resolve.py", line 11, in command
2026-10-05T01:09:52.2524952Z     return subprocess.run(argv, capture_output=True, check=True, timeout=180).stdout
2026-10-05T01:09:52.2525880Z            ^^^^^^^^^^^^^^^^^^^^^^^^^^^^^^^^^^^^^^^^^^^^^^^^^^^^^^^^^^^^^^^^^^
2026-10-05T01:09:52.2526376Z   File "/usr/lib/python3.12/subprocess.py", line 571, in run
2026-10-05T01:09:52.2527018Z     raise CalledProcessError(retcode, process.args,
2026-10-05T01:09:52.2528046Z subprocess.CalledProcessError: Command '['docker', 'buildx', 'imagetools', 'inspect', '--raw', 'docker.io/temporalio/auto-setup:1.32.0']' returned non-zero exit status 1.
2026-10-05T01:09:52.2651314Z ##[error]Process completed with exit code 1.
2026-10-05T01:09:52.2741473Z ##[group]Run actions/upload-artifact@ea165f8d65b6e75b540449e92b4886f43607fa02
2026-10-05T01:09:52.2741856Z with:
2026-10-05T01:09:52.2742135Z   name: p01-stateful-inputs-544487d288a3c7f817c6ad5f60d1d527c6abce02
2026-10-05T01:09:52.2742481Z   path: /home/runner/work/_temp/p01-stateful-inputs/
2026-10-05T01:09:52.2742742Z   if-no-files-found: error
2026-10-05T01:09:52.2742935Z   retention-days: 14
2026-10-05T01:09:52.2743109Z   compression-level: 6
2026-10-05T01:09:52.2743286Z   overwrite: false
2026-10-05T01:09:52.2743461Z   include-hidden-files: false
2026-10-05T01:09:52.2743659Z ##[endgroup]
2026-10-05T01:09:52.4016533Z (node:2252) [DEP0040] DeprecationWarning: The `punycode` module is deprecated. Please use a userland alternative instead.
2026-10-05T01:09:52.4017731Z (Use `node --trace-deprecation ...` to show where the warning was created)
2026-10-05T01:09:52.4129386Z With the provided path, there will be 2 files uploaded
2026-10-05T01:09:52.4130269Z Artifact name is valid!
2026-10-05T01:09:52.4130646Z Root directory input is valid!
2026-10-05T01:09:52.7322101Z Beginning upload of artifact content to blob storage
2026-10-05T01:09:52.7471864Z (node:2252) [DEP0169] DeprecationWarning: `url.parse()` behavior is not standardized and prone to errors that have security implications. Use the WHATWG URL API instead. CVEs are not issued for `url.parse()` vulnerabilities.
2026-10-05T01:09:52.9691134Z Uploaded bytes 2474
2026-10-05T01:09:53.0321586Z Finished uploading artifact content to blob storage!
2026-10-05T01:09:53.0322395Z SHA256 digest of uploaded artifact zip is fd399e3e9c694e79d3e48b90a87aed4ebd7fc461b1f1ebaba1cded9860578a42
2026-10-05T01:09:53.0323855Z Finalizing artifact upload
2026-10-05T01:09:53.2870554Z Artifact p01-stateful-inputs-544487d288a3c7f817c6ad5f60d1d527c6abce02.zip successfully finalized. Artifact ID 11320117907
2026-10-05T01:09:53.2871908Z Artifact p01-stateful-inputs-544487d288a3c7f817c6ad5f60d1d527c6abce02 has been successfully uploaded! Final size is 2474 bytes. Artifact ID is 11320117907
2026-10-05T01:09:53.2877064Z Artifact download URL: https://github.com/awalker0878/multi-tenant/actions/runs/37250318779/artifacts/11320117907
2026-10-05T01:09:53.3049888Z Post job cleanup.
2026-10-05T01:09:53.3713685Z [command]/usr/bin/git version
2026-10-05T01:09:53.3748613Z git version 2.55.0
2026-10-05T01:09:53.3777878Z Temporarily overriding HOME='/home/runner/work/_temp/b232062e-ea79-45b9-af4f-c54de3be1ad8' before making global git config changes
2026-10-05T01:09:53.3778897Z Adding repository directory to the temporary git global config as a safe directory
2026-10-05T01:09:53.3782619Z [command]/usr/bin/git config --global --add safe.directory /home/runner/work/multi-tenant/multi-tenant
2026-10-05T01:09:53.3813893Z [command]/usr/bin/git config --local --name-only --get-regexp core\.sshCommand
2026-10-05T01:09:53.3842942Z [command]/usr/bin/git submodule foreach --recursive sh -c "git config --local --name-only --get-regexp 'core\.sshCommand' && git config --local --unset-all 'core.sshCommand' || :"
2026-10-05T01:09:53.4056230Z [command]/usr/bin/git config --local --name-only --get-regexp http\.https\:\/\/github\.com\/\.extraheader
2026-10-05T01:09:53.4085082Z [command]/usr/bin/git submodule foreach --recursive sh -c "git config --local --name-only --get-regexp 'http\.https\:\/\/github\.com\/\.extraheader' && git config --local --unset-all 'http.https://github.com/.extraheader' || :"
2026-10-05T01:09:53.4303104Z [command]/usr/bin/git config --local --name-only --get-regexp ^includeIf\.gitdir:
2026-10-05T01:09:53.4334201Z [command]/usr/bin/git submodule foreach --recursive git config --local --show-origin --name-only --get-regexp remote.origin.url
2026-10-05T01:09:53.4719529Z Cleaning up orphan processes
2026-10-05T01:09:53.4952050Z ##[warning]Node.js 20 is deprecated. The following actions target Node.js 20 but are being forced to run on Node.js 24: actions/upload-artifact@ea165f8d65b6e75b540449e92b4886f43607fa02. For more information see: https://github.blog/changelog/2025-09-19-deprecation-of-node-20-on-github-actions-runners/

