[
    {
        "Id": "sha256:f4c3a9f25819304b970fe6986ba005f1f4b7f69cdd9852a309e899ba6803e319",
        "RepoTags": [
            "p01-governance:b7705eef994c50863d87b4d8f9ff272f9397ca37"
        ],
        "RepoDigests": [],
        "Parent": "",
        "Comment": "buildkit.dockerfile.v0",
        "Created": "2026-10-05T06:33:12.344722981Z",
        "DockerVersion": "",
        "Author": "",
        "Config": {
            "Hostname": "",
            "Domainname": "",
            "User": "10001:10001",
            "AttachStdin": false,
            "AttachStdout": false,
            "AttachStderr": false,
            "ExposedPorts": {
                "9000/tcp": {}
            },
            "Tty": false,
            "OpenStdin": false,
            "StdinOnce": false,
            "Env": [
                "PATH=/usr/local/sbin:/usr/local/bin:/usr/sbin:/usr/bin:/sbin:/bin",
                "PHPIZE_DEPS=autoconf \t\tdpkg-dev dpkg \t\tfile \t\tg++ \t\tgcc \t\tlibc-dev \t\tmake \t\tpkgconf \t\tre2c",
                "PHP_INI_DIR=/usr/local/etc/php",
                "PHP_CFLAGS=-fstack-protector-strong -fpic -fpie -O2 -D_LARGEFILE_SOURCE -D_FILE_OFFSET_BITS=64",
                "PHP_CPPFLAGS=-fstack-protector-strong -fpic -fpie -O2 -D_LARGEFILE_SOURCE -D_FILE_OFFSET_BITS=64",
                "PHP_LDFLAGS=-Wl,-O1 -pie",
                "GPG_KEYS=1198C0117593497A5EC5C199286AF1F9897469DC 49D9AF6BC72A80D6691719C8AA23F5BE9C7097D4 D95C03BC702BE9515344AE3374E44BC9067701A5",
                "PHP_VERSION=8.5.11",
                "PHP_URL=https://www.php.net/distributions/php-8.5.11.tar.xz",
                "PHP_ASC_URL=https://www.php.net/distributions/php-8.5.11.tar.xz.asc",
                "PHP_SHA256=d9be75c08e8c316f4c8f4194d8fbe1750a15f6a6d9d4e3fe72082abeeb800360",
                "APP_ENV=production",
                "APP_DEBUG=false"
            ],
            "Cmd": [
                "php-fpm",
                "-F"
            ],
            "ArgsEscaped": true,
            "Image": "",
            "Volumes": null,
            "WorkingDir": "/app",
            "Entrypoint": [
                "/usr/local/bin/service-entrypoint"
            ],
            "OnBuild": null,
            "Labels": {
                "io.product.component": "governance",
                "org.opencontainers.image.revision": "b7705eef994c50863d87b4d8f9ff272f9397ca37"
            },
            "StopSignal": "SIGQUIT"
        },
        "Architecture": "amd64",
        "Os": "linux",
        "Size": 140588139,
        "GraphDriver": {
            "Data": {
                "LowerDir": "/var/lib/docker/overlay2/40hqa4cslkw2zspeurrg7k1za/diff:/var/lib/docker/overlay2/nsc3g0pjlsehhekzu4jhj9e3u/diff:/var/lib/docker/overlay2/eubhemqnda7zmikczx526o5xk/diff:/var/lib/docker/overlay2/twnve0rdt1yedie7p5v0beyif/diff:/var/lib/docker/overlay2/th9crcokwg4n3qoztxfupoqox/diff:/var/lib/docker/overlay2/stbuktjtzvrn0kpnx22qw4l4s/diff:/var/lib/docker/overlay2/01tr1f2068kdchoi2xpjc3da1/diff:/var/lib/docker/overlay2/tmbff3iej1y61oxvp7avvavd1/diff:/var/lib/docker/overlay2/n9pk95nycy7nvkq2rf4ouxdpa/diff:/var/lib/docker/overlay2/wzeiuxupfuiq3288mxn9ddjyk/diff:/var/lib/docker/overlay2/c8ewzdvrdlic0yuo3iha8953d/diff:/var/lib/docker/overlay2/4dd5412909ad3c20545b784d714d43cea7cdd2b5b7b85d3ca7b7f52a45391434/diff:/var/lib/docker/overlay2/597aed6d372167fe26f2659e2dd7abeb09d6c299e2f378173fe1771abd977646/diff:/var/lib/docker/overlay2/333623a0fc115ed15a7d25fbafd4aa1b5b0beb6b0831cef359320361a3e2e095/diff:/var/lib/docker/overlay2/daa8eeecfa49b4a6ee5adf025945aab9521ddd10835f9d1df051275427509a5f/diff:/var/lib/docker/overlay2/1776cbfcce733cbdeffbb76de98b97c5db69d7b742c76dc7c874c9cc13867781/diff:/var/lib/docker/overlay2/9056cbec8fce4d3af21538eead7a4555ab0bc7134bece0fe8ae3830f8c970148/diff:/var/lib/docker/overlay2/e99c1853fb5e1f367052141ae568d99ab202c0f5101ddae982a6643c2d514a64/diff:/var/lib/docker/overlay2/8d6ca78c30e15ebce2cbea43fc7c85aa06097e8e0bc930feeedb3d0e3a54716a/diff:/var/lib/docker/overlay2/47ae3e1e747224e094ba29f910001c77c0b38c3ac1bfe720bd2f200f77869bc5/diff:/var/lib/docker/overlay2/816d99714dee04224fbb477c6d92da422d5baa7f2497dff8ad420c9dd4d8b804/diff:/var/lib/docker/overlay2/2ae0b48eecfe9a6e2756191da34c38096ffcefcfe60a3735da2ca81df409a0ef/diff",
                "MergedDir": "/var/lib/docker/overlay2/mvawrp7pd8io4cdgk6su0wu7s/merged",
                "UpperDir": "/var/lib/docker/overlay2/mvawrp7pd8io4cdgk6su0wu7s/diff",
                "WorkDir": "/var/lib/docker/overlay2/mvawrp7pd8io4cdgk6su0wu7s/work"
            },
            "Name": "overlay2"
        },
        "RootFS": {
            "Type": "layers",
            "Layers": [
                "sha256:74d97c428c51a828f9051a7a40a53ff1fc99e54fc30323ce36760701b0b7f711",
                "sha256:1c2f060f7a595b33c6bab0d3363f650e06358b6d7467509146e75f7b75eeed16",
                "sha256:34485dd96663f24521931d3a910e61d501250545710a62dbb661a7d2810bac6c",
                "sha256:9300080927dd9e59a5b76239edc461444835b9bc903d07d170203da898efeae8",
                "sha256:364fe0d010bd8ba6e31e0b9708413c686a0709a11103f77826a6d8c70f1114f7",
                "sha256:3b223733175e42016635eb0e3d289707be3900cf9f6c03904277a97ade845f94",
                "sha256:bb9d2a2a22ecd56cb3de0f277e7e2c8bf43cb5dbdf6e31b5fa14a43d90956aa2",
                "sha256:3e9ad28155f6fadf965089a1b96b3e8f6750492610c98f9127faa8df19c39184",
                "sha256:0638497e28fbf72d460f27f2e8374b1655c9950e7f74e5de5b5b39f17144241a",
                "sha256:5f70bf18a086007016e948b04aed3b82103a36bea41755b6cddfaf10ace3c6ef",
                "sha256:e7e9b55a081b67c49c31b1ce99003174a9f74cd625a41533a9bf17cb4b38e6b0",
                "sha256:a8112c1c97a2577e45c86d9022a61e4dfb72630bfc1dcf061a2996f3aae35ba7",
                "sha256:9f02adbfea626b266cbae6a9c99f0288d34582cd7bec1eb420a50c5aa3bd955d",
                "sha256:c2c47b1d63e3b6df53d3874ba4200feeb75bec7c2ce62e0abb40b644edd94185",
                "sha256:9bdb7a32668044f4b6b09d064fc4ba5a68793303cad2929a8b315ff9277dede6",
                "sha256:5e83b2e7ab2fce2c56208f2e479bd464f8c441b81fe2ff7ab9ece8faaca88139",
                "sha256:04ee5882f027918ab3cd9bf47ac1190353be733d6b50b487192324a5ef03fbe1",
                "sha256:cc6474d39ea6873894e37859fb54fc990add2c959a9345a768be8cdc22d76bca",
                "sha256:dc51ad7c54e87c4fe10f7c32de7e5c792e85205b406fb38cdcfa53030d681cb2",
                "sha256:d1e1f91290cb20226a4324afc17f5eeb9433b3661033a705bdebaeacf54c295c",
                "sha256:ca129a4e2f69a02fb1fbfcbcee6d68d0383557809c6a860b5dcfcf2d71abf389",
                "sha256:3a3abd21e0c9c6f06d33de19789a0b4946a20d267a94a6ef0d7a39dd6ed7e52b",
                "sha256:52569526b6029199d2a76b6465394169df7abea840296154a9ea5a81f342c91c"
            ]
        },
        "Metadata": {
            "LastTagTime": "2026-10-05T06:33:13.875672392Z"
        }
    }
]
