2026-10-07T02:07:34.7226592Z Current runner version: '2.337.0'
2026-10-07T02:07:34.7250224Z ##[group]Runner Image Provisioner
2026-10-07T02:07:34.7251119Z Hosted Compute Agent
2026-10-07T02:07:34.7252110Z Version: 20260901.588
2026-10-07T02:07:34.7252775Z Commit: f88ec8081b781fac6c440065ac7ff9e710ce3d0b
2026-10-07T02:07:34.7253561Z Build Date: 2026-09-01T19:56:44Z
2026-10-07T02:07:34.7254319Z Worker ID: {a2877c63-ea82-41da-a2d8-c63720df8372}
2026-10-07T02:07:34.7255039Z Azure Region: westus3
2026-10-07T02:07:34.7255702Z ##[endgroup]
2026-10-07T02:07:34.7257325Z ##[group]Operating System
2026-10-07T02:07:34.7258060Z Ubuntu
2026-10-07T02:07:34.7258614Z 24.04.5
2026-10-07T02:07:34.7259123Z LTS
2026-10-07T02:07:34.7259721Z ##[endgroup]
2026-10-07T02:07:34.7260282Z ##[group]Runner Image
2026-10-07T02:07:34.7261527Z Image: ubuntu-24.04
2026-10-07T02:07:34.7262187Z Version: 20260927.320.1
2026-10-07T02:07:34.7263507Z Included Software: https://github.com/actions/runner-images/blob/ubuntu24/20260927.320/images/ubuntu/Ubuntu2404-Readme.md
2026-10-07T02:07:34.7265063Z Image Release: https://github.com/actions/runner-images/releases/tag/ubuntu24%2F20260927.320
2026-10-07T02:07:34.7266109Z ##[endgroup]
2026-10-07T02:07:34.7267256Z ##[group]GITHUB_TOKEN Permissions
2026-10-07T02:07:34.7269485Z Contents: read
2026-10-07T02:07:34.7270139Z Metadata: read
2026-10-07T02:07:34.7270695Z ##[endgroup]
2026-10-07T02:07:34.7273029Z Secret source: Actions
2026-10-07T02:07:34.7274041Z Cache mode: write
2026-10-07T02:07:34.7274786Z Prepare workflow directory
2026-10-07T02:07:34.7617902Z Prepare all required actions
2026-10-07T02:07:34.7666214Z Getting action download info
2026-10-07T02:07:35.0902347Z Download action repository 'actions/checkout@fbc6f3992d24b796d5a048ff273f7fcc4a7b6c09' (SHA:fbc6f3992d24b796d5a048ff273f7fcc4a7b6c09)
2026-10-07T02:07:35.2129975Z Download action repository 'actions/upload-artifact@ea165f8d65b6e75b540449e92b4886f43607fa02' (SHA:ea165f8d65b6e75b540449e92b4886f43607fa02)
2026-10-07T02:07:35.4274616Z Complete job name: lifecycle-workers isolated image
2026-10-07T02:07:35.5053290Z ##[group]Run actions/checkout@fbc6f3992d24b796d5a048ff273f7fcc4a7b6c09
2026-10-07T02:07:35.5054366Z with:
2026-10-07T02:07:35.5054832Z   persist-credentials: false
2026-10-07T02:07:35.5055374Z   repository: awalker0878/multi-tenant
2026-10-07T02:07:35.5058997Z   token: ***
2026-10-07T02:07:35.5059430Z   ssh-strict: true
2026-10-07T02:07:35.5059895Z   ssh-user: git
2026-10-07T02:07:35.5060315Z   clean: true
2026-10-07T02:07:35.5060760Z   sparse-checkout-cone-mode: true
2026-10-07T02:07:35.5061567Z   fetch-depth: 1
2026-10-07T02:07:35.5062028Z   fetch-tags: false
2026-10-07T02:07:35.5062478Z   show-progress: true
2026-10-07T02:07:35.5062927Z   lfs: false
2026-10-07T02:07:35.5063339Z   submodules: false
2026-10-07T02:07:35.5063795Z   set-safe-directory: true
2026-10-07T02:07:35.5064303Z   allow-unsafe-pr-checkout: false
2026-10-07T02:07:35.5065099Z ##[endgroup]
2026-10-07T02:07:35.6052114Z Syncing repository: awalker0878/multi-tenant
2026-10-07T02:07:35.6055233Z ##[group]Getting Git version info
2026-10-07T02:07:35.6056568Z Working directory is '/home/runner/work/multi-tenant/multi-tenant'
2026-10-07T02:07:35.6058359Z [command]/usr/bin/git version
2026-10-07T02:07:35.6115301Z git version 2.55.0
2026-10-07T02:07:35.6136678Z ##[endgroup]
2026-10-07T02:07:35.6151220Z Temporarily overriding HOME='/home/runner/work/_temp/53c4030b-97ea-4e23-b39f-ac18c2d8d942' before making global git config changes
2026-10-07T02:07:35.6153975Z Adding repository directory to the temporary git global config as a safe directory
2026-10-07T02:07:35.6156803Z [command]/usr/bin/git config --global --add safe.directory /home/runner/work/multi-tenant/multi-tenant
2026-10-07T02:07:35.6209235Z Deleting the contents of '/home/runner/work/multi-tenant/multi-tenant'
2026-10-07T02:07:35.6217940Z ##[group]Initializing the repository
2026-10-07T02:07:35.6226047Z [command]/usr/bin/git init /home/runner/work/multi-tenant/multi-tenant
2026-10-07T02:07:35.6322690Z hint: Using 'master' as the name for the initial branch. This default branch name
2026-10-07T02:07:35.6324676Z hint: will change to "main" in Git 3.0. To configure the initial branch name
2026-10-07T02:07:35.6325737Z hint: to use in all of your new repositories, which will suppress this warning,
2026-10-07T02:07:35.6326576Z hint: call:
2026-10-07T02:07:35.6327126Z hint:
2026-10-07T02:07:35.6327735Z hint: 	git config --global init.defaultBranch <name>
2026-10-07T02:07:35.6328447Z hint:
2026-10-07T02:07:35.6329116Z hint: Names commonly chosen instead of 'master' are 'main', 'trunk' and
2026-10-07T02:07:35.6330162Z hint: 'development'. The just-created branch can be renamed via this command:
2026-10-07T02:07:35.6330995Z hint:
2026-10-07T02:07:35.6331942Z hint: 	git branch -m <name>
2026-10-07T02:07:35.6332888Z hint:
2026-10-07T02:07:35.6334074Z hint: Disable this message with "git config set advice.defaultBranchName false"
2026-10-07T02:07:35.6335997Z Initialized empty Git repository in /home/runner/work/multi-tenant/multi-tenant/.git/
2026-10-07T02:07:35.6349723Z [command]/usr/bin/git remote add origin https://github.com/awalker0878/multi-tenant
2026-10-07T02:07:35.6396520Z ##[endgroup]
2026-10-07T02:07:35.6397874Z ##[group]Disabling automatic garbage collection
2026-10-07T02:07:35.6402156Z [command]/usr/bin/git config --local gc.auto 0
2026-10-07T02:07:35.6434055Z ##[endgroup]
2026-10-07T02:07:35.6435400Z ##[group]Setting up auth
2026-10-07T02:07:35.6442067Z [command]/usr/bin/git config --local --name-only --get-regexp core\.sshCommand
2026-10-07T02:07:35.6476827Z [command]/usr/bin/git submodule foreach --recursive sh -c "git config --local --name-only --get-regexp 'core\.sshCommand' && git config --local --unset-all 'core.sshCommand' || :"
2026-10-07T02:07:35.6843341Z [command]/usr/bin/git config --local --name-only --get-regexp http\.https\:\/\/github\.com\/\.extraheader
2026-10-07T02:07:35.6884175Z [command]/usr/bin/git submodule foreach --recursive sh -c "git config --local --name-only --get-regexp 'http\.https\:\/\/github\.com\/\.extraheader' && git config --local --unset-all 'http.https://github.com/.extraheader' || :"
2026-10-07T02:07:35.7150713Z [command]/usr/bin/git config --local --name-only --get-regexp ^includeIf\.gitdir:
2026-10-07T02:07:35.7189896Z [command]/usr/bin/git submodule foreach --recursive git config --local --show-origin --name-only --get-regexp remote.origin.url
2026-10-07T02:07:35.7414970Z [command]/usr/bin/git config --local http.https://github.com/.extraheader AUTHORIZATION: basic ***
2026-10-07T02:07:35.7456114Z ##[endgroup]
2026-10-07T02:07:35.7456919Z ##[group]Fetching the repository
2026-10-07T02:07:35.7466254Z [command]/usr/bin/git -c protocol.version=2 fetch --no-tags --prune --no-recurse-submodules --depth=1 origin +d561a5fdd22d311bf448754e78bfd7a16d3ad4c0:refs/remotes/origin/greenfield/enterprise-microservices-plan
2026-10-07T02:07:37.1157081Z From https://github.com/awalker0878/multi-tenant
2026-10-07T02:07:37.1159647Z  * [new ref]         d561a5fdd22d311bf448754e78bfd7a16d3ad4c0 -> origin/greenfield/enterprise-microservices-plan
2026-10-07T02:07:37.1165772Z ##[endgroup]
2026-10-07T02:07:37.1167298Z ##[group]Determining the checkout info
2026-10-07T02:07:37.1168990Z ##[endgroup]
2026-10-07T02:07:37.1171106Z [command]/usr/bin/git sparse-checkout disable
2026-10-07T02:07:37.1229970Z [command]/usr/bin/git config --local --unset-all extensions.worktreeConfig
2026-10-07T02:07:37.1265359Z ##[group]Checking out the ref
2026-10-07T02:07:37.1273157Z [command]/usr/bin/git checkout --progress --force -B greenfield/enterprise-microservices-plan refs/remotes/origin/greenfield/enterprise-microservices-plan
2026-10-07T02:07:37.7437937Z Switched to a new branch 'greenfield/enterprise-microservices-plan'
2026-10-07T02:07:37.7463922Z branch 'greenfield/enterprise-microservices-plan' set up to track 'origin/greenfield/enterprise-microservices-plan'.
2026-10-07T02:07:37.7489113Z ##[endgroup]
2026-10-07T02:07:37.7542036Z [command]/usr/bin/git log -1 --format=%H
2026-10-07T02:07:37.7570278Z d561a5fdd22d311bf448754e78bfd7a16d3ad4c0
2026-10-07T02:07:37.7580212Z ##[group]Removing auth
2026-10-07T02:07:37.7584649Z [command]/usr/bin/git config --local --name-only --get-regexp core\.sshCommand
2026-10-07T02:07:37.7620175Z [command]/usr/bin/git submodule foreach --recursive sh -c "git config --local --name-only --get-regexp 'core\.sshCommand' && git config --local --unset-all 'core.sshCommand' || :"
2026-10-07T02:07:37.7856460Z [command]/usr/bin/git config --local --name-only --get-regexp http\.https\:\/\/github\.com\/\.extraheader
2026-10-07T02:07:37.7886531Z http.https://github.com/.extraheader
2026-10-07T02:07:37.7893508Z [command]/usr/bin/git config --local --unset-all http.https://github.com/.extraheader
2026-10-07T02:07:37.7930513Z [command]/usr/bin/git submodule foreach --recursive sh -c "git config --local --name-only --get-regexp 'http\.https\:\/\/github\.com\/\.extraheader' && git config --local --unset-all 'http.https://github.com/.extraheader' || :"
2026-10-07T02:07:37.8168646Z [command]/usr/bin/git config --local --name-only --get-regexp ^includeIf\.gitdir:
2026-10-07T02:07:37.8201785Z [command]/usr/bin/git submodule foreach --recursive git config --local --show-origin --name-only --get-regexp remote.origin.url
2026-10-07T02:07:37.8433644Z ##[endgroup]
2026-10-07T02:07:37.8645889Z ##[group]Run python3 scripts/p01/run_images.py --component "$P01_COMPONENT" --output "$RUNNER_TEMP/p01-image-$P01_COMPONENT" --source-revision "$GITHUB_SHA"
2026-10-07T02:07:37.8647081Z [36;1mpython3 scripts/p01/run_images.py --component "$P01_COMPONENT" --output "$RUNNER_TEMP/p01-image-$P01_COMPONENT" --source-revision "$GITHUB_SHA"[0m
2026-10-07T02:07:37.8904653Z shell: /usr/bin/bash -e {0}
2026-10-07T02:07:37.8905037Z env:
2026-10-07T02:07:37.8905334Z   P01_COMPONENT: lifecycle-workers
2026-10-07T02:07:37.8905720Z ##[endgroup]
2026-10-07T02:07:38.0464881Z Traceback (most recent call last):
2026-10-07T02:07:38.0465987Z   File "/home/runner/work/multi-tenant/multi-tenant/scripts/p01/run_images.py", line 359, in <module>
2026-10-07T02:07:38.0467094Z     raise SystemExit(main())
2026-10-07T02:07:38.0467711Z                      ^^^^^^
2026-10-07T02:07:38.0468624Z   File "/home/runner/work/multi-tenant/multi-tenant/scripts/p01/run_images.py", line 255, in main
2026-10-07T02:07:38.0469886Z     lock, component, sources = load_inputs(workspace, args.component)
2026-10-07T02:07:38.0470636Z                                ^^^^^^^^^^^^^^^^^^^^^^^^^^^^^^^^^^^^^^
2026-10-07T02:07:38.0471784Z   File "/home/runner/work/multi-tenant/multi-tenant/scripts/p01/run_images.py", line 109, in load_inputs
2026-10-07T02:07:38.0472994Z     require(project["dependencies"] == component["runtime_requirements"] and project["scripts"] == allowed,
2026-10-07T02:07:38.0474130Z   File "/home/runner/work/multi-tenant/multi-tenant/scripts/p01/run_images.py", line 29, in require
2026-10-07T02:07:38.0474930Z     raise ValueError(message)
2026-10-07T02:07:38.0475652Z ValueError: Worker must match its declared runtime and owned entrypoints
2026-10-07T02:07:38.0630199Z ##[error]Process completed with exit code 1.
2026-10-07T02:07:38.0816984Z ##[group]Run actions/upload-artifact@ea165f8d65b6e75b540449e92b4886f43607fa02
2026-10-07T02:07:38.0817492Z with:
2026-10-07T02:07:38.0817912Z   name: p01-artifact-lifecycle-workers-d561a5fdd22d311bf448754e78bfd7a16d3ad4c0
2026-10-07T02:07:38.0818481Z   path: /home/runner/work/_temp/p01-artifact-lifecycle-workers/
2026-10-07T02:07:38.0818886Z   if-no-files-found: error
2026-10-07T02:07:38.0819171Z   retention-days: 14
2026-10-07T02:07:38.0819437Z   compression-level: 6
2026-10-07T02:07:38.0819704Z   overwrite: false
2026-10-07T02:07:38.0819960Z   include-hidden-files: false
2026-10-07T02:07:38.0820242Z ##[endgroup]
2026-10-07T02:07:38.2481548Z (node:2396) [DEP0040] DeprecationWarning: The `punycode` module is deprecated. Please use a userland alternative instead.
2026-10-07T02:07:38.2483062Z (Use `node --trace-deprecation ...` to show where the warning was created)
2026-10-07T02:07:38.2515146Z ##[error]No files were found with the provided path: /home/runner/work/_temp/p01-artifact-lifecycle-workers/. No artifacts will be uploaded.
2026-10-07T02:07:38.2711086Z ##[group]Run actions/upload-artifact@ea165f8d65b6e75b540449e92b4886f43607fa02
2026-10-07T02:07:38.2711851Z with:
2026-10-07T02:07:38.2712265Z   name: p01-image-lifecycle-workers-d561a5fdd22d311bf448754e78bfd7a16d3ad4c0
2026-10-07T02:07:38.2712837Z   path: /home/runner/work/_temp/p01-image-lifecycle-workers/
2026-10-07T02:07:38.2713222Z   if-no-files-found: error
2026-10-07T02:07:38.2713501Z   retention-days: 14
2026-10-07T02:07:38.2713761Z   compression-level: 6
2026-10-07T02:07:38.2714020Z   overwrite: false
2026-10-07T02:07:38.2714279Z   include-hidden-files: false
2026-10-07T02:07:38.2714581Z ##[endgroup]
2026-10-07T02:07:38.4425998Z (node:2408) [DEP0040] DeprecationWarning: The `punycode` module is deprecated. Please use a userland alternative instead.
2026-10-07T02:07:38.4432158Z (Use `node --trace-deprecation ...` to show where the warning was created)
2026-10-07T02:07:38.4447447Z ##[error]No files were found with the provided path: /home/runner/work/_temp/p01-image-lifecycle-workers/. No artifacts will be uploaded.
2026-10-07T02:07:38.4788739Z Post job cleanup.
2026-10-07T02:07:38.5655353Z [command]/usr/bin/git version
2026-10-07T02:07:38.5697867Z git version 2.55.0
2026-10-07T02:07:38.5737199Z Temporarily overriding HOME='/home/runner/work/_temp/8c500071-f134-4c67-8350-9b5b7230676a' before making global git config changes
2026-10-07T02:07:38.5738763Z Adding repository directory to the temporary git global config as a safe directory
2026-10-07T02:07:38.5744528Z [command]/usr/bin/git config --global --add safe.directory /home/runner/work/multi-tenant/multi-tenant
2026-10-07T02:07:38.5787961Z [command]/usr/bin/git config --local --name-only --get-regexp core\.sshCommand
2026-10-07T02:07:38.5825352Z [command]/usr/bin/git submodule foreach --recursive sh -c "git config --local --name-only --get-regexp 'core\.sshCommand' && git config --local --unset-all 'core.sshCommand' || :"
2026-10-07T02:07:38.6094199Z [command]/usr/bin/git config --local --name-only --get-regexp http\.https\:\/\/github\.com\/\.extraheader
2026-10-07T02:07:38.6132834Z [command]/usr/bin/git submodule foreach --recursive sh -c "git config --local --name-only --get-regexp 'http\.https\:\/\/github\.com\/\.extraheader' && git config --local --unset-all 'http.https://github.com/.extraheader' || :"
2026-10-07T02:07:38.6425305Z [command]/usr/bin/git config --local --name-only --get-regexp ^includeIf\.gitdir:
2026-10-07T02:07:38.6463768Z [command]/usr/bin/git submodule foreach --recursive git config --local --show-origin --name-only --get-regexp remote.origin.url
2026-10-07T02:07:38.6895678Z Cleaning up orphan processes
2026-10-07T02:07:38.7187634Z ##[warning]Node.js 20 is deprecated. The following actions target Node.js 20 but are being forced to run on Node.js 24: actions/upload-artifact@ea165f8d65b6e75b540449e92b4886f43607fa02. For more information see: https://github.blog/changelog/2025-09-19-deprecation-of-node-20-on-github-actions-runners/

