2026-10-07T02:11:33.3409558Z Current runner version: '2.337.0'
2026-10-07T02:11:33.3446948Z ##[group]Runner Image Provisioner
2026-10-07T02:11:33.3448346Z Hosted Compute Agent
2026-10-07T02:11:33.3449408Z Version: 20261002.596
2026-10-07T02:11:33.3450478Z Commit: c3d12f3313a95f25162a1503be624f3b0617f8c0
2026-10-07T02:11:33.3451943Z Build Date: 2026-10-02T22:28:27Z
2026-10-07T02:11:33.3453375Z Worker ID: {23307c5a-94ea-445d-be09-318e19d1db53}
2026-10-07T02:11:33.3455185Z Region: eastus
2026-10-07T02:11:33.3456139Z Cloud: Azure
2026-10-07T02:11:33.3457074Z ##[endgroup]
2026-10-07T02:11:33.3459546Z ##[group]Operating System
2026-10-07T02:11:33.3460623Z Ubuntu
2026-10-07T02:11:33.3461575Z 24.04.5
2026-10-07T02:11:33.3462700Z LTS
2026-10-07T02:11:33.3463597Z ##[endgroup]
2026-10-07T02:11:33.3464727Z ##[group]Runner Image
2026-10-07T02:11:33.3465748Z Image: ubuntu-24.04
2026-10-07T02:11:33.3466773Z Version: 20261004.327.1
2026-10-07T02:11:33.3468923Z Included Software: https://github.com/actions/runner-images/blob/ubuntu24/20261004.327/images/ubuntu/Ubuntu2404-Readme.md
2026-10-07T02:11:33.3471742Z Image Release: https://github.com/actions/runner-images/releases/tag/ubuntu24%2F20261004.327
2026-10-07T02:11:33.3473706Z ##[endgroup]
2026-10-07T02:11:33.3475743Z ##[group]GITHUB_TOKEN Permissions
2026-10-07T02:11:33.3478800Z Contents: read
2026-10-07T02:11:33.3479897Z Metadata: read
2026-10-07T02:11:33.3480782Z ##[endgroup]
2026-10-07T02:11:33.3484226Z Secret source: Actions
2026-10-07T02:11:33.3485856Z Cache mode: write
2026-10-07T02:11:33.3487496Z Prepare workflow directory
2026-10-07T02:11:33.3976606Z Prepare all required actions
2026-10-07T02:11:33.4049922Z Getting action download info
2026-10-07T02:11:33.6291040Z Download action repository 'actions/checkout@fbc6f3992d24b796d5a048ff273f7fcc4a7b6c09' (SHA:fbc6f3992d24b796d5a048ff273f7fcc4a7b6c09)
2026-10-07T02:11:33.7642859Z Download action repository 'actions/upload-artifact@ea165f8d65b6e75b540449e92b4886f43607fa02' (SHA:ea165f8d65b6e75b540449e92b4886f43607fa02)
2026-10-07T02:11:33.9898202Z Complete job name: lifecycle-workers isolated image
2026-10-07T02:11:34.0734822Z ##[group]Run actions/checkout@fbc6f3992d24b796d5a048ff273f7fcc4a7b6c09
2026-10-07T02:11:34.0736008Z with:
2026-10-07T02:11:34.0736498Z   persist-credentials: false
2026-10-07T02:11:34.0737071Z   repository: awalker0878/multi-tenant
2026-10-07T02:11:34.0741405Z   token: ***
2026-10-07T02:11:34.0741875Z   ssh-strict: true
2026-10-07T02:11:34.0742337Z   ssh-user: git
2026-10-07T02:11:34.0742936Z   clean: true
2026-10-07T02:11:34.0743430Z   sparse-checkout-cone-mode: true
2026-10-07T02:11:34.0743983Z   fetch-depth: 1
2026-10-07T02:11:34.0744455Z   fetch-tags: false
2026-10-07T02:11:34.0744924Z   show-progress: true
2026-10-07T02:11:34.0745391Z   lfs: false
2026-10-07T02:11:34.0745832Z   submodules: false
2026-10-07T02:11:34.0746309Z   set-safe-directory: true
2026-10-07T02:11:34.0746846Z   allow-unsafe-pr-checkout: false
2026-10-07T02:11:34.0747673Z ##[endgroup]
2026-10-07T02:11:34.1808653Z Syncing repository: awalker0878/multi-tenant
2026-10-07T02:11:34.1811742Z ##[group]Getting Git version info
2026-10-07T02:11:34.1813325Z Working directory is '/home/runner/work/multi-tenant/multi-tenant'
2026-10-07T02:11:34.1815206Z [command]/usr/bin/git version
2026-10-07T02:11:34.1880977Z git version 2.55.0
2026-10-07T02:11:34.1905669Z ##[endgroup]
2026-10-07T02:11:34.1928712Z Temporarily overriding HOME='/home/runner/work/_temp/6010e8a0-e095-4dc9-ae8f-1bfd55a31f4e' before making global git config changes
2026-10-07T02:11:34.1930335Z Adding repository directory to the temporary git global config as a safe directory
2026-10-07T02:11:34.1934152Z [command]/usr/bin/git config --global --add safe.directory /home/runner/work/multi-tenant/multi-tenant
2026-10-07T02:11:34.1998364Z Deleting the contents of '/home/runner/work/multi-tenant/multi-tenant'
2026-10-07T02:11:34.2007782Z ##[group]Initializing the repository
2026-10-07T02:11:34.2009185Z [command]/usr/bin/git init /home/runner/work/multi-tenant/multi-tenant
2026-10-07T02:11:34.2149833Z hint: Using 'master' as the name for the initial branch. This default branch name
2026-10-07T02:11:34.2151431Z hint: will change to "main" in Git 3.0. To configure the initial branch name
2026-10-07T02:11:34.2153350Z hint: to use in all of your new repositories, which will suppress this warning,
2026-10-07T02:11:34.2154765Z hint: call:
2026-10-07T02:11:34.2155970Z hint:
2026-10-07T02:11:34.2157012Z hint: 	git config --global init.defaultBranch <name>
2026-10-07T02:11:34.2158291Z hint:
2026-10-07T02:11:34.2159441Z hint: Names commonly chosen instead of 'master' are 'main', 'trunk' and
2026-10-07T02:11:34.2161183Z hint: 'development'. The just-created branch can be renamed via this command:
2026-10-07T02:11:34.2162977Z hint:
2026-10-07T02:11:34.2164007Z hint: 	git branch -m <name>
2026-10-07T02:11:34.2164854Z hint:
2026-10-07T02:11:34.2165909Z hint: Disable this message with "git config set advice.defaultBranchName false"
2026-10-07T02:11:34.2167836Z Initialized empty Git repository in /home/runner/work/multi-tenant/multi-tenant/.git/
2026-10-07T02:11:34.2171137Z [command]/usr/bin/git remote add origin https://github.com/awalker0878/multi-tenant
2026-10-07T02:11:34.2226356Z ##[endgroup]
2026-10-07T02:11:34.2227751Z ##[group]Disabling automatic garbage collection
2026-10-07T02:11:34.2231515Z [command]/usr/bin/git config --local gc.auto 0
2026-10-07T02:11:34.2279139Z ##[endgroup]
2026-10-07T02:11:34.2280584Z ##[group]Setting up auth
2026-10-07T02:11:34.2287530Z [command]/usr/bin/git config --local --name-only --get-regexp core\.sshCommand
2026-10-07T02:11:34.2325921Z [command]/usr/bin/git submodule foreach --recursive sh -c "git config --local --name-only --get-regexp 'core\.sshCommand' && git config --local --unset-all 'core.sshCommand' || :"
2026-10-07T02:11:34.2721303Z [command]/usr/bin/git config --local --name-only --get-regexp http\.https\:\/\/github\.com\/\.extraheader
2026-10-07T02:11:34.2761480Z [command]/usr/bin/git submodule foreach --recursive sh -c "git config --local --name-only --get-regexp 'http\.https\:\/\/github\.com\/\.extraheader' && git config --local --unset-all 'http.https://github.com/.extraheader' || :"
2026-10-07T02:11:34.3005611Z [command]/usr/bin/git config --local --name-only --get-regexp ^includeIf\.gitdir:
2026-10-07T02:11:34.3050076Z [command]/usr/bin/git submodule foreach --recursive git config --local --show-origin --name-only --get-regexp remote.origin.url
2026-10-07T02:11:34.3301830Z [command]/usr/bin/git config --local http.https://github.com/.extraheader AUTHORIZATION: basic ***
2026-10-07T02:11:34.3355130Z ##[endgroup]
2026-10-07T02:11:34.3356388Z ##[group]Fetching the repository
2026-10-07T02:11:34.3371116Z [command]/usr/bin/git -c protocol.version=2 fetch --no-tags --prune --no-recurse-submodules --depth=1 origin +9077e558210e7eb0817c862ff06e63f4289da3d8:refs/remotes/origin/greenfield/enterprise-microservices-plan
2026-10-07T02:11:35.3993666Z From https://github.com/awalker0878/multi-tenant
2026-10-07T02:11:35.3996634Z  * [new ref]         9077e558210e7eb0817c862ff06e63f4289da3d8 -> origin/greenfield/enterprise-microservices-plan
2026-10-07T02:11:35.4002312Z ##[endgroup]
2026-10-07T02:11:35.4004432Z ##[group]Determining the checkout info
2026-10-07T02:11:35.4006317Z ##[endgroup]
2026-10-07T02:11:35.4010647Z [command]/usr/bin/git sparse-checkout disable
2026-10-07T02:11:35.4074919Z [command]/usr/bin/git config --local --unset-all extensions.worktreeConfig
2026-10-07T02:11:35.4114656Z ##[group]Checking out the ref
2026-10-07T02:11:35.4121215Z [command]/usr/bin/git checkout --progress --force -B greenfield/enterprise-microservices-plan refs/remotes/origin/greenfield/enterprise-microservices-plan
2026-10-07T02:11:36.0331922Z Switched to a new branch 'greenfield/enterprise-microservices-plan'
2026-10-07T02:11:36.0339129Z branch 'greenfield/enterprise-microservices-plan' set up to track 'origin/greenfield/enterprise-microservices-plan'.
2026-10-07T02:11:36.0366701Z ##[endgroup]
2026-10-07T02:11:36.0418864Z [command]/usr/bin/git log -1 --format=%H
2026-10-07T02:11:36.0449860Z 9077e558210e7eb0817c862ff06e63f4289da3d8
2026-10-07T02:11:36.0460967Z ##[group]Removing auth
2026-10-07T02:11:36.0465271Z [command]/usr/bin/git config --local --name-only --get-regexp core\.sshCommand
2026-10-07T02:11:36.0501097Z [command]/usr/bin/git submodule foreach --recursive sh -c "git config --local --name-only --get-regexp 'core\.sshCommand' && git config --local --unset-all 'core.sshCommand' || :"
2026-10-07T02:11:36.0744744Z [command]/usr/bin/git config --local --name-only --get-regexp http\.https\:\/\/github\.com\/\.extraheader
2026-10-07T02:11:36.0776094Z http.https://github.com/.extraheader
2026-10-07T02:11:36.0783944Z [command]/usr/bin/git config --local --unset-all http.https://github.com/.extraheader
2026-10-07T02:11:36.0820818Z [command]/usr/bin/git submodule foreach --recursive sh -c "git config --local --name-only --get-regexp 'http\.https\:\/\/github\.com\/\.extraheader' && git config --local --unset-all 'http.https://github.com/.extraheader' || :"
2026-10-07T02:11:36.1058729Z [command]/usr/bin/git config --local --name-only --get-regexp ^includeIf\.gitdir:
2026-10-07T02:11:36.1095917Z [command]/usr/bin/git submodule foreach --recursive git config --local --show-origin --name-only --get-regexp remote.origin.url
2026-10-07T02:11:36.1329803Z ##[endgroup]
2026-10-07T02:11:36.1548710Z ##[group]Run python3 scripts/p01/run_images.py --component "$P01_COMPONENT" --output "$RUNNER_TEMP/p01-image-$P01_COMPONENT" --source-revision "$GITHUB_SHA"
2026-10-07T02:11:36.1550047Z [36;1mpython3 scripts/p01/run_images.py --component "$P01_COMPONENT" --output "$RUNNER_TEMP/p01-image-$P01_COMPONENT" --source-revision "$GITHUB_SHA"[0m
2026-10-07T02:11:36.1818534Z shell: /usr/bin/bash -e {0}
2026-10-07T02:11:36.1819043Z env:
2026-10-07T02:11:36.1819429Z   P01_COMPONENT: lifecycle-workers
2026-10-07T02:11:36.1819903Z ##[endgroup]
2026-10-07T02:11:36.3373961Z Traceback (most recent call last):
2026-10-07T02:11:36.3375406Z   File "/home/runner/work/multi-tenant/multi-tenant/scripts/p01/run_images.py", line 359, in <module>
2026-10-07T02:11:36.3376857Z     raise SystemExit(main())
2026-10-07T02:11:36.3377442Z                      ^^^^^^
2026-10-07T02:11:36.3378220Z   File "/home/runner/work/multi-tenant/multi-tenant/scripts/p01/run_images.py", line 255, in main
2026-10-07T02:11:36.3379324Z     lock, component, sources = load_inputs(workspace, args.component)
2026-10-07T02:11:36.3380047Z                                ^^^^^^^^^^^^^^^^^^^^^^^^^^^^^^^^^^^^^^
2026-10-07T02:11:36.3380987Z   File "/home/runner/work/multi-tenant/multi-tenant/scripts/p01/run_images.py", line 109, in load_inputs
2026-10-07T02:11:36.3382280Z     require(project["dependencies"] == component["runtime_requirements"] and project["scripts"] == allowed,
2026-10-07T02:11:36.3383782Z   File "/home/runner/work/multi-tenant/multi-tenant/scripts/p01/run_images.py", line 29, in require
2026-10-07T02:11:36.3384533Z     raise ValueError(message)
2026-10-07T02:11:36.3385092Z ValueError: Worker must match its declared runtime and owned entrypoints
2026-10-07T02:11:36.3541979Z ##[error]Process completed with exit code 1.
2026-10-07T02:11:36.3733143Z ##[group]Run actions/upload-artifact@ea165f8d65b6e75b540449e92b4886f43607fa02
2026-10-07T02:11:36.3733728Z with:
2026-10-07T02:11:36.3734174Z   name: p01-artifact-lifecycle-workers-9077e558210e7eb0817c862ff06e63f4289da3d8
2026-10-07T02:11:36.3734767Z   path: /home/runner/work/_temp/p01-artifact-lifecycle-workers/
2026-10-07T02:11:36.3735198Z   if-no-files-found: error
2026-10-07T02:11:36.3735521Z   retention-days: 14
2026-10-07T02:11:36.3735825Z   compression-level: 6
2026-10-07T02:11:36.3736110Z   overwrite: false
2026-10-07T02:11:36.3736396Z   include-hidden-files: false
2026-10-07T02:11:36.3736702Z ##[endgroup]
2026-10-07T02:11:36.5425486Z (node:2388) [DEP0040] DeprecationWarning: The `punycode` module is deprecated. Please use a userland alternative instead.
2026-10-07T02:11:36.5426376Z (Use `node --trace-deprecation ...` to show where the warning was created)
2026-10-07T02:11:36.5458612Z ##[error]No files were found with the provided path: /home/runner/work/_temp/p01-artifact-lifecycle-workers/. No artifacts will be uploaded.
2026-10-07T02:11:36.5680162Z ##[group]Run actions/upload-artifact@ea165f8d65b6e75b540449e92b4886f43607fa02
2026-10-07T02:11:36.5680966Z with:
2026-10-07T02:11:36.5681628Z   name: p01-image-lifecycle-workers-9077e558210e7eb0817c862ff06e63f4289da3d8
2026-10-07T02:11:36.5682794Z   path: /home/runner/work/_temp/p01-image-lifecycle-workers/
2026-10-07T02:11:36.5683461Z   if-no-files-found: error
2026-10-07T02:11:36.5683941Z   retention-days: 14
2026-10-07T02:11:36.5684388Z   compression-level: 6
2026-10-07T02:11:36.5684835Z   overwrite: false
2026-10-07T02:11:36.5685269Z   include-hidden-files: false
2026-10-07T02:11:36.5685745Z ##[endgroup]
2026-10-07T02:11:36.7438439Z (node:2400) [DEP0040] DeprecationWarning: The `punycode` module is deprecated. Please use a userland alternative instead.
2026-10-07T02:11:36.7440268Z (Use `node --trace-deprecation ...` to show where the warning was created)
2026-10-07T02:11:36.7483515Z ##[error]No files were found with the provided path: /home/runner/work/_temp/p01-image-lifecycle-workers/. No artifacts will be uploaded.
2026-10-07T02:11:36.7733482Z Post job cleanup.
2026-10-07T02:11:36.8626170Z [command]/usr/bin/git version
2026-10-07T02:11:36.8672215Z git version 2.55.0
2026-10-07T02:11:36.8714056Z Temporarily overriding HOME='/home/runner/work/_temp/700f5742-2d2f-4bbb-b2a5-bf05f1924484' before making global git config changes
2026-10-07T02:11:36.8715901Z Adding repository directory to the temporary git global config as a safe directory
2026-10-07T02:11:36.8722220Z [command]/usr/bin/git config --global --add safe.directory /home/runner/work/multi-tenant/multi-tenant
2026-10-07T02:11:36.8764746Z [command]/usr/bin/git config --local --name-only --get-regexp core\.sshCommand
2026-10-07T02:11:36.8804708Z [command]/usr/bin/git submodule foreach --recursive sh -c "git config --local --name-only --get-regexp 'core\.sshCommand' && git config --local --unset-all 'core.sshCommand' || :"
2026-10-07T02:11:36.9079397Z [command]/usr/bin/git config --local --name-only --get-regexp http\.https\:\/\/github\.com\/\.extraheader
2026-10-07T02:11:36.9119835Z [command]/usr/bin/git submodule foreach --recursive sh -c "git config --local --name-only --get-regexp 'http\.https\:\/\/github\.com\/\.extraheader' && git config --local --unset-all 'http.https://github.com/.extraheader' || :"
2026-10-07T02:11:36.9393303Z [command]/usr/bin/git config --local --name-only --get-regexp ^includeIf\.gitdir:
2026-10-07T02:11:36.9432277Z [command]/usr/bin/git submodule foreach --recursive git config --local --show-origin --name-only --get-regexp remote.origin.url
2026-10-07T02:11:36.9845193Z Cleaning up orphan processes
2026-10-07T02:11:37.0172692Z ##[warning]Node.js 20 is deprecated. The following actions target Node.js 20 but are being forced to run on Node.js 24: actions/upload-artifact@ea165f8d65b6e75b540449e92b4886f43607fa02. For more information see: https://github.blog/changelog/2025-09-19-deprecation-of-node-20-on-github-actions-runners/

