[
    {
        "Id": "sha256:52274917612cd7b22ea729c339292a2602bf2445241efaa2c90079a8f2527f7e",
        "RepoTags": [
            "p01-planning:c9c202786437601c0f000bdf29d7e1e401e773ee"
        ],
        "RepoDigests": [],
        "Parent": "",
        "Comment": "buildkit.dockerfile.v0",
        "Created": "2026-10-05T00:23:51.665537697Z",
        "DockerVersion": "",
        "Author": "",
        "Config": {
            "Hostname": "",
            "Domainname": "",
            "User": "10001:10001",
            "AttachStdin": false,
            "AttachStdout": false,
            "AttachStderr": false,
            "Tty": false,
            "OpenStdin": false,
            "StdinOnce": false,
            "Env": [
                "PATH=/opt/venv/bin:/usr/local/bin:/usr/local/sbin:/usr/local/bin:/usr/sbin:/usr/bin:/sbin:/bin",
                "LANG=C.UTF-8",
                "GPG_KEY=7169605F62C751356D054A26A821E680E5FA6305",
                "PYTHON_VERSION=3.12.14",
                "PYTHON_SHA256=5c8462af5790baf43a321a1559dbe0db06d1be4300fb85fb53c40060668e548a",
                "PYTHONDONTWRITEBYTECODE=1",
                "PYTHONUNBUFFERED=1"
            ],
            "Cmd": [
                "liveness"
            ],
            "Healthcheck": {
                "Test": [
                    "NONE"
                ]
            },
            "ArgsEscaped": true,
            "Image": "",
            "Volumes": null,
            "WorkingDir": "/app",
            "Entrypoint": [
                "/opt/venv/bin/planning-health"
            ],
            "OnBuild": null,
            "Labels": {
                "io.product.component": "planning",
                "org.opencontainers.image.revision": "c9c202786437601c0f000bdf29d7e1e401e773ee",
                "org.opencontainers.image.source": "https://github.com/awalker0878/multi-tenant",
                "org.opencontainers.image.title": "product-planning bootstrap"
            }
        },
        "Architecture": "amd64",
        "Os": "linux",
        "Size": 146074292,
        "GraphDriver": {
            "Data": {
                "LowerDir": "/var/lib/docker/overlay2/rad07xt9r0avb24sttzumhdif/diff:/var/lib/docker/overlay2/7f854b917246317eac058795e0b21133f4cae193f1a89ecd6059b8bb4c3e756e/diff:/var/lib/docker/overlay2/34c666a4e8ea21f6e05769e15c0efcce2179589510c17c06ccf705f93b6850f1/diff:/var/lib/docker/overlay2/c8369e4f8a3f4f53771c5e0138696048f00206ba32ea1d41bfcf77c40eecc1e1/diff:/var/lib/docker/overlay2/7410d68f002ccc69f00c4c4f160fa5694374780acd79090a8d0be45b873658ac/diff",
                "MergedDir": "/var/lib/docker/overlay2/l760z9zxqcorjrnk9e7gdb9rp/merged",
                "UpperDir": "/var/lib/docker/overlay2/l760z9zxqcorjrnk9e7gdb9rp/diff",
                "WorkDir": "/var/lib/docker/overlay2/l760z9zxqcorjrnk9e7gdb9rp/work"
            },
            "Name": "overlay2"
        },
        "RootFS": {
            "Type": "layers",
            "Layers": [
                "sha256:34467cc93912af891dfee8a3902adf9b4f355a9bca4eaa46f658d1181a21de0d",
                "sha256:16df0073c13c96653ee2b601b16e514321513eb4af983de156c2d4e17df8a5d9",
                "sha256:9639007baab8a136bc468bd5d757fdf79cf5d77b6ff2a87889071252e334fab3",
                "sha256:abca6d63c9dbe51fa3bc42e75e0387da12803ef64430ad151814e468d5e1c203",
                "sha256:612834c24e3d26859776b833879c074e4771e672cd9fd94712e42cb54e7714a8",
                "sha256:bf59df245b8648b40807c33f97ba0de7fb11e309f2ddf376171274ace6e5075e"
            ]
        },
        "Metadata": {
            "LastTagTime": "2026-10-05T00:23:52.247460783Z"
        }
    }
]
