[
    {
        "Id": "sha256:6ae11cceefb779b7b3a3350bf2ffbcf92242424419193c0128339ce193526f2a",
        "RepoTags": [
            "p01-inventory:c14ddbdb5c6deb71b59737948b512b8398af694e"
        ],
        "RepoDigests": [],
        "Parent": "",
        "Comment": "buildkit.dockerfile.v0",
        "Created": "2026-10-05T03:27:48.019385175Z",
        "DockerVersion": "",
        "Author": "",
        "Config": {
            "Hostname": "",
            "Domainname": "",
            "User": "10001:10001",
            "AttachStdin": false,
            "AttachStdout": false,
            "AttachStderr": false,
            "Tty": false,
            "OpenStdin": false,
            "StdinOnce": false,
            "Env": [
                "PATH=/opt/venv/bin:/usr/local/bin:/usr/local/sbin:/usr/local/bin:/usr/sbin:/usr/bin:/sbin:/bin",
                "LANG=C.UTF-8",
                "GPG_KEY=7169605F62C751356D054A26A821E680E5FA6305",
                "PYTHON_VERSION=3.12.14",
                "PYTHON_SHA256=5c8462af5790baf43a321a1559dbe0db06d1be4300fb85fb53c40060668e548a",
                "PYTHONDONTWRITEBYTECODE=1",
                "PYTHONUNBUFFERED=1"
            ],
            "Cmd": [
                "liveness"
            ],
            "Healthcheck": {
                "Test": [
                    "NONE"
                ]
            },
            "ArgsEscaped": true,
            "Image": "",
            "Volumes": null,
            "WorkingDir": "/app",
            "Entrypoint": [
                "/opt/venv/bin/inventory-health"
            ],
            "OnBuild": null,
            "Labels": {
                "io.product.component": "inventory",
                "org.opencontainers.image.revision": "c14ddbdb5c6deb71b59737948b512b8398af694e",
                "org.opencontainers.image.source": "https://github.com/awalker0878/multi-tenant",
                "org.opencontainers.image.title": "product-inventory bootstrap"
            }
        },
        "Architecture": "amd64",
        "Os": "linux",
        "Size": 146074339,
        "GraphDriver": {
            "Data": {
                "LowerDir": "/var/lib/docker/overlay2/4mjmit2nta7j720onv2nvgma5/diff:/var/lib/docker/overlay2/081f2904281d65626ee4bed816a57f0e9d84e51a2eac1bb97600a9fe1baff8d4/diff:/var/lib/docker/overlay2/8106f69a6b53af9d88b2d1ae62ec08bf257216a44f39f1ec65d2f74486e3b59b/diff:/var/lib/docker/overlay2/2fb97b14a9baceccd653ef52d67e40ecf54d6254742e4a618fa37d0fe2f135f8/diff:/var/lib/docker/overlay2/828cde8343a27efb233505246ac13939f52837cc9c149b3167e508d48db6ea36/diff",
                "MergedDir": "/var/lib/docker/overlay2/mqoraf13rkxh34v68qy1n74f3/merged",
                "UpperDir": "/var/lib/docker/overlay2/mqoraf13rkxh34v68qy1n74f3/diff",
                "WorkDir": "/var/lib/docker/overlay2/mqoraf13rkxh34v68qy1n74f3/work"
            },
            "Name": "overlay2"
        },
        "RootFS": {
            "Type": "layers",
            "Layers": [
                "sha256:34467cc93912af891dfee8a3902adf9b4f355a9bca4eaa46f658d1181a21de0d",
                "sha256:16df0073c13c96653ee2b601b16e514321513eb4af983de156c2d4e17df8a5d9",
                "sha256:9639007baab8a136bc468bd5d757fdf79cf5d77b6ff2a87889071252e334fab3",
                "sha256:abca6d63c9dbe51fa3bc42e75e0387da12803ef64430ad151814e468d5e1c203",
                "sha256:702097ba57075cc60765b3c916436781f29d529cf6b7d04ea4d71a09c2b0b231",
                "sha256:8e82caa57f3bf03be636742c7e12006851eb62a4a95ce1eb590bb4e0d38806de"
            ]
        },
        "Metadata": {
            "LastTagTime": "2026-10-05T03:27:49.007468517Z"
        }
    }
]
