{
  "binding_sha256": null,
  "evaluated_at": 1791327956,
  "holds": [
    {
      "case_ids": [
        "Q05.01",
        "Q05.03"
      ],
      "input_id": "N01",
      "owner_role": "OpenStack platform owner",
      "package_ids": [
        "P07.01",
        "P07.02"
      ],
      "reason": "input_not_supplied"
    },
    {
      "case_ids": [
        "Q05.01"
      ],
      "input_id": "N02",
      "owner_role": "Platform/security owners",
      "package_ids": [
        "P07.01"
      ],
      "reason": "input_not_supplied"
    },
    {
      "case_ids": [
        "Q05.01",
        "Q05.08"
      ],
      "input_id": "N03",
      "owner_role": "Security/IAM owners",
      "package_ids": [
        "P07.01"
      ],
      "reason": "input_not_supplied"
    },
    {
      "case_ids": [
        "Q05.03",
        "Q05.08"
      ],
      "input_id": "N04",
      "owner_role": "Infrastructure/state owners",
      "package_ids": [
        "P07.02"
      ],
      "reason": "input_not_supplied"
    },
    {
      "case_ids": [
        "Q05.03",
        "Q05.09"
      ],
      "input_id": "N05",
      "owner_role": "Infrastructure/resource owners",
      "package_ids": [
        "P07.02"
      ],
      "reason": "input_not_supplied"
    },
    {
      "case_ids": [
        "Q05.04"
      ],
      "input_id": "N06",
      "owner_role": "Guest/application owners",
      "package_ids": [
        "P07.03"
      ],
      "reason": "input_not_supplied"
    },
    {
      "case_ids": [
        "Q05.04",
        "Q05.07"
      ],
      "input_id": "N07",
      "owner_role": "Network/security owners",
      "package_ids": [
        "P07.04"
      ],
      "reason": "input_not_supplied"
    },
    {
      "case_ids": [
        "Q05.02"
      ],
      "input_id": "N08",
      "owner_role": "Allocation/service owners",
      "package_ids": [
        "P07.03"
      ],
      "reason": "input_not_supplied"
    },
    {
      "case_ids": [
        "Q05.05"
      ],
      "input_id": "N09",
      "owner_role": "Enterprise service owners",
      "package_ids": [
        "P07.03"
      ],
      "reason": "input_not_supplied"
    },
    {
      "case_ids": [
        "Q05.06",
        "Q05.08"
      ],
      "input_id": "N10",
      "owner_role": "Backup/application owners",
      "package_ids": [
        "P07.03",
        "P07.05"
      ],
      "reason": "input_not_supplied"
    },
    {
      "case_ids": [
        "Q05.01",
        "Q05.08"
      ],
      "input_id": "N11",
      "owner_role": "Lifecycle/security owners",
      "package_ids": [
        "P07.01",
        "P07.05"
      ],
      "reason": "input_not_supplied"
    },
    {
      "case_ids": [
        "Q05.10"
      ],
      "input_id": "N12",
      "owner_role": "Governance/retention owners",
      "package_ids": [
        "P07.05"
      ],
      "reason": "input_not_supplied"
    },
    {
      "case_ids": [
        "Q05.01",
        "Q05.10"
      ],
      "input_id": "N13",
      "owner_role": "Qualification/Assurance owners",
      "package_ids": [
        "P07.06"
      ],
      "reason": "input_not_supplied"
    },
    {
      "case_ids": [
        "Q05.01"
      ],
      "input_id": "N14",
      "owner_role": "SRE/receiving owners",
      "package_ids": [
        "P07.01"
      ],
      "reason": "input_not_supplied"
    },
    {
      "case_ids": [
        "Q05.06",
        "Q05.07"
      ],
      "input_id": "N15",
      "owner_role": "Application/security owners",
      "package_ids": [
        "P07.04"
      ],
      "reason": "input_not_supplied"
    }
  ],
  "limitations": [
    "Metadata only; evidence bytes and reviewer identities are not authenticated.",
    "Current authority, operating controls and native observation remain required.",
    "This report cannot be supplied as an execution grant or a native support claim."
  ],
  "native_qualification_established": false,
  "native_write_authorized": false,
  "record_complete": false,
  "record_sha256": "06c3a74163b779dd92edbdc5ddbaa26b5b30241fef75dc1cf9a979d054885637",
  "record_valid": true,
  "result": "HELD",
  "schema_version": 1
}
