[
    {
        "Id": "sha256:cc3d4351c8e8c1c8c33d765f1b577621bf564b43230b0305938639f6edcc391e",
        "RepoTags": [
            "p01-planning:c9c202786437601c0f000bdf29d7e1e401e773ee"
        ],
        "RepoDigests": [],
        "Parent": "",
        "Comment": "buildkit.dockerfile.v0",
        "Created": "2026-10-05T00:23:20.865600301Z",
        "DockerVersion": "",
        "Author": "",
        "Config": {
            "Hostname": "",
            "Domainname": "",
            "User": "10001:10001",
            "AttachStdin": false,
            "AttachStdout": false,
            "AttachStderr": false,
            "Tty": false,
            "OpenStdin": false,
            "StdinOnce": false,
            "Env": [
                "PATH=/opt/venv/bin:/usr/local/bin:/usr/local/sbin:/usr/local/bin:/usr/sbin:/usr/bin:/sbin:/bin",
                "LANG=C.UTF-8",
                "GPG_KEY=7169605F62C751356D054A26A821E680E5FA6305",
                "PYTHON_VERSION=3.12.14",
                "PYTHON_SHA256=5c8462af5790baf43a321a1559dbe0db06d1be4300fb85fb53c40060668e548a",
                "PYTHONDONTWRITEBYTECODE=1",
                "PYTHONUNBUFFERED=1"
            ],
            "Cmd": [
                "liveness"
            ],
            "Healthcheck": {
                "Test": [
                    "NONE"
                ]
            },
            "ArgsEscaped": true,
            "Image": "",
            "Volumes": null,
            "WorkingDir": "/app",
            "Entrypoint": [
                "/opt/venv/bin/planning-health"
            ],
            "OnBuild": null,
            "Labels": {
                "io.product.component": "planning",
                "org.opencontainers.image.revision": "c9c202786437601c0f000bdf29d7e1e401e773ee",
                "org.opencontainers.image.source": "https://github.com/awalker0878/multi-tenant",
                "org.opencontainers.image.title": "product-planning bootstrap"
            }
        },
        "Architecture": "amd64",
        "Os": "linux",
        "Size": 146074292,
        "GraphDriver": {
            "Data": {
                "LowerDir": "/var/lib/docker/overlay2/ty5j6y6dtp9h21o32yql25kcj/diff:/var/lib/docker/overlay2/2228b85d701eb9c7bbec7e89c007726e0760e3a665af94845ffb918ca6c2c930/diff:/var/lib/docker/overlay2/a5beced4322f305cfcbf6e491624ad41911baa7d5cd972bddd854946a0f6ac50/diff:/var/lib/docker/overlay2/3bacca141f46dadddddd0eb41335cff6277c55ae4b1322ecfe2e8c9cf81c5116/diff:/var/lib/docker/overlay2/80b54b02dd9e3c07a475935f6d605a6c48ca3167fdf4f66b9881be9f297e6588/diff",
                "MergedDir": "/var/lib/docker/overlay2/t5swdlye10xdvc3rz9cuq8r8d/merged",
                "UpperDir": "/var/lib/docker/overlay2/t5swdlye10xdvc3rz9cuq8r8d/diff",
                "WorkDir": "/var/lib/docker/overlay2/t5swdlye10xdvc3rz9cuq8r8d/work"
            },
            "Name": "overlay2"
        },
        "RootFS": {
            "Type": "layers",
            "Layers": [
                "sha256:34467cc93912af891dfee8a3902adf9b4f355a9bca4eaa46f658d1181a21de0d",
                "sha256:16df0073c13c96653ee2b601b16e514321513eb4af983de156c2d4e17df8a5d9",
                "sha256:9639007baab8a136bc468bd5d757fdf79cf5d77b6ff2a87889071252e334fab3",
                "sha256:abca6d63c9dbe51fa3bc42e75e0387da12803ef64430ad151814e468d5e1c203",
                "sha256:2c5363d7035dd8fd0f26e1f268884e0ec0106fe920354fbd6613639607dc0713",
                "sha256:3e21c28c7b5011ba962fe804b32579e29eec0b3d66920f421fce13ebef455d51"
            ]
        },
        "Metadata": {
            "LastTagTime": "2026-10-05T00:23:21.183419644Z"
        }
    }
]
