
   INFO  Server running on [http://127.0.0.1:8031].  

  Press Ctrl+C to stop the server

  2026-10-05 17:33:24 /health/live ................................. ~ 0.06ms
  2026-10-05 17:33:27 /setup ..................................... ~ 500.31ms
  2026-10-05 17:33:27 /login ....................................... ~ 0.01ms
  2026-10-05 17:33:27 /build/assets/app-KWbGvQ3x.css ............... ~ 0.02ms
  2026-10-05 17:33:27 /build/assets/app-DFmxNgHQ.js ................ ~ 0.08ms
  2026-10-05 17:33:27 /build/assets/IdentityLayout-c96OlbQH.css .... ~ 0.02ms
  2026-10-05 17:33:27 /build/assets/Login-0t4ojund.js .............. ~ 0.05ms
  2026-10-05 17:33:27 /build/assets/IdentityLayout-C9SL-TrD.js ..... ~ 0.10ms
  2026-10-05 17:33:27 /login ....................................... ~ 0.01ms
  2026-10-05 17:33:27 /password .................................... ~ 0.01ms
  2026-10-05 17:33:27 /build/assets/Password-CZAUzsUC.js ........... ~ 0.01ms
  2026-10-05 17:33:28 /setup ..................................... ~ 500.35ms
  2026-10-05 17:33:28 /password .................................... ~ 0.02ms
  2026-10-05 17:33:28 /build/assets/app-KWbGvQ3x.css ............... ~ 0.03ms
  2026-10-05 17:33:28 /build/assets/app-DFmxNgHQ.js ................ ~ 0.11ms
  2026-10-05 17:33:28 /build/assets/IdentityLayout-c96OlbQH.css .... ~ 0.02ms
  2026-10-05 17:33:28 /build/assets/Password-CZAUzsUC.js ........... ~ 0.07ms
  2026-10-05 17:33:28 /build/assets/IdentityLayout-C9SL-TrD.js ..... ~ 0.14ms
  2026-10-05 17:33:28 /password .................................. ~ 500.25ms
  2026-10-05 17:33:29 /setup ..................................... ~ 500.30ms
  2026-10-05 17:33:29 /build/assets/Setup-WHR_liNF.js .............. ~ 0.02ms
  2026-10-05 17:33:29 /setup ....................................... ~ 0.07ms
  2026-10-05 17:33:30 /build/assets/app-KWbGvQ3x.css ............... ~ 0.02ms
  2026-10-05 17:33:30 /build/assets/app-DFmxNgHQ.js ................ ~ 0.08ms
  2026-10-05 17:33:30 /build/assets/Setup-WHR_liNF.js .............. ~ 0.01ms
  2026-10-05 17:33:30 /build/assets/IdentityLayout-c96OlbQH.css .... ~ 0.01ms
  2026-10-05 17:33:30 /build/assets/IdentityLayout-C9SL-TrD.js ..... ~ 0.05ms
  2026-10-05 17:33:30 /logout .................................... ~ 500.31ms
  2026-10-05 17:33:30 /login ....................................... ~ 0.01ms
  2026-10-05 17:33:30 /build/assets/Login-0t4ojund.js .............. ~ 0.04ms
  2026-10-05 17:33:30 /login ....................................... ~ 0.09ms
  2026-10-05 17:33:31 /login ....................................... ~ 0.01ms
