
   INFO  Server running on [http://127.0.0.1:8032].  

  Press Ctrl+C to stop the server

  2026-10-05 17:33:24 /health/live ................................. ~ 0.05ms
  2026-10-05 17:33:25 /identity/local-sessions ..................... ~ 0.10ms
  2026-10-05 17:33:25 /identity/session ............................ ~ 0.02ms
  2026-10-05 17:33:25 /identity/setup .............................. ~ 0.02ms
  2026-10-05 17:33:27 /identity/local-sessions ..................... ~ 0.10ms
  2026-10-05 17:33:27 /identity/session ............................ ~ 0.01ms
  2026-10-05 17:33:28 /identity/session ............................ ~ 0.07ms
  2026-10-05 17:33:28 /identity/session .......................... ~ 500.35ms
  2026-10-05 17:33:28 /identity/session ............................ ~ 0.01ms
  2026-10-05 17:33:28 /identity/password ......................... ~ 500.33ms
  2026-10-05 17:33:29 /identity/session ............................ ~ 0.02ms
  2026-10-05 17:33:29 /identity/oidc ............................... ~ 0.01ms
  2026-10-05 17:33:30 /identity/session ............................ ~ 0.08ms
  2026-10-05 17:33:30 /identity/oidc ............................. ~ 500.33ms
  2026-10-05 17:33:30 /identity/session ............................ ~ 0.01ms
  2026-10-05 17:33:30 /identity/logout ............................. ~ 0.01ms
  2026-10-05 17:33:31 /identity/local-sessions ................... ~ 500.27ms
  2026-10-05 17:33:31 /identity/local-sessions ..................... ~ 0.02ms
  2026-10-05 17:33:31 /identity/session ............................ ~ 0.01ms
