[main] INFO  o.o.codegen.DefaultGenerator - Generating with dryRun=false
[main] INFO  o.o.c.ignore.CodegenIgnoreProcessor - Output directory (/tmp/p00-contracts-ta76k3do/changed) does not exist, or is inaccessible. No file (.openapi-generator-ignore) will be evaluated.
[main] INFO  o.o.codegen.DefaultGenerator - OpenAPI Generator: typescript-fetch (client)
[main] INFO  o.o.codegen.DefaultGenerator - Generator 'typescript-fetch' is considered stable.
[main] INFO  o.o.c.l.AbstractTypeScriptClientCodegen - Hint: Environment variable 'TS_POST_PROCESS_FILE' (optional) not defined. E.g. to format the source code, please try 'export TS_POST_PROCESS_FILE="/usr/local/bin/prettier --write"' (Linux/Mac)
[main] INFO  o.o.c.l.AbstractTypeScriptClientCodegen - Note: To enable file post-processing, 'enablePostProcessFile' must be set to `true` (--enable-post-process-file for CLI).
[main] INFO  o.o.codegen.TemplateManager - writing file /tmp/p00-contracts-ta76k3do/changed/src/models/CreateSample.ts
[main] INFO  o.o.codegen.TemplateManager - Skipped /tmp/p00-contracts-ta76k3do/changed/docs/CreateSample.md (Skipped by modelDocs options supplied by user.)
[main] INFO  o.o.codegen.TemplateManager - writing file /tmp/p00-contracts-ta76k3do/changed/src/models/Problem.ts
[main] INFO  o.o.codegen.TemplateManager - Skipped /tmp/p00-contracts-ta76k3do/changed/docs/Problem.md (Skipped by modelDocs options supplied by user.)
[main] INFO  o.o.codegen.TemplateManager - writing file /tmp/p00-contracts-ta76k3do/changed/src/models/Sample.ts
[main] INFO  o.o.codegen.TemplateManager - Skipped /tmp/p00-contracts-ta76k3do/changed/docs/Sample.md (Skipped by modelDocs options supplied by user.)
[main] INFO  o.o.codegen.TemplateManager - writing file /tmp/p00-contracts-ta76k3do/changed/src/apis/SamplesApi.ts
[main] INFO  o.o.codegen.TemplateManager - Skipped /tmp/p00-contracts-ta76k3do/changed/docs/SamplesApi.md (Skipped by apiDocs options supplied by user.)
[main] INFO  o.o.codegen.TemplateManager - writing file /tmp/p00-contracts-ta76k3do/changed/src/index.ts
[main] INFO  o.o.codegen.TemplateManager - writing file /tmp/p00-contracts-ta76k3do/changed/src/runtime.ts
[main] INFO  o.o.codegen.TemplateManager - writing file /tmp/p00-contracts-ta76k3do/changed/README.md
[main] INFO  o.o.codegen.TemplateManager - writing file /tmp/p00-contracts-ta76k3do/changed/package.json
[main] INFO  o.o.codegen.TemplateManager - writing file /tmp/p00-contracts-ta76k3do/changed/tsconfig.json
[main] INFO  o.o.codegen.TemplateManager - writing file /tmp/p00-contracts-ta76k3do/changed/tsconfig.esm.json
[main] INFO  o.o.codegen.TemplateManager - writing file /tmp/p00-contracts-ta76k3do/changed/.npmignore
[main] INFO  o.o.codegen.TemplateManager - writing file /tmp/p00-contracts-ta76k3do/changed/.gitignore
[main] INFO  o.o.codegen.TemplateManager - writing file /tmp/p00-contracts-ta76k3do/changed/src/models/index.ts
[main] INFO  o.o.codegen.TemplateManager - writing file /tmp/p00-contracts-ta76k3do/changed/src/apis/index.ts
[main] INFO  o.o.codegen.TemplateManager - writing file /tmp/p00-contracts-ta76k3do/changed/.openapi-generator-ignore
[main] INFO  o.o.codegen.TemplateManager - writing file /tmp/p00-contracts-ta76k3do/changed/.openapi-generator/VERSION
[main] INFO  o.o.codegen.TemplateManager - writing file /tmp/p00-contracts-ta76k3do/changed/.openapi-generator/FILES
############################################################################################
# Thanks for using OpenAPI Generator.                                                      #
# We appreciate your support! Please consider donating to help us maintain this project.   #
# https://opencollective.com/openapi_generator/donate                                      #
############################################################################################
