[
    {
        "Id": "sha256:9bc88e055e3d7953acf9c52d367217e64f779484598e55b0077e3d77caf5aae3",
        "RepoTags": [
            "p01-inventory:c28c87e6c6804450fea9f6d6817a818eed37fc03"
        ],
        "RepoDigests": [],
        "Parent": "",
        "Comment": "buildkit.dockerfile.v0",
        "Created": "2026-10-04T23:44:07.623372736Z",
        "DockerVersion": "",
        "Author": "",
        "Config": {
            "Hostname": "",
            "Domainname": "",
            "User": "10001:10001",
            "AttachStdin": false,
            "AttachStdout": false,
            "AttachStderr": false,
            "Tty": false,
            "OpenStdin": false,
            "StdinOnce": false,
            "Env": [
                "PATH=/opt/venv/bin:/usr/local/bin:/usr/local/sbin:/usr/local/bin:/usr/sbin:/usr/bin:/sbin:/bin",
                "LANG=C.UTF-8",
                "GPG_KEY=7169605F62C751356D054A26A821E680E5FA6305",
                "PYTHON_VERSION=3.12.14",
                "PYTHON_SHA256=5c8462af5790baf43a321a1559dbe0db06d1be4300fb85fb53c40060668e548a",
                "PYTHONDONTWRITEBYTECODE=1",
                "PYTHONUNBUFFERED=1"
            ],
            "Cmd": [
                "liveness"
            ],
            "Healthcheck": {
                "Test": [
                    "NONE"
                ]
            },
            "ArgsEscaped": true,
            "Image": "",
            "Volumes": null,
            "WorkingDir": "/app",
            "Entrypoint": [
                "/opt/venv/bin/inventory-health"
            ],
            "OnBuild": null,
            "Labels": {
                "io.product.component": "inventory",
                "org.opencontainers.image.revision": "c28c87e6c6804450fea9f6d6817a818eed37fc03",
                "org.opencontainers.image.source": "https://github.com/awalker0878/multi-tenant",
                "org.opencontainers.image.title": "product-inventory bootstrap"
            }
        },
        "Architecture": "amd64",
        "Os": "linux",
        "Size": 146074339,
        "GraphDriver": {
            "Data": {
                "LowerDir": "/var/lib/docker/overlay2/uh1jqmbw8r3tql6xo2p7fdxyb/diff:/var/lib/docker/overlay2/55580f9503b6bac7b077a3820f4ea8cb322308a513076f84aa1baca6fc5c9f38/diff:/var/lib/docker/overlay2/850d14c0db12a0c5ebc99aa8043cc8dde235bc9c1d6631697213907d2cfb9bcc/diff:/var/lib/docker/overlay2/910b8654a29a0cdb546d2fb167cffe9f8cd12e1443016c7f1ec8cfb95a840737/diff:/var/lib/docker/overlay2/44c5355b36ea5c44fd1c50dacd40e2c319b3fa8c705b2bd28b8c3f52c9d8c47e/diff",
                "MergedDir": "/var/lib/docker/overlay2/piizav2y50ihm7go8nieq9g60/merged",
                "UpperDir": "/var/lib/docker/overlay2/piizav2y50ihm7go8nieq9g60/diff",
                "WorkDir": "/var/lib/docker/overlay2/piizav2y50ihm7go8nieq9g60/work"
            },
            "Name": "overlay2"
        },
        "RootFS": {
            "Type": "layers",
            "Layers": [
                "sha256:34467cc93912af891dfee8a3902adf9b4f355a9bca4eaa46f658d1181a21de0d",
                "sha256:16df0073c13c96653ee2b601b16e514321513eb4af983de156c2d4e17df8a5d9",
                "sha256:9639007baab8a136bc468bd5d757fdf79cf5d77b6ff2a87889071252e334fab3",
                "sha256:abca6d63c9dbe51fa3bc42e75e0387da12803ef64430ad151814e468d5e1c203",
                "sha256:6416eb0dfb628eef1056789e3db7629ae2bc6146f9c5daf04281c09a80e63194",
                "sha256:e739c99452f129c59ba6334d1e4ec802cd0b65dbb0d5c81598987fa5734fdc7d"
            ]
        },
        "Metadata": {
            "LastTagTime": "2026-10-04T23:44:08.006016187Z"
        }
    }
]
