[
    {
        "Id": "sha256:8071bbb050236398bb20c007c5077edfc13204fcc3f892a64d68673421355596",
        "RepoTags": [
            "p01-lifecycle-workers:b7705eef994c50863d87b4d8f9ff272f9397ca37"
        ],
        "RepoDigests": [],
        "Parent": "",
        "Comment": "buildkit.dockerfile.v0",
        "Created": "2026-10-05T06:32:46.715154453Z",
        "DockerVersion": "",
        "Author": "",
        "Config": {
            "Hostname": "",
            "Domainname": "",
            "User": "10001:10001",
            "AttachStdin": false,
            "AttachStdout": false,
            "AttachStderr": false,
            "Tty": false,
            "OpenStdin": false,
            "StdinOnce": false,
            "Env": [
                "PATH=/opt/venv/bin:/usr/local/bin:/usr/local/sbin:/usr/local/bin:/usr/sbin:/usr/bin:/sbin:/bin",
                "LANG=C.UTF-8",
                "GPG_KEY=7169605F62C751356D054A26A821E680E5FA6305",
                "PYTHON_VERSION=3.12.14",
                "PYTHON_SHA256=5c8462af5790baf43a321a1559dbe0db06d1be4300fb85fb53c40060668e548a",
                "PYTHONDONTWRITEBYTECODE=1",
                "PYTHONUNBUFFERED=1"
            ],
            "Cmd": [
                "liveness"
            ],
            "Healthcheck": {
                "Test": [
                    "NONE"
                ]
            },
            "ArgsEscaped": true,
            "Image": "",
            "Volumes": null,
            "WorkingDir": "/app",
            "Entrypoint": [
                "/opt/venv/bin/lifecycle-worker-health"
            ],
            "OnBuild": null,
            "Labels": {
                "org.opencontainers.image.revision": "b7705eef994c50863d87b4d8f9ff272f9397ca37",
                "org.opencontainers.image.source": "https://github.com/awalker0878/multi-tenant",
                "org.opencontainers.image.title": "product-lifecycle-worker bootstrap"
            }
        },
        "Architecture": "amd64",
        "Os": "linux",
        "Size": 48918484,
        "GraphDriver": {
            "Data": {
                "LowerDir": "/var/lib/docker/overlay2/m9yxbm0m4eznjtgqecxkfti1g/diff:/var/lib/docker/overlay2/118e37e33a6c5cf49effbb2748559512bd544e895299a9d7f0f3fa71f54a4de5/diff:/var/lib/docker/overlay2/34669d2e29d2dad7b3c7681e6dc7227239252afdb1a591e83a10f0433676626d/diff:/var/lib/docker/overlay2/941b1b3d07e3f92d19b22be2f9b09952b2e16480280a30eee929a521ea307e99/diff:/var/lib/docker/overlay2/2ae0b48eecfe9a6e2756191da34c38096ffcefcfe60a3735da2ca81df409a0ef/diff",
                "MergedDir": "/var/lib/docker/overlay2/z4yhww7d2epmkz72gp48qbs59/merged",
                "UpperDir": "/var/lib/docker/overlay2/z4yhww7d2epmkz72gp48qbs59/diff",
                "WorkDir": "/var/lib/docker/overlay2/z4yhww7d2epmkz72gp48qbs59/work"
            },
            "Name": "overlay2"
        },
        "RootFS": {
            "Type": "layers",
            "Layers": [
                "sha256:74d97c428c51a828f9051a7a40a53ff1fc99e54fc30323ce36760701b0b7f711",
                "sha256:d1475f57bfeb95f8d89bad4de04d7af788036223b8505b2b5791158c8d885ff0",
                "sha256:90630b4239d75c9daa2f10f7bb6bfe9b45cfc1419783384dd9873dbf2b732fc3",
                "sha256:23d9641aa36e31a0b3699cec59ff9f51478b65b47f5f2c7de83d48293d4d4852",
                "sha256:e8a6b513a8f4cb779245f98fff9297357604393dc1dbf66e9cc252f1ff1026a3",
                "sha256:a9ff8dd21275a86aec0affb3b0647f12fac676e9fa422b1912bb16f507282bc2"
            ]
        },
        "Metadata": {
            "LastTagTime": "2026-10-05T06:32:47.009968287Z"
        }
    }
]
