[
    {
        "Id": "sha256:3538dde8faec9cb1e81feca6526661a81392e6233a54ccc84f90f716917262db",
        "RepoTags": [
            "p01-inventory-workers:36a14811b5afa23717566d5e8a08632e011f44a5"
        ],
        "RepoDigests": [],
        "Parent": "",
        "Comment": "buildkit.dockerfile.v0",
        "Created": "2026-10-05T07:37:23.417420919Z",
        "DockerVersion": "",
        "Author": "",
        "Config": {
            "Hostname": "",
            "Domainname": "",
            "User": "10001:10001",
            "AttachStdin": false,
            "AttachStdout": false,
            "AttachStderr": false,
            "Tty": false,
            "OpenStdin": false,
            "StdinOnce": false,
            "Env": [
                "PATH=/opt/venv/bin:/usr/local/bin:/usr/local/sbin:/usr/local/bin:/usr/sbin:/usr/bin:/sbin:/bin",
                "LANG=C.UTF-8",
                "GPG_KEY=7169605F62C751356D054A26A821E680E5FA6305",
                "PYTHON_VERSION=3.12.14",
                "PYTHON_SHA256=5c8462af5790baf43a321a1559dbe0db06d1be4300fb85fb53c40060668e548a",
                "PYTHONDONTWRITEBYTECODE=1",
                "PYTHONUNBUFFERED=1"
            ],
            "Cmd": [
                "liveness"
            ],
            "Healthcheck": {
                "Test": [
                    "NONE"
                ]
            },
            "ArgsEscaped": true,
            "Image": "",
            "Volumes": null,
            "WorkingDir": "/app",
            "Entrypoint": [
                "/opt/venv/bin/inventory-worker-health"
            ],
            "OnBuild": null,
            "Labels": {
                "org.opencontainers.image.revision": "36a14811b5afa23717566d5e8a08632e011f44a5",
                "org.opencontainers.image.source": "https://github.com/awalker0878/multi-tenant",
                "org.opencontainers.image.title": "product-inventory-worker bootstrap"
            }
        },
        "Architecture": "amd64",
        "Os": "linux",
        "Size": 48918443,
        "GraphDriver": {
            "Data": {
                "LowerDir": "/var/lib/docker/overlay2/eaitzgzxrh9xlm5aki986j15e/diff:/var/lib/docker/overlay2/6b9f47738985feb84eb9ed69bc62d2e78f73310422ae1663b60c0b861afbc452/diff:/var/lib/docker/overlay2/7af54b1640cc5b714c87433c7c58400145eb9f7e5b7e4d41a95b423f4fd16049/diff:/var/lib/docker/overlay2/17501fa0b0511893bd452faf603cb00da13b2a49be02fce5e4bbc97816ca9ee4/diff:/var/lib/docker/overlay2/2ae0b48eecfe9a6e2756191da34c38096ffcefcfe60a3735da2ca81df409a0ef/diff",
                "MergedDir": "/var/lib/docker/overlay2/shkjsylx060njv32aef8095vl/merged",
                "UpperDir": "/var/lib/docker/overlay2/shkjsylx060njv32aef8095vl/diff",
                "WorkDir": "/var/lib/docker/overlay2/shkjsylx060njv32aef8095vl/work"
            },
            "Name": "overlay2"
        },
        "RootFS": {
            "Type": "layers",
            "Layers": [
                "sha256:74d97c428c51a828f9051a7a40a53ff1fc99e54fc30323ce36760701b0b7f711",
                "sha256:d1475f57bfeb95f8d89bad4de04d7af788036223b8505b2b5791158c8d885ff0",
                "sha256:90630b4239d75c9daa2f10f7bb6bfe9b45cfc1419783384dd9873dbf2b732fc3",
                "sha256:23d9641aa36e31a0b3699cec59ff9f51478b65b47f5f2c7de83d48293d4d4852",
                "sha256:7ab3c9fbe5bc690e307303c0aa95fba795e24764603d5daa7f83f5ef519c162f",
                "sha256:1513fa18904aca65bebb64fedb76c8715c796568915454b964b9a27a2e7b5c33"
            ]
        },
        "Metadata": {
            "LastTagTime": "2026-10-05T07:37:24.007443759Z"
        }
    }
]
