
Running 9 tests using 1 worker

  ✘  1 tests/browser-p08/campaign.spec.ts:3:1 › schedules measured migrations, recovers a lost receipt, pauses, and clears revoked access (3ms)
  ✘  2 tests/browser-p08/fleet.spec.ts:4:1 › discovers, groups and prepares source VMs with independent holds and current-group checks (2ms)
  ✘  3 tests/browser-p08/migration.spec.ts:4:1 › selects each source and destination direction without assuming a VMware source (2ms)
  ✘  4 tests/browser-p08/migration.spec.ts:23:1 › maps every observed disk, preserves uncertain commands, confirms exact review, and clears revoked access (3ms)
  ✘  5 tests/browser-p08/migration.spec.ts:81:1 › selects AHV resources and saves complete quarantine mappings without authorizing migration (3ms)
  ✘  6 tests/browser-p08/migration.spec.ts:122:1 › maps VMware placement, every disk and isolated NICs while preserving source firmware (3ms)
  ✘  7 tests/browser-p08/native-job.spec.ts:3:1 › shows independent stages, continues once after uncertainty, stops, and clears revoked access (4ms)
  ✘  8 tests/browser-p08/native-job.spec.ts:27:1 › rejects stale revisions and keeps read-only operators from sending native controls (3ms)
  ✘  9 tests/browser-p08/operator-inputs.spec.ts:3:1 › collects operator inputs, preserves zero and uncertain saves, and remains usable on mobile (4ms)


  1) tests/browser-p08/campaign.spec.ts:3:1 › schedules measured migrations, recovers a lost receipt, pauses, and clears revoked access 

    Error: browserType.launch: Executable doesn't exist at /root/.cache/ms-playwright/chromium_headless_shell-1243/chrome-headless-shell-linux64/chrome-headless-shell
    ╔════════════════════════════════════════════════════════════╗
    ║ Looks like Playwright was just installed or updated.       ║
    ║ Please run the following command to download new browsers: ║
    ║                                                            ║
    ║     npx playwright install                                 ║
    ║                                                            ║
    ║ <3 Playwright Team                                         ║
    ╚════════════════════════════════════════════════════════════╝

    Error Context: test-results/p08-artifacts/campaign-schedules-measure-96869-s-and-clears-revoked-access/error-context.md

    attachment #2: trace (application/zip) ─────────────────────────────────────────────────────────
    test-results/p08-artifacts/campaign-schedules-measure-96869-s-and-clears-revoked-access/trace.zip
    Usage:

        npx playwright show-trace test-results/p08-artifacts/campaign-schedules-measure-96869-s-and-clears-revoked-access/trace.zip

    ────────────────────────────────────────────────────────────────────────────────────────────────

  2) tests/browser-p08/fleet.spec.ts:4:1 › discovers, groups and prepares source VMs with independent holds and current-group checks 

    Error: browserType.launch: Executable doesn't exist at /root/.cache/ms-playwright/chromium_headless_shell-1243/chrome-headless-shell-linux64/chrome-headless-shell
    ╔════════════════════════════════════════════════════════════╗
    ║ Looks like Playwright was just installed or updated.       ║
    ║ Please run the following command to download new browsers: ║
    ║                                                            ║
    ║     npx playwright install                                 ║
    ║                                                            ║
    ║ <3 Playwright Team                                         ║
    ╚════════════════════════════════════════════════════════════╝

    Error Context: test-results/p08-artifacts/fleet-discovers-groups-and-e9731-ds-and-current-group-checks/error-context.md

    attachment #2: trace (application/zip) ─────────────────────────────────────────────────────────
    test-results/p08-artifacts/fleet-discovers-groups-and-e9731-ds-and-current-group-checks/trace.zip
    Usage:

        npx playwright show-trace test-results/p08-artifacts/fleet-discovers-groups-and-e9731-ds-and-current-group-checks/trace.zip

    ────────────────────────────────────────────────────────────────────────────────────────────────

  3) tests/browser-p08/migration.spec.ts:4:1 › selects each source and destination direction without assuming a VMware source 

    Error: browserType.launch: Executable doesn't exist at /root/.cache/ms-playwright/chromium_headless_shell-1243/chrome-headless-shell-linux64/chrome-headless-shell
    ╔════════════════════════════════════════════════════════════╗
    ║ Looks like Playwright was just installed or updated.       ║
    ║ Please run the following command to download new browsers: ║
    ║                                                            ║
    ║     npx playwright install                                 ║
    ║                                                            ║
    ║ <3 Playwright Team                                         ║
    ╚════════════════════════════════════════════════════════════╝

    Error Context: test-results/p08-artifacts/migration-selects-each-sou-6399d-ut-assuming-a-VMware-source/error-context.md

    attachment #2: trace (application/zip) ─────────────────────────────────────────────────────────
    test-results/p08-artifacts/migration-selects-each-sou-6399d-ut-assuming-a-VMware-source/trace.zip
    Usage:

        npx playwright show-trace test-results/p08-artifacts/migration-selects-each-sou-6399d-ut-assuming-a-VMware-source/trace.zip

    ────────────────────────────────────────────────────────────────────────────────────────────────

  4) tests/browser-p08/migration.spec.ts:23:1 › maps every observed disk, preserves uncertain commands, confirms exact review, and clears revoked access 

    Error: browserType.launch: Executable doesn't exist at /root/.cache/ms-playwright/chromium_headless_shell-1243/chrome-headless-shell-linux64/chrome-headless-shell
    ╔════════════════════════════════════════════════════════════╗
    ║ Looks like Playwright was just installed or updated.       ║
    ║ Please run the following command to download new browsers: ║
    ║                                                            ║
    ║     npx playwright install                                 ║
    ║                                                            ║
    ║ <3 Playwright Team                                         ║
    ╚════════════════════════════════════════════════════════════╝

    Error Context: test-results/p08-artifacts/migration-maps-every-obser-c4741-w-and-clears-revoked-access/error-context.md

    attachment #2: trace (application/zip) ─────────────────────────────────────────────────────────
    test-results/p08-artifacts/migration-maps-every-obser-c4741-w-and-clears-revoked-access/trace.zip
    Usage:

        npx playwright show-trace test-results/p08-artifacts/migration-maps-every-obser-c4741-w-and-clears-revoked-access/trace.zip

    ────────────────────────────────────────────────────────────────────────────────────────────────

  5) tests/browser-p08/migration.spec.ts:81:1 › selects AHV resources and saves complete quarantine mappings without authorizing migration 

    Error: browserType.launch: Executable doesn't exist at /root/.cache/ms-playwright/chromium_headless_shell-1243/chrome-headless-shell-linux64/chrome-headless-shell
    ╔════════════════════════════════════════════════════════════╗
    ║ Looks like Playwright was just installed or updated.       ║
    ║ Please run the following command to download new browsers: ║
    ║                                                            ║
    ║     npx playwright install                                 ║
    ║                                                            ║
    ║ <3 Playwright Team                                         ║
    ╚════════════════════════════════════════════════════════════╝

    Error Context: test-results/p08-artifacts/migration-selects-AHV-reso-4cedc-thout-authorizing-migration/error-context.md

    attachment #2: trace (application/zip) ─────────────────────────────────────────────────────────
    test-results/p08-artifacts/migration-selects-AHV-reso-4cedc-thout-authorizing-migration/trace.zip
    Usage:

        npx playwright show-trace test-results/p08-artifacts/migration-selects-AHV-reso-4cedc-thout-authorizing-migration/trace.zip

    ────────────────────────────────────────────────────────────────────────────────────────────────

  6) tests/browser-p08/migration.spec.ts:122:1 › maps VMware placement, every disk and isolated NICs while preserving source firmware 

    Error: browserType.launch: Executable doesn't exist at /root/.cache/ms-playwright/chromium_headless_shell-1243/chrome-headless-shell-linux64/chrome-headless-shell
    ╔════════════════════════════════════════════════════════════╗
    ║ Looks like Playwright was just installed or updated.       ║
    ║ Please run the following command to download new browsers: ║
    ║                                                            ║
    ║     npx playwright install                                 ║
    ║                                                            ║
    ║ <3 Playwright Team                                         ║
    ╚════════════════════════════════════════════════════════════╝

    Error Context: test-results/p08-artifacts/migration-maps-VMware-plac-f60a4--preserving-source-firmware/error-context.md

    attachment #2: trace (application/zip) ─────────────────────────────────────────────────────────
    test-results/p08-artifacts/migration-maps-VMware-plac-f60a4--preserving-source-firmware/trace.zip
    Usage:

        npx playwright show-trace test-results/p08-artifacts/migration-maps-VMware-plac-f60a4--preserving-source-firmware/trace.zip

    ────────────────────────────────────────────────────────────────────────────────────────────────

  7) tests/browser-p08/native-job.spec.ts:3:1 › shows independent stages, continues once after uncertainty, stops, and clears revoked access 

    Error: browserType.launch: Executable doesn't exist at /root/.cache/ms-playwright/chromium_headless_shell-1243/chrome-headless-shell-linux64/chrome-headless-shell
    ╔════════════════════════════════════════════════════════════╗
    ║ Looks like Playwright was just installed or updated.       ║
    ║ Please run the following command to download new browsers: ║
    ║                                                            ║
    ║     npx playwright install                                 ║
    ║                                                            ║
    ║ <3 Playwright Team                                         ║
    ╚════════════════════════════════════════════════════════════╝

    Error Context: test-results/p08-artifacts/native-job-shows-independe-6ba59-s-and-clears-revoked-access/error-context.md

    attachment #2: trace (application/zip) ─────────────────────────────────────────────────────────
    test-results/p08-artifacts/native-job-shows-independe-6ba59-s-and-clears-revoked-access/trace.zip
    Usage:

        npx playwright show-trace test-results/p08-artifacts/native-job-shows-independe-6ba59-s-and-clears-revoked-access/trace.zip

    ────────────────────────────────────────────────────────────────────────────────────────────────

  8) tests/browser-p08/native-job.spec.ts:27:1 › rejects stale revisions and keeps read-only operators from sending native controls 

    Error: browserType.launch: Executable doesn't exist at /root/.cache/ms-playwright/chromium_headless_shell-1243/chrome-headless-shell-linux64/chrome-headless-shell
    ╔════════════════════════════════════════════════════════════╗
    ║ Looks like Playwright was just installed or updated.       ║
    ║ Please run the following command to download new browsers: ║
    ║                                                            ║
    ║     npx playwright install                                 ║
    ║                                                            ║
    ║ <3 Playwright Team                                         ║
    ╚════════════════════════════════════════════════════════════╝

    Error Context: test-results/p08-artifacts/native-job-rejects-stale-r-77461-rom-sending-native-controls/error-context.md

    attachment #2: trace (application/zip) ─────────────────────────────────────────────────────────
    test-results/p08-artifacts/native-job-rejects-stale-r-77461-rom-sending-native-controls/trace.zip
    Usage:

        npx playwright show-trace test-results/p08-artifacts/native-job-rejects-stale-r-77461-rom-sending-native-controls/trace.zip

    ────────────────────────────────────────────────────────────────────────────────────────────────

  9) tests/browser-p08/operator-inputs.spec.ts:3:1 › collects operator inputs, preserves zero and uncertain saves, and remains usable on mobile 

    Error: browserType.launch: Executable doesn't exist at /root/.cache/ms-playwright/chromium_headless_shell-1243/chrome-headless-shell-linux64/chrome-headless-shell
    ╔════════════════════════════════════════════════════════════╗
    ║ Looks like Playwright was just installed or updated.       ║
    ║ Please run the following command to download new browsers: ║
    ║                                                            ║
    ║     npx playwright install                                 ║
    ║                                                            ║
    ║ <3 Playwright Team                                         ║
    ╚════════════════════════════════════════════════════════════╝

    Error Context: test-results/p08-artifacts/operator-inputs-collects-o-c2f4d-nd-remains-usable-on-mobile/error-context.md

    attachment #2: trace (application/zip) ─────────────────────────────────────────────────────────
    test-results/p08-artifacts/operator-inputs-collects-o-c2f4d-nd-remains-usable-on-mobile/trace.zip
    Usage:

        npx playwright show-trace test-results/p08-artifacts/operator-inputs-collects-o-c2f4d-nd-remains-usable-on-mobile/trace.zip

    ────────────────────────────────────────────────────────────────────────────────────────────────

  9 failed
    tests/browser-p08/campaign.spec.ts:3:1 › schedules measured migrations, recovers a lost receipt, pauses, and clears revoked access 
    tests/browser-p08/fleet.spec.ts:4:1 › discovers, groups and prepares source VMs with independent holds and current-group checks 
    tests/browser-p08/migration.spec.ts:4:1 › selects each source and destination direction without assuming a VMware source 
    tests/browser-p08/migration.spec.ts:23:1 › maps every observed disk, preserves uncertain commands, confirms exact review, and clears revoked access 
    tests/browser-p08/migration.spec.ts:81:1 › selects AHV resources and saves complete quarantine mappings without authorizing migration 
    tests/browser-p08/migration.spec.ts:122:1 › maps VMware placement, every disk and isolated NICs while preserving source firmware 
    tests/browser-p08/native-job.spec.ts:3:1 › shows independent stages, continues once after uncertainty, stops, and clears revoked access 
    tests/browser-p08/native-job.spec.ts:27:1 › rejects stale revisions and keeps read-only operators from sending native controls 
    tests/browser-p08/operator-inputs.spec.ts:3:1 › collects operator inputs, preserves zero and uncertain saves, and remains usable on mobile 
npm warn Unknown env config "http-proxy". This will stop working in the next major version of npm.
[WebServer] (node:134) Warning: The 'NO_COLOR' env is ignored due to the 'FORCE_COLOR' env being set.
[WebServer] (Use `node --trace-warnings ...` to show where the warning was created)
[WebServer] npm warn Unknown env config "http-proxy". This will stop working in the next major version of npm.
[WebServer] (node:147) Warning: The 'NO_COLOR' env is ignored due to the 'FORCE_COLOR' env being set.
[WebServer] (Use `node --trace-warnings ...` to show where the warning was created)
(node:183) Warning: The 'NO_COLOR' env is ignored due to the 'FORCE_COLOR' env being set.
(Use `node --trace-warnings ...` to show where the warning was created)
(node:195) Warning: The 'NO_COLOR' env is ignored due to the 'FORCE_COLOR' env being set.
(Use `node --trace-warnings ...` to show where the warning was created)
(node:207) Warning: The 'NO_COLOR' env is ignored due to the 'FORCE_COLOR' env being set.
(Use `node --trace-warnings ...` to show where the warning was created)
(node:219) Warning: The 'NO_COLOR' env is ignored due to the 'FORCE_COLOR' env being set.
(Use `node --trace-warnings ...` to show where the warning was created)
(node:231) Warning: The 'NO_COLOR' env is ignored due to the 'FORCE_COLOR' env being set.
(Use `node --trace-warnings ...` to show where the warning was created)
(node:243) Warning: The 'NO_COLOR' env is ignored due to the 'FORCE_COLOR' env being set.
(Use `node --trace-warnings ...` to show where the warning was created)
(node:255) Warning: The 'NO_COLOR' env is ignored due to the 'FORCE_COLOR' env being set.
(Use `node --trace-warnings ...` to show where the warning was created)
(node:267) Warning: The 'NO_COLOR' env is ignored due to the 'FORCE_COLOR' env being set.
(Use `node --trace-warnings ...` to show where the warning was created)
(node:279) Warning: The 'NO_COLOR' env is ignored due to the 'FORCE_COLOR' env being set.
(Use `node --trace-warnings ...` to show where the warning was created)
