
Running 9 tests using 1 worker

  ✓  1 tests/browser-p08/campaign.spec.ts:3:1 › schedules measured migrations, recovers a lost receipt, pauses, and clears revoked access (7.8s)
  ✓  2 tests/browser-p08/fleet.spec.ts:4:1 › discovers, groups and prepares source VMs with independent holds and current-group checks (18.5s)
  ✓  3 tests/browser-p08/migration.spec.ts:4:1 › selects each source and destination direction without assuming a VMware source (4.1s)
  ✓  4 tests/browser-p08/migration.spec.ts:23:1 › maps every observed disk, preserves uncertain commands, confirms exact review, and clears revoked access (17.3s)
  ✓  5 tests/browser-p08/migration.spec.ts:81:1 › selects AHV resources and saves complete quarantine mappings without authorizing migration (2.4s)
  ✓  6 tests/browser-p08/migration.spec.ts:122:1 › maps VMware placement, every disk and isolated NICs while preserving source firmware (3.3s)
  ✘  7 tests/browser-p08/native-job.spec.ts:3:1 › shows independent stages, continues once after uncertainty, stops, and clears revoked access (717ms)
  ✓  8 tests/browser-p08/native-job.spec.ts:27:1 › rejects stale revisions and keeps read-only operators from sending native controls (1.0s)
  ✓  9 tests/browser-p08/operator-inputs.spec.ts:3:1 › collects operator inputs, preserves zero and uncertain saves, and remains usable on mobile (17.7s)


  1) tests/browser-p08/native-job.spec.ts:3:1 › shows independent stages, continues once after uncertainty, stops, and clears revoked access 

    Error: expect(locator).toContainText(expected) failed

    Locator: getByRole('alert')
    Expected substring: "Refresh current state"
    Error: strict mode violation: getByRole('alert') resolved to 2 elements:
        1) <p role="alert">Current state is unavailable. Controls are paused.</p> aka getByText('Current state is unavailable')
        2) <p role="alert">outcome uncertain. Refresh current state before a…</p> aka getByText('outcome uncertain. Refresh')

    Call log:
      - Expect "toContainText" getByRole('alert') with timeout 5000ms
      - waiting for getByRole('alert')


      12 |   await request.post('/__native', { data: { uncertain: true } });
      13 |   await page.getByRole('button', { name: 'Continue immutable download', exact: true }).click();
    > 14 |   await expect(page.getByRole('alert')).toContainText('Refresh current state');
         |                                         ^
      15 |   await expect(page.getByRole('heading', { name: 'Migration state: running', exact: true })).toBeVisible();
      16 |   await expect(page.getByRole('heading', { name: '2 of 8 stages independently verified', exact: true })).toBeVisible();
      17 |   await expect(page.getByRole('button', { name: 'Continue immutable download', exact: true })).toHaveCount(0);
        at /workspace/scratch/a327913cf034/multi-tenant/apps/console/tests/browser-p08/native-job.spec.ts:14:41

    attachment #1: screenshot (image/png) ──────────────────────────────────────────────────────────
    test-results/p08-artifacts/native-job-shows-independe-6ba59-s-and-clears-revoked-access/test-failed-1.png
    ────────────────────────────────────────────────────────────────────────────────────────────────

    Error Context: test-results/p08-artifacts/native-job-shows-independe-6ba59-s-and-clears-revoked-access/error-context.md

    attachment #3: trace (application/zip) ─────────────────────────────────────────────────────────
    test-results/p08-artifacts/native-job-shows-independe-6ba59-s-and-clears-revoked-access/trace.zip
    Usage:

        npx playwright show-trace test-results/p08-artifacts/native-job-shows-independe-6ba59-s-and-clears-revoked-access/trace.zip

    ────────────────────────────────────────────────────────────────────────────────────────────────

  1 failed
    tests/browser-p08/native-job.spec.ts:3:1 › shows independent stages, continues once after uncertainty, stops, and clears revoked access 
  8 passed (1.3m)
npm warn Unknown env config "http-proxy". This will stop working in the next major version of npm.
[WebServer] (node:135) Warning: The 'NO_COLOR' env is ignored due to the 'FORCE_COLOR' env being set.
[WebServer] (Use `node --trace-warnings ...` to show where the warning was created)
[WebServer] npm warn Unknown env config "http-proxy". This will stop working in the next major version of npm.
[WebServer] (node:148) Warning: The 'NO_COLOR' env is ignored due to the 'FORCE_COLOR' env being set.
[WebServer] (Use `node --trace-warnings ...` to show where the warning was created)
(node:185) Warning: The 'NO_COLOR' env is ignored due to the 'FORCE_COLOR' env being set.
(Use `node --trace-warnings ...` to show where the warning was created)
(node:373) Warning: The 'NO_COLOR' env is ignored due to the 'FORCE_COLOR' env being set.
(Use `node --trace-warnings ...` to show where the warning was created)
