Using CPython 3.12.14 interpreter at: /opt/hostedtoolcache/Python/3.12.14/x64/bin/python3
Creating virtual environment at: .venv
Resolved 37 packages in 0.56ms
Downloading pydantic-core (2.0MiB)
Downloading openapi-generator-cli (27.3MiB)
 Downloaded pydantic-core
 Downloaded openapi-generator-cli
Prepared 36 packages in 585ms
Installed 36 packages in 19ms
 + annotated-types==0.8.0
 + anyio==4.15.1
 + arrow==1.4.0
 + attrs==26.1.0
 + certifi==2026.7.22
 + fqdn==1.6.0
 + h11==0.16.0
 + httpcore==1.0.9
 + httpx==0.28.1
 + idna==3.20
 + isoduration==20.11.0
 + jsonpointer==3.1.1
 + jsonschema==4.26.0
 + jsonschema-path==0.5.0
 + jsonschema-specifications==2025.9.1
 + lazy-object-proxy==1.12.0
 + openapi-generator-cli==7.25.0
 + openapi-schema-validator==0.9.0
 + openapi-spec-validator==0.9.0
 + pathable==0.6.0
 + pydantic==2.13.5
 + pydantic-core==2.46.5
 + pydantic-settings==2.15.0
 + python-dateutil==2.9.0.post0
 + python-dotenv==1.2.4
 + pyyaml==6.0.3
 + referencing==0.37.0
 + rfc3339-validator==0.1.4
 + rfc3987==1.3.8
 + rpds-py==2026.9.1
 + six==1.17.0
 + typing-extensions==4.16.0
 + typing-inspection==0.4.4
 + tzdata==2026.5
 + uri-template==1.3.0
 + webcolors==25.10.0
