npm warn Unknown env config "http-proxy". This will stop working in the next major version of npm.

> product-console@0.0.0 build
> vite build

vite v8.3.2 building client environment for production...
transforming...
✓ 580 modules transformed.
rendering chunks...
computing gzip size...
public/build/manifest.json                         2.53 kB │ gzip:  0.47 kB
public/build/assets/IdentityLayout-DWjcmymb.css    0.88 kB │ gzip:  0.35 kB
public/build/assets/app-cyHz5y2b.css              12.07 kB │ gzip:  3.24 kB
public/build/assets/IdentityLayout-CrIm7vG9.js     1.23 kB │ gzip:  0.76 kB
public/build/assets/Foundation-B6RE6xWZ.js         1.60 kB │ gzip:  0.83 kB
public/build/assets/Login-D7rtz4_o.js              1.75 kB │ gzip:  0.82 kB
public/build/assets/Password-LnorP5f9.js           2.17 kB │ gzip:  0.88 kB
public/build/assets/Account-ltaOM6pS.js            3.05 kB │ gzip:  1.42 kB
public/build/assets/Setup-Ds4DCNwa.js              5.09 kB │ gzip:  2.13 kB
public/build/assets/Tenant-Bw2AElIA.js             8.41 kB │ gzip:  3.03 kB
public/build/assets/app-CttBc-Gz.js              182.60 kB │ gzip: 62.46 kB

✓ built in 317ms
