{
  "images":  [
    {
      "id":  "sha256:4626fe10df5b930638e6e1662143ee1c7a698de6174fdb61a8ce658e688be2cd",
      "repoTags":  [
        "docker.io/kindest/kindnetd:v20260820-69b56db7"
      ],
      "repoDigests":  [],
      "size":  "39744255",
      "username":  "",
      "pinned":  false
    },
    {
      "id":  "sha256:19aa6a21b42cb57f6f76e0f3584d7dfec241a3f3568cd6590a2967c28d9cdce3",
      "repoTags":  [
        "docker.io/kindest/local-path-helper:v20260131-7181c60a"
      ],
      "repoDigests":  [],
      "size":  "2872608",
      "uid":  {
        "value":  "0"
      },
      "username":  "",
      "pinned":  false
    },
    {
      "id":  "sha256:c82008e2cd0186ef96bfd05d6b49d3286768fae5bd7a961f70bd485a3785c006",
      "repoTags":  [
        "docker.io/kindest/local-path-provisioner:v20260820-69b56db7"
      ],
      "repoDigests":  [],
      "size":  "15868133",
      "uid":  {
        "value":  "0"
      },
      "username":  "",
      "pinned":  false
    },
    {
      "id":  "sha256:c3e9c5b34fa92b0c8ef2628b09d20afdd79418b8a2ea2eabb4798e2d290e9999",
      "repoTags":  [
        "p01.local/assurance:sha256-c3e9c5b34fa92b0c8ef2628b09d20afdd79418b8a2ea2eabb4798e2d290e9999"
      ],
      "repoDigests":  [
        "docker.io/library/import-2026-10-05@sha256:7aac90d383ded8b9714380393cb68a4c4b8351f8aa728f54f42c1a895a806b98"
      ],
      "size":  "565696035",
      "uid":  {
        "value":  "10001"
      },
      "username":  "",
      "pinned":  false
    },
    {
      "id":  "sha256:8285492d822149a4ef344131f1b68b81043dbf44d7ac556fe49dcbe08a26c328",
      "repoTags":  [
        "p01.local/catalogue:sha256-8285492d822149a4ef344131f1b68b81043dbf44d7ac556fe49dcbe08a26c328"
      ],
      "repoDigests":  [
        "docker.io/library/import-2026-10-05@sha256:7edf2b5c81e4865f8cb31384ed18dc25bf223aa62ec6bb58ea9cd448813c3ca3"
      ],
      "size":  "565696040",
      "uid":  {
        "value":  "10001"
      },
      "username":  "",
      "pinned":  false
    },
    {
      "id":  "sha256:bd27e86676223df6214fade7af813851fed2710d79ad115ef369351faccef5c7",
      "repoTags":  [
        "p01.local/console:sha256-bd27e86676223df6214fade7af813851fed2710d79ad115ef369351faccef5c7"
      ],
      "repoDigests":  [
        "docker.io/library/import-2026-10-05@sha256:c5a300c758f0050f13c13bbc88192f7ef4041bae15fb0c5f0cc664ac74575003"
      ],
      "size":  "566232353",
      "uid":  {
        "value":  "10001"
      },
      "username":  "",
      "pinned":  false
    },
    {
      "id":  "sha256:6c9678261abdc9071bb72eea0ff2b1c8a038bdbfeecd0c95d4bc728130a277e6",
      "repoTags":  [
        "p01.local/governance:sha256-6c9678261abdc9071bb72eea0ff2b1c8a038bdbfeecd0c95d4bc728130a277e6"
      ],
      "repoDigests":  [
        "docker.io/library/import-2026-10-05@sha256:cd1a3d3e538f5f345c3f608f5dbfec2715cf91bddb249c5c9b4e72e3be5fcf96"
      ],
      "size":  "565696039",
      "uid":  {
        "value":  "10001"
      },
      "username":  "",
      "pinned":  false
    },
    {
      "id":  "sha256:b10286cccdbf9b916b551be2cf5c09ff7b3bc7c493c3025f73ae880588aac312",
      "repoTags":  [
        "p01.local/inventory:sha256-b10286cccdbf9b916b551be2cf5c09ff7b3bc7c493c3025f73ae880588aac312"
      ],
      "repoDigests":  [
        "docker.io/library/import-2026-10-05@sha256:5eae49b7362b60d1e4ee91d3ca4755e977db5ac77fa1e02da08d19340f71612e"
      ],
      "size":  "151116789",
      "uid":  {
        "value":  "10001"
      },
      "username":  "",
      "pinned":  false
    },
    {
      "id":  "sha256:551adea7f330ddeee402a818e3e6eb1424594f6170dfb81b70bda914331b6db3",
      "repoTags":  [
        "p01.local/lifecycle:sha256-551adea7f330ddeee402a818e3e6eb1424594f6170dfb81b70bda914331b6db3"
      ],
      "repoDigests":  [
        "docker.io/library/import-2026-10-05@sha256:675126e61eb738d536a9697b7e933fbffcfad046f81540c73a973be4485c0109"
      ],
      "size":  "151116789",
      "uid":  {
        "value":  "10001"
      },
      "username":  "",
      "pinned":  false
    },
    {
      "id":  "sha256:30d1e21bb57d04c9fa6a73bdfb0465dbcd234c8a299d5748e0f0dd7cedf330d9",
      "repoTags":  [
        "p01.local/nginx:manifest-sha256-3d2f995522ddb52c3a4eb8008b8fa26f184f7146851df1da831f88885ac40aae"
      ],
      "repoDigests":  [
        "docker.io/library/import-2026-10-05@sha256:5c7e4ac215c73965ec024805e7feb2f942e4570d89003814734678eb756ea3de"
      ],
      "size":  "165125259",
      "username":  "",
      "pinned":  false
    },
    {
      "id":  "sha256:f73a9c800371151a4967be7ab0d52e697789303a5dc1789b1ce8a86043fee0ea",
      "repoTags":  [
        "p01.local/planning:sha256-f73a9c800371151a4967be7ab0d52e697789303a5dc1789b1ce8a86043fee0ea"
      ],
      "repoDigests":  [
        "docker.io/library/import-2026-10-05@sha256:d5f42434f4a2253c45734e928544bb2b8f134615ebab349f0dd7f28166cc0374"
      ],
      "size":  "151116782",
      "uid":  {
        "value":  "10001"
      },
      "username":  "",
      "pinned":  false
    },
    {
      "id":  "sha256:8d76d8de17e883d3995f76252e260bc6b7761e9c23edbf3356b0676d37c49ddb",
      "repoTags":  [
        "p01.local/postgres:manifest-sha256-9e73daeb439141c2b11eea2463f5f1a3b269fd90d897b41cddb7cb440f21aa5d"
      ],
      "repoDigests":  [
        "docker.io/library/import-2026-10-05@sha256:a73366f9c26d0167be14b0a23ba05e7d044534d10215b1017fe8b34946867e8c"
      ],
      "size":  "448094690",
      "username":  "",
      "pinned":  false
    },
    {
      "id":  "sha256:38667dd9be96c17227adde456e33ad701bdbdc5c6db0272a1d33a929bd8e62d6",
      "repoTags":  [
        "registry.k8s.io/coredns/coredns:v1.14.2"
      ],
      "repoDigests":  [],
      "size":  "23257541",
      "username":  "nonroot",
      "pinned":  false
    },
    {
      "id":  "sha256:ee85eb1f0edd27fd11e3bed20f21a4001ad63107eb2f8d489429648a799c0e86",
      "repoTags":  [
        "registry.k8s.io/etcd:3.6.8-0"
      ],
      "repoDigests":  [],
      "size":  "22885795",
      "uid":  {
        "value":  "0"
      },
      "username":  "",
      "pinned":  false
    },
    {
      "id":  "sha256:b0f70fa6ec47eb5682e7030c5799ea8ba42e52f5e7ea24f0f46bd9e8170b183c",
      "repoTags":  [
        "registry.k8s.io/kube-apiserver-amd64:v1.36.4",
        "registry.k8s.io/kube-apiserver:v1.36.4"
      ],
      "repoDigests":  [
        "docker.io/library/import-2026-08-26@sha256:2123d119ca32eb19622df2e6279e27bc028d2c33d0e4afb46f197ca134e5f687"
      ],
      "size":  "96820086",
      "uid":  {
        "value":  "0"
      },
      "username":  "",
      "pinned":  true
    },
    {
      "id":  "sha256:c27613cea70f9808cc25955886c764ad38de589a9faeb2a8341cb27af6714684",
      "repoTags":  [
        "registry.k8s.io/kube-controller-manager-amd64:v1.36.4",
        "registry.k8s.io/kube-controller-manager:v1.36.4"
      ],
      "repoDigests":  [
        "docker.io/library/import-2026-08-26@sha256:5d1180ec5fa02cc8ffe2244491197efc92b5afe8637dbd2267cdb3a2102cde9c"
      ],
      "size":  "85995229",
      "uid":  {
        "value":  "0"
      },
      "username":  "",
      "pinned":  true
    },
    {
      "id":  "sha256:a5280d36e1aa3602794efd60dc157d55bbd1bed8f755b5c12e0a6ca5dce9d3bd",
      "repoTags":  [
        "registry.k8s.io/kube-proxy-amd64:v1.36.4",
        "registry.k8s.io/kube-proxy:v1.36.4"
      ],
      "repoDigests":  [
        "docker.io/library/import-2026-08-26@sha256:306a0415be3708a014f45abffffdffbf23c3625029b7b7b35c310b801205512a"
      ],
      "size":  "81708772",
      "username":  "",
      "pinned":  true
    },
    {
      "id":  "sha256:11ce0d8bbc73b7c08c30bb040fac58fac8ba3405b92b85451b643ee1c08dcd9f",
      "repoTags":  [
        "registry.k8s.io/kube-scheduler-amd64:v1.36.4",
        "registry.k8s.io/kube-scheduler:v1.36.4"
      ],
      "repoDigests":  [
        "docker.io/library/import-2026-08-26@sha256:8aec479d9e6484c30cd03cc157e65ce2f661e4f5f67876aa6315686602faccdd"
      ],
      "size":  "60788445",
      "uid":  {
        "value":  "0"
      },
      "username":  "",
      "pinned":  true
    },
    {
      "id":  "sha256:873ed75102791e5b0b8a7fcd41606c92fcec98d56d05ead4ac5131650004c136",
      "repoTags":  [
        "registry.k8s.io/pause:3.10"
      ],
      "repoDigests":  [],
      "size":  "320368",
      "uid":  {
        "value":  "65535"
      },
      "username":  "",
      "pinned":  true
    },
    {
      "id":  "sha256:e8a7b89d30c0711e31b5ee947e0493786824413ecda8349416155b39663570b3",
      "repoTags":  [],
      "repoDigests":  [
        "quay.io/cilium/cilium@sha256:2939231d0d3e3ebddcd80fffa168b7ddcc78fdf0dc864d1c8c126ff523c54f01"
      ],
      "size":  "257817200",
      "username":  "",
      "pinned":  false
    }
  ]
}
