{
    "apiVersion": "v1",
    "items": [
        {
            "apiVersion": "v1",
            "kind": "Pod",
            "metadata": {
                "creationTimestamp": "2026-10-05T00:13:05Z",
                "generateName": "catalogue-proxy-7579f5854-",
                "generation": 1,
                "labels": {
                    "app.kubernetes.io/part-of": "p01-foundation",
                    "p01.role": "proxy",
                    "p01.service": "catalogue",
                    "pod-template-hash": "7579f5854"
                },
                "name": "catalogue-proxy-7579f5854-b9qnc",
                "namespace": "p01-5122e256fb49-d9bfefab",
                "ownerReferences": [
                    {
                        "apiVersion": "apps/v1",
                        "blockOwnerDeletion": true,
                        "controller": true,
                        "kind": "ReplicaSet",
                        "name": "catalogue-proxy-7579f5854",
                        "uid": "caa57e0b-ab4b-4aff-9890-39d725f2a53e"
                    }
                ],
                "resourceVersion": "1574",
                "uid": "7fdb4b67-a42b-4c2f-971f-f7294cff0bc7"
            },
            "spec": {
                "automountServiceAccountToken": false,
                "containers": [
                    {
                        "args": [
                            "-g",
                            "daemon off;"
                        ],
                        "command": [
                            "/usr/sbin/nginx"
                        ],
                        "image": "p01.local/nginx:manifest-sha256-3d2f995522ddb52c3a4eb8008b8fa26f184f7146851df1da831f88885ac40aae",
                        "imagePullPolicy": "Never",
                        "livenessProbe": {
                            "failureThreshold": 3,
                            "periodSeconds": 10,
                            "successThreshold": 1,
                            "tcpSocket": {
                                "port": 8443
                            },
                            "timeoutSeconds": 2
                        },
                        "name": "catalogue-proxy",
                        "readinessProbe": {
                            "failureThreshold": 3,
                            "periodSeconds": 5,
                            "successThreshold": 1,
                            "tcpSocket": {
                                "port": 8443
                            },
                            "timeoutSeconds": 2
                        },
                        "resources": {
                            "limits": {
                                "cpu": "1",
                                "memory": "128Mi"
                            },
                            "requests": {
                                "cpu": "25m",
                                "memory": "64Mi"
                            }
                        },
                        "securityContext": {
                            "allowPrivilegeEscalation": false,
                            "capabilities": {
                                "drop": [
                                    "ALL"
                                ]
                            },
                            "readOnlyRootFilesystem": true,
                            "runAsGroup": 10001,
                            "runAsNonRoot": true,
                            "runAsUser": 10001
                        },
                        "terminationMessagePath": "/dev/termination-log",
                        "terminationMessagePolicy": "File",
                        "volumeMounts": [
                            {
                                "mountPath": "/run/secrets",
                                "name": "secrets",
                                "readOnly": true
                            },
                            {
                                "mountPath": "/tmp",
                                "name": "tmp"
                            },
                            {
                                "mountPath": "/etc/nginx/nginx.conf",
                                "name": "config",
                                "readOnly": true,
                                "subPath": "nginx.conf"
                            },
                            {
                                "mountPath": "/srv/public",
                                "name": "public",
                                "readOnly": true
                            }
                        ]
                    }
                ],
                "dnsPolicy": "ClusterFirst",
                "enableServiceLinks": false,
                "initContainers": [
                    {
                        "command": [
                            "/bin/sh",
                            "-ec",
                            "cp -R /app/public/. /srv/public/"
                        ],
                        "image": "p01.local/catalogue:sha256-8285492d822149a4ef344131f1b68b81043dbf44d7ac556fe49dcbe08a26c328",
                        "imagePullPolicy": "Never",
                        "name": "copy-public-assets",
                        "resources": {
                            "limits": {
                                "cpu": "1",
                                "memory": "256Mi"
                            },
                            "requests": {
                                "cpu": "25m",
                                "memory": "64Mi"
                            }
                        },
                        "securityContext": {
                            "allowPrivilegeEscalation": false,
                            "capabilities": {
                                "drop": [
                                    "ALL"
                                ]
                            },
                            "readOnlyRootFilesystem": true,
                            "runAsGroup": 10001,
                            "runAsNonRoot": true,
                            "runAsUser": 10001
                        },
                        "terminationMessagePath": "/dev/termination-log",
                        "terminationMessagePolicy": "File",
                        "volumeMounts": [
                            {
                                "mountPath": "/srv/public",
                                "name": "public"
                            }
                        ]
                    }
                ],
                "nodeName": "p01-5122e256fb49-d9bfefab-worker",
                "preemptionPolicy": "PreemptLowerPriority",
                "priority": 0,
                "restartPolicy": "Always",
                "schedulerName": "default-scheduler",
                "securityContext": {
                    "fsGroup": 10001,
                    "runAsGroup": 10001,
                    "runAsNonRoot": true,
                    "runAsUser": 10001,
                    "seccompProfile": {
                        "type": "RuntimeDefault"
                    }
                },
                "serviceAccount": "catalogue-proxy",
                "serviceAccountName": "catalogue-proxy",
                "terminationGracePeriodSeconds": 30,
                "tolerations": [
                    {
                        "effect": "NoExecute",
                        "key": "node.kubernetes.io/not-ready",
                        "operator": "Exists",
                        "tolerationSeconds": 300
                    },
                    {
                        "effect": "NoExecute",
                        "key": "node.kubernetes.io/unreachable",
                        "operator": "Exists",
                        "tolerationSeconds": 300
                    }
                ],
                "volumes": [
                    {
                        "name": "secrets",
                        "secret": {
                            "defaultMode": 292,
                            "secretName": "catalogue-tls"
                        }
                    },
                    {
                        "emptyDir": {
                            "medium": "Memory",
                            "sizeLimit": "32Mi"
                        },
                        "name": "tmp"
                    },
                    {
                        "configMap": {
                            "defaultMode": 420,
                            "name": "catalogue-proxy"
                        },
                        "name": "config"
                    },
                    {
                        "emptyDir": {
                            "sizeLimit": "64Mi"
                        },
                        "name": "public"
                    }
                ]
            },
            "status": {
                "allocatedResources": {
                    "cpu": "25m",
                    "memory": "64Mi"
                },
                "conditions": [
                    {
                        "lastProbeTime": null,
                        "lastTransitionTime": "2026-10-05T00:13:07Z",
                        "observedGeneration": 1,
                        "status": "True",
                        "type": "PodReadyToStartContainers"
                    },
                    {
                        "lastProbeTime": null,
                        "lastTransitionTime": "2026-10-05T00:13:10Z",
                        "observedGeneration": 1,
                        "status": "True",
                        "type": "Initialized"
                    },
                    {
                        "lastProbeTime": null,
                        "lastTransitionTime": "2026-10-05T00:13:15Z",
                        "observedGeneration": 1,
                        "status": "True",
                        "type": "Ready"
                    },
                    {
                        "lastProbeTime": null,
                        "lastTransitionTime": "2026-10-05T00:13:15Z",
                        "observedGeneration": 1,
                        "status": "True",
                        "type": "ContainersReady"
                    },
                    {
                        "lastProbeTime": null,
                        "lastTransitionTime": "2026-10-05T00:13:05Z",
                        "observedGeneration": 1,
                        "status": "True",
                        "type": "PodScheduled"
                    }
                ],
                "containerStatuses": [
                    {
                        "allocatedResources": {
                            "cpu": "25m",
                            "memory": "64Mi"
                        },
                        "containerID": "containerd://71b7f3121d97bd3bdead781dc3b40b9c0e7a8a21dee43019ede0c535bbefaaf2",
                        "image": "p01.local/nginx:manifest-sha256-3d2f995522ddb52c3a4eb8008b8fa26f184f7146851df1da831f88885ac40aae",
                        "imageID": "docker.io/library/import-2026-10-05@sha256:5c7e4ac215c73965ec024805e7feb2f942e4570d89003814734678eb756ea3de",
                        "lastState": {},
                        "name": "catalogue-proxy",
                        "ready": true,
                        "resources": {
                            "limits": {
                                "cpu": "1",
                                "memory": "128Mi"
                            },
                            "requests": {
                                "cpu": "25m",
                                "memory": "64Mi"
                            }
                        },
                        "restartCount": 0,
                        "started": true,
                        "state": {
                            "running": {
                                "startedAt": "2026-10-05T00:13:10Z"
                            }
                        },
                        "user": {
                            "linux": {
                                "gid": 10001,
                                "supplementalGroups": [
                                    10001
                                ],
                                "uid": 10001
                            }
                        },
                        "volumeMounts": [
                            {
                                "mountPath": "/run/secrets",
                                "name": "secrets",
                                "readOnly": true,
                                "recursiveReadOnly": "Disabled"
                            },
                            {
                                "mountPath": "/tmp",
                                "name": "tmp"
                            },
                            {
                                "mountPath": "/etc/nginx/nginx.conf",
                                "name": "config",
                                "readOnly": true,
                                "recursiveReadOnly": "Disabled"
                            },
                            {
                                "mountPath": "/srv/public",
                                "name": "public",
                                "readOnly": true,
                                "recursiveReadOnly": "Disabled"
                            }
                        ]
                    }
                ],
                "hostIP": "172.18.0.3",
                "hostIPs": [
                    {
                        "ip": "172.18.0.3"
                    }
                ],
                "initContainerStatuses": [
                    {
                        "allocatedResources": {
                            "cpu": "25m",
                            "memory": "64Mi"
                        },
                        "containerID": "containerd://7edc63ad975abd994104874d87667c43658d3c9141b86f244df9fc9bbdeaf112",
                        "image": "p01.local/catalogue:sha256-8285492d822149a4ef344131f1b68b81043dbf44d7ac556fe49dcbe08a26c328",
                        "imageID": "docker.io/library/import-2026-10-05@sha256:7edf2b5c81e4865f8cb31384ed18dc25bf223aa62ec6bb58ea9cd448813c3ca3",
                        "lastState": {},
                        "name": "copy-public-assets",
                        "ready": true,
                        "resources": {
                            "limits": {
                                "cpu": "1",
                                "memory": "256Mi"
                            },
                            "requests": {
                                "cpu": "25m",
                                "memory": "64Mi"
                            }
                        },
                        "restartCount": 0,
                        "started": false,
                        "state": {
                            "terminated": {
                                "containerID": "containerd://7edc63ad975abd994104874d87667c43658d3c9141b86f244df9fc9bbdeaf112",
                                "exitCode": 0,
                                "finishedAt": "2026-10-05T00:13:08Z",
                                "reason": "Completed",
                                "startedAt": "2026-10-05T00:13:08Z"
                            }
                        },
                        "user": {
                            "linux": {
                                "gid": 10001,
                                "supplementalGroups": [
                                    10001
                                ],
                                "uid": 10001
                            }
                        },
                        "volumeMounts": [
                            {
                                "mountPath": "/srv/public",
                                "name": "public"
                            }
                        ]
                    }
                ],
                "observedGeneration": 1,
                "phase": "Running",
                "podIP": "10.244.1.173",
                "podIPs": [
                    {
                        "ip": "10.244.1.173"
                    }
                ],
                "qosClass": "Burstable",
                "resources": {
                    "limits": {
                        "cpu": "1",
                        "memory": "256Mi"
                    },
                    "requests": {
                        "memory": "64Mi"
                    }
                },
                "startTime": "2026-10-05T00:13:05Z"
            }
        }
    ],
    "kind": "List",
    "metadata": {
        "resourceVersion": ""
    }
}
