{
    "apiVersion": "v1",
    "items": [
        {
            "apiVersion": "v1",
            "kind": "Pod",
            "metadata": {
                "creationTimestamp": "2026-10-05T00:13:06Z",
                "generateName": "inventory-proxy-b4d4954c-",
                "generation": 1,
                "labels": {
                    "app.kubernetes.io/part-of": "p01-foundation",
                    "p01.role": "proxy",
                    "p01.service": "inventory",
                    "pod-template-hash": "b4d4954c"
                },
                "name": "inventory-proxy-b4d4954c-6fl9m",
                "namespace": "p01-5122e256fb49-d9bfefab",
                "ownerReferences": [
                    {
                        "apiVersion": "apps/v1",
                        "blockOwnerDeletion": true,
                        "controller": true,
                        "kind": "ReplicaSet",
                        "name": "inventory-proxy-b4d4954c",
                        "uid": "c2009298-a535-48db-8294-acc3dd0bea9f"
                    }
                ],
                "resourceVersion": "1548",
                "uid": "5e037490-d436-48ba-b527-ff5bf55f8bf7"
            },
            "spec": {
                "automountServiceAccountToken": false,
                "containers": [
                    {
                        "args": [
                            "-g",
                            "daemon off;"
                        ],
                        "command": [
                            "/usr/sbin/nginx"
                        ],
                        "image": "p01.local/nginx:manifest-sha256-3d2f995522ddb52c3a4eb8008b8fa26f184f7146851df1da831f88885ac40aae",
                        "imagePullPolicy": "Never",
                        "livenessProbe": {
                            "failureThreshold": 3,
                            "periodSeconds": 10,
                            "successThreshold": 1,
                            "tcpSocket": {
                                "port": 8443
                            },
                            "timeoutSeconds": 2
                        },
                        "name": "inventory-proxy",
                        "readinessProbe": {
                            "failureThreshold": 3,
                            "periodSeconds": 5,
                            "successThreshold": 1,
                            "tcpSocket": {
                                "port": 8443
                            },
                            "timeoutSeconds": 2
                        },
                        "resources": {
                            "limits": {
                                "cpu": "1",
                                "memory": "128Mi"
                            },
                            "requests": {
                                "cpu": "25m",
                                "memory": "64Mi"
                            }
                        },
                        "securityContext": {
                            "allowPrivilegeEscalation": false,
                            "capabilities": {
                                "drop": [
                                    "ALL"
                                ]
                            },
                            "readOnlyRootFilesystem": true,
                            "runAsGroup": 10001,
                            "runAsNonRoot": true,
                            "runAsUser": 10001
                        },
                        "terminationMessagePath": "/dev/termination-log",
                        "terminationMessagePolicy": "File",
                        "volumeMounts": [
                            {
                                "mountPath": "/run/secrets",
                                "name": "secrets",
                                "readOnly": true
                            },
                            {
                                "mountPath": "/tmp",
                                "name": "tmp"
                            },
                            {
                                "mountPath": "/etc/nginx/nginx.conf",
                                "name": "config",
                                "readOnly": true,
                                "subPath": "nginx.conf"
                            }
                        ]
                    }
                ],
                "dnsPolicy": "ClusterFirst",
                "enableServiceLinks": false,
                "nodeName": "p01-5122e256fb49-d9bfefab-worker",
                "preemptionPolicy": "PreemptLowerPriority",
                "priority": 0,
                "restartPolicy": "Always",
                "schedulerName": "default-scheduler",
                "securityContext": {
                    "fsGroup": 10001,
                    "runAsGroup": 10001,
                    "runAsNonRoot": true,
                    "runAsUser": 10001,
                    "seccompProfile": {
                        "type": "RuntimeDefault"
                    }
                },
                "serviceAccount": "inventory-proxy",
                "serviceAccountName": "inventory-proxy",
                "terminationGracePeriodSeconds": 30,
                "tolerations": [
                    {
                        "effect": "NoExecute",
                        "key": "node.kubernetes.io/not-ready",
                        "operator": "Exists",
                        "tolerationSeconds": 300
                    },
                    {
                        "effect": "NoExecute",
                        "key": "node.kubernetes.io/unreachable",
                        "operator": "Exists",
                        "tolerationSeconds": 300
                    }
                ],
                "volumes": [
                    {
                        "name": "secrets",
                        "secret": {
                            "defaultMode": 292,
                            "secretName": "inventory-tls"
                        }
                    },
                    {
                        "emptyDir": {
                            "medium": "Memory",
                            "sizeLimit": "32Mi"
                        },
                        "name": "tmp"
                    },
                    {
                        "configMap": {
                            "defaultMode": 420,
                            "name": "inventory-proxy"
                        },
                        "name": "config"
                    }
                ]
            },
            "status": {
                "allocatedResources": {
                    "cpu": "25m",
                    "memory": "64Mi"
                },
                "conditions": [
                    {
                        "lastProbeTime": null,
                        "lastTransitionTime": "2026-10-05T00:13:09Z",
                        "observedGeneration": 1,
                        "status": "True",
                        "type": "PodReadyToStartContainers"
                    },
                    {
                        "lastProbeTime": null,
                        "lastTransitionTime": "2026-10-05T00:13:06Z",
                        "observedGeneration": 1,
                        "status": "True",
                        "type": "Initialized"
                    },
                    {
                        "lastProbeTime": null,
                        "lastTransitionTime": "2026-10-05T00:13:11Z",
                        "observedGeneration": 1,
                        "status": "True",
                        "type": "Ready"
                    },
                    {
                        "lastProbeTime": null,
                        "lastTransitionTime": "2026-10-05T00:13:11Z",
                        "observedGeneration": 1,
                        "status": "True",
                        "type": "ContainersReady"
                    },
                    {
                        "lastProbeTime": null,
                        "lastTransitionTime": "2026-10-05T00:13:06Z",
                        "observedGeneration": 1,
                        "status": "True",
                        "type": "PodScheduled"
                    }
                ],
                "containerStatuses": [
                    {
                        "allocatedResources": {
                            "cpu": "25m",
                            "memory": "64Mi"
                        },
                        "containerID": "containerd://84c993f0e9131e9b0b5e9e75b2cd97872f5673d506435f390ddca5a0670007ba",
                        "image": "p01.local/nginx:manifest-sha256-3d2f995522ddb52c3a4eb8008b8fa26f184f7146851df1da831f88885ac40aae",
                        "imageID": "docker.io/library/import-2026-10-05@sha256:5c7e4ac215c73965ec024805e7feb2f942e4570d89003814734678eb756ea3de",
                        "lastState": {},
                        "name": "inventory-proxy",
                        "ready": true,
                        "resources": {
                            "limits": {
                                "cpu": "1",
                                "memory": "128Mi"
                            },
                            "requests": {
                                "cpu": "25m",
                                "memory": "64Mi"
                            }
                        },
                        "restartCount": 0,
                        "started": true,
                        "state": {
                            "running": {
                                "startedAt": "2026-10-05T00:13:10Z"
                            }
                        },
                        "user": {
                            "linux": {
                                "gid": 10001,
                                "supplementalGroups": [
                                    10001
                                ],
                                "uid": 10001
                            }
                        },
                        "volumeMounts": [
                            {
                                "mountPath": "/run/secrets",
                                "name": "secrets",
                                "readOnly": true,
                                "recursiveReadOnly": "Disabled"
                            },
                            {
                                "mountPath": "/tmp",
                                "name": "tmp"
                            },
                            {
                                "mountPath": "/etc/nginx/nginx.conf",
                                "name": "config",
                                "readOnly": true,
                                "recursiveReadOnly": "Disabled"
                            }
                        ]
                    }
                ],
                "hostIP": "172.18.0.3",
                "hostIPs": [
                    {
                        "ip": "172.18.0.3"
                    }
                ],
                "observedGeneration": 1,
                "phase": "Running",
                "podIP": "10.244.1.189",
                "podIPs": [
                    {
                        "ip": "10.244.1.189"
                    }
                ],
                "qosClass": "Burstable",
                "resources": {
                    "limits": {
                        "cpu": "1",
                        "memory": "128Mi"
                    },
                    "requests": {
                        "memory": "64Mi"
                    }
                },
                "startTime": "2026-10-05T00:13:06Z"
            }
        }
    ],
    "kind": "List",
    "metadata": {
        "resourceVersion": ""
    }
}
