{
    "apiVersion": "v1",
    "items": [
        {
            "apiVersion": "v1",
            "kind": "Pod",
            "metadata": {
                "creationTimestamp": "2026-10-05T00:13:05Z",
                "generateName": "governance-754644cc57-",
                "generation": 1,
                "labels": {
                    "app.kubernetes.io/part-of": "p01-foundation",
                    "p01.role": "app",
                    "p01.service": "governance",
                    "pod-template-hash": "754644cc57"
                },
                "name": "governance-754644cc57-rm6rl",
                "namespace": "p01-5122e256fb49-d9bfefab",
                "ownerReferences": [
                    {
                        "apiVersion": "apps/v1",
                        "blockOwnerDeletion": true,
                        "controller": true,
                        "kind": "ReplicaSet",
                        "name": "governance-754644cc57",
                        "uid": "a56859c0-764e-41b4-bedf-4c546b1091cd"
                    }
                ],
                "resourceVersion": "1813",
                "uid": "7cd322a7-ff1b-4d27-b41c-570297a6fd13"
            },
            "spec": {
                "automountServiceAccountToken": false,
                "containers": [
                    {
                        "args": [
                            "sh",
                            "-ec",
                            "php artisan config:cache \u0026\u0026 exec php-fpm -F"
                        ],
                        "env": [
                            {
                                "name": "APP_DEBUG",
                                "value": "false"
                            },
                            {
                                "name": "APP_ENV",
                                "value": "production"
                            },
                            {
                                "name": "APP_KEY_FILE",
                                "value": "/run/secrets/app-key"
                            },
                            {
                                "name": "DB_DATABASE",
                                "value": "governance"
                            },
                            {
                                "name": "DB_HOST",
                                "value": "postgres"
                            },
                            {
                                "name": "DB_PASSWORD_FILE",
                                "value": "/run/secrets/db-password"
                            },
                            {
                                "name": "DB_PORT",
                                "value": "5432"
                            },
                            {
                                "name": "DB_SSLMODE",
                                "value": "verify-full"
                            },
                            {
                                "name": "DB_SSLROOTCERT",
                                "value": "/run/secrets/ca.crt"
                            },
                            {
                                "name": "DB_USERNAME",
                                "value": "governance_runtime"
                            },
                            {
                                "name": "HEALTH_TOKEN_FILE",
                                "value": "/run/secrets/health-token"
                            }
                        ],
                        "image": "p01.local/governance:sha256-6c9678261abdc9071bb72eea0ff2b1c8a038bdbfeecd0c95d4bc728130a277e6",
                        "imagePullPolicy": "Never",
                        "livenessProbe": {
                            "failureThreshold": 3,
                            "periodSeconds": 10,
                            "successThreshold": 1,
                            "tcpSocket": {
                                "port": 9000
                            },
                            "timeoutSeconds": 2
                        },
                        "name": "governance",
                        "readinessProbe": {
                            "exec": {
                                "command": [
                                    "php",
                                    "-r",
                                    "try { require '/app/vendor/autoload.php'; $app = require '/app/bootstrap/app.php';\n$app-\u003emake(Illuminate\\Contracts\\Console\\Kernel::class)-\u003ebootstrap();\n$token = trim((string) file_get_contents('/run/secrets/health-token'));\n$status = $app-\u003emake(App\\Application\\Foundation\\Actions\\InspectDependencies::class)-\u003ehandle($token);\nexit($status === App\\Application\\Foundation\\Data\\DependencyStatus::Ready ? 0 : 1);\n} catch (Throwable) { exit(1); }"
                                ]
                            },
                            "failureThreshold": 1,
                            "periodSeconds": 10,
                            "successThreshold": 1,
                            "timeoutSeconds": 8
                        },
                        "resources": {
                            "limits": {
                                "cpu": "1",
                                "memory": "512Mi"
                            },
                            "requests": {
                                "cpu": "25m",
                                "memory": "64Mi"
                            }
                        },
                        "securityContext": {
                            "allowPrivilegeEscalation": false,
                            "capabilities": {
                                "drop": [
                                    "ALL"
                                ]
                            },
                            "readOnlyRootFilesystem": true,
                            "runAsGroup": 10001,
                            "runAsNonRoot": true,
                            "runAsUser": 10001
                        },
                        "startupProbe": {
                            "failureThreshold": 60,
                            "periodSeconds": 2,
                            "successThreshold": 1,
                            "tcpSocket": {
                                "port": 9000
                            },
                            "timeoutSeconds": 1
                        },
                        "terminationMessagePath": "/dev/termination-log",
                        "terminationMessagePolicy": "File",
                        "volumeMounts": [
                            {
                                "mountPath": "/run/secrets",
                                "name": "secrets",
                                "readOnly": true
                            },
                            {
                                "mountPath": "/tmp",
                                "name": "tmp"
                            },
                            {
                                "mountPath": "/app/storage",
                                "name": "storage"
                            },
                            {
                                "mountPath": "/app/bootstrap/cache",
                                "name": "config-cache"
                            }
                        ]
                    }
                ],
                "dnsPolicy": "ClusterFirst",
                "enableServiceLinks": false,
                "nodeName": "p01-5122e256fb49-d9bfefab-worker",
                "preemptionPolicy": "PreemptLowerPriority",
                "priority": 0,
                "restartPolicy": "Always",
                "schedulerName": "default-scheduler",
                "securityContext": {
                    "fsGroup": 10001,
                    "runAsGroup": 10001,
                    "runAsNonRoot": true,
                    "runAsUser": 10001,
                    "seccompProfile": {
                        "type": "RuntimeDefault"
                    }
                },
                "serviceAccount": "governance",
                "serviceAccountName": "governance",
                "terminationGracePeriodSeconds": 30,
                "tolerations": [
                    {
                        "effect": "NoExecute",
                        "key": "node.kubernetes.io/not-ready",
                        "operator": "Exists",
                        "tolerationSeconds": 300
                    },
                    {
                        "effect": "NoExecute",
                        "key": "node.kubernetes.io/unreachable",
                        "operator": "Exists",
                        "tolerationSeconds": 300
                    }
                ],
                "volumes": [
                    {
                        "name": "secrets",
                        "secret": {
                            "defaultMode": 292,
                            "secretName": "governance-runtime"
                        }
                    },
                    {
                        "emptyDir": {
                            "medium": "Memory",
                            "sizeLimit": "32Mi"
                        },
                        "name": "tmp"
                    },
                    {
                        "emptyDir": {
                            "medium": "Memory",
                            "sizeLimit": "32Mi"
                        },
                        "name": "storage"
                    },
                    {
                        "emptyDir": {
                            "medium": "Memory",
                            "sizeLimit": "16Mi"
                        },
                        "name": "config-cache"
                    }
                ]
            },
            "status": {
                "allocatedResources": {
                    "cpu": "25m",
                    "memory": "64Mi"
                },
                "conditions": [
                    {
                        "lastProbeTime": null,
                        "lastTransitionTime": "2026-10-05T00:13:07Z",
                        "observedGeneration": 1,
                        "status": "True",
                        "type": "PodReadyToStartContainers"
                    },
                    {
                        "lastProbeTime": null,
                        "lastTransitionTime": "2026-10-05T00:13:05Z",
                        "observedGeneration": 1,
                        "status": "True",
                        "type": "Initialized"
                    },
                    {
                        "lastProbeTime": null,
                        "lastTransitionTime": "2026-10-05T00:13:28Z",
                        "observedGeneration": 1,
                        "status": "True",
                        "type": "Ready"
                    },
                    {
                        "lastProbeTime": null,
                        "lastTransitionTime": "2026-10-05T00:13:28Z",
                        "observedGeneration": 1,
                        "status": "True",
                        "type": "ContainersReady"
                    },
                    {
                        "lastProbeTime": null,
                        "lastTransitionTime": "2026-10-05T00:13:05Z",
                        "observedGeneration": 1,
                        "status": "True",
                        "type": "PodScheduled"
                    }
                ],
                "containerStatuses": [
                    {
                        "allocatedResources": {
                            "cpu": "25m",
                            "memory": "64Mi"
                        },
                        "containerID": "containerd://6d40551fb82df32a1e622c1cc0cba0e503193d7be6ed35f1ce73338a2b05d1be",
                        "image": "p01.local/governance:sha256-6c9678261abdc9071bb72eea0ff2b1c8a038bdbfeecd0c95d4bc728130a277e6",
                        "imageID": "docker.io/library/import-2026-10-05@sha256:cd1a3d3e538f5f345c3f608f5dbfec2715cf91bddb249c5c9b4e72e3be5fcf96",
                        "lastState": {},
                        "name": "governance",
                        "ready": true,
                        "resources": {
                            "limits": {
                                "cpu": "1",
                                "memory": "512Mi"
                            },
                            "requests": {
                                "cpu": "25m",
                                "memory": "64Mi"
                            }
                        },
                        "restartCount": 0,
                        "started": true,
                        "state": {
                            "running": {
                                "startedAt": "2026-10-05T00:13:07Z"
                            }
                        },
                        "user": {
                            "linux": {
                                "gid": 10001,
                                "supplementalGroups": [
                                    10001
                                ],
                                "uid": 10001
                            }
                        },
                        "volumeMounts": [
                            {
                                "mountPath": "/run/secrets",
                                "name": "secrets",
                                "readOnly": true,
                                "recursiveReadOnly": "Disabled"
                            },
                            {
                                "mountPath": "/tmp",
                                "name": "tmp"
                            },
                            {
                                "mountPath": "/app/storage",
                                "name": "storage"
                            },
                            {
                                "mountPath": "/app/bootstrap/cache",
                                "name": "config-cache"
                            }
                        ]
                    }
                ],
                "hostIP": "172.18.0.3",
                "hostIPs": [
                    {
                        "ip": "172.18.0.3"
                    }
                ],
                "observedGeneration": 1,
                "phase": "Running",
                "podIP": "10.244.1.157",
                "podIPs": [
                    {
                        "ip": "10.244.1.157"
                    }
                ],
                "qosClass": "Burstable",
                "resources": {
                    "limits": {
                        "cpu": "1",
                        "memory": "512Mi"
                    },
                    "requests": {
                        "memory": "64Mi"
                    }
                },
                "startTime": "2026-10-05T00:13:05Z"
            }
        }
    ],
    "kind": "List",
    "metadata": {
        "resourceVersion": ""
    }
}
