[
    {
        "Id": "sha256:96b801cb9c0bdb1723a109ca7fb0dff57328a590165abfde109fcb68d83a21ed",
        "RepoTags": [
            "p01-planning:84a8a2a0a88930e6e3dd3da715f6bdedc7646fec"
        ],
        "RepoDigests": [],
        "Parent": "",
        "Comment": "buildkit.dockerfile.v0",
        "Created": "2026-10-04T23:59:44.056873028Z",
        "DockerVersion": "",
        "Author": "",
        "Config": {
            "Hostname": "",
            "Domainname": "",
            "User": "10001:10001",
            "AttachStdin": false,
            "AttachStdout": false,
            "AttachStderr": false,
            "Tty": false,
            "OpenStdin": false,
            "StdinOnce": false,
            "Env": [
                "PATH=/opt/venv/bin:/usr/local/bin:/usr/local/sbin:/usr/local/bin:/usr/sbin:/usr/bin:/sbin:/bin",
                "LANG=C.UTF-8",
                "GPG_KEY=7169605F62C751356D054A26A821E680E5FA6305",
                "PYTHON_VERSION=3.12.14",
                "PYTHON_SHA256=5c8462af5790baf43a321a1559dbe0db06d1be4300fb85fb53c40060668e548a",
                "PYTHONDONTWRITEBYTECODE=1",
                "PYTHONUNBUFFERED=1"
            ],
            "Cmd": [
                "liveness"
            ],
            "Healthcheck": {
                "Test": [
                    "NONE"
                ]
            },
            "ArgsEscaped": true,
            "Image": "",
            "Volumes": null,
            "WorkingDir": "/app",
            "Entrypoint": [
                "/opt/venv/bin/planning-health"
            ],
            "OnBuild": null,
            "Labels": {
                "io.product.component": "planning",
                "org.opencontainers.image.revision": "84a8a2a0a88930e6e3dd3da715f6bdedc7646fec",
                "org.opencontainers.image.source": "https://github.com/awalker0878/multi-tenant",
                "org.opencontainers.image.title": "product-planning bootstrap"
            }
        },
        "Architecture": "amd64",
        "Os": "linux",
        "Size": 146074291,
        "GraphDriver": {
            "Data": {
                "LowerDir": "/var/lib/docker/overlay2/qpydwdo70j5vsuwarhvtjdv2u/diff:/var/lib/docker/overlay2/b9d1b86053b18dc3cdbaaafbe639d050d1fdda4122b15da41e1a90003200d949/diff:/var/lib/docker/overlay2/303ce93efcaf4531e25b5d1c3fe9727beb2e8266fe679d2a4affc92d728d6d3d/diff:/var/lib/docker/overlay2/3ee24d9433c38075ebccf9579baa4ed9f9890c4d716db353ba8baf8a62b23058/diff:/var/lib/docker/overlay2/475f67fa5e97be992157a586b1e6e54723f2aae8658814e89fa8b5586f39688e/diff",
                "MergedDir": "/var/lib/docker/overlay2/y6v72oswp6ntnsfzhff22n442/merged",
                "UpperDir": "/var/lib/docker/overlay2/y6v72oswp6ntnsfzhff22n442/diff",
                "WorkDir": "/var/lib/docker/overlay2/y6v72oswp6ntnsfzhff22n442/work"
            },
            "Name": "overlay2"
        },
        "RootFS": {
            "Type": "layers",
            "Layers": [
                "sha256:34467cc93912af891dfee8a3902adf9b4f355a9bca4eaa46f658d1181a21de0d",
                "sha256:16df0073c13c96653ee2b601b16e514321513eb4af983de156c2d4e17df8a5d9",
                "sha256:9639007baab8a136bc468bd5d757fdf79cf5d77b6ff2a87889071252e334fab3",
                "sha256:abca6d63c9dbe51fa3bc42e75e0387da12803ef64430ad151814e468d5e1c203",
                "sha256:08c49e052fc77cd766eeba9051b631dc2a15a9cb0eb619cf6c00865e7cb0b1f7",
                "sha256:27ed2a13007e583fb6be0d77b12f1f52899ec54416647592ffacf8ccc0853201"
            ]
        },
        "Metadata": {
            "LastTagTime": "2026-10-04T23:59:45.010786835Z"
        }
    }
]
