 Network p01-e9eac175f2fb-1e2d9665_ingress_console  Creating
 Network p01-e9eac175f2fb-1e2d9665_ingress_console  Created
 Network p01-e9eac175f2fb-1e2d9665_ingress_governance  Creating
 Network p01-e9eac175f2fb-1e2d9665_ingress_governance  Created
 Network p01-e9eac175f2fb-1e2d9665_ingress_assurance  Creating
 Network p01-e9eac175f2fb-1e2d9665_ingress_assurance  Created
 Network p01-e9eac175f2fb-1e2d9665_web_lifecycle  Creating
 Network p01-e9eac175f2fb-1e2d9665_web_lifecycle  Created
 Network p01-e9eac175f2fb-1e2d9665_ingress_catalogue  Creating
 Network p01-e9eac175f2fb-1e2d9665_ingress_catalogue  Created
 Network p01-e9eac175f2fb-1e2d9665_ingress_planning  Creating
 Network p01-e9eac175f2fb-1e2d9665_ingress_planning  Created
 Network p01-e9eac175f2fb-1e2d9665_web_console  Creating
 Network p01-e9eac175f2fb-1e2d9665_web_console  Created
 Network p01-e9eac175f2fb-1e2d9665_web_inventory  Creating
 Network p01-e9eac175f2fb-1e2d9665_web_inventory  Created
 Network p01-e9eac175f2fb-1e2d9665_web_planning  Creating
 Network p01-e9eac175f2fb-1e2d9665_web_planning  Created
 Network p01-e9eac175f2fb-1e2d9665_ingress_inventory  Creating
 Network p01-e9eac175f2fb-1e2d9665_ingress_inventory  Created
 Network p01-e9eac175f2fb-1e2d9665_web_catalogue  Creating
 Network p01-e9eac175f2fb-1e2d9665_web_catalogue  Created
 Network p01-e9eac175f2fb-1e2d9665_web_governance  Creating
 Network p01-e9eac175f2fb-1e2d9665_web_governance  Created
 Network p01-e9eac175f2fb-1e2d9665_ingress_lifecycle  Creating
 Network p01-e9eac175f2fb-1e2d9665_ingress_lifecycle  Created
 Network p01-e9eac175f2fb-1e2d9665_web_assurance  Creating
 Network p01-e9eac175f2fb-1e2d9665_web_assurance  Created
 Container p01-e9eac175f2fb-1e2d9665-postgres-1  Running
 Container p01-e9eac175f2fb-1e2d9665-catalogue-1  Creating
 Container p01-e9eac175f2fb-1e2d9665-inventory-1  Creating
 Container p01-e9eac175f2fb-1e2d9665-console-1  Creating
 Container p01-e9eac175f2fb-1e2d9665-assurance-1  Creating
 Container p01-e9eac175f2fb-1e2d9665-lifecycle-1  Creating
 Container p01-e9eac175f2fb-1e2d9665-governance-1  Creating
 Container p01-e9eac175f2fb-1e2d9665-planning-1  Creating
 Container p01-e9eac175f2fb-1e2d9665-lifecycle-1  Created
 Container p01-e9eac175f2fb-1e2d9665-lifecycle-proxy-1  Creating
 Container p01-e9eac175f2fb-1e2d9665-inventory-1  Created
 Container p01-e9eac175f2fb-1e2d9665-inventory-proxy-1  Creating
 Container p01-e9eac175f2fb-1e2d9665-assurance-1  Created
 Container p01-e9eac175f2fb-1e2d9665-assurance-proxy-1  Creating
 Container p01-e9eac175f2fb-1e2d9665-catalogue-1  Created
 Container p01-e9eac175f2fb-1e2d9665-catalogue-proxy-1  Creating
 Container p01-e9eac175f2fb-1e2d9665-planning-1  Created
 Container p01-e9eac175f2fb-1e2d9665-console-1  Created
 Container p01-e9eac175f2fb-1e2d9665-console-proxy-1  Creating
 Container p01-e9eac175f2fb-1e2d9665-planning-proxy-1  Creating
 Container p01-e9eac175f2fb-1e2d9665-governance-1  Created
 Container p01-e9eac175f2fb-1e2d9665-governance-proxy-1  Creating
 Container p01-e9eac175f2fb-1e2d9665-inventory-proxy-1  Created
 Container p01-e9eac175f2fb-1e2d9665-planning-proxy-1  Created
 Container p01-e9eac175f2fb-1e2d9665-catalogue-proxy-1  Created
 Container p01-e9eac175f2fb-1e2d9665-lifecycle-proxy-1  Created
 Container p01-e9eac175f2fb-1e2d9665-console-proxy-1  Created
 Container p01-e9eac175f2fb-1e2d9665-assurance-proxy-1  Created
 Container p01-e9eac175f2fb-1e2d9665-governance-proxy-1  Created
 Container p01-e9eac175f2fb-1e2d9665-inventory-1  Starting
 Container p01-e9eac175f2fb-1e2d9665-governance-1  Starting
 Container p01-e9eac175f2fb-1e2d9665-catalogue-1  Starting
 Container p01-e9eac175f2fb-1e2d9665-console-1  Starting
 Container p01-e9eac175f2fb-1e2d9665-assurance-1  Starting
 Container p01-e9eac175f2fb-1e2d9665-lifecycle-1  Starting
 Container p01-e9eac175f2fb-1e2d9665-planning-1  Starting
 Container p01-e9eac175f2fb-1e2d9665-lifecycle-1  Started
 Container p01-e9eac175f2fb-1e2d9665-lifecycle-proxy-1  Starting
 Container p01-e9eac175f2fb-1e2d9665-governance-1  Started
 Container p01-e9eac175f2fb-1e2d9665-governance-proxy-1  Starting
 Container p01-e9eac175f2fb-1e2d9665-inventory-1  Started
 Container p01-e9eac175f2fb-1e2d9665-inventory-proxy-1  Starting
 Container p01-e9eac175f2fb-1e2d9665-planning-1  Started
 Container p01-e9eac175f2fb-1e2d9665-planning-proxy-1  Starting
 Container p01-e9eac175f2fb-1e2d9665-catalogue-1  Started
 Container p01-e9eac175f2fb-1e2d9665-catalogue-proxy-1  Starting
 Container p01-e9eac175f2fb-1e2d9665-assurance-1  Started
 Container p01-e9eac175f2fb-1e2d9665-assurance-proxy-1  Starting
 Container p01-e9eac175f2fb-1e2d9665-console-1  Started
 Container p01-e9eac175f2fb-1e2d9665-console-proxy-1  Starting
 Container p01-e9eac175f2fb-1e2d9665-lifecycle-proxy-1  Started
 Container p01-e9eac175f2fb-1e2d9665-inventory-proxy-1  Started
 Container p01-e9eac175f2fb-1e2d9665-governance-proxy-1  Started
 Container p01-e9eac175f2fb-1e2d9665-assurance-proxy-1  Started
 Container p01-e9eac175f2fb-1e2d9665-planning-proxy-1  Started
 Container p01-e9eac175f2fb-1e2d9665-catalogue-proxy-1  Started
 Container p01-e9eac175f2fb-1e2d9665-console-proxy-1  Started
