 Container p01-e9eac175f2fb-1e2d9665-assurance-proxy-1  Stopping
 Container p01-e9eac175f2fb-1e2d9665-planning-proxy-1  Stopping
 Container p01-e9eac175f2fb-1e2d9665-catalogue-proxy-1  Stopping
 Container p01-e9eac175f2fb-1e2d9665-console-proxy-1  Stopping
 Container p01-e9eac175f2fb-1e2d9665-lifecycle-proxy-1  Stopping
 Container p01-e9eac175f2fb-1e2d9665-governance-proxy-1  Stopping
 Container p01-e9eac175f2fb-1e2d9665-inventory-proxy-1  Stopping
 Container p01-e9eac175f2fb-1e2d9665-catalogue-proxy-1  Stopped
 Container p01-e9eac175f2fb-1e2d9665-catalogue-proxy-1  Removing
 Container p01-e9eac175f2fb-1e2d9665-catalogue-proxy-1  Removed
 Container p01-e9eac175f2fb-1e2d9665-catalogue-1  Stopping
 Container p01-e9eac175f2fb-1e2d9665-assurance-proxy-1  Stopped
 Container p01-e9eac175f2fb-1e2d9665-assurance-proxy-1  Removing
 Container p01-e9eac175f2fb-1e2d9665-assurance-proxy-1  Removed
 Container p01-e9eac175f2fb-1e2d9665-assurance-1  Stopping
 Container p01-e9eac175f2fb-1e2d9665-governance-proxy-1  Stopped
 Container p01-e9eac175f2fb-1e2d9665-governance-proxy-1  Removing
 Container p01-e9eac175f2fb-1e2d9665-console-proxy-1  Stopped
 Container p01-e9eac175f2fb-1e2d9665-console-proxy-1  Removing
 Container p01-e9eac175f2fb-1e2d9665-governance-proxy-1  Removed
 Container p01-e9eac175f2fb-1e2d9665-governance-1  Stopping
 Container p01-e9eac175f2fb-1e2d9665-console-proxy-1  Removed
 Container p01-e9eac175f2fb-1e2d9665-console-1  Stopping
 Container p01-e9eac175f2fb-1e2d9665-catalogue-1  Stopped
 Container p01-e9eac175f2fb-1e2d9665-catalogue-1  Removing
 Container p01-e9eac175f2fb-1e2d9665-inventory-proxy-1  Stopped
 Container p01-e9eac175f2fb-1e2d9665-inventory-proxy-1  Removing
 Container p01-e9eac175f2fb-1e2d9665-planning-proxy-1  Stopped
 Container p01-e9eac175f2fb-1e2d9665-planning-proxy-1  Removing
 Container p01-e9eac175f2fb-1e2d9665-inventory-proxy-1  Removed
 Container p01-e9eac175f2fb-1e2d9665-inventory-1  Stopping
 Container p01-e9eac175f2fb-1e2d9665-planning-proxy-1  Removed
 Container p01-e9eac175f2fb-1e2d9665-planning-1  Stopping
 Container p01-e9eac175f2fb-1e2d9665-lifecycle-proxy-1  Stopped
 Container p01-e9eac175f2fb-1e2d9665-lifecycle-proxy-1  Removing
 Container p01-e9eac175f2fb-1e2d9665-catalogue-1  Removed
 Container p01-e9eac175f2fb-1e2d9665-lifecycle-proxy-1  Removed
 Container p01-e9eac175f2fb-1e2d9665-lifecycle-1  Stopping
 Container p01-e9eac175f2fb-1e2d9665-assurance-1  Stopped
 Container p01-e9eac175f2fb-1e2d9665-assurance-1  Removing
 Container p01-e9eac175f2fb-1e2d9665-assurance-1  Removed
 Container p01-e9eac175f2fb-1e2d9665-governance-1  Stopped
 Container p01-e9eac175f2fb-1e2d9665-governance-1  Removing
 Container p01-e9eac175f2fb-1e2d9665-console-1  Stopped
 Container p01-e9eac175f2fb-1e2d9665-console-1  Removing
 Container p01-e9eac175f2fb-1e2d9665-governance-1  Removed
 Container p01-e9eac175f2fb-1e2d9665-console-1  Removed
 Container p01-e9eac175f2fb-1e2d9665-inventory-1  Stopped
 Container p01-e9eac175f2fb-1e2d9665-inventory-1  Removing
 Container p01-e9eac175f2fb-1e2d9665-inventory-1  Removed
 Container p01-e9eac175f2fb-1e2d9665-planning-1  Stopped
 Container p01-e9eac175f2fb-1e2d9665-planning-1  Removing
 Container p01-e9eac175f2fb-1e2d9665-planning-1  Removed
 Container p01-e9eac175f2fb-1e2d9665-lifecycle-1  Stopped
 Container p01-e9eac175f2fb-1e2d9665-lifecycle-1  Removing
 Container p01-e9eac175f2fb-1e2d9665-lifecycle-1  Removed
 Container p01-e9eac175f2fb-1e2d9665-postgres-1  Stopping
 Container p01-e9eac175f2fb-1e2d9665-postgres-1  Stopped
 Container p01-e9eac175f2fb-1e2d9665-postgres-1  Removing
 Container p01-e9eac175f2fb-1e2d9665-postgres-1  Removed
 Network p01-e9eac175f2fb-1e2d9665_web_planning  Removing
 Network p01-e9eac175f2fb-1e2d9665_db_planning  Removing
 Volume p01-e9eac175f2fb-1e2d9665_postgres_data  Removing
 Network p01-e9eac175f2fb-1e2d9665_web_assurance  Removing
 Network p01-e9eac175f2fb-1e2d9665_ingress_inventory  Removing
 Network p01-e9eac175f2fb-1e2d9665_web_console  Removing
 Network p01-e9eac175f2fb-1e2d9665_db_lifecycle  Removing
 Network p01-e9eac175f2fb-1e2d9665_db_inventory  Removing
 Network p01-e9eac175f2fb-1e2d9665_db_governance  Removing
 Network p01-e9eac175f2fb-1e2d9665_web_inventory  Removing
 Network p01-e9eac175f2fb-1e2d9665_ingress_lifecycle  Removing
 Network p01-e9eac175f2fb-1e2d9665_web_governance  Removing
 Network p01-e9eac175f2fb-1e2d9665_ingress_catalogue  Removing
 Network p01-e9eac175f2fb-1e2d9665_db_console  Removing
 Network p01-e9eac175f2fb-1e2d9665_ingress_console  Removing
 Network p01-e9eac175f2fb-1e2d9665_web_lifecycle  Removing
 Network p01-e9eac175f2fb-1e2d9665_ingress_governance  Removing
 Network p01-e9eac175f2fb-1e2d9665_db_catalogue  Removing
 Network p01-e9eac175f2fb-1e2d9665_ingress_planning  Removing
 Network p01-e9eac175f2fb-1e2d9665_db_assurance  Removing
 Network p01-e9eac175f2fb-1e2d9665_ingress_assurance  Removing
 Network p01-e9eac175f2fb-1e2d9665_web_catalogue  Removing
 Network p01-e9eac175f2fb-1e2d9665_ingress_inventory  Removed
 Network p01-e9eac175f2fb-1e2d9665_ingress_lifecycle  Removed
 Network p01-e9eac175f2fb-1e2d9665_web_governance  Removed
 Network p01-e9eac175f2fb-1e2d9665_ingress_catalogue  Removed
 Network p01-e9eac175f2fb-1e2d9665_db_catalogue  Removed
 Volume p01-e9eac175f2fb-1e2d9665_postgres_data  Removed
 Network p01-e9eac175f2fb-1e2d9665_db_console  Removed
 Network p01-e9eac175f2fb-1e2d9665_web_lifecycle  Removed
 Network p01-e9eac175f2fb-1e2d9665_ingress_planning  Removed
 Network p01-e9eac175f2fb-1e2d9665_ingress_console  Removed
 Network p01-e9eac175f2fb-1e2d9665_ingress_governance  Removed
 Network p01-e9eac175f2fb-1e2d9665_db_lifecycle  Removed
 Network p01-e9eac175f2fb-1e2d9665_web_planning  Removed
 Network p01-e9eac175f2fb-1e2d9665_db_assurance  Removed
 Network p01-e9eac175f2fb-1e2d9665_ingress_assurance  Removed
 Network p01-e9eac175f2fb-1e2d9665_db_governance  Removed
 Network p01-e9eac175f2fb-1e2d9665_db_inventory  Removed
 Network p01-e9eac175f2fb-1e2d9665_web_console  Removed
 Network p01-e9eac175f2fb-1e2d9665_db_planning  Removed
 Network p01-e9eac175f2fb-1e2d9665_web_inventory  Removed
 Network p01-e9eac175f2fb-1e2d9665_web_assurance  Removed
 Network p01-e9eac175f2fb-1e2d9665_web_catalogue  Removed
