( 1/56) Upgrading libcrypto3 (3.5.8-r0 -> 3.5.9-r0)
( 2/56) Upgrading libssl3 (3.5.8-r0 -> 3.5.9-r0)
( 3/56) Installing m4 (1.4.20-r1)
( 4/56) Installing libbz2 (1.0.8-r6)
( 5/56) Installing perl (5.42.2-r1)
( 6/56) Installing autoconf (2.73-r0)
( 7/56) Installing jansson (2.15.0-r0)
( 8/56) Installing libstdc++ (15.2.0-r5)
( 9/56) Installing binutils (2.45.1-r1)
(10/56) Installing clang22-headers (22.1.3-r2)
(11/56) Installing libffi (3.5.2-r1)
(12/56) Installing llvm22-libs (22.1.3-r0)
(13/56) Installing clang22-libs (22.1.3-r2)
(14/56) Installing fortify-headers (3.0.1-r2)
(15/56) Installing libgcc-static (15.2.0-r5)
(16/56) Installing libstdc++-dev (15.2.0-r5)
(17/56) Installing llvm22-linker-tools (22.1.3-r0)
(18/56) Installing musl-dev (1.2.6-r2)
(19/56) Installing clang22 (22.1.3-r2)
(20/56) Upgrading nghttp2-libs (1.69.0-r0 -> 1.70.0-r0)
(21/56) Installing libmd (1.2.0-r0)
(22/56) Installing dpkg (1.23.7-r0)
(23/56) Installing pkgconf (2.5.1-r0)
(24/56) Installing dpkg-dev (1.23.7-r0)
(25/56) Installing libmagic (5.47-r2)
(26/56) Installing file (5.47-r2)
(27/56) Installing libgomp (15.2.0-r5)
(28/56) Installing libatomic (15.2.0-r5)
(29/56) Installing gmp (6.3.0-r4)
(30/56) Installing isl26 (0.26-r2)
(31/56) Installing mpfr4 (4.2.2-r0)
(32/56) Installing mpc1 (1.3.1-r1)
(33/56) Installing gcc (15.2.0-r5)
(34/56) Installing g++ (15.2.0-r5)
(35/56) Installing icu-data-en (78.1-r0)
  Executing icu-data-en-78.1-r0.post-install
(36/56) Installing icu-libs (78.1-r0)
(37/56) Installing icu (78.1-r0)
(38/56) Installing icu-dev (78.1-r0)
(39/56) Installing libpq (18.6-r0)
(40/56) Installing libecpg (18.6-r0)
(41/56) Installing openssl-dev (3.5.9-r0)
(42/56) Installing libpq-dev (18.6-r0)
(43/56) Installing libecpg-dev (18.6-r0)
(44/56) Installing liburing (2.14-r0)
(45/56) Installing liburing-ffi (2.14-r0)
(46/56) Installing liburing-dev (2.14-r0)
(47/56) Installing linux-headers (7.0.0-r1)
(48/56) Installing llvm22 (22.1.3-r0)
(49/56) Installing lz4-libs (1.10.0-r1)
(50/56) Installing lz4-dev (1.10.0-r1)
(51/56) Installing make (4.4.1-r4)
(52/56) Upgrading openssl (3.5.8-r0 -> 3.5.9-r0)
(53/56) Installing zstd (1.5.7-r2)
(54/56) Installing zstd-dev (1.5.7-r2)
(55/56) Installing postgresql18-dev (18.6-r0)
(56/56) Installing re2c (4.5.1-r0)
Executing busybox-1.37.0-r31.trigger
Executing ca-certificates-20260909-r0.trigger
OK: 778.5 MiB in 93 packages
  * If you need ICU with non-English locales and legacy charset support, install
  * package icu-data-full.
