Downloading acl-libs-2.3.2-r1
Downloading autoconf-2.73-r0
Downloading binutils-2.45.1-r1
Downloading brotli-libs-1.2.0-r1
Downloading busybox-1.37.0-r31
Downloading busybox-binsh-1.37.0-r31
Downloading c-ares-1.34.8-r0
Downloading ca-certificates-bundle-20260909-r0
Downloading clang22-22.1.3-r2
Downloading clang22-headers-22.1.3-r2
Downloading clang22-libs-22.1.3-r2
Downloading dpkg-1.23.7-r0
Downloading dpkg-dev-1.23.7-r0
Downloading file-5.47-r2
Downloading fortify-headers-3.0.1-r2
Downloading g++-15.2.0-r5
Downloading gcc-15.2.0-r5
Downloading gmp-6.3.0-r4
Downloading icu-78.1-r0
Downloading icu-data-en-78.1-r0
Downloading icu-dev-78.1-r0
Downloading icu-libs-78.1-r0
Downloading isl26-0.26-r2
Downloading jansson-2.15.0-r0
Downloading libatomic-15.2.0-r5
Downloading libbz2-1.0.8-r6
Downloading libcrypto3-3.5.9-r0
Downloading libcurl-8.22.0-r0
Downloading libecpg-18.6-r0
Downloading libecpg-dev-18.6-r0
Downloading libffi-3.5.2-r1
Downloading libgcc-15.2.0-r5
Downloading libgcc-static-15.2.0-r5
Downloading libgomp-15.2.0-r5
Downloading libidn2-2.3.8-r0
Downloading libmagic-5.47-r2
Downloading libmd-1.2.0-r0
Downloading libpq-18.6-r0
Downloading libpq-dev-18.6-r0
Downloading libpsl-0.21.5-r3
Downloading libssl3-3.5.9-r0
Downloading libstdc++-15.2.0-r5
Downloading libstdc++-dev-15.2.0-r5
Downloading libunistring-1.4.2-r0
Downloading liburing-2.14-r0
Downloading liburing-dev-2.14-r0
Downloading liburing-ffi-2.14-r0
Downloading libxml2-2.13.9-r2
Downloading linux-headers-7.0.0-r1
Downloading llvm22-22.1.3-r0
Downloading llvm22-libs-22.1.3-r0
Downloading llvm22-linker-tools-22.1.3-r0
Downloading lz4-dev-1.10.0-r1
Downloading lz4-libs-1.10.0-r1
Downloading m4-1.4.20-r1
Downloading make-4.4.1-r4
Downloading mpc1-1.3.1-r1
Downloading mpfr4-4.2.2-r0
Downloading musl-1.2.6-r2
Downloading musl-dev-1.2.6-r2
Downloading nghttp2-libs-1.70.0-r0
Downloading openssl-3.5.9-r0
Downloading openssl-dev-3.5.9-r0
Downloading perl-5.42.2-r1
Downloading pkgconf-2.5.1-r0
Downloading postgresql18-dev-18.6-r0
Downloading re2c-4.5.1-r0
Downloading ssl_client-1.37.0-r31
Downloading tar-1.35-r5
Downloading xz-5.8.4-r0
Downloading xz-libs-5.8.4-r0
Downloading zlib-1.3.2-r0
Downloading zstd-1.5.7-r2
Downloading zstd-dev-1.5.7-r2
Downloading zstd-libs-1.5.7-r2
Unable to find image 'php@sha256:aba7168955e4b1e1f5e61e2e5a0257eff5b1563d3fc4ca272373183b57f53005' locally
docker.io/library/php@sha256:aba7168955e4b1e1f5e61e2e5a0257eff5b1563d3fc4ca272373183b57f53005: Pulling from library/php
e2de96513ba9: Already exists
934d19571d8a: Pulling fs layer
4c278b0a8d2c: Pulling fs layer
4f5c3887d482: Pulling fs layer
57b8ec589d85: Pulling fs layer
1648a51c22c2: Pulling fs layer
6548a8062258: Pulling fs layer
ff3df8f32479: Pulling fs layer
d17435b90723: Pulling fs layer
4f4fb700ef54: Pulling fs layer
760ec49cf7f8: Pulling fs layer
ff3df8f32479: Waiting
d17435b90723: Waiting
4f4fb700ef54: Waiting
760ec49cf7f8: Waiting
57b8ec589d85: Waiting
1648a51c22c2: Waiting
6548a8062258: Waiting
4f5c3887d482: Verifying Checksum
4f5c3887d482: Download complete
4c278b0a8d2c: Download complete
934d19571d8a: Verifying Checksum
934d19571d8a: Download complete
1648a51c22c2: Verifying Checksum
1648a51c22c2: Download complete
ff3df8f32479: Verifying Checksum
ff3df8f32479: Download complete
d17435b90723: Verifying Checksum
d17435b90723: Download complete
57b8ec589d85: Verifying Checksum
57b8ec589d85: Download complete
760ec49cf7f8: Verifying Checksum
760ec49cf7f8: Download complete
6548a8062258: Verifying Checksum
6548a8062258: Download complete
934d19571d8a: Pull complete
4c278b0a8d2c: Pull complete
4f5c3887d482: Pull complete
57b8ec589d85: Pull complete
1648a51c22c2: Pull complete
6548a8062258: Pull complete
ff3df8f32479: Pull complete
d17435b90723: Pull complete
4f4fb700ef54: Pull complete
760ec49cf7f8: Pull complete
Digest: sha256:aba7168955e4b1e1f5e61e2e5a0257eff5b1563d3fc4ca272373183b57f53005
Status: Downloaded newer image for php@sha256:aba7168955e4b1e1f5e61e2e5a0257eff5b1563d3fc4ca272373183b57f53005
