Building wheel...
running bdist_wheel
running build
running build_py
running egg_info
writing src/product_lifecycle_worker.egg-info/PKG-INFO
writing dependency_links to src/product_lifecycle_worker.egg-info/dependency_links.txt
writing entry points to src/product_lifecycle_worker.egg-info/entry_points.txt
writing top-level names to src/product_lifecycle_worker.egg-info/top_level.txt
reading manifest file 'src/product_lifecycle_worker.egg-info/SOURCES.txt'
writing manifest file 'src/product_lifecycle_worker.egg-info/SOURCES.txt'
installing to build/bdist.linux-x86_64/wheel
running install
running install_lib
creating build/bdist.linux-x86_64/wheel
creating build/bdist.linux-x86_64/wheel/lifecycle_worker
creating build/bdist.linux-x86_64/wheel/lifecycle_worker/bootstrap
copying build/lib/lifecycle_worker/bootstrap/health.py -> build/bdist.linux-x86_64/wheel/./lifecycle_worker/bootstrap
copying build/lib/lifecycle_worker/bootstrap/__init__.py -> build/bdist.linux-x86_64/wheel/./lifecycle_worker/bootstrap
creating build/bdist.linux-x86_64/wheel/lifecycle_worker/interfaces
copying build/lib/lifecycle_worker/interfaces/health.py -> build/bdist.linux-x86_64/wheel/./lifecycle_worker/interfaces
copying build/lib/lifecycle_worker/interfaces/__init__.py -> build/bdist.linux-x86_64/wheel/./lifecycle_worker/interfaces
copying build/lib/lifecycle_worker/__init__.py -> build/bdist.linux-x86_64/wheel/./lifecycle_worker
running install_egg_info
Copying src/product_lifecycle_worker.egg-info to build/bdist.linux-x86_64/wheel/./product_lifecycle_worker-0.1.0.dev0-py3.12.egg-info
running install_scripts
creating build/bdist.linux-x86_64/wheel/product_lifecycle_worker-0.1.0.dev0.dist-info/WHEEL
creating '/home/runner/work/_temp/p01-quality/component/dist/.tmp-ksq3k5l8/product_lifecycle_worker-0.1.0.dev0-py3-none-any.whl' and adding 'build/bdist.linux-x86_64/wheel' to it
adding 'lifecycle_worker/__init__.py'
adding 'lifecycle_worker/bootstrap/__init__.py'
adding 'lifecycle_worker/bootstrap/health.py'
adding 'lifecycle_worker/interfaces/__init__.py'
adding 'lifecycle_worker/interfaces/health.py'
adding 'product_lifecycle_worker-0.1.0.dev0.dist-info/METADATA'
adding 'product_lifecycle_worker-0.1.0.dev0.dist-info/WHEEL'
adding 'product_lifecycle_worker-0.1.0.dev0.dist-info/entry_points.txt'
adding 'product_lifecycle_worker-0.1.0.dev0.dist-info/top_level.txt'
adding 'product_lifecycle_worker-0.1.0.dev0.dist-info/RECORD'
removing build/bdist.linux-x86_64/wheel
Successfully built dist/product_lifecycle_worker-0.1.0.dev0-py3-none-any.whl
