[
    {
        "Id": "sha256:c4b7abfb819c178c986da48e60e49a05414ea1a0108a37d450fde5a03bb80015",
        "RepoTags": [
            "p01-assurance:36a14811b5afa23717566d5e8a08632e011f44a5"
        ],
        "RepoDigests": [],
        "Parent": "",
        "Comment": "buildkit.dockerfile.v0",
        "Created": "2026-10-05T07:37:58.24431527Z",
        "DockerVersion": "",
        "Author": "",
        "Config": {
            "Hostname": "",
            "Domainname": "",
            "User": "10001:10001",
            "AttachStdin": false,
            "AttachStdout": false,
            "AttachStderr": false,
            "ExposedPorts": {
                "9000/tcp": {}
            },
            "Tty": false,
            "OpenStdin": false,
            "StdinOnce": false,
            "Env": [
                "PATH=/usr/local/sbin:/usr/local/bin:/usr/sbin:/usr/bin:/sbin:/bin",
                "PHPIZE_DEPS=autoconf \t\tdpkg-dev dpkg \t\tfile \t\tg++ \t\tgcc \t\tlibc-dev \t\tmake \t\tpkgconf \t\tre2c",
                "PHP_INI_DIR=/usr/local/etc/php",
                "PHP_CFLAGS=-fstack-protector-strong -fpic -fpie -O2 -D_LARGEFILE_SOURCE -D_FILE_OFFSET_BITS=64",
                "PHP_CPPFLAGS=-fstack-protector-strong -fpic -fpie -O2 -D_LARGEFILE_SOURCE -D_FILE_OFFSET_BITS=64",
                "PHP_LDFLAGS=-Wl,-O1 -pie",
                "GPG_KEYS=1198C0117593497A5EC5C199286AF1F9897469DC 49D9AF6BC72A80D6691719C8AA23F5BE9C7097D4 D95C03BC702BE9515344AE3374E44BC9067701A5",
                "PHP_VERSION=8.5.11",
                "PHP_URL=https://www.php.net/distributions/php-8.5.11.tar.xz",
                "PHP_ASC_URL=https://www.php.net/distributions/php-8.5.11.tar.xz.asc",
                "PHP_SHA256=d9be75c08e8c316f4c8f4194d8fbe1750a15f6a6d9d4e3fe72082abeeb800360",
                "APP_ENV=production",
                "APP_DEBUG=false"
            ],
            "Cmd": [
                "php-fpm",
                "-F"
            ],
            "ArgsEscaped": true,
            "Image": "",
            "Volumes": null,
            "WorkingDir": "/app",
            "Entrypoint": [
                "/usr/local/bin/service-entrypoint"
            ],
            "OnBuild": null,
            "Labels": {
                "io.product.component": "assurance",
                "org.opencontainers.image.revision": "36a14811b5afa23717566d5e8a08632e011f44a5"
            },
            "StopSignal": "SIGQUIT"
        },
        "Architecture": "amd64",
        "Os": "linux",
        "Size": 140596270,
        "GraphDriver": {
            "Data": {
                "LowerDir": "/var/lib/docker/overlay2/y0hrap525dvq2yazeheapm7ui/diff:/var/lib/docker/overlay2/n0yk1gy26j4toj71m14jauk5e/diff:/var/lib/docker/overlay2/mkt2fjp6ftkula09w25zvfafd/diff:/var/lib/docker/overlay2/6r65hcqwikecfunrgyri5vuny/diff:/var/lib/docker/overlay2/ys37q1m7g1jg2g6t46iywz6ki/diff:/var/lib/docker/overlay2/z9ea31xirn1xl7ountmtcoloy/diff:/var/lib/docker/overlay2/cw9dmc069izacr59mbma9n7a4/diff:/var/lib/docker/overlay2/w3h6pyume0j9jlxr3tj85moy7/diff:/var/lib/docker/overlay2/efbkqd2ep7j2bt32ulirx1a5c/diff:/var/lib/docker/overlay2/5ds1otg44ewkj00z9s70skyaj/diff:/var/lib/docker/overlay2/pwnk0x5jqku5uvwmhnyj9g8tn/diff:/var/lib/docker/overlay2/c7b4bd4e861eaee07de4440b106a2d8c55bf762fedeeb8c22338722a2fd6e65c/diff:/var/lib/docker/overlay2/69876ed2e75f26104d76ba95e64db6c94cddd8779d8d9c31d48093a360c683fd/diff:/var/lib/docker/overlay2/b1c97967fea414ba845841e9038ef7ecfe5bc6578040bcd78424eaed064b170a/diff:/var/lib/docker/overlay2/9ac6ee98fb3ba23bab50b5ef18cf06280ea516cdda3997252c79bbc3e0302649/diff:/var/lib/docker/overlay2/51ed087fe9ae3f4c3a6364121b04c173ea0748119648613eba26a5772b913a6f/diff:/var/lib/docker/overlay2/b6bb45bcfce0d9d5a6e778864a35b728eddeff324dd9224a14423e958f2f2b95/diff:/var/lib/docker/overlay2/9dfb5a35c96359f2cf6a20542ae370cb93d313a96c1fd73ee78d1257d66627bc/diff:/var/lib/docker/overlay2/af65479af36d9f2966fdafdb6c15db27b655c68788e73e3f0a4157bf4fd61b3d/diff:/var/lib/docker/overlay2/2d5f55afa017f165f0169c99c39b96095a168b1d664bfcf0abd2e6b7334cdce4/diff:/var/lib/docker/overlay2/6b62e8c09189d330becabb02176a388b6d6f26083a360a0b75b535599adcc415/diff:/var/lib/docker/overlay2/2ae0b48eecfe9a6e2756191da34c38096ffcefcfe60a3735da2ca81df409a0ef/diff",
                "MergedDir": "/var/lib/docker/overlay2/vsxtog9wzvh6qwjr04353b8o6/merged",
                "UpperDir": "/var/lib/docker/overlay2/vsxtog9wzvh6qwjr04353b8o6/diff",
                "WorkDir": "/var/lib/docker/overlay2/vsxtog9wzvh6qwjr04353b8o6/work"
            },
            "Name": "overlay2"
        },
        "RootFS": {
            "Type": "layers",
            "Layers": [
                "sha256:74d97c428c51a828f9051a7a40a53ff1fc99e54fc30323ce36760701b0b7f711",
                "sha256:1c2f060f7a595b33c6bab0d3363f650e06358b6d7467509146e75f7b75eeed16",
                "sha256:34485dd96663f24521931d3a910e61d501250545710a62dbb661a7d2810bac6c",
                "sha256:9300080927dd9e59a5b76239edc461444835b9bc903d07d170203da898efeae8",
                "sha256:364fe0d010bd8ba6e31e0b9708413c686a0709a11103f77826a6d8c70f1114f7",
                "sha256:3b223733175e42016635eb0e3d289707be3900cf9f6c03904277a97ade845f94",
                "sha256:bb9d2a2a22ecd56cb3de0f277e7e2c8bf43cb5dbdf6e31b5fa14a43d90956aa2",
                "sha256:3e9ad28155f6fadf965089a1b96b3e8f6750492610c98f9127faa8df19c39184",
                "sha256:0638497e28fbf72d460f27f2e8374b1655c9950e7f74e5de5b5b39f17144241a",
                "sha256:5f70bf18a086007016e948b04aed3b82103a36bea41755b6cddfaf10ace3c6ef",
                "sha256:e7e9b55a081b67c49c31b1ce99003174a9f74cd625a41533a9bf17cb4b38e6b0",
                "sha256:313e5a69279e6ffde128d95865ae1a100af6781693c2dacacd317b86d8c250d7",
                "sha256:9fa0f770f94cbb0f8658d2dd171f38f2bb2f1dcf284837cfb74d0c5135f5e713",
                "sha256:d708dc7113c44df87d6d0f9337d7cacbf54030d9173f2a52b56b1464a87dcb73",
                "sha256:3873a2e60954a4f7dbce6255be3d59596fa923723b17225ec9200e989f2c347c",
                "sha256:429107550db3348b54238bec8c7faf36a9735b302ab8b98dc8a7b0f4325cb45a",
                "sha256:e83278eb18fb4ea5b305b22ea7d3b536b6307c4280472d401fc37f58fe338aab",
                "sha256:a9db02695a6639588f775b59cfb18e00bd505e37e10ebeb9eaea3dd6d91b8fc5",
                "sha256:a0af500ec7a9ff6939239a67c7a90c1630bcf3ed690240c961d803fb4619d890",
                "sha256:33e8d307363169cee88095c28766f2be7e91bec722ca8976a3f6d5f1b43b88e4",
                "sha256:92bdcb28c33704e91c30d8d0cae1bf2c9f866134b9007cb93c029b3e93ddb39f",
                "sha256:a56214f2e10a0b9624a3f8768b35ce46e6d4ec9f61e6c496cd2a37bd2398524c",
                "sha256:8b918c35f89cda9d96ab30ff826a272fec00da716aff2951519cbf8be962adb4"
            ]
        },
        "Metadata": {
            "LastTagTime": "2026-10-05T07:37:59.83354809Z"
        }
    }
]
