Using CPython 3.12.14 interpreter at: /opt/hostedtoolcache/Python/3.12.14/x64/bin/python3.12
Creating virtual environment at: .venv
Resolved 22 packages in 0.62ms
   Building product-lifecycle @ file:///home/runner/work/_temp/p01-quality/component
Downloading ruff (9.9MiB)
Downloading mypy (14.8MiB)
Downloading pygments (1.2MiB)
Downloading ast-serialize (1.3MiB)
Downloading psycopg-binary (5.0MiB)
 Downloaded pygments
 Downloaded ast-serialize
 Downloaded psycopg-binary
 Downloaded ruff
 Downloaded mypy
      Built product-lifecycle @ file:///home/runner/work/_temp/p01-quality/component
Prepared 20 packages in 1.19s
Installed 20 packages in 36ms
 + ast-serialize==0.12.1
 + click==8.5.0
 + h11==0.16.0
 + iniconfig==2.3.0
 + librt==0.16.0
 + mypy==2.4.0
 + mypy-extensions==1.1.0
 + packaging==26.3
 + pathspec==1.1.1
 + pluggy==1.6.0
 + product-lifecycle==0.1.0.dev0 (from file:///home/runner/work/_temp/p01-quality/component)
 + psycopg==3.3.6
 + psycopg-binary==3.3.6
 + pygments==2.21.0
 + pytest==9.1.1
 + ruff==0.16.10
 + setuptools==84.0.0
 + typing-extensions==4.16.0
 + uvicorn==0.53.0
 + wheel==0.48.0
