[
    {
        "Id": "sha256:a3b0897a16db0510936e3156f3e0ef4e540ee32b93fe0994f4f6afbad1dde49a",
        "RepoTags": [
            "p01-planning:41bbcaec3be5ec0f2abdd534bab2041e46a74e90"
        ],
        "RepoDigests": [],
        "Parent": "",
        "Comment": "buildkit.dockerfile.v0",
        "Created": "2026-10-05T04:59:58.960437685Z",
        "DockerVersion": "",
        "Author": "",
        "Config": {
            "Hostname": "",
            "Domainname": "",
            "User": "10001:10001",
            "AttachStdin": false,
            "AttachStdout": false,
            "AttachStderr": false,
            "Tty": false,
            "OpenStdin": false,
            "StdinOnce": false,
            "Env": [
                "PATH=/opt/venv/bin:/usr/local/bin:/usr/local/sbin:/usr/local/bin:/usr/sbin:/usr/bin:/sbin:/bin",
                "LANG=C.UTF-8",
                "GPG_KEY=7169605F62C751356D054A26A821E680E5FA6305",
                "PYTHON_VERSION=3.12.14",
                "PYTHON_SHA256=5c8462af5790baf43a321a1559dbe0db06d1be4300fb85fb53c40060668e548a",
                "PYTHONDONTWRITEBYTECODE=1",
                "PYTHONUNBUFFERED=1"
            ],
            "Cmd": [
                "liveness"
            ],
            "Healthcheck": {
                "Test": [
                    "NONE"
                ]
            },
            "ArgsEscaped": true,
            "Image": "",
            "Volumes": null,
            "WorkingDir": "/app",
            "Entrypoint": [
                "/opt/venv/bin/planning-health"
            ],
            "OnBuild": null,
            "Labels": {
                "io.product.component": "planning",
                "org.opencontainers.image.revision": "41bbcaec3be5ec0f2abdd534bab2041e46a74e90",
                "org.opencontainers.image.source": "https://github.com/awalker0878/multi-tenant",
                "org.opencontainers.image.title": "product-planning bootstrap"
            }
        },
        "Architecture": "amd64",
        "Os": "linux",
        "Size": 153132885,
        "GraphDriver": {
            "Data": {
                "LowerDir": "/var/lib/docker/overlay2/krkb4ygao316arjtl9bkjqz7c/diff:/var/lib/docker/overlay2/o3qrwnu5k673ovgs604me1faa/diff:/var/lib/docker/overlay2/buwk0g8dpq4gw667x1ezix7se/diff:/var/lib/docker/overlay2/db7a71a183f6bf6491ff28b7520d1549414e126fcf6cbbc45b38b4df919be23c/diff:/var/lib/docker/overlay2/73945727e58c5504a6d3d38fb0a42d676d237ebfb07edd7984a48ab1aadce2b5/diff:/var/lib/docker/overlay2/95fe9c8213b24327df2828f52423a9b32a9b49e088550838f83960aecca1b269/diff:/var/lib/docker/overlay2/5b434028ff066f8b0d1c098ddca7d12a4236289b1c5f43d100381455c436c152/diff",
                "MergedDir": "/var/lib/docker/overlay2/z6umprm2xbkvm8xiilpehyduh/merged",
                "UpperDir": "/var/lib/docker/overlay2/z6umprm2xbkvm8xiilpehyduh/diff",
                "WorkDir": "/var/lib/docker/overlay2/z6umprm2xbkvm8xiilpehyduh/work"
            },
            "Name": "overlay2"
        },
        "RootFS": {
            "Type": "layers",
            "Layers": [
                "sha256:34467cc93912af891dfee8a3902adf9b4f355a9bca4eaa46f658d1181a21de0d",
                "sha256:16df0073c13c96653ee2b601b16e514321513eb4af983de156c2d4e17df8a5d9",
                "sha256:9639007baab8a136bc468bd5d757fdf79cf5d77b6ff2a87889071252e334fab3",
                "sha256:abca6d63c9dbe51fa3bc42e75e0387da12803ef64430ad151814e468d5e1c203",
                "sha256:e561fe798b911c0a3ffba3cb5ae0b828383668fa36ea2d768a23e1ef5d88349c",
                "sha256:d3399ac04be172fe9c0b126548f55fe909d724f118e87a343af89d4e9764848c",
                "sha256:ab699088b95b4aee79ffd082fe8f3bfd10186903325402fc8ec1541f46c1ed5b",
                "sha256:0210b3a01aa4d7945daeabaa99e38f8b505e14dc8d63008a91cc416caae2bed9"
            ]
        },
        "Metadata": {
            "LastTagTime": "2026-10-05T04:59:59.250736681Z"
        }
    }
]
