#0 building with "default" instance using docker driver

#1 [internal] load build definition from Dockerfile
#1 transferring dockerfile: 30B 0.1s
#1 transferring dockerfile: 2.93kB 0.2s done
#1 DONE 0.2s

#2 [internal] load metadata for docker.io/library/php@sha256:c0dc98639fddeaad891a338e1e3fa2b2d724eb616bcd5a0bb1d8afd650e0fda3
#2 DONE 0.1s

#3 [internal] load metadata for docker.io/library/composer@sha256:bdd249749908be12facc9dec72e19704371bb893f96dff3e024ec89528a5a08d
#3 DONE 0.1s

#4 [internal] load .dockerignore
#4 transferring context: 33B 0.1s
#4 transferring context: 459B 0.1s done
#4 DONE 0.1s

#5 [php-base 1/4] FROM docker.io/library/php@sha256:c0dc98639fddeaad891a338e1e3fa2b2d724eb616bcd5a0bb1d8afd650e0fda3
#5 resolve docker.io/library/php@sha256:c0dc98639fddeaad891a338e1e3fa2b2d724eb616bcd5a0bb1d8afd650e0fda3 done
#5 sha256:c0dc98639fddeaad891a338e1e3fa2b2d724eb616bcd5a0bb1d8afd650e0fda3 3.07kB / 3.07kB done
#5 sha256:1eec88f3ef7f7e2885c1608aebe4ae463bd19a8971d582b550bc1b0588aad252 11.08kB / 11.08kB done
#5 sha256:611a3d8a1bdfe71c093d2e097ca10c84d1ef973b510de74a26f42f4e96ac513b 226B / 226B 0.2s done
#5 sha256:38a8a315d5f676b86a9011bbd6b4fd95f6f13bb788bac154a2c9361c03e15449 223B / 223B 0.3s done
#5 sha256:774043ccc8ccd0d0833a9ee0792142ab7ad93df971e59dd248fbf82db16d0150 28.24MB / 28.24MB 0.3s done
#5 sha256:fc607023dd7a22cfd8625cd51b9efb1899f5e6551ee52d8a10af27129249337c 489B / 489B 0.5s done
#5 extracting sha256:774043ccc8ccd0d0833a9ee0792142ab7ad93df971e59dd248fbf82db16d0150 0.7s done
#5 sha256:f5978ed912fac564381c3caecc6c9e0915471966ac27e016766772baa208a17f 14.58MB / 14.58MB 1.3s done
#5 extracting sha256:611a3d8a1bdfe71c093d2e097ca10c84d1ef973b510de74a26f42f4e96ac513b done
#5 sha256:9b021f8315053203c86b5df5d6c858e1f6b78fbed3b1aa4fa8ecf305e6b17aa8 104.35MB / 104.35MB 1.4s done
#5 sha256:6a39461bdf6264f562e4b7163b5eb5c867f60aad7a81412f9dc120b2b7ee9959 31.22MB / 31.22MB 1.4s done
#5 sha256:04a6f7b50c77dea275d2ea3895aa94c2d489d626890ff788b183a883f63acad5 2.45kB / 2.45kB 1.6s done
#5 sha256:4f4fb700ef54461cfa02571ae0db9a0dc1e0cdb5577484a6d75e68dc38e8acc1 32B / 32B 1.6s done
#5 sha256:f720b01afadbdffc9e12fcb5a717c78281416e65776be1eee2697ad825f0d3df 246B / 246B 1.6s done
#5 sha256:d7b35ae1920d31c874a9b60f5323460f721ef6492144ea861348699feb4f1c52 9.27kB / 9.27kB 1.8s done
#5 extracting sha256:9b021f8315053203c86b5df5d6c858e1f6b78fbed3b1aa4fa8ecf305e6b17aa8 3.4s done
#5 extracting sha256:38a8a315d5f676b86a9011bbd6b4fd95f6f13bb788bac154a2c9361c03e15449 done
#5 extracting sha256:f5978ed912fac564381c3caecc6c9e0915471966ac27e016766772baa208a17f 0.1s done
#5 extracting sha256:fc607023dd7a22cfd8625cd51b9efb1899f5e6551ee52d8a10af27129249337c done
#5 extracting sha256:6a39461bdf6264f562e4b7163b5eb5c867f60aad7a81412f9dc120b2b7ee9959 0.6s done
#5 extracting sha256:04a6f7b50c77dea275d2ea3895aa94c2d489d626890ff788b183a883f63acad5 done
#5 extracting sha256:f720b01afadbdffc9e12fcb5a717c78281416e65776be1eee2697ad825f0d3df done
#5 extracting sha256:4f4fb700ef54461cfa02571ae0db9a0dc1e0cdb5577484a6d75e68dc38e8acc1 done
#5 extracting sha256:d7b35ae1920d31c874a9b60f5323460f721ef6492144ea861348699feb4f1c52 done
#5 DONE 10.4s

#6 [composer-tool 1/1] FROM docker.io/library/composer@sha256:bdd249749908be12facc9dec72e19704371bb893f96dff3e024ec89528a5a08d
#6 resolve docker.io/library/composer@sha256:bdd249749908be12facc9dec72e19704371bb893f96dff3e024ec89528a5a08d done
#6 sha256:87ef1f7078ab07ff3822199a1572016cd47bc5dc5cd9aae9e6f2d9b2884a50f9 12.14kB / 12.14kB done
#6 sha256:bdd249749908be12facc9dec72e19704371bb893f96dff3e024ec89528a5a08d 3.61kB / 3.61kB done
#6 sha256:406faa0b22ce98d8b28e44c625e146357adf030ab36c13a5bcdc3d4d05696978 931B / 931B 2.8s done
#6 sha256:108ad594590ceb72747aa8d762dc9fb9d1f6377ac3e991684c4ee9c46d38e2fa 215B / 215B 3.0s done
#6 sha256:c74954296e3dcddf622cc98260e98c4dcf93fa3a75aa35323873dd266bd4bd1e 3.49MB / 3.49MB 3.2s done
#6 sha256:88c97ededfa581ed39cd2fad6551d825b2f6527397e92c2eafa80648778438b6 14.49MB / 14.49MB 3.3s done
#6 extracting sha256:c74954296e3dcddf622cc98260e98c4dcf93fa3a75aa35323873dd266bd4bd1e 0.1s done
#6 sha256:0bfa53ef058425d39dda0dc330b0afa6aef24ed3cac2b9cb8461ee73d98e1667 490B / 490B 3.3s done
#6 sha256:b7fa1c822b375082f66aed3706a736de5ac75f201b684d75f728d3f8218d94be 2.45kB / 2.45kB 3.4s done
#6 sha256:6361c0c16a9abd0a1ac1a96c836fd6273a651e1a15d291e2811f1e36904c0f96 22.83MB / 22.83MB 3.5s done
#6 sha256:52bc90a67a58631429510dce4678820c6c9f4f7401f893e131eab5e61d6e4ba1 22.43kB / 22.43kB 3.5s done
#6 extracting sha256:406faa0b22ce98d8b28e44c625e146357adf030ab36c13a5bcdc3d4d05696978 done
#6 sha256:b643345218f3d9927c0c0a2c77e668efb8875590c035958d065feb6c5ae2b1b1 31.96MB / 31.96MB 3.8s done
#6 sha256:6f7b1962d76481345b26e2686cfd94cb8f3d3d9d4b9bd5473b4c8e9a7929cd76 1.08MB / 1.08MB 3.8s done
#6 sha256:8806a571cc741e14b8f9231f56c52579b3d524dfddf2ba831dfc13dbdafcb292 253B / 253B 3.8s done
#6 extracting sha256:108ad594590ceb72747aa8d762dc9fb9d1f6377ac3e991684c4ee9c46d38e2fa done
#6 sha256:92421a00585b560d1bf778295d236587186c4650824389f597ff4f21925040f8 419B / 419B 4.0s done
#6 sha256:1755349a9517f4193071aca80c53be43652721fbd4ca9b15bb18c4fb1fed3a96 93B / 93B 3.9s done
#6 extracting sha256:88c97ededfa581ed39cd2fad6551d825b2f6527397e92c2eafa80648778438b6 0.1s done
#6 extracting sha256:0bfa53ef058425d39dda0dc330b0afa6aef24ed3cac2b9cb8461ee73d98e1667 done
#6 extracting sha256:6361c0c16a9abd0a1ac1a96c836fd6273a651e1a15d291e2811f1e36904c0f96 0.5s done
#6 extracting sha256:b7fa1c822b375082f66aed3706a736de5ac75f201b684d75f728d3f8218d94be done
#6 extracting sha256:52bc90a67a58631429510dce4678820c6c9f4f7401f893e131eab5e61d6e4ba1 done
#6 extracting sha256:b643345218f3d9927c0c0a2c77e668efb8875590c035958d065feb6c5ae2b1b1 1.0s done
#6 extracting sha256:8806a571cc741e14b8f9231f56c52579b3d524dfddf2ba831dfc13dbdafcb292 done
#6 extracting sha256:6f7b1962d76481345b26e2686cfd94cb8f3d3d9d4b9bd5473b4c8e9a7929cd76 0.0s done
#6 extracting sha256:92421a00585b560d1bf778295d236587186c4650824389f597ff4f21925040f8 done
#6 extracting sha256:1755349a9517f4193071aca80c53be43652721fbd4ca9b15bb18c4fb1fed3a96 done
#6 DONE 10.6s

#7 [internal] load build context
#7 transferring context: 389.77kB 0.1s done
#7 DONE 0.1s

#8 [php-base 2/4] COPY build/snapshot.sh /tmp/service-snapshot.sh
#8 DONE 0.0s

#9 [php-base 2/4] COPY build/snapshot.sh /tmp/service-snapshot.sh
#9 CACHED

#10 [php-base 3/4] RUN sh /tmp/service-snapshot.sh     && apt-get update     && apt-get install -y --no-install-recommends libpq-dev     && docker-php-ext-install -j2 pdo_pgsql     && apt-mark manual libpq5     && apt-get purge -y --auto-remove libpq-dev autoconf 		dpkg-dev 		file 		g++ 		gcc 		libc-dev 		make 		pkg-config 		re2c     && rm -rf /var/lib/apt/lists/* /tmp/service-snapshot.sh     && cp "/usr/local/etc/php/php.ini-production" "/usr/local/etc/php/php.ini"
#10 0.295 Get:1 https://snapshot.debian.org/archive/debian/20261004T000000Z bookworm InRelease [151 kB]
#10 0.314 Get:2 https://snapshot.debian.org/archive/debian/20261004T000000Z bookworm-updates InRelease [55.4 kB]
#10 0.321 Get:3 https://snapshot.debian.org/archive/debian-security/20261004T000000Z bookworm-security InRelease [34.8 kB]
#10 0.369 Get:4 https://snapshot.debian.org/archive/debian/20261004T000000Z bookworm/main amd64 Packages [8790 kB]
#10 0.462 Get:5 https://snapshot.debian.org/archive/debian/20261004T000000Z bookworm-updates/main amd64 Packages [6924 B]
#10 0.473 Get:6 https://snapshot.debian.org/archive/debian-security/20261004T000000Z bookworm-security/main amd64 Packages [346 kB]
#10 1.486 Fetched 9384 kB in 1s (7381 kB/s)
#10 1.486 Reading package lists...
#10 1.881 Reading package lists...
#10 2.186 Building dependency tree...
#10 2.262 Reading state information...
#10 2.328 The following additional packages will be installed:
#10 2.329   libpq5 libssl-dev libssl3 openssl
#10 2.329 Suggested packages:
#10 2.329   postgresql-doc-15 libssl-doc
#10 2.351 The following NEW packages will be installed:
#10 2.351   libpq-dev libpq5 libssl-dev
#10 2.351 The following packages will be upgraded:
#10 2.352   libssl3 openssl
#10 2.499 2 upgraded, 3 newly installed, 0 to remove and 2 not upgraded.
#10 2.499 Need to get 6290 kB of archives.
#10 2.499 After this operation, 14.0 MB of additional disk space will be used.
#10 2.499 Get:1 https://snapshot.debian.org/archive/debian-security/20261004T000000Z bookworm-security/main amd64 libssl3 amd64 3.0.22-1~deb12u1 [2039 kB]
#10 2.541 Get:2 https://snapshot.debian.org/archive/debian-security/20261004T000000Z bookworm-security/main amd64 libpq5 amd64 15.19-0+deb12u1 [203 kB]
#10 2.542 Get:3 https://snapshot.debian.org/archive/debian-security/20261004T000000Z bookworm-security/main amd64 libssl-dev amd64 3.0.22-1~deb12u1 [2450 kB]
#10 2.553 Get:4 https://snapshot.debian.org/archive/debian-security/20261004T000000Z bookworm-security/main amd64 libpq-dev amd64 15.19-0+deb12u1 [156 kB]
#10 2.560 Get:5 https://snapshot.debian.org/archive/debian-security/20261004T000000Z bookworm-security/main amd64 openssl amd64 3.0.22-1~deb12u1 [1442 kB]
#10 2.642 debconf: delaying package configuration, since apt-utils is not installed
#10 2.660 Fetched 6290 kB in 0s (29.8 MB/s)
#10 2.671 (Reading database ... 
(Reading database ... 5%
(Reading database ... 10%
(Reading database ... 15%
(Reading database ... 20%
(Reading database ... 25%
(Reading database ... 30%
(Reading database ... 35%
(Reading database ... 40%
(Reading database ... 45%
(Reading database ... 50%
(Reading database ... 55%
(Reading database ... 60%
(Reading database ... 65%
(Reading database ... 70%
(Reading database ... 75%
(Reading database ... 80%
(Reading database ... 85%
(Reading database ... 90%
(Reading database ... 95%
(Reading database ... 100%
(Reading database ... 13263 files and directories currently installed.)
#10 2.680 Preparing to unpack .../libssl3_3.0.22-1~deb12u1_amd64.deb ...
#10 2.683 Unpacking libssl3:amd64 (3.0.22-1~deb12u1) over (3.0.20-1~deb12u2) ...
#10 2.827 Selecting previously unselected package libpq5:amd64.
#10 2.828 Preparing to unpack .../libpq5_15.19-0+deb12u1_amd64.deb ...
#10 2.828 Unpacking libpq5:amd64 (15.19-0+deb12u1) ...
#10 2.849 Selecting previously unselected package libssl-dev:amd64.
#10 2.850 Preparing to unpack .../libssl-dev_3.0.22-1~deb12u1_amd64.deb ...
#10 2.851 Unpacking libssl-dev:amd64 (3.0.22-1~deb12u1) ...
#10 2.988 Selecting previously unselected package libpq-dev.
#10 2.989 Preparing to unpack .../libpq-dev_15.19-0+deb12u1_amd64.deb ...
#10 2.990 Unpacking libpq-dev (15.19-0+deb12u1) ...
#10 3.016 Preparing to unpack .../openssl_3.0.22-1~deb12u1_amd64.deb ...
#10 3.018 Unpacking openssl (3.0.22-1~deb12u1) over (3.0.20-1~deb12u2) ...
#10 3.095 Setting up libssl3:amd64 (3.0.22-1~deb12u1) ...
#10 3.097 Setting up libpq5:amd64 (15.19-0+deb12u1) ...
#10 3.098 Setting up libssl-dev:amd64 (3.0.22-1~deb12u1) ...
#10 3.100 Setting up openssl (3.0.22-1~deb12u1) ...
#10 3.102 Setting up libpq-dev (15.19-0+deb12u1) ...
#10 3.104 Processing triggers for libc-bin (2.36-9+deb12u14) ...
#10 4.859 Configuring for:
#10 4.859 PHP Version:             8.5
#10 4.859 PHP Api Version:         20250925
#10 4.859 Zend Module Api No:      20250925
#10 4.859 Zend Extension Api No:   420250925
#10 5.248 checking for grep that handles long lines and -e... /usr/bin/grep
#10 5.249 checking for egrep... /usr/bin/grep -E
#10 5.250 checking for a sed that does not truncate output... /usr/bin/sed
#10 5.271 checking build system type... x86_64-pc-linux-gnu
#10 5.275 checking host system type... x86_64-pc-linux-gnu
#10 5.275 checking target system type... x86_64-pc-linux-gnu
#10 5.292 shtool:echo:Warning: unable to determine terminal sequence for bold mode
#10 5.316 shtool:echo:Warning: unable to determine terminal sequence for bold mode
#10 5.324 checking for gawk... no
#10 5.324 checking for nawk... nawk
#10 5.324 checking if nawk is broken... no
#10 5.326 checking for pkg-config... /usr/bin/pkg-config
#10 5.326 checking pkg-config is at least version 0.9.0... yes
#10 5.327 checking for cc... cc
#10 5.365 checking whether the C compiler works... yes
#10 5.431 checking for C compiler default output file name... a.out
#10 5.432 checking for suffix of executables... 
#10 5.473 checking whether we are cross compiling... no
#10 5.511 checking for suffix of object files... o
#10 5.525 checking whether the compiler supports GNU C... yes
#10 5.563 checking whether cc accepts -g... yes
#10 5.582 checking for cc option to enable C11 features... none needed
#10 5.615 checking how to run the C preprocessor... cc -E
#10 5.663 checking for icc... no
#10 5.670 checking for suncc... no
#10 5.676 checking for system library directory... lib
#10 5.676 checking if compiler supports -Wl,-rpath,... yes
#10 5.772 checking for PHP prefix... /usr/local
#10 5.772 checking for PHP includes... -I/usr/local/include/php -I/usr/local/include/php/main -I/usr/local/include/php/TSRM -I/usr/local/include/php/Zend -I/usr/local/include/php/ext -I/usr/local/include/php/ext/date/lib
#10 5.772 checking for PHP extension directory... /usr/local/lib/php/extensions/no-debug-non-zts-20250925
#10 5.772 checking for PHP installed headers prefix... /usr/local/include/php
#10 5.772 checking if debugging is enabled... no
#10 5.783 checking if PHP is built with thread safety (ZTS)... no
#10 5.794 
#10 5.794 Configuring extension
#10 5.794 checking for PostgreSQL support for PDO... yes, shared
#10 5.795 checking for libpq >= 10.0... yes
#10 5.805 checking for PQencryptPasswordConn in -lpq... yes
#10 5.855 checking for PQresultMemorySize in -lpq... yes
#10 5.903 checking for PQclosePrepared in -lpq... no
#10 5.957 checking for PQclosePortal in -lpq... no
#10 6.026 checking for PDO includes... /usr/local/include/php/ext
#10 6.044 
#10 6.044 Configuring libtool
#10 6.044 checking for a sed that does not truncate output... /usr/bin/sed
#10 6.045 checking for ld used by cc... /usr/bin/ld
#10 6.049 checking if the linker (/usr/bin/ld) is GNU ld... yes
#10 6.051 checking for /usr/bin/ld option to reload object files... -r
#10 6.051 checking for BSD-compatible nm... /usr/bin/nm -B
#10 6.053 checking whether ln -s works... yes
#10 6.053 checking how to recognize dependent libraries... pass_all
#10 6.065 checking for stdio.h... yes
#10 6.083 checking for stdlib.h... yes
#10 6.104 checking for string.h... yes
#10 6.123 checking for inttypes.h... yes
#10 6.189 checking for stdint.h... yes
#10 6.208 checking for strings.h... yes
#10 6.228 checking for sys/stat.h... yes
#10 6.248 checking for sys/types.h... yes
#10 6.275 checking for unistd.h... yes
#10 6.310 checking for dlfcn.h... yes
#10 6.337 checking the maximum length of command line arguments... 3145728
#10 6.340 checking command to parse /usr/bin/nm -B output from cc object... ok
#10 6.400 checking for objdir... .libs
#10 6.404 checking for ar... ar
#10 6.404 checking for ranlib... ranlib
#10 6.404 checking for strip... strip
#10 6.468 checking if cc supports -fno-rtti -fno-exceptions... no
#10 6.484 checking for cc option to produce PIC... -fPIC
#10 6.484 checking if cc PIC flag -fPIC works... yes
#10 6.503 checking if cc static flag -static works... yes
#10 6.562 checking if cc supports -c -o file.o... yes
#10 6.587 checking whether the cc linker (/usr/bin/ld -m elf_x86_64) supports shared libraries... yes
#10 6.600 checking whether -lc should be explicitly linked in... no
#10 6.630 checking dynamic linker characteristics... GNU/Linux ld.so
#10 6.649 checking how to hardcode library paths into programs... immediate
#10 6.649 checking whether stripping libraries is possible... yes
#10 6.651 checking if libtool supports shared libraries... yes
#10 6.651 checking whether to build shared libraries... yes
#10 6.651 checking whether to build static libraries... no
#10 6.757 
#10 6.757 creating libtool
#10 6.768 appending configuration tag "CXX" to libtool
#10 6.772 
#10 6.772 Generating files
#10 6.785 configure: creating build directories
#10 6.796 configure: creating Makefile
#10 6.798 configure: patching config.h.in
#10 6.800 configure: creating ./config.status
#10 6.832 config.status: creating config.h
#10 6.854 /bin/bash /usr/src/php/ext/pdo_pgsql/libtool --tag=CC --mode=compile cc -I. -I/usr/src/php/ext/pdo_pgsql -I/usr/local/include/php -I/usr/local/include/php/main -I/usr/local/include/php/TSRM -I/usr/local/include/php/Zend -I/usr/local/include/php/ext -I/usr/local/include/php/ext/date/lib -I/usr/include/postgresql  -fstack-protector-strong -fpic -fpie -O2 -D_LARGEFILE_SOURCE -D_FILE_OFFSET_BITS=64 -DHAVE_CONFIG_H  -fstack-protector-strong -fpic -fpie -O2 -D_LARGEFILE_SOURCE -D_FILE_OFFSET_BITS=64 -D_GNU_SOURCE    -DZEND_COMPILE_DL_EXT=1 -c /usr/src/php/ext/pdo_pgsql/pdo_pgsql.c -o pdo_pgsql.lo  -MMD -MF pdo_pgsql.dep -MT pdo_pgsql.lo
#10 6.854 /bin/bash /usr/src/php/ext/pdo_pgsql/libtool --tag=CC --mode=compile cc -I. -I/usr/src/php/ext/pdo_pgsql -I/usr/local/include/php -I/usr/local/include/php/main -I/usr/local/include/php/TSRM -I/usr/local/include/php/Zend -I/usr/local/include/php/ext -I/usr/local/include/php/ext/date/lib -I/usr/include/postgresql  -fstack-protector-strong -fpic -fpie -O2 -D_LARGEFILE_SOURCE -D_FILE_OFFSET_BITS=64 -DHAVE_CONFIG_H  -fstack-protector-strong -fpic -fpie -O2 -D_LARGEFILE_SOURCE -D_FILE_OFFSET_BITS=64 -D_GNU_SOURCE    -DZEND_COMPILE_DL_EXT=1 -c /usr/src/php/ext/pdo_pgsql/pgsql_driver.c -o pgsql_driver.lo  -MMD -MF pgsql_driver.dep -MT pgsql_driver.lo
#10 6.919 mkdir .libs
#10 6.920 mkdir .libs
#10 6.920 mkdir: cannot create directory '.libs': File exists
#10 6.921  cc -I. -I/usr/src/php/ext/pdo_pgsql -I/usr/local/include/php -I/usr/local/include/php/main -I/usr/local/include/php/TSRM -I/usr/local/include/php/Zend -I/usr/local/include/php/ext -I/usr/local/include/php/ext/date/lib -I/usr/include/postgresql -fstack-protector-strong -fpic -fpie -O2 -D_LARGEFILE_SOURCE -D_FILE_OFFSET_BITS=64 -DHAVE_CONFIG_H -fstack-protector-strong -fpic -fpie -O2 -D_LARGEFILE_SOURCE -D_FILE_OFFSET_BITS=64 -D_GNU_SOURCE -DZEND_COMPILE_DL_EXT=1 -c /usr/src/php/ext/pdo_pgsql/pgsql_driver.c -MMD -MF pgsql_driver.dep -MT pgsql_driver.lo  -fPIC -DPIC -o .libs/pgsql_driver.o
#10 6.921  cc -I. -I/usr/src/php/ext/pdo_pgsql -I/usr/local/include/php -I/usr/local/include/php/main -I/usr/local/include/php/TSRM -I/usr/local/include/php/Zend -I/usr/local/include/php/ext -I/usr/local/include/php/ext/date/lib -I/usr/include/postgresql -fstack-protector-strong -fpic -fpie -O2 -D_LARGEFILE_SOURCE -D_FILE_OFFSET_BITS=64 -DHAVE_CONFIG_H -fstack-protector-strong -fpic -fpie -O2 -D_LARGEFILE_SOURCE -D_FILE_OFFSET_BITS=64 -D_GNU_SOURCE -DZEND_COMPILE_DL_EXT=1 -c /usr/src/php/ext/pdo_pgsql/pdo_pgsql.c -MMD -MF pdo_pgsql.dep -MT pdo_pgsql.lo  -fPIC -DPIC -o .libs/pdo_pgsql.o
#10 7.059 /bin/bash /usr/src/php/ext/pdo_pgsql/libtool --tag=CC --mode=compile cc -I. -I/usr/src/php/ext/pdo_pgsql -I/usr/local/include/php -I/usr/local/include/php/main -I/usr/local/include/php/TSRM -I/usr/local/include/php/Zend -I/usr/local/include/php/ext -I/usr/local/include/php/ext/date/lib -I/usr/include/postgresql  -fstack-protector-strong -fpic -fpie -O2 -D_LARGEFILE_SOURCE -D_FILE_OFFSET_BITS=64 -DHAVE_CONFIG_H  -fstack-protector-strong -fpic -fpie -O2 -D_LARGEFILE_SOURCE -D_FILE_OFFSET_BITS=64 -D_GNU_SOURCE    -DZEND_COMPILE_DL_EXT=1 -c /usr/src/php/ext/pdo_pgsql/pgsql_statement.c -o pgsql_statement.lo  -MMD -MF pgsql_statement.dep -MT pgsql_statement.lo
#10 7.127  cc -I. -I/usr/src/php/ext/pdo_pgsql -I/usr/local/include/php -I/usr/local/include/php/main -I/usr/local/include/php/TSRM -I/usr/local/include/php/Zend -I/usr/local/include/php/ext -I/usr/local/include/php/ext/date/lib -I/usr/include/postgresql -fstack-protector-strong -fpic -fpie -O2 -D_LARGEFILE_SOURCE -D_FILE_OFFSET_BITS=64 -DHAVE_CONFIG_H -fstack-protector-strong -fpic -fpie -O2 -D_LARGEFILE_SOURCE -D_FILE_OFFSET_BITS=64 -D_GNU_SOURCE -DZEND_COMPILE_DL_EXT=1 -c /usr/src/php/ext/pdo_pgsql/pgsql_statement.c -MMD -MF pgsql_statement.dep -MT pgsql_statement.lo  -fPIC -DPIC -o .libs/pgsql_statement.o
#10 7.251 /bin/bash /usr/src/php/ext/pdo_pgsql/libtool --tag=CC --mode=compile cc -I. -I/usr/src/php/ext/pdo_pgsql -I/usr/local/include/php -I/usr/local/include/php/main -I/usr/local/include/php/TSRM -I/usr/local/include/php/Zend -I/usr/local/include/php/ext -I/usr/local/include/php/ext/date/lib -I/usr/include/postgresql  -fstack-protector-strong -fpic -fpie -O2 -D_LARGEFILE_SOURCE -D_FILE_OFFSET_BITS=64 -DHAVE_CONFIG_H  -fstack-protector-strong -fpic -fpie -O2 -D_LARGEFILE_SOURCE -D_FILE_OFFSET_BITS=64 -D_GNU_SOURCE    -DZEND_COMPILE_DL_EXT=1 -c /usr/src/php/ext/pdo_pgsql/pgsql_sql_parser.c -o pgsql_sql_parser.lo  -MMD -MF pgsql_sql_parser.dep -MT pgsql_sql_parser.lo
#10 7.316  cc -I. -I/usr/src/php/ext/pdo_pgsql -I/usr/local/include/php -I/usr/local/include/php/main -I/usr/local/include/php/TSRM -I/usr/local/include/php/Zend -I/usr/local/include/php/ext -I/usr/local/include/php/ext/date/lib -I/usr/include/postgresql -fstack-protector-strong -fpic -fpie -O2 -D_LARGEFILE_SOURCE -D_FILE_OFFSET_BITS=64 -DHAVE_CONFIG_H -fstack-protector-strong -fpic -fpie -O2 -D_LARGEFILE_SOURCE -D_FILE_OFFSET_BITS=64 -D_GNU_SOURCE -DZEND_COMPILE_DL_EXT=1 -c /usr/src/php/ext/pdo_pgsql/pgsql_sql_parser.c -MMD -MF pgsql_sql_parser.dep -MT pgsql_sql_parser.lo  -fPIC -DPIC -o .libs/pgsql_sql_parser.o
#10 7.429 /bin/bash /usr/src/php/ext/pdo_pgsql/libtool --tag=CC --mode=link cc -shared -I/usr/local/include/php -I/usr/local/include/php/main -I/usr/local/include/php/TSRM -I/usr/local/include/php/Zend -I/usr/local/include/php/ext -I/usr/local/include/php/ext/date/lib -I/usr/include/postgresql  -fstack-protector-strong -fpic -fpie -O2 -D_LARGEFILE_SOURCE -D_FILE_OFFSET_BITS=64 -DHAVE_CONFIG_H  -fstack-protector-strong -fpic -fpie -O2 -D_LARGEFILE_SOURCE -D_FILE_OFFSET_BITS=64 -D_GNU_SOURCE  -Wl,-O1 -pie  -o pdo_pgsql.la -export-dynamic -avoid-version -prefer-pic -module -rpath /usr/src/php/ext/pdo_pgsql/modules  pdo_pgsql.lo pgsql_driver.lo pgsql_statement.lo pgsql_sql_parser.lo -lpq
#10 7.524 cc -shared  .libs/pdo_pgsql.o .libs/pgsql_driver.o .libs/pgsql_statement.o .libs/pgsql_sql_parser.o  -lpq  -Wl,-O1 -Wl,-soname -Wl,pdo_pgsql.so -o .libs/pdo_pgsql.so
#10 7.543 creating pdo_pgsql.la
#10 7.550 (cd .libs && rm -f pdo_pgsql.la && ln -s ../pdo_pgsql.la pdo_pgsql.la)
#10 7.552 /bin/bash /usr/src/php/ext/pdo_pgsql/libtool --tag=CC --mode=install cp ./pdo_pgsql.la /usr/src/php/ext/pdo_pgsql/modules
#10 7.576 cp ./.libs/pdo_pgsql.so /usr/src/php/ext/pdo_pgsql/modules/pdo_pgsql.so
#10 7.579 cp ./.libs/pdo_pgsql.lai /usr/src/php/ext/pdo_pgsql/modules/pdo_pgsql.la
#10 7.596 PATH="$PATH:/sbin" ldconfig -n /usr/src/php/ext/pdo_pgsql/modules
#10 7.598 ----------------------------------------------------------------------
#10 7.598 Libraries have been installed in:
#10 7.598    /usr/src/php/ext/pdo_pgsql/modules
#10 7.598 
#10 7.598 If you ever happen to want to link against installed libraries
#10 7.598 in a given directory, LIBDIR, you must either use libtool, and
#10 7.598 specify the full pathname of the library, or use the `-LLIBDIR'
#10 7.598 flag during linking and do at least one of the following:
#10 7.598    - add LIBDIR to the `LD_LIBRARY_PATH' environment variable
#10 7.598      during execution
#10 7.598    - add LIBDIR to the `LD_RUN_PATH' environment variable
#10 7.598      during linking
#10 7.598    - use the `-Wl,--rpath -Wl,LIBDIR' linker flag
#10 7.598    - have your system administrator add LIBDIR to `/etc/ld.so.conf'
#10 7.598 
#10 7.598 See any operating system documentation about shared libraries for
#10 7.598 more information, such as the ld(1) and ld.so(8) manual pages.
#10 7.599 ----------------------------------------------------------------------
#10 7.601 
#10 7.602 Build complete.
#10 7.604 Don't forget to run 'make test'.
#10 7.605 
#10 7.622 + strip --strip-all modules/pdo_pgsql.so
#10 7.644 Installing shared extensions:     /usr/local/lib/php/extensions/no-debug-non-zts-20250925/
#10 7.706 find . -name \*.gcno -o -name \*.gcda | xargs rm -f
#10 7.712 find . -name \*.lo -o -name \*.o -o -name \*.dep | xargs rm -f
#10 7.720 find . -name \*.la -o -name \*.a | xargs rm -f
#10 7.723 find . -name \*.so | xargs rm -f
#10 7.726 find . -name .libs -a -type d|xargs rm -rf
#10 7.730 rm -f libphp.la        modules/* libs/*
#10 7.731 rm -f ext/opcache/jit/ir/gen_ir_fold_hash
#10 7.732 rm -f ext/opcache/jit/ir/minilua
#10 7.734 rm -f ext/opcache/jit/ir/ir_fold_hash.h
#10 7.735 rm -f ext/opcache/jit/ir/ir_emit_x86.h
#10 7.736 rm -f ext/opcache/jit/ir/ir_emit_aarch64.h
#10 12.08 libpq5 set to manually installed.
#10 12.08 Reading package lists...
#10 12.36 Building dependency tree...
#10 12.43 Reading state information...
#10 12.50 The following packages will be REMOVED:
#10 12.50   autoconf* binutils* binutils-common* binutils-x86-64-linux-gnu* bzip2* cpp*
#10 12.50   cpp-12* dpkg-dev* file* g++* g++-12* gcc* gcc-12* libasan8* libatomic1*
#10 12.50   libbinutils* libcc1-0* libctf-nobfd0* libctf0* libdpkg-perl* libgcc-12-dev*
#10 12.50   libgdbm-compat4* libgdbm6* libgomp1* libgprofng0* libisl23* libitm1*
#10 12.50   libjansson4* liblsan0* libmagic-mgc* libmagic1* libmpc3* libmpfr6*
#10 12.50   libperl5.36* libpkgconf3* libpq-dev* libquadmath0* libssl-dev*
#10 12.50   libstdc++-12-dev* libtsan2* libubsan1* m4* make* patch* perl*
#10 12.50   perl-modules-5.36* pkg-config* pkgconf* pkgconf-bin* re2c*
#10 12.57 0 upgraded, 0 newly installed, 50 to remove and 2 not upgraded.
#10 12.57 After this operation, 320 MB disk space will be freed.
#10 12.58 (Reading database ... 
(Reading database ... 5%
(Reading database ... 10%
(Reading database ... 15%
(Reading database ... 20%
(Reading database ... 25%
(Reading database ... 30%
(Reading database ... 35%
(Reading database ... 40%
(Reading database ... 45%
(Reading database ... 50%
(Reading database ... 55%
(Reading database ... 60%
(Reading database ... 65%
(Reading database ... 70%
(Reading database ... 75%
(Reading database ... 80%
(Reading database ... 85%
(Reading database ... 90%
(Reading database ... 95%
(Reading database ... 100%
(Reading database ... 13458 files and directories currently installed.)
#10 12.58 Removing autoconf (2.71-3) ...
#10 12.59 Removing g++ (4:12.2.0-3) ...
#10 12.60 Removing gcc (4:12.2.0-3) ...
#10 12.61 Removing dpkg-dev (1.21.23) ...
#10 12.62 Removing bzip2 (1.0.8-5+b1) ...
#10 12.63 Removing cpp (4:12.2.0-3) ...
#10 12.63 Removing file (1:5.44-3) ...
#10 12.64 Removing g++-12 (12.2.0-14+deb12u1) ...
#10 12.65 Removing libstdc++-12-dev:amd64 (12.2.0-14+deb12u1) ...
#10 12.71 Removing libdpkg-perl (1.21.23) ...
#10 12.72 Removing perl (5.36.0-7+deb12u3) ...
#10 12.73 Removing libperl5.36:amd64 (5.36.0-7+deb12u3) ...
#10 12.79 Removing libgdbm-compat4:amd64 (1.23-3) ...
#10 12.80 Removing libgdbm6:amd64 (1.23-3) ...
#10 12.81 Removing libmagic1:amd64 (1:5.44-3) ...
#10 12.82 Removing libmagic-mgc (1:5.44-3) ...
#10 12.82 Removing pkg-config:amd64 (1.8.1-1) ...
#10 12.83 Removing pkgconf:amd64 (1.8.1-1) ...
#10 12.83 Removing pkgconf-bin (1.8.1-1) ...
#10 12.84 Removing libpkgconf3:amd64 (1.8.1-1) ...
#10 12.84 Removing libpq-dev (15.19-0+deb12u1) ...
#10 12.85 Removing libssl-dev:amd64 (3.0.22-1~deb12u1) ...
#10 12.88 Removing m4 (1.4.19-3) ...
#10 12.89 Removing make (4.3-4.1) ...
#10 12.89 Removing patch (2.7.6-7) ...
#10 12.90 Removing perl-modules-5.36 (5.36.0-7+deb12u3) ...
#10 13.02 Removing re2c (3.0-2) ...
#10 13.04 Removing gcc-12 (12.2.0-14+deb12u1) ...
#10 13.04 Removing binutils (2.40-2) ...
#10 13.05 Removing binutils-x86-64-linux-gnu (2.40-2) ...
#10 13.07 Removing libgprofng0:amd64 (2.40-2) ...
#10 13.07 Removing libctf0:amd64 (2.40-2) ...
#10 13.08 Removing libbinutils:amd64 (2.40-2) ...
#10 13.08 Removing binutils-common:amd64 (2.40-2) ...
#10 13.09 Removing cpp-12 (12.2.0-14+deb12u1) ...
#10 13.13 Removing libgcc-12-dev:amd64 (12.2.0-14+deb12u1) ...
#10 13.14 Removing libasan8:amd64 (12.2.0-14+deb12u1) ...
#10 13.15 Removing libatomic1:amd64 (12.2.0-14+deb12u1) ...
#10 13.15 Removing libcc1-0:amd64 (12.2.0-14+deb12u1) ...
#10 13.16 Removing libctf-nobfd0:amd64 (2.40-2) ...
#10 13.16 Removing libgomp1:amd64 (12.2.0-14+deb12u1) ...
#10 13.17 Removing libisl23:amd64 (0.25-1.1) ...
#10 13.18 Removing libitm1:amd64 (12.2.0-14+deb12u1) ...
#10 13.18 Removing libjansson4:amd64 (2.14-2) ...
#10 13.19 Removing liblsan0:amd64 (12.2.0-14+deb12u1) ...
#10 13.19 Removing libmpc3:amd64 (1.3.1-1) ...
#10 13.20 Removing libmpfr6:amd64 (4.2.0-1) ...
#10 13.20 Removing libquadmath0:amd64 (12.2.0-14+deb12u1) ...
#10 13.21 Removing libtsan2:amd64 (12.2.0-14+deb12u1) ...
#10 13.21 Removing libubsan1:amd64 (12.2.0-14+deb12u1) ...
#10 13.24 Processing triggers for libc-bin (2.36-9+deb12u14) ...
#10 13.25 (Reading database ... 
(Reading database ... 5%
(Reading database ... 10%
(Reading database ... 15%
(Reading database ... 20%
(Reading database ... 25%
(Reading database ... 30%
(Reading database ... 35%
(Reading database ... 40%
(Reading database ... 45%
(Reading database ... 50%
(Reading database ... 55%
(Reading database ... 60%
(Reading database ... 65%
(Reading database ... 70%
(Reading database ... 75%
(Reading database ... 80%
(Reading database ... 85%
(Reading database ... 90%
(Reading database ... 95%
(Reading database ... 100%
(Reading database ... 8698 files and directories currently installed.)
#10 13.26 Purging configuration files for binutils-common:amd64 (2.40-2) ...
#10 13.26 Purging configuration files for libmagic1:amd64 (1:5.44-3) ...
#10 13.27 Purging configuration files for dpkg-dev (1.21.23) ...
#10 13.27 Purging configuration files for pkgconf:amd64 (1.8.1-1) ...
#10 13.28 Purging configuration files for perl (5.36.0-7+deb12u3) ...
#10 13.29 Purging configuration files for pkg-config:amd64 (1.8.1-1) ...
#10 13.29 Purging configuration files for autoconf (2.71-3) ...
#10 DONE 13.3s

#11 [php-base 4/4] WORKDIR /app
#11 DONE 0.0s

#12 [dependencies 1/4] COPY --from=composer-tool /usr/bin/composer /usr/local/bin/composer
#12 DONE 0.0s

#13 [dependencies 2/4] RUN apt-get update && apt-get install -y --no-install-recommends unzip     && rm -rf /var/lib/apt/lists/*
#13 0.150 Get:1 https://snapshot.debian.org/archive/debian/20261004T000000Z bookworm InRelease [151 kB]
#13 0.171 Get:2 https://snapshot.debian.org/archive/debian/20261004T000000Z bookworm-updates InRelease [55.4 kB]
#13 0.177 Get:3 https://snapshot.debian.org/archive/debian-security/20261004T000000Z bookworm-security InRelease [34.8 kB]
#13 0.218 Get:4 https://snapshot.debian.org/archive/debian/20261004T000000Z bookworm/main amd64 Packages [8790 kB]
#13 0.297 Get:5 https://snapshot.debian.org/archive/debian/20261004T000000Z bookworm-updates/main amd64 Packages [6924 B]
#13 0.309 Get:6 https://snapshot.debian.org/archive/debian-security/20261004T000000Z bookworm-security/main amd64 Packages [346 kB]
#13 0.847 Fetched 9384 kB in 1s (12.4 MB/s)
#13 0.847 Reading package lists...
#13 1.113 Reading package lists...
#13 1.372 Building dependency tree...
#13 1.441 Reading state information...
#13 1.506 Suggested packages:
#13 1.506   zip
#13 1.518 The following NEW packages will be installed:
#13 1.518   unzip
#13 1.747 0 upgraded, 1 newly installed, 0 to remove and 2 not upgraded.
#13 1.747 Need to get 167 kB of archives.
#13 1.747 After this operation, 389 kB of additional disk space will be used.
#13 1.747 Get:1 https://snapshot.debian.org/archive/debian-security/20261004T000000Z bookworm-security/main amd64 unzip amd64 6.0-28+deb12u1 [167 kB]
#13 1.816 debconf: delaying package configuration, since apt-utils is not installed
#13 1.832 Fetched 167 kB in 0s (695 kB/s)
#13 1.840 Selecting previously unselected package unzip.
#13 1.840 (Reading database ... 
(Reading database ... 5%
(Reading database ... 10%
(Reading database ... 15%
(Reading database ... 20%
(Reading database ... 25%
(Reading database ... 30%
(Reading database ... 35%
(Reading database ... 40%
(Reading database ... 45%
(Reading database ... 50%
(Reading database ... 55%
(Reading database ... 60%
(Reading database ... 65%
(Reading database ... 70%
(Reading database ... 75%
(Reading database ... 80%
(Reading database ... 85%
(Reading database ... 90%
(Reading database ... 95%
(Reading database ... 100%
(Reading database ... 8687 files and directories currently installed.)
#13 1.846 Preparing to unpack .../unzip_6.0-28+deb12u1_amd64.deb ...
#13 1.847 Unpacking unzip (6.0-28+deb12u1) ...
#13 1.865 Setting up unzip (6.0-28+deb12u1) ...
#13 DONE 1.9s

#14 [dependencies 3/4] COPY . ./
#14 DONE 0.0s

#15 [dependencies 4/4] RUN composer --version     && composer validate --strict --no-check-all     && composer install --no-dev --no-plugins --no-scripts --no-interaction         --prefer-dist --no-progress --classmap-authoritative     && composer check-platform-reqs --no-dev     && mkdir -p resources bootstrap/cache
#15 0.153 Composer version 2.10.3 2026-08-27 13:34:23
#15 0.153 PHP version 8.5.11 (/usr/local/bin/php)
#15 0.153 Run the "diagnose" command to get more detailed diagnostics output.
#15 0.228 ./composer.json is valid
#15 0.292 Installing dependencies from lock file
#15 0.294 Verifying lock file contents can be installed on current platform.
#15 0.597 Package operations: 73 installs, 0 updates, 0 removals
#15 0.599   - Downloading doctrine/lexer (3.0.3)
#15 0.600   - Downloading voku/portable-ascii (2.1.1)
#15 0.600   - Downloading symfony/polyfill-php80 (v1.43.0)
#15 0.600   - Downloading symfony/polyfill-mbstring (v1.43.0)
#15 0.600   - Downloading symfony/polyfill-ctype (v1.37.0)
#15 0.601   - Downloading phpoption/phpoption (1.10.0)
#15 0.601   - Downloading graham-campbell/result-type (v1.2.0)
#15 0.601   - Downloading vlucas/phpdotenv (v5.7.0)
#15 0.601   - Downloading symfony/css-selector (v8.1.6)
#15 0.601   - Downloading tijsverkoyen/css-to-inline-styles (v2.4.0)
#15 0.602   - Downloading symfony/var-dumper (v8.1.7)
#15 0.602   - Downloading symfony/polyfill-uuid (v1.43.0)
#15 0.602   - Downloading symfony/uid (v8.1.8)
#15 0.603   - Downloading symfony/deprecation-contracts (v3.7.1)
#15 0.603   - Downloading symfony/routing (v8.1.8)
#15 0.603   - Downloading symfony/process (v8.1.7)
#15 0.603   - Downloading symfony/polyfill-php86 (v1.43.0)
#15 0.603   - Downloading symfony/polyfill-php85 (v1.43.0)
#15 0.603   - Downloading symfony/polyfill-php84 (v1.43.0)
#15 0.603   - Downloading symfony/polyfill-intl-normalizer (v1.43.0)
#15 0.603   - Downloading symfony/polyfill-intl-idn (v1.43.0)
#15 0.603   - Downloading symfony/mime (v8.1.7)
#15 0.603   - Downloading psr/container (2.0.2)
#15 0.603   - Downloading symfony/service-contracts (v3.7.3)
#15 0.603   - Downloading psr/event-dispatcher (1.0.0)
#15 0.603   - Downloading symfony/event-dispatcher-contracts (v3.7.1)
#15 0.603   - Downloading symfony/event-dispatcher (v8.1.5)
#15 0.604   - Downloading psr/log (3.0.2)
#15 0.604   - Downloading egulias/email-validator (4.0.4)
#15 0.604   - Downloading symfony/mailer (v8.1.7)
#15 0.604   - Downloading symfony/http-foundation (v8.1.8)
#15 0.604   - Downloading symfony/error-handler (v8.1.8)
#15 0.604   - Downloading symfony/http-kernel (v8.1.8)
#15 0.604   - Downloading symfony/finder (v8.1.8)
#15 0.605   - Downloading symfony/polyfill-intl-grapheme (v1.43.0)
#15 0.605   - Downloading symfony/string (v8.1.7)
#15 0.605   - Downloading symfony/console (v8.1.8)
#15 0.605   - Downloading ramsey/collection (2.1.1)
#15 0.605   - Downloading brick/math (1.0.0)
#15 0.605   - Downloading ramsey/uuid (4.9.4)
#15 0.605   - Downloading psr/simple-cache (3.0.0)
#15 0.605   - Downloading psr/http-message (2.0)
#15 0.606   - Downloading nunomaduro/termwind (v2.4.0)
#15 0.606   - Downloading symfony/translation-contracts (v3.7.1)
#15 0.606   - Downloading symfony/translation (v8.1.5)
#15 0.606   - Downloading psr/clock (1.0.0)
#15 0.606   - Downloading symfony/clock (v8.1.0)
#15 0.606   - Downloading carbonphp/carbon-doctrine-types (3.2.1)
#15 0.606   - Downloading nesbot/carbon (3.14.2)
#15 0.607   - Downloading monolog/monolog (3.12.1)
#15 0.607   - Downloading psr/http-factory (1.1.0)
#15 0.607   - Downloading league/uri-interfaces (7.8.1)
#15 0.607   - Downloading league/uri (7.8.1)
#15 0.607   - Downloading league/mime-type-detection (1.17.0)
#15 0.607   - Downloading league/flysystem-local (3.35.3)
#15 0.607   - Downloading league/flysystem (3.36.0)
#15 0.608   - Downloading nette/utils (v4.1.5)
#15 0.608   - Downloading nette/schema (v1.3.6)
#15 0.608   - Downloading dflydev/dot-access-data (v3.0.3)
#15 0.608   - Downloading league/config (v1.2.0)
#15 0.608   - Downloading league/commonmark (2.10.3)
#15 0.608   - Downloading laravel/serializable-closure (v2.1.0)
#15 0.608   - Downloading laravel/prompts (v0.3.24)
#15 0.608   - Downloading guzzlehttp/uri-template (v2.0.1)
#15 0.609   - Downloading symfony/polyfill-php82 (v1.43.0)
#15 0.609   - Downloading guzzlehttp/psr7 (3.1.0)
#15 0.609   - Downloading guzzlehttp/promises (3.0.2)
#15 0.609   - Downloading psr/http-client (1.0.3)
#15 0.609   - Downloading guzzlehttp/guzzle (8.2.0)
#15 0.609   - Downloading fruitcake/php-cors (v1.4.0)
#15 0.609   - Downloading dragonmantank/cron-expression (v3.6.0)
#15 0.610   - Downloading doctrine/inflector (2.1.0)
#15 0.610   - Downloading laravel/framework (v13.34.0)
#15 1.488   - Installing doctrine/lexer (3.0.3): Extracting archive
#15 1.490   - Installing voku/portable-ascii (2.1.1): Extracting archive
#15 1.490   - Installing symfony/polyfill-php80 (v1.43.0): Extracting archive
#15 1.491   - Installing symfony/polyfill-mbstring (v1.43.0): Extracting archive
#15 1.493   - Installing symfony/polyfill-ctype (v1.37.0): Extracting archive
#15 1.493   - Installing phpoption/phpoption (1.10.0): Extracting archive
#15 1.494   - Installing graham-campbell/result-type (v1.2.0): Extracting archive
#15 1.495   - Installing vlucas/phpdotenv (v5.7.0): Extracting archive
#15 1.496   - Installing symfony/css-selector (v8.1.6): Extracting archive
#15 1.497   - Installing tijsverkoyen/css-to-inline-styles (v2.4.0): Extracting archive
#15 1.498   - Installing symfony/var-dumper (v8.1.7): Extracting archive
#15 1.500   - Installing symfony/polyfill-uuid (v1.43.0): Extracting archive
#15 1.500   - Installing symfony/uid (v8.1.8): Extracting archive
#15 1.500   - Installing symfony/deprecation-contracts (v3.7.1): Extracting archive
#15 1.501   - Installing symfony/routing (v8.1.8): Extracting archive
#15 1.501   - Installing symfony/process (v8.1.7): Extracting archive
#15 1.501   - Installing symfony/polyfill-php86 (v1.43.0): Extracting archive
#15 1.501   - Installing symfony/polyfill-php85 (v1.43.0): Extracting archive
#15 1.501   - Installing symfony/polyfill-php84 (v1.43.0): Extracting archive
#15 1.501   - Installing symfony/polyfill-intl-normalizer (v1.43.0): Extracting archive
#15 1.502   - Installing symfony/polyfill-intl-idn (v1.43.0): Extracting archive
#15 1.503   - Installing symfony/mime (v8.1.7): Extracting archive
#15 1.503   - Installing psr/container (2.0.2): Extracting archive
#15 1.503   - Installing symfony/service-contracts (v3.7.3): Extracting archive
#15 1.503   - Installing psr/event-dispatcher (1.0.0): Extracting archive
#15 1.503   - Installing symfony/event-dispatcher-contracts (v3.7.1): Extracting archive
#15 1.503   - Installing symfony/event-dispatcher (v8.1.5): Extracting archive
#15 1.504   - Installing psr/log (3.0.2): Extracting archive
#15 1.504   - Installing egulias/email-validator (4.0.4): Extracting archive
#15 1.504   - Installing symfony/mailer (v8.1.7): Extracting archive
#15 1.504   - Installing symfony/http-foundation (v8.1.8): Extracting archive
#15 1.504   - Installing symfony/error-handler (v8.1.8): Extracting archive
#15 1.505   - Installing symfony/http-kernel (v8.1.8): Extracting archive
#15 1.505   - Installing symfony/finder (v8.1.8): Extracting archive
#15 1.505   - Installing symfony/polyfill-intl-grapheme (v1.43.0): Extracting archive
#15 1.505   - Installing symfony/string (v8.1.7): Extracting archive
#15 1.505   - Installing symfony/console (v8.1.8): Extracting archive
#15 1.505   - Installing ramsey/collection (2.1.1): Extracting archive
#15 1.506   - Installing brick/math (1.0.0): Extracting archive
#15 1.506   - Installing ramsey/uuid (4.9.4): Extracting archive
#15 1.506   - Installing psr/simple-cache (3.0.0): Extracting archive
#15 1.506   - Installing psr/http-message (2.0): Extracting archive
#15 1.506   - Installing nunomaduro/termwind (v2.4.0): Extracting archive
#15 1.506   - Installing symfony/translation-contracts (v3.7.1): Extracting archive
#15 1.506   - Installing symfony/translation (v8.1.5): Extracting archive
#15 1.507   - Installing psr/clock (1.0.0): Extracting archive
#15 1.507   - Installing symfony/clock (v8.1.0): Extracting archive
#15 1.507   - Installing carbonphp/carbon-doctrine-types (3.2.1): Extracting archive
#15 1.507   - Installing nesbot/carbon (3.14.2): Extracting archive
#15 1.507   - Installing monolog/monolog (3.12.1): Extracting archive
#15 1.507   - Installing psr/http-factory (1.1.0): Extracting archive
#15 1.507   - Installing league/uri-interfaces (7.8.1): Extracting archive
#15 1.508   - Installing league/uri (7.8.1): Extracting archive
#15 1.508   - Installing league/mime-type-detection (1.17.0): Extracting archive
#15 1.508   - Installing league/flysystem-local (3.35.3): Extracting archive
#15 1.508   - Installing league/flysystem (3.36.0): Extracting archive
#15 1.508   - Installing nette/utils (v4.1.5): Extracting archive
#15 1.508   - Installing nette/schema (v1.3.6): Extracting archive
#15 1.509   - Installing dflydev/dot-access-data (v3.0.3): Extracting archive
#15 1.509   - Installing league/config (v1.2.0): Extracting archive
#15 1.509   - Installing league/commonmark (2.10.3): Extracting archive
#15 1.509   - Installing laravel/serializable-closure (v2.1.0): Extracting archive
#15 1.509   - Installing laravel/prompts (v0.3.24): Extracting archive
#15 1.509   - Installing guzzlehttp/uri-template (v2.0.1): Extracting archive
#15 1.509   - Installing symfony/polyfill-php82 (v1.43.0): Extracting archive
#15 1.510   - Installing guzzlehttp/psr7 (3.1.0): Extracting archive
#15 1.510   - Installing guzzlehttp/promises (3.0.2): Extracting archive
#15 1.510   - Installing psr/http-client (1.0.3): Extracting archive
#15 1.510   - Installing guzzlehttp/guzzle (8.2.0): Extracting archive
#15 1.510   - Installing fruitcake/php-cors (v1.4.0): Extracting archive
#15 1.510   - Installing dragonmantank/cron-expression (v3.6.0): Extracting archive
#15 1.510   - Installing doctrine/inflector (2.1.0): Extracting archive
#15 1.510   - Installing laravel/framework (v13.34.0): Extracting archive
#15 2.217 Generating optimized autoload files
#15 2.586 54 packages you are using are looking for funding.
#15 2.586 Use the `composer fund` command to find out more!
#15 2.676 Checking non-dev platform requirements for packages in the vendor dir
#15 2.680 composer-runtime-api 2.2.2      success                                       
#15 2.680 ext-ctype            *          success provided by symfony/polyfill-ctype    
#15 2.680 ext-dom              20031129   success                                       
#15 2.680 ext-fileinfo         8.5.11     success                                       
#15 2.680 ext-filter           8.5.11     success                                       
#15 2.680 ext-hash             8.5.11     success                                       
#15 2.680 ext-iconv            8.5.11     success                                       
#15 2.680 ext-json             8.5.11     success                                       
#15 2.680 ext-libxml           8.5.11     success                                       
#15 2.680 ext-mbstring         *          success provided by symfony/polyfill-mbstring 
#15 2.680 ext-openssl          8.5.11     success                                       
#15 2.680 ext-pcre             8.5.11     success                                       
#15 2.680 ext-pdo              8.5.11     success                                       
#15 2.680 ext-pdo_pgsql        8.5.11     success                                       
#15 2.680 ext-session          8.5.11     success                                       
#15 2.680 ext-tokenizer        8.5.11     success                                       
#15 2.680 php                  8.5.11     success                                       
#15 DONE 2.9s

#16 [php-runtime 1/9] COPY --from=dependencies /app/vendor/ ./vendor/
#16 DONE 0.7s

#17 [php-runtime 2/9] COPY --from=dependencies /app/app/ ./app/
#17 DONE 0.0s

#18 [php-runtime 3/9] COPY --from=dependencies /app/bootstrap/ ./bootstrap/
#18 DONE 0.0s

#19 [php-runtime 4/9] COPY --from=dependencies /app/config/ ./config/
#19 DONE 0.0s

#20 [php-runtime 5/9] COPY --from=dependencies /app/public/ ./public/
#20 DONE 0.0s

#21 [php-runtime 6/9] COPY --from=dependencies /app/routes/ ./routes/
#21 DONE 0.0s

#22 [php-runtime 7/9] COPY --from=dependencies /app/artisan /app/composer.json /app/composer.lock ./
#22 DONE 0.0s

#23 [php-runtime 8/9] COPY --from=dependencies /app/resources/ ./resources/
#23 DONE 0.0s

#24 [php-runtime 9/9] RUN mkdir -p bootstrap/cache storage/framework/cache storage/framework/sessions storage/framework/views storage/logs     && chown -R 10001:10001 bootstrap/cache storage     && printf '[global]\npid = /tmp/php-fpm.pid\n[www]\nlisten = 9000\nclear_env = no\n' > /usr/local/etc/php-fpm.d/zz-service.conf     && printf '%s\n' '#!/bin/sh' 'set -eu'         'mkdir -p /app/bootstrap/cache /app/storage/framework/cache /app/storage/framework/sessions /app/storage/framework/views /app/storage/logs'         'exec docker-php-entrypoint "$@"' > /usr/local/bin/service-entrypoint     && chmod 0755 /usr/local/bin/service-entrypoint
#24 DONE 0.1s

#25 exporting to image
#25 exporting layers
#25 exporting layers 1.6s done
#25 writing image sha256:7e9195b3c466a1406a2c98facb2de9feb9d5d40f6423a2ff02d31b722ed60c17 done
#25 naming to docker.io/library/p01-assurance:c14ddbdb5c6deb71b59737948b512b8398af694e done
#25 DONE 1.6s
