
Running 5 tests using 1 worker

  ✓  1 tests/browser-p08/campaign.spec.ts:3:1 › schedules measured migrations, recovers a lost receipt, pauses, and clears revoked access (6.6s)
  ✓  2 tests/browser-p08/fleet.spec.ts:4:1 › discovers, groups and prepares source VMs with independent holds and current-group checks (16.4s)
  ✓  3 tests/browser-p08/migration.spec.ts:4:1 › maps every observed disk, preserves uncertain commands, confirms exact review, and clears revoked access (16.9s)
  ✓  4 tests/browser-p08/migration.spec.ts:62:1 › selects AHV resources and saves complete quarantine mappings without authorizing migration (985ms)
  ✘  5 tests/browser-p08/operator-inputs.spec.ts:3:1 › collects operator inputs, preserves zero and uncertain saves, and remains usable on mobile (6.0s)


  1) tests/browser-p08/operator-inputs.spec.ts:3:1 › collects operator inputs, preserves zero and uncertain saves, and remains usable on mobile 

    Error: expect(locator).toBeVisible() failed

    Locator: getByText('Evidence verified', { exact: true })
    Expected: visible
    Timeout: 5000ms
    Error: element(s) not found

    Call log:
      - Expect "toBeVisible" getByText('Evidence verified', { exact: true }) with timeout 5000ms
      - waiting for getByText('Evidence verified', { exact: true })


      39 |   await request.post('/__operators', { data: { evidence: { field_id: 'max_outage_seconds', state: 'verified', expires_at: Math.floor(Date.now()/1000) + 3 } } });
      40 |   await page.getByRole('button', { name: 'Recheck evidence' }).click();
    > 41 |   await expect(page.getByText('Evidence verified', { exact: true })).toBeVisible();
         |                                                                      ^
      42 |   await expect(page.getByText('Review expired', { exact: true })).toBeVisible({ timeout: 5000 });
      43 |   await page.setViewportSize({ width: 390, height: 844 });
      44 |   await page.getByRole('button', { name: 'Workspace navigation', exact: true }).click();
        at /home/runner/work/multi-tenant/multi-tenant/apps/console/tests/browser-p08/operator-inputs.spec.ts:41:70

    attachment #1: screenshot (image/png) ──────────────────────────────────────────────────────────
    test-results/p08-artifacts/operator-inputs-collects-o-c2f4d-nd-remains-usable-on-mobile/test-failed-1.png
    ────────────────────────────────────────────────────────────────────────────────────────────────

    Error Context: test-results/p08-artifacts/operator-inputs-collects-o-c2f4d-nd-remains-usable-on-mobile/error-context.md

    attachment #3: trace (application/zip) ─────────────────────────────────────────────────────────
    test-results/p08-artifacts/operator-inputs-collects-o-c2f4d-nd-remains-usable-on-mobile/trace.zip
    Usage:

        npx playwright show-trace test-results/p08-artifacts/operator-inputs-collects-o-c2f4d-nd-remains-usable-on-mobile/trace.zip

    ────────────────────────────────────────────────────────────────────────────────────────────────

  1 failed
    tests/browser-p08/operator-inputs.spec.ts:3:1 › collects operator inputs, preserves zero and uncertain saves, and remains usable on mobile 
  4 passed (48.9s)
