#0 building with "default" instance using docker driver

#1 [internal] load build definition from Dockerfile
#1 transferring dockerfile: 2.93kB 0.0s done
#1 DONE 0.0s

#2 [internal] load metadata for docker.io/library/composer@sha256:bdd249749908be12facc9dec72e19704371bb893f96dff3e024ec89528a5a08d
#2 ...

#3 [auth] library/php:pull token for registry-1.docker.io
#3 DONE 0.0s

#4 [internal] load metadata for docker.io/library/php@sha256:c0dc98639fddeaad891a338e1e3fa2b2d724eb616bcd5a0bb1d8afd650e0fda3
#4 DONE 0.8s

#2 [internal] load metadata for docker.io/library/composer@sha256:bdd249749908be12facc9dec72e19704371bb893f96dff3e024ec89528a5a08d
#2 DONE 0.8s

#5 [internal] load .dockerignore
#5 transferring context: 459B done
#5 DONE 0.0s

#6 [internal] load build context
#6 transferring context: 389.78kB done
#6 DONE 0.0s

#7 [php-base 1/4] FROM docker.io/library/php@sha256:c0dc98639fddeaad891a338e1e3fa2b2d724eb616bcd5a0bb1d8afd650e0fda3
#7 resolve docker.io/library/php@sha256:c0dc98639fddeaad891a338e1e3fa2b2d724eb616bcd5a0bb1d8afd650e0fda3 done
#7 sha256:c0dc98639fddeaad891a338e1e3fa2b2d724eb616bcd5a0bb1d8afd650e0fda3 3.07kB / 3.07kB done
#7 sha256:1eec88f3ef7f7e2885c1608aebe4ae463bd19a8971d582b550bc1b0588aad252 11.08kB / 11.08kB done
#7 sha256:774043ccc8ccd0d0833a9ee0792142ab7ad93df971e59dd248fbf82db16d0150 0B / 28.24MB 0.1s
#7 sha256:9b021f8315053203c86b5df5d6c858e1f6b78fbed3b1aa4fa8ecf305e6b17aa8 0B / 104.35MB 0.1s
#7 sha256:774043ccc8ccd0d0833a9ee0792142ab7ad93df971e59dd248fbf82db16d0150 28.24MB / 28.24MB 0.3s
#7 sha256:611a3d8a1bdfe71c093d2e097ca10c84d1ef973b510de74a26f42f4e96ac513b 226B / 226B 0.2s done
#7 sha256:38a8a315d5f676b86a9011bbd6b4fd95f6f13bb788bac154a2c9361c03e15449 223B / 223B 0.3s
#7 sha256:774043ccc8ccd0d0833a9ee0792142ab7ad93df971e59dd248fbf82db16d0150 28.24MB / 28.24MB 0.3s done
#7 sha256:9b021f8315053203c86b5df5d6c858e1f6b78fbed3b1aa4fa8ecf305e6b17aa8 45.09MB / 104.35MB 0.4s
#7 sha256:38a8a315d5f676b86a9011bbd6b4fd95f6f13bb788bac154a2c9361c03e15449 223B / 223B 0.3s done
#7 extracting sha256:774043ccc8ccd0d0833a9ee0792142ab7ad93df971e59dd248fbf82db16d0150
#7 sha256:fc607023dd7a22cfd8625cd51b9efb1899f5e6551ee52d8a10af27129249337c 0B / 489B 0.4s
#7 sha256:f5978ed912fac564381c3caecc6c9e0915471966ac27e016766772baa208a17f 0B / 14.58MB 0.4s
#7 sha256:9b021f8315053203c86b5df5d6c858e1f6b78fbed3b1aa4fa8ecf305e6b17aa8 72.35MB / 104.35MB 0.5s
#7 sha256:fc607023dd7a22cfd8625cd51b9efb1899f5e6551ee52d8a10af27129249337c 489B / 489B 0.5s done
#7 sha256:f5978ed912fac564381c3caecc6c9e0915471966ac27e016766772baa208a17f 2.10MB / 14.58MB 0.5s
#7 sha256:6a39461bdf6264f562e4b7163b5eb5c867f60aad7a81412f9dc120b2b7ee9959 0B / 31.22MB 0.5s
#7 sha256:9b021f8315053203c86b5df5d6c858e1f6b78fbed3b1aa4fa8ecf305e6b17aa8 93.32MB / 104.35MB 0.6s
#7 sha256:f5978ed912fac564381c3caecc6c9e0915471966ac27e016766772baa208a17f 5.24MB / 14.58MB 0.6s
#7 sha256:9b021f8315053203c86b5df5d6c858e1f6b78fbed3b1aa4fa8ecf305e6b17aa8 104.35MB / 104.35MB 0.7s
#7 sha256:f5978ed912fac564381c3caecc6c9e0915471966ac27e016766772baa208a17f 14.58MB / 14.58MB 0.7s
#7 sha256:6a39461bdf6264f562e4b7163b5eb5c867f60aad7a81412f9dc120b2b7ee9959 5.24MB / 31.22MB 0.7s
#7 sha256:6a39461bdf6264f562e4b7163b5eb5c867f60aad7a81412f9dc120b2b7ee9959 16.78MB / 31.22MB 0.8s
#7 sha256:6a39461bdf6264f562e4b7163b5eb5c867f60aad7a81412f9dc120b2b7ee9959 31.22MB / 31.22MB 1.0s
#7 extracting sha256:774043ccc8ccd0d0833a9ee0792142ab7ad93df971e59dd248fbf82db16d0150 0.7s done
#7 sha256:f5978ed912fac564381c3caecc6c9e0915471966ac27e016766772baa208a17f 14.58MB / 14.58MB 1.3s done
#7 extracting sha256:611a3d8a1bdfe71c093d2e097ca10c84d1ef973b510de74a26f42f4e96ac513b
#7 sha256:9b021f8315053203c86b5df5d6c858e1f6b78fbed3b1aa4fa8ecf305e6b17aa8 104.35MB / 104.35MB 1.4s done
#7 sha256:6a39461bdf6264f562e4b7163b5eb5c867f60aad7a81412f9dc120b2b7ee9959 31.22MB / 31.22MB 1.4s done
#7 extracting sha256:611a3d8a1bdfe71c093d2e097ca10c84d1ef973b510de74a26f42f4e96ac513b done
#7 sha256:f720b01afadbdffc9e12fcb5a717c78281416e65776be1eee2697ad825f0d3df 0B / 246B 1.5s
#7 sha256:04a6f7b50c77dea275d2ea3895aa94c2d489d626890ff788b183a883f63acad5 2.45kB / 2.45kB 1.6s done
#7 sha256:4f4fb700ef54461cfa02571ae0db9a0dc1e0cdb5577484a6d75e68dc38e8acc1 32B / 32B 1.6s
#7 sha256:d7b35ae1920d31c874a9b60f5323460f721ef6492144ea861348699feb4f1c52 0B / 9.27kB 1.7s
#7 sha256:f720b01afadbdffc9e12fcb5a717c78281416e65776be1eee2697ad825f0d3df 246B / 246B 1.6s done
#7 sha256:4f4fb700ef54461cfa02571ae0db9a0dc1e0cdb5577484a6d75e68dc38e8acc1 32B / 32B 1.6s done
#7 sha256:d7b35ae1920d31c874a9b60f5323460f721ef6492144ea861348699feb4f1c52 9.27kB / 9.27kB 1.8s done
#7 extracting sha256:9b021f8315053203c86b5df5d6c858e1f6b78fbed3b1aa4fa8ecf305e6b17aa8
#7 extracting sha256:9b021f8315053203c86b5df5d6c858e1f6b78fbed3b1aa4fa8ecf305e6b17aa8 3.4s done
#7 extracting sha256:38a8a315d5f676b86a9011bbd6b4fd95f6f13bb788bac154a2c9361c03e15449 done
#7 extracting sha256:f5978ed912fac564381c3caecc6c9e0915471966ac27e016766772baa208a17f 0.1s done
#7 extracting sha256:fc607023dd7a22cfd8625cd51b9efb1899f5e6551ee52d8a10af27129249337c
#7 extracting sha256:fc607023dd7a22cfd8625cd51b9efb1899f5e6551ee52d8a10af27129249337c done
#7 extracting sha256:6a39461bdf6264f562e4b7163b5eb5c867f60aad7a81412f9dc120b2b7ee9959 0.1s
#7 extracting sha256:6a39461bdf6264f562e4b7163b5eb5c867f60aad7a81412f9dc120b2b7ee9959 0.6s done
#7 ...

#8 [composer-tool 1/1] FROM docker.io/library/composer@sha256:bdd249749908be12facc9dec72e19704371bb893f96dff3e024ec89528a5a08d
#8 resolve docker.io/library/composer@sha256:bdd249749908be12facc9dec72e19704371bb893f96dff3e024ec89528a5a08d done
#8 sha256:87ef1f7078ab07ff3822199a1572016cd47bc5dc5cd9aae9e6f2d9b2884a50f9 12.14kB / 12.14kB done
#8 sha256:bdd249749908be12facc9dec72e19704371bb893f96dff3e024ec89528a5a08d 3.61kB / 3.61kB done
#8 sha256:406faa0b22ce98d8b28e44c625e146357adf030ab36c13a5bcdc3d4d05696978 931B / 931B 2.8s done
#8 sha256:108ad594590ceb72747aa8d762dc9fb9d1f6377ac3e991684c4ee9c46d38e2fa 215B / 215B 3.0s done
#8 sha256:c74954296e3dcddf622cc98260e98c4dcf93fa3a75aa35323873dd266bd4bd1e 3.49MB / 3.49MB 3.2s done
#8 sha256:88c97ededfa581ed39cd2fad6551d825b2f6527397e92c2eafa80648778438b6 14.49MB / 14.49MB 3.3s done
#8 extracting sha256:c74954296e3dcddf622cc98260e98c4dcf93fa3a75aa35323873dd266bd4bd1e 0.1s done
#8 sha256:6361c0c16a9abd0a1ac1a96c836fd6273a651e1a15d291e2811f1e36904c0f96 22.83MB / 22.83MB 3.5s done
#8 sha256:0bfa53ef058425d39dda0dc330b0afa6aef24ed3cac2b9cb8461ee73d98e1667 490B / 490B 3.3s done
#8 sha256:b7fa1c822b375082f66aed3706a736de5ac75f201b684d75f728d3f8218d94be 2.45kB / 2.45kB 3.4s done
#8 sha256:52bc90a67a58631429510dce4678820c6c9f4f7401f893e131eab5e61d6e4ba1 22.43kB / 22.43kB 3.5s done
#8 sha256:b643345218f3d9927c0c0a2c77e668efb8875590c035958d065feb6c5ae2b1b1 31.96MB / 31.96MB 3.8s done
#8 sha256:6f7b1962d76481345b26e2686cfd94cb8f3d3d9d4b9bd5473b4c8e9a7929cd76 1.08MB / 1.08MB 3.8s done
#8 sha256:8806a571cc741e14b8f9231f56c52579b3d524dfddf2ba831dfc13dbdafcb292 253B / 253B 3.8s done
#8 extracting sha256:406faa0b22ce98d8b28e44c625e146357adf030ab36c13a5bcdc3d4d05696978 done
#8 sha256:92421a00585b560d1bf778295d236587186c4650824389f597ff4f21925040f8 419B / 419B 4.0s done
#8 sha256:1755349a9517f4193071aca80c53be43652721fbd4ca9b15bb18c4fb1fed3a96 93B / 93B 3.9s done
#8 extracting sha256:108ad594590ceb72747aa8d762dc9fb9d1f6377ac3e991684c4ee9c46d38e2fa done
#8 extracting sha256:88c97ededfa581ed39cd2fad6551d825b2f6527397e92c2eafa80648778438b6 0.1s done
#8 extracting sha256:0bfa53ef058425d39dda0dc330b0afa6aef24ed3cac2b9cb8461ee73d98e1667 done
#8 extracting sha256:6361c0c16a9abd0a1ac1a96c836fd6273a651e1a15d291e2811f1e36904c0f96 0.5s done
#8 extracting sha256:b7fa1c822b375082f66aed3706a736de5ac75f201b684d75f728d3f8218d94be done
#8 extracting sha256:52bc90a67a58631429510dce4678820c6c9f4f7401f893e131eab5e61d6e4ba1 done
#8 extracting sha256:b643345218f3d9927c0c0a2c77e668efb8875590c035958d065feb6c5ae2b1b1 1.0s done
#8 ...

#7 [php-base 1/4] FROM docker.io/library/php@sha256:c0dc98639fddeaad891a338e1e3fa2b2d724eb616bcd5a0bb1d8afd650e0fda3
#7 extracting sha256:04a6f7b50c77dea275d2ea3895aa94c2d489d626890ff788b183a883f63acad5
#7 extracting sha256:04a6f7b50c77dea275d2ea3895aa94c2d489d626890ff788b183a883f63acad5 done
#7 extracting sha256:f720b01afadbdffc9e12fcb5a717c78281416e65776be1eee2697ad825f0d3df
#7 extracting sha256:f720b01afadbdffc9e12fcb5a717c78281416e65776be1eee2697ad825f0d3df done
#7 extracting sha256:4f4fb700ef54461cfa02571ae0db9a0dc1e0cdb5577484a6d75e68dc38e8acc1 done
#7 extracting sha256:d7b35ae1920d31c874a9b60f5323460f721ef6492144ea861348699feb4f1c52 done
#7 DONE 10.4s

#9 [php-base 2/4] COPY build/snapshot.sh /tmp/service-snapshot.sh
#9 DONE 0.0s

#10 [php-base 2/4] COPY build/snapshot.sh /tmp/service-snapshot.sh
#10 CACHED

#8 [composer-tool 1/1] FROM docker.io/library/composer@sha256:bdd249749908be12facc9dec72e19704371bb893f96dff3e024ec89528a5a08d
#8 extracting sha256:8806a571cc741e14b8f9231f56c52579b3d524dfddf2ba831dfc13dbdafcb292 done
#8 extracting sha256:6f7b1962d76481345b26e2686cfd94cb8f3d3d9d4b9bd5473b4c8e9a7929cd76 0.0s done
#8 extracting sha256:92421a00585b560d1bf778295d236587186c4650824389f597ff4f21925040f8 done
#8 extracting sha256:1755349a9517f4193071aca80c53be43652721fbd4ca9b15bb18c4fb1fed3a96 done
#8 DONE 10.6s

#11 [php-base 3/4] RUN sh /tmp/service-snapshot.sh     && apt-get update     && apt-get install -y --no-install-recommends libpq-dev     && docker-php-ext-install -j2 pdo_pgsql     && apt-mark manual libpq5     && apt-get purge -y --auto-remove libpq-dev autoconf 		dpkg-dev 		file 		g++ 		gcc 		libc-dev 		make 		pkg-config 		re2c     && rm -rf /var/lib/apt/lists/* /tmp/service-snapshot.sh     && cp "/usr/local/etc/php/php.ini-production" "/usr/local/etc/php/php.ini"
#11 0.252 Get:1 https://snapshot.debian.org/archive/debian/20261004T000000Z bookworm InRelease [151 kB]
#11 0.273 Get:2 https://snapshot.debian.org/archive/debian/20261004T000000Z bookworm-updates InRelease [55.4 kB]
#11 0.286 Get:3 https://snapshot.debian.org/archive/debian-security/20261004T000000Z bookworm-security InRelease [34.8 kB]
#11 0.352 Get:4 https://snapshot.debian.org/archive/debian/20261004T000000Z bookworm/main amd64 Packages [8790 kB]
#11 0.442 Get:5 https://snapshot.debian.org/archive/debian/20261004T000000Z bookworm-updates/main amd64 Packages [6924 B]
#11 0.451 Get:6 https://snapshot.debian.org/archive/debian-security/20261004T000000Z bookworm-security/main amd64 Packages [346 kB]
#11 1.114 Fetched 9384 kB in 1s (9773 kB/s)
#11 1.114 Reading package lists...
#11 1.520 Reading package lists...
#11 1.952 Building dependency tree...
#11 2.081 Reading state information...
#11 2.179 The following additional packages will be installed:
#11 2.179   libpq5 libssl-dev libssl3 openssl
#11 2.180 Suggested packages:
#11 2.180   postgresql-doc-15 libssl-doc
#11 2.201 The following NEW packages will be installed:
#11 2.202   libpq-dev libpq5 libssl-dev
#11 2.203 The following packages will be upgraded:
#11 2.203   libssl3 openssl
#11 3.181 2 upgraded, 3 newly installed, 0 to remove and 2 not upgraded.
#11 3.181 Need to get 6290 kB of archives.
#11 3.181 After this operation, 14.0 MB of additional disk space will be used.
#11 3.181 Get:1 https://snapshot.debian.org/archive/debian-security/20261004T000000Z bookworm-security/main amd64 libssl3 amd64 3.0.22-1~deb12u1 [2039 kB]
#11 3.225 Get:2 https://snapshot.debian.org/archive/debian-security/20261004T000000Z bookworm-security/main amd64 libpq5 amd64 15.19-0+deb12u1 [203 kB]
#11 3.226 Get:3 https://snapshot.debian.org/archive/debian-security/20261004T000000Z bookworm-security/main amd64 libssl-dev amd64 3.0.22-1~deb12u1 [2450 kB]
#11 3.237 Get:4 https://snapshot.debian.org/archive/debian-security/20261004T000000Z bookworm-security/main amd64 libpq-dev amd64 15.19-0+deb12u1 [156 kB]
#11 3.239 Get:5 https://snapshot.debian.org/archive/debian-security/20261004T000000Z bookworm-security/main amd64 openssl amd64 3.0.22-1~deb12u1 [1442 kB]
#11 3.317 debconf: delaying package configuration, since apt-utils is not installed
#11 3.340 Fetched 6290 kB in 1s (6070 kB/s)
#11 3.352 (Reading database ... 
(Reading database ... 5%
(Reading database ... 10%
(Reading database ... 15%
(Reading database ... 20%
(Reading database ... 25%
(Reading database ... 30%
(Reading database ... 35%
(Reading database ... 40%
(Reading database ... 45%
(Reading database ... 50%
(Reading database ... 55%
(Reading database ... 60%
(Reading database ... 65%
(Reading database ... 70%
(Reading database ... 75%
(Reading database ... 80%
(Reading database ... 85%
(Reading database ... 90%
(Reading database ... 95%
(Reading database ... 100%
(Reading database ... 13263 files and directories currently installed.)
#11 3.364 Preparing to unpack .../libssl3_3.0.22-1~deb12u1_amd64.deb ...
#11 3.367 Unpacking libssl3:amd64 (3.0.22-1~deb12u1) over (3.0.20-1~deb12u2) ...
#11 3.530 Selecting previously unselected package libpq5:amd64.
#11 3.531 Preparing to unpack .../libpq5_15.19-0+deb12u1_amd64.deb ...
#11 3.532 Unpacking libpq5:amd64 (15.19-0+deb12u1) ...
#11 3.562 Selecting previously unselected package libssl-dev:amd64.
#11 3.564 Preparing to unpack .../libssl-dev_3.0.22-1~deb12u1_amd64.deb ...
#11 3.568 Unpacking libssl-dev:amd64 (3.0.22-1~deb12u1) ...
#11 3.735 Selecting previously unselected package libpq-dev.
#11 3.736 Preparing to unpack .../libpq-dev_15.19-0+deb12u1_amd64.deb ...
#11 3.738 Unpacking libpq-dev (15.19-0+deb12u1) ...
#11 3.771 Preparing to unpack .../openssl_3.0.22-1~deb12u1_amd64.deb ...
#11 3.775 Unpacking openssl (3.0.22-1~deb12u1) over (3.0.20-1~deb12u2) ...
#11 3.885 Setting up libssl3:amd64 (3.0.22-1~deb12u1) ...
#11 3.886 Setting up libpq5:amd64 (15.19-0+deb12u1) ...
#11 3.888 Setting up libssl-dev:amd64 (3.0.22-1~deb12u1) ...
#11 3.890 Setting up openssl (3.0.22-1~deb12u1) ...
#11 3.894 Setting up libpq-dev (15.19-0+deb12u1) ...
#11 3.896 Processing triggers for libc-bin (2.36-9+deb12u14) ...
#11 6.618 Configuring for:
#11 6.618 PHP Version:             8.5
#11 6.618 PHP Api Version:         20250925
#11 6.618 Zend Module Api No:      20250925
#11 6.618 Zend Extension Api No:   420250925
#11 7.244 checking for grep that handles long lines and -e... /usr/bin/grep
#11 7.247 checking for egrep... /usr/bin/grep -E
#11 7.248 checking for a sed that does not truncate output... /usr/bin/sed
#11 7.270 checking build system type... x86_64-pc-linux-gnu
#11 7.273 checking host system type... x86_64-pc-linux-gnu
#11 7.273 checking target system type... x86_64-pc-linux-gnu
#11 7.294 shtool:echo:Warning: unable to determine terminal sequence for bold mode
#11 7.323 shtool:echo:Warning: unable to determine terminal sequence for bold mode
#11 7.331 checking for gawk... no
#11 7.331 checking for nawk... nawk
#11 7.332 checking if nawk is broken... no
#11 7.334 checking for pkg-config... /usr/bin/pkg-config
#11 7.335 checking pkg-config is at least version 0.9.0... yes
#11 7.337 checking for cc... cc
#11 7.357 checking whether the C compiler works... yes
#11 7.397 checking for C compiler default output file name... a.out
#11 7.398 checking for suffix of executables... 
#11 7.440 checking whether we are cross compiling... no
#11 7.479 checking for suffix of object files... o
#11 7.499 checking whether the compiler supports GNU C... yes
#11 7.517 checking whether cc accepts -g... yes
#11 7.536 checking for cc option to enable C11 features... none needed
#11 7.568 checking how to run the C preprocessor... cc -E
#11 7.626 checking for icc... no
#11 7.638 checking for suncc... no
#11 7.657 checking for system library directory... lib
#11 7.658 checking if compiler supports -Wl,-rpath,... yes
#11 7.709 checking for PHP prefix... /usr/local
#11 7.709 checking for PHP includes... -I/usr/local/include/php -I/usr/local/include/php/main -I/usr/local/include/php/TSRM -I/usr/local/include/php/Zend -I/usr/local/include/php/ext -I/usr/local/include/php/ext/date/lib
#11 7.709 checking for PHP extension directory... /usr/local/lib/php/extensions/no-debug-non-zts-20250925
#11 7.709 checking for PHP installed headers prefix... /usr/local/include/php
#11 7.709 checking if debugging is enabled... no
#11 7.719 checking if PHP is built with thread safety (ZTS)... no
#11 7.730 
#11 7.730 Configuring extension
#11 7.730 checking for PostgreSQL support for PDO... yes, shared
#11 7.732 checking for libpq >= 10.0... yes
#11 7.743 checking for PQencryptPasswordConn in -lpq... yes
#11 7.799 checking for PQresultMemorySize in -lpq... yes
#11 7.855 checking for PQclosePrepared in -lpq... no
#11 7.905 checking for PQclosePortal in -lpq... no
#11 7.944 checking for PDO includes... /usr/local/include/php/ext
#11 7.949 
#11 7.949 Configuring libtool
#11 7.949 checking for a sed that does not truncate output... /usr/bin/sed
#11 7.972 checking for ld used by cc... /usr/bin/ld
#11 7.976 checking if the linker (/usr/bin/ld) is GNU ld... yes
#11 7.977 checking for /usr/bin/ld option to reload object files... -r
#11 7.978 checking for BSD-compatible nm... /usr/bin/nm -B
#11 7.979 checking whether ln -s works... yes
#11 7.980 checking how to recognize dependent libraries... pass_all
#11 8.004 checking for stdio.h... yes
#11 8.034 checking for stdlib.h... yes
#11 8.054 checking for string.h... yes
#11 8.073 checking for inttypes.h... yes
#11 8.093 checking for stdint.h... yes
#11 8.121 checking for strings.h... yes
#11 8.160 checking for sys/stat.h... yes
#11 8.190 checking for sys/types.h... yes
#11 8.217 checking for unistd.h... yes
#11 8.233 checking for dlfcn.h... yes
#11 8.250 checking the maximum length of command line arguments... 3145728
#11 8.253 checking command to parse /usr/bin/nm -B output from cc object... ok
#11 8.298 checking for objdir... .libs
#11 8.300 checking for ar... ar
#11 8.301 checking for ranlib... ranlib
#11 8.301 checking for strip... strip
#11 8.336 checking if cc supports -fno-rtti -fno-exceptions... no
#11 8.351 checking for cc option to produce PIC... -fPIC
#11 8.351 checking if cc PIC flag -fPIC works... yes
#11 8.364 checking if cc static flag -static works... yes
#11 8.426 checking if cc supports -c -o file.o... yes
#11 8.445 checking whether the cc linker (/usr/bin/ld -m elf_x86_64) supports shared libraries... yes
#11 8.454 checking whether -lc should be explicitly linked in... no
#11 8.470 checking dynamic linker characteristics... GNU/Linux ld.so
#11 8.481 checking how to hardcode library paths into programs... immediate
#11 8.481 checking whether stripping libraries is possible... yes
#11 8.483 checking if libtool supports shared libraries... yes
#11 8.483 checking whether to build shared libraries... yes
#11 8.483 checking whether to build static libraries... no
#11 8.591 
#11 8.591 creating libtool
#11 8.604 appending configuration tag "CXX" to libtool
#11 8.608 
#11 8.608 Generating files
#11 8.624 configure: creating build directories
#11 8.637 configure: creating Makefile
#11 8.639 configure: patching config.h.in
#11 8.644 configure: creating ./config.status
#11 8.680 config.status: creating config.h
#11 8.705 /bin/bash /usr/src/php/ext/pdo_pgsql/libtool --tag=CC --mode=compile cc -I. -I/usr/src/php/ext/pdo_pgsql -I/usr/local/include/php -I/usr/local/include/php/main -I/usr/local/include/php/TSRM -I/usr/local/include/php/Zend -I/usr/local/include/php/ext -I/usr/local/include/php/ext/date/lib -I/usr/include/postgresql  -fstack-protector-strong -fpic -fpie -O2 -D_LARGEFILE_SOURCE -D_FILE_OFFSET_BITS=64 -DHAVE_CONFIG_H  -fstack-protector-strong -fpic -fpie -O2 -D_LARGEFILE_SOURCE -D_FILE_OFFSET_BITS=64 -D_GNU_SOURCE    -DZEND_COMPILE_DL_EXT=1 -c /usr/src/php/ext/pdo_pgsql/pdo_pgsql.c -o pdo_pgsql.lo  -MMD -MF pdo_pgsql.dep -MT pdo_pgsql.lo
#11 8.705 /bin/bash /usr/src/php/ext/pdo_pgsql/libtool --tag=CC --mode=compile cc -I. -I/usr/src/php/ext/pdo_pgsql -I/usr/local/include/php -I/usr/local/include/php/main -I/usr/local/include/php/TSRM -I/usr/local/include/php/Zend -I/usr/local/include/php/ext -I/usr/local/include/php/ext/date/lib -I/usr/include/postgresql  -fstack-protector-strong -fpic -fpie -O2 -D_LARGEFILE_SOURCE -D_FILE_OFFSET_BITS=64 -DHAVE_CONFIG_H  -fstack-protector-strong -fpic -fpie -O2 -D_LARGEFILE_SOURCE -D_FILE_OFFSET_BITS=64 -D_GNU_SOURCE    -DZEND_COMPILE_DL_EXT=1 -c /usr/src/php/ext/pdo_pgsql/pgsql_driver.c -o pgsql_driver.lo  -MMD -MF pgsql_driver.dep -MT pgsql_driver.lo
#11 8.786 mkdir .libs
#11 8.786 mkdir .libs
#11 8.787 mkdir: cannot create directory '.libs': File exists
#11 8.789  cc -I. -I/usr/src/php/ext/pdo_pgsql -I/usr/local/include/php -I/usr/local/include/php/main -I/usr/local/include/php/TSRM -I/usr/local/include/php/Zend -I/usr/local/include/php/ext -I/usr/local/include/php/ext/date/lib -I/usr/include/postgresql -fstack-protector-strong -fpic -fpie -O2 -D_LARGEFILE_SOURCE -D_FILE_OFFSET_BITS=64 -DHAVE_CONFIG_H -fstack-protector-strong -fpic -fpie -O2 -D_LARGEFILE_SOURCE -D_FILE_OFFSET_BITS=64 -D_GNU_SOURCE -DZEND_COMPILE_DL_EXT=1 -c /usr/src/php/ext/pdo_pgsql/pgsql_driver.c -MMD -MF pgsql_driver.dep -MT pgsql_driver.lo  -fPIC -DPIC -o .libs/pgsql_driver.o
#11 8.789  cc -I. -I/usr/src/php/ext/pdo_pgsql -I/usr/local/include/php -I/usr/local/include/php/main -I/usr/local/include/php/TSRM -I/usr/local/include/php/Zend -I/usr/local/include/php/ext -I/usr/local/include/php/ext/date/lib -I/usr/include/postgresql -fstack-protector-strong -fpic -fpie -O2 -D_LARGEFILE_SOURCE -D_FILE_OFFSET_BITS=64 -DHAVE_CONFIG_H -fstack-protector-strong -fpic -fpie -O2 -D_LARGEFILE_SOURCE -D_FILE_OFFSET_BITS=64 -D_GNU_SOURCE -DZEND_COMPILE_DL_EXT=1 -c /usr/src/php/ext/pdo_pgsql/pdo_pgsql.c -MMD -MF pdo_pgsql.dep -MT pdo_pgsql.lo  -fPIC -DPIC -o .libs/pdo_pgsql.o
#11 9.005 /bin/bash /usr/src/php/ext/pdo_pgsql/libtool --tag=CC --mode=compile cc -I. -I/usr/src/php/ext/pdo_pgsql -I/usr/local/include/php -I/usr/local/include/php/main -I/usr/local/include/php/TSRM -I/usr/local/include/php/Zend -I/usr/local/include/php/ext -I/usr/local/include/php/ext/date/lib -I/usr/include/postgresql  -fstack-protector-strong -fpic -fpie -O2 -D_LARGEFILE_SOURCE -D_FILE_OFFSET_BITS=64 -DHAVE_CONFIG_H  -fstack-protector-strong -fpic -fpie -O2 -D_LARGEFILE_SOURCE -D_FILE_OFFSET_BITS=64 -D_GNU_SOURCE    -DZEND_COMPILE_DL_EXT=1 -c /usr/src/php/ext/pdo_pgsql/pgsql_statement.c -o pgsql_statement.lo  -MMD -MF pgsql_statement.dep -MT pgsql_statement.lo
#11 9.104  cc -I. -I/usr/src/php/ext/pdo_pgsql -I/usr/local/include/php -I/usr/local/include/php/main -I/usr/local/include/php/TSRM -I/usr/local/include/php/Zend -I/usr/local/include/php/ext -I/usr/local/include/php/ext/date/lib -I/usr/include/postgresql -fstack-protector-strong -fpic -fpie -O2 -D_LARGEFILE_SOURCE -D_FILE_OFFSET_BITS=64 -DHAVE_CONFIG_H -fstack-protector-strong -fpic -fpie -O2 -D_LARGEFILE_SOURCE -D_FILE_OFFSET_BITS=64 -D_GNU_SOURCE -DZEND_COMPILE_DL_EXT=1 -c /usr/src/php/ext/pdo_pgsql/pgsql_statement.c -MMD -MF pgsql_statement.dep -MT pgsql_statement.lo  -fPIC -DPIC -o .libs/pgsql_statement.o
#11 9.281 /bin/bash /usr/src/php/ext/pdo_pgsql/libtool --tag=CC --mode=compile cc -I. -I/usr/src/php/ext/pdo_pgsql -I/usr/local/include/php -I/usr/local/include/php/main -I/usr/local/include/php/TSRM -I/usr/local/include/php/Zend -I/usr/local/include/php/ext -I/usr/local/include/php/ext/date/lib -I/usr/include/postgresql  -fstack-protector-strong -fpic -fpie -O2 -D_LARGEFILE_SOURCE -D_FILE_OFFSET_BITS=64 -DHAVE_CONFIG_H  -fstack-protector-strong -fpic -fpie -O2 -D_LARGEFILE_SOURCE -D_FILE_OFFSET_BITS=64 -D_GNU_SOURCE    -DZEND_COMPILE_DL_EXT=1 -c /usr/src/php/ext/pdo_pgsql/pgsql_sql_parser.c -o pgsql_sql_parser.lo  -MMD -MF pgsql_sql_parser.dep -MT pgsql_sql_parser.lo
#11 9.382  cc -I. -I/usr/src/php/ext/pdo_pgsql -I/usr/local/include/php -I/usr/local/include/php/main -I/usr/local/include/php/TSRM -I/usr/local/include/php/Zend -I/usr/local/include/php/ext -I/usr/local/include/php/ext/date/lib -I/usr/include/postgresql -fstack-protector-strong -fpic -fpie -O2 -D_LARGEFILE_SOURCE -D_FILE_OFFSET_BITS=64 -DHAVE_CONFIG_H -fstack-protector-strong -fpic -fpie -O2 -D_LARGEFILE_SOURCE -D_FILE_OFFSET_BITS=64 -D_GNU_SOURCE -DZEND_COMPILE_DL_EXT=1 -c /usr/src/php/ext/pdo_pgsql/pgsql_sql_parser.c -MMD -MF pgsql_sql_parser.dep -MT pgsql_sql_parser.lo  -fPIC -DPIC -o .libs/pgsql_sql_parser.o
#11 9.492 /bin/bash /usr/src/php/ext/pdo_pgsql/libtool --tag=CC --mode=link cc -shared -I/usr/local/include/php -I/usr/local/include/php/main -I/usr/local/include/php/TSRM -I/usr/local/include/php/Zend -I/usr/local/include/php/ext -I/usr/local/include/php/ext/date/lib -I/usr/include/postgresql  -fstack-protector-strong -fpic -fpie -O2 -D_LARGEFILE_SOURCE -D_FILE_OFFSET_BITS=64 -DHAVE_CONFIG_H  -fstack-protector-strong -fpic -fpie -O2 -D_LARGEFILE_SOURCE -D_FILE_OFFSET_BITS=64 -D_GNU_SOURCE  -Wl,-O1 -pie  -o pdo_pgsql.la -export-dynamic -avoid-version -prefer-pic -module -rpath /usr/src/php/ext/pdo_pgsql/modules  pdo_pgsql.lo pgsql_driver.lo pgsql_statement.lo pgsql_sql_parser.lo -lpq
#11 9.567 cc -shared  .libs/pdo_pgsql.o .libs/pgsql_driver.o .libs/pgsql_statement.o .libs/pgsql_sql_parser.o  -lpq  -Wl,-O1 -Wl,-soname -Wl,pdo_pgsql.so -o .libs/pdo_pgsql.so
#11 9.583 creating pdo_pgsql.la
#11 9.588 (cd .libs && rm -f pdo_pgsql.la && ln -s ../pdo_pgsql.la pdo_pgsql.la)
#11 9.590 /bin/bash /usr/src/php/ext/pdo_pgsql/libtool --tag=CC --mode=install cp ./pdo_pgsql.la /usr/src/php/ext/pdo_pgsql/modules
#11 9.611 cp ./.libs/pdo_pgsql.so /usr/src/php/ext/pdo_pgsql/modules/pdo_pgsql.so
#11 9.614 cp ./.libs/pdo_pgsql.lai /usr/src/php/ext/pdo_pgsql/modules/pdo_pgsql.la
#11 9.628 PATH="$PATH:/sbin" ldconfig -n /usr/src/php/ext/pdo_pgsql/modules
#11 9.629 ----------------------------------------------------------------------
#11 9.630 Libraries have been installed in:
#11 9.630    /usr/src/php/ext/pdo_pgsql/modules
#11 9.630 
#11 9.630 If you ever happen to want to link against installed libraries
#11 9.630 in a given directory, LIBDIR, you must either use libtool, and
#11 9.630 specify the full pathname of the library, or use the `-LLIBDIR'
#11 9.630 flag during linking and do at least one of the following:
#11 9.630    - add LIBDIR to the `LD_LIBRARY_PATH' environment variable
#11 9.630      during execution
#11 9.630    - add LIBDIR to the `LD_RUN_PATH' environment variable
#11 9.630      during linking
#11 9.630    - use the `-Wl,--rpath -Wl,LIBDIR' linker flag
#11 9.630    - have your system administrator add LIBDIR to `/etc/ld.so.conf'
#11 9.630 
#11 9.630 See any operating system documentation about shared libraries for
#11 9.630 more information, such as the ld(1) and ld.so(8) manual pages.
#11 9.631 ----------------------------------------------------------------------
#11 9.632 
#11 9.633 Build complete.
#11 9.634 Don't forget to run 'make test'.
#11 9.635 
#11 9.648 + strip --strip-all modules/pdo_pgsql.so
#11 9.666 Installing shared extensions:     /usr/local/lib/php/extensions/no-debug-non-zts-20250925/
#11 9.719 find . -name \*.gcno -o -name \*.gcda | xargs rm -f
#11 9.722 find . -name \*.lo -o -name \*.o -o -name \*.dep | xargs rm -f
#11 9.725 find . -name \*.la -o -name \*.a | xargs rm -f
#11 9.727 find . -name \*.so | xargs rm -f
#11 9.730 find . -name .libs -a -type d|xargs rm -rf
#11 9.733 rm -f libphp.la        modules/* libs/*
#11 9.734 rm -f ext/opcache/jit/ir/gen_ir_fold_hash
#11 9.735 rm -f ext/opcache/jit/ir/minilua
#11 9.736 rm -f ext/opcache/jit/ir/ir_fold_hash.h
#11 9.738 rm -f ext/opcache/jit/ir/ir_emit_x86.h
#11 9.739 rm -f ext/opcache/jit/ir/ir_emit_aarch64.h
#11 13.77 libpq5 set to manually installed.
#11 13.78 Reading package lists...
#11 14.04 Building dependency tree...
#11 14.10 Reading state information...
#11 14.17 The following packages will be REMOVED:
#11 14.17   autoconf* binutils* binutils-common* binutils-x86-64-linux-gnu* bzip2* cpp*
#11 14.17   cpp-12* dpkg-dev* file* g++* g++-12* gcc* gcc-12* libasan8* libatomic1*
#11 14.17   libbinutils* libcc1-0* libctf-nobfd0* libctf0* libdpkg-perl* libgcc-12-dev*
#11 14.17   libgdbm-compat4* libgdbm6* libgomp1* libgprofng0* libisl23* libitm1*
#11 14.17   libjansson4* liblsan0* libmagic-mgc* libmagic1* libmpc3* libmpfr6*
#11 14.17   libperl5.36* libpkgconf3* libpq-dev* libquadmath0* libssl-dev*
#11 14.17   libstdc++-12-dev* libtsan2* libubsan1* m4* make* patch* perl*
#11 14.17   perl-modules-5.36* pkg-config* pkgconf* pkgconf-bin* re2c*
#11 14.28 0 upgraded, 0 newly installed, 50 to remove and 2 not upgraded.
#11 14.28 After this operation, 320 MB disk space will be freed.
#11 14.29 (Reading database ... 
(Reading database ... 5%
(Reading database ... 10%
(Reading database ... 15%
(Reading database ... 20%
(Reading database ... 25%
(Reading database ... 30%
(Reading database ... 35%
(Reading database ... 40%
(Reading database ... 45%
(Reading database ... 50%
(Reading database ... 55%
(Reading database ... 60%
(Reading database ... 65%
(Reading database ... 70%
(Reading database ... 75%
(Reading database ... 80%
(Reading database ... 85%
(Reading database ... 90%
(Reading database ... 95%
(Reading database ... 100%
(Reading database ... 13458 files and directories currently installed.)
#11 14.29 Removing autoconf (2.71-3) ...
#11 14.31 Removing g++ (4:12.2.0-3) ...
#11 14.32 Removing gcc (4:12.2.0-3) ...
#11 14.33 Removing dpkg-dev (1.21.23) ...
#11 14.35 Removing bzip2 (1.0.8-5+b1) ...
#11 14.36 Removing cpp (4:12.2.0-3) ...
#11 14.37 Removing file (1:5.44-3) ...
#11 14.37 Removing g++-12 (12.2.0-14+deb12u1) ...
#11 14.44 Removing libstdc++-12-dev:amd64 (12.2.0-14+deb12u1) ...
#11 14.54 Removing libdpkg-perl (1.21.23) ...
#11 14.56 Removing perl (5.36.0-7+deb12u3) ...
#11 14.58 Removing libperl5.36:amd64 (5.36.0-7+deb12u3) ...
#11 14.69 Removing libgdbm-compat4:amd64 (1.23-3) ...
#11 14.70 Removing libgdbm6:amd64 (1.23-3) ...
#11 14.78 Removing libmagic1:amd64 (1:5.44-3) ...
#11 14.79 Removing libmagic-mgc (1:5.44-3) ...
#11 14.80 Removing pkg-config:amd64 (1.8.1-1) ...
#11 14.80 Removing pkgconf:amd64 (1.8.1-1) ...
#11 14.84 Removing pkgconf-bin (1.8.1-1) ...
#11 14.85 Removing libpkgconf3:amd64 (1.8.1-1) ...
#11 14.85 Removing libpq-dev (15.19-0+deb12u1) ...
#11 14.87 Removing libssl-dev:amd64 (3.0.22-1~deb12u1) ...
#11 14.90 Removing m4 (1.4.19-3) ...
#11 14.99 Removing make (4.3-4.1) ...
#11 15.00 Removing patch (2.7.6-7) ...
#11 15.01 Removing perl-modules-5.36 (5.36.0-7+deb12u3) ...
#11 15.31 Removing re2c (3.0-2) ...
#11 15.32 Removing gcc-12 (12.2.0-14+deb12u1) ...
#11 15.33 Removing binutils (2.40-2) ...
#11 15.34 Removing binutils-x86-64-linux-gnu (2.40-2) ...
#11 15.38 Removing libgprofng0:amd64 (2.40-2) ...
#11 15.39 Removing libctf0:amd64 (2.40-2) ...
#11 15.40 Removing libbinutils:amd64 (2.40-2) ...
#11 15.52 Removing binutils-common:amd64 (2.40-2) ...
#11 15.53 Removing cpp-12 (12.2.0-14+deb12u1) ...
#11 15.59 Removing libgcc-12-dev:amd64 (12.2.0-14+deb12u1) ...
#11 15.67 Removing libasan8:amd64 (12.2.0-14+deb12u1) ...
#11 15.67 Removing libatomic1:amd64 (12.2.0-14+deb12u1) ...
#11 15.68 Removing libcc1-0:amd64 (12.2.0-14+deb12u1) ...
#11 15.69 Removing libctf-nobfd0:amd64 (2.40-2) ...
#11 15.69 Removing libgomp1:amd64 (12.2.0-14+deb12u1) ...
#11 15.70 Removing libisl23:amd64 (0.25-1.1) ...
#11 15.71 Removing libitm1:amd64 (12.2.0-14+deb12u1) ...
#11 15.72 Removing libjansson4:amd64 (2.14-2) ...
#11 15.73 Removing liblsan0:amd64 (12.2.0-14+deb12u1) ...
#11 15.73 Removing libmpc3:amd64 (1.3.1-1) ...
#11 15.74 Removing libmpfr6:amd64 (4.2.0-1) ...
#11 15.75 Removing libquadmath0:amd64 (12.2.0-14+deb12u1) ...
#11 15.75 Removing libtsan2:amd64 (12.2.0-14+deb12u1) ...
#11 15.76 Removing libubsan1:amd64 (12.2.0-14+deb12u1) ...
#11 15.79 Processing triggers for libc-bin (2.36-9+deb12u14) ...
#11 15.81 (Reading database ... 
(Reading database ... 5%
(Reading database ... 10%
(Reading database ... 15%
(Reading database ... 20%
(Reading database ... 25%
(Reading database ... 30%
(Reading database ... 35%
(Reading database ... 40%
(Reading database ... 45%
(Reading database ... 50%
(Reading database ... 55%
(Reading database ... 60%
(Reading database ... 65%
(Reading database ... 70%
(Reading database ... 75%
(Reading database ... 80%
(Reading database ... 85%
(Reading database ... 90%
(Reading database ... 95%
(Reading database ... 100%
(Reading database ... 8698 files and directories currently installed.)
#11 15.81 Purging configuration files for binutils-common:amd64 (2.40-2) ...
#11 15.82 Purging configuration files for libmagic1:amd64 (1:5.44-3) ...
#11 15.82 Purging configuration files for dpkg-dev (1.21.23) ...
#11 15.83 Purging configuration files for pkgconf:amd64 (1.8.1-1) ...
#11 15.83 Purging configuration files for perl (5.36.0-7+deb12u3) ...
#11 15.84 Purging configuration files for pkg-config:amd64 (1.8.1-1) ...
#11 15.85 Purging configuration files for autoconf (2.71-3) ...
#11 DONE 15.9s

#12 [php-base 4/4] WORKDIR /app
#12 DONE 0.0s

#13 [dependencies 1/4] COPY --from=composer-tool /usr/bin/composer /usr/local/bin/composer
#13 DONE 0.0s

#14 [dependencies 2/4] RUN apt-get update && apt-get install -y --no-install-recommends unzip     && rm -rf /var/lib/apt/lists/*
#14 0.220 Get:1 https://snapshot.debian.org/archive/debian/20261004T000000Z bookworm InRelease [151 kB]
#14 0.267 Get:2 https://snapshot.debian.org/archive/debian/20261004T000000Z bookworm-updates InRelease [55.4 kB]
#14 0.283 Get:3 https://snapshot.debian.org/archive/debian-security/20261004T000000Z bookworm-security InRelease [34.8 kB]
#14 0.299 Get:4 https://snapshot.debian.org/archive/debian/20261004T000000Z bookworm/main amd64 Packages [8790 kB]
#14 0.380 Get:5 https://snapshot.debian.org/archive/debian/20261004T000000Z bookworm-updates/main amd64 Packages [6924 B]
#14 0.388 Get:6 https://snapshot.debian.org/archive/debian-security/20261004T000000Z bookworm-security/main amd64 Packages [346 kB]
#14 0.933 Fetched 9384 kB in 1s (11.3 MB/s)
#14 0.933 Reading package lists...
#14 1.191 Reading package lists...
#14 1.450 Building dependency tree...
#14 1.516 Reading state information...
#14 1.582 Suggested packages:
#14 1.582   zip
#14 1.595 The following NEW packages will be installed:
#14 1.595   unzip
#14 1.824 0 upgraded, 1 newly installed, 0 to remove and 2 not upgraded.
#14 1.824 Need to get 167 kB of archives.
#14 1.824 After this operation, 389 kB of additional disk space will be used.
#14 1.824 Get:1 https://snapshot.debian.org/archive/debian-security/20261004T000000Z bookworm-security/main amd64 unzip amd64 6.0-28+deb12u1 [167 kB]
#14 1.892 debconf: delaying package configuration, since apt-utils is not installed
#14 1.911 Fetched 167 kB in 0s (697 kB/s)
#14 1.919 Selecting previously unselected package unzip.
#14 1.919 (Reading database ... 
(Reading database ... 5%
(Reading database ... 10%
(Reading database ... 15%
(Reading database ... 20%
(Reading database ... 25%
(Reading database ... 30%
(Reading database ... 35%
(Reading database ... 40%
(Reading database ... 45%
(Reading database ... 50%
(Reading database ... 55%
(Reading database ... 60%
(Reading database ... 65%
(Reading database ... 70%
(Reading database ... 75%
(Reading database ... 80%
(Reading database ... 85%
(Reading database ... 90%
(Reading database ... 95%
(Reading database ... 100%
(Reading database ... 8687 files and directories currently installed.)
#14 1.924 Preparing to unpack .../unzip_6.0-28+deb12u1_amd64.deb ...
#14 1.924 Unpacking unzip (6.0-28+deb12u1) ...
#14 1.944 Setting up unzip (6.0-28+deb12u1) ...
#14 DONE 2.0s

#15 [dependencies 3/4] COPY . ./
#15 DONE 0.0s

#16 [dependencies 4/4] RUN composer --version     && composer validate --strict --no-check-all     && composer install --no-dev --no-plugins --no-scripts --no-interaction         --prefer-dist --no-progress --classmap-authoritative     && composer check-platform-reqs --no-dev     && mkdir -p resources bootstrap/cache
#16 0.206 Composer version 2.10.3 2026-08-27 13:34:23
#16 0.207 PHP version 8.5.11 (/usr/local/bin/php)
#16 0.207 Run the "diagnose" command to get more detailed diagnostics output.
#16 0.294 ./composer.json is valid
#16 0.376 Installing dependencies from lock file
#16 0.379 Verifying lock file contents can be installed on current platform.
#16 0.687 Package operations: 73 installs, 0 updates, 0 removals
#16 0.690   - Downloading doctrine/lexer (3.0.3)
#16 0.690   - Downloading voku/portable-ascii (2.1.1)
#16 0.690   - Downloading symfony/polyfill-php80 (v1.43.0)
#16 0.691   - Downloading symfony/polyfill-mbstring (v1.43.0)
#16 0.691   - Downloading symfony/polyfill-ctype (v1.37.0)
#16 0.691   - Downloading phpoption/phpoption (1.10.0)
#16 0.692   - Downloading graham-campbell/result-type (v1.2.0)
#16 0.692   - Downloading vlucas/phpdotenv (v5.7.0)
#16 0.692   - Downloading symfony/css-selector (v8.1.6)
#16 0.693   - Downloading tijsverkoyen/css-to-inline-styles (v2.4.0)
#16 0.693   - Downloading symfony/var-dumper (v8.1.7)
#16 0.693   - Downloading symfony/polyfill-uuid (v1.43.0)
#16 0.693   - Downloading symfony/uid (v8.1.8)
#16 0.693   - Downloading symfony/deprecation-contracts (v3.7.1)
#16 0.693   - Downloading symfony/routing (v8.1.8)
#16 0.694   - Downloading symfony/process (v8.1.7)
#16 0.694   - Downloading symfony/polyfill-php86 (v1.43.0)
#16 0.694   - Downloading symfony/polyfill-php85 (v1.43.0)
#16 0.694   - Downloading symfony/polyfill-php84 (v1.43.0)
#16 0.694   - Downloading symfony/polyfill-intl-normalizer (v1.43.0)
#16 0.695   - Downloading symfony/polyfill-intl-idn (v1.43.0)
#16 0.695   - Downloading symfony/mime (v8.1.7)
#16 0.695   - Downloading psr/container (2.0.2)
#16 0.695   - Downloading symfony/service-contracts (v3.7.3)
#16 0.695   - Downloading psr/event-dispatcher (1.0.0)
#16 0.695   - Downloading symfony/event-dispatcher-contracts (v3.7.1)
#16 0.696   - Downloading symfony/event-dispatcher (v8.1.5)
#16 0.696   - Downloading psr/log (3.0.2)
#16 0.696   - Downloading egulias/email-validator (4.0.4)
#16 0.696   - Downloading symfony/mailer (v8.1.7)
#16 0.696   - Downloading symfony/http-foundation (v8.1.8)
#16 0.696   - Downloading symfony/error-handler (v8.1.8)
#16 0.697   - Downloading symfony/http-kernel (v8.1.8)
#16 0.697   - Downloading symfony/finder (v8.1.8)
#16 0.697   - Downloading symfony/polyfill-intl-grapheme (v1.43.0)
#16 0.697   - Downloading symfony/string (v8.1.7)
#16 0.697   - Downloading symfony/console (v8.1.8)
#16 0.698   - Downloading ramsey/collection (2.1.1)
#16 0.698   - Downloading brick/math (1.0.0)
#16 0.698   - Downloading ramsey/uuid (4.9.4)
#16 0.698   - Downloading psr/simple-cache (3.0.0)
#16 0.698   - Downloading psr/http-message (2.0)
#16 0.698   - Downloading nunomaduro/termwind (v2.4.0)
#16 0.699   - Downloading symfony/translation-contracts (v3.7.1)
#16 0.699   - Downloading symfony/translation (v8.1.5)
#16 0.699   - Downloading psr/clock (1.0.0)
#16 0.699   - Downloading symfony/clock (v8.1.0)
#16 0.700   - Downloading carbonphp/carbon-doctrine-types (3.2.1)
#16 0.701   - Downloading nesbot/carbon (3.14.2)
#16 0.702   - Downloading monolog/monolog (3.12.1)
#16 0.702   - Downloading psr/http-factory (1.1.0)
#16 0.702   - Downloading league/uri-interfaces (7.8.1)
#16 0.702   - Downloading league/uri (7.8.1)
#16 0.702   - Downloading league/mime-type-detection (1.17.0)
#16 0.702   - Downloading league/flysystem-local (3.35.3)
#16 0.702   - Downloading league/flysystem (3.36.0)
#16 0.703   - Downloading nette/utils (v4.1.5)
#16 0.704   - Downloading nette/schema (v1.3.6)
#16 0.705   - Downloading dflydev/dot-access-data (v3.0.3)
#16 0.705   - Downloading league/config (v1.2.0)
#16 0.705   - Downloading league/commonmark (2.10.3)
#16 0.705   - Downloading laravel/serializable-closure (v2.1.0)
#16 0.705   - Downloading laravel/prompts (v0.3.24)
#16 0.705   - Downloading guzzlehttp/uri-template (v2.0.1)
#16 0.705   - Downloading symfony/polyfill-php82 (v1.43.0)
#16 0.706   - Downloading guzzlehttp/psr7 (3.1.0)
#16 0.706   - Downloading guzzlehttp/promises (3.0.2)
#16 0.707   - Downloading psr/http-client (1.0.3)
#16 0.707   - Downloading guzzlehttp/guzzle (8.2.0)
#16 0.707   - Downloading fruitcake/php-cors (v1.4.0)
#16 0.708   - Downloading dragonmantank/cron-expression (v3.6.0)
#16 0.708   - Downloading doctrine/inflector (2.1.0)
#16 0.708   - Downloading laravel/framework (v13.34.0)
#16 2.080   - Installing doctrine/lexer (3.0.3): Extracting archive
#16 2.082   - Installing voku/portable-ascii (2.1.1): Extracting archive
#16 2.084   - Installing symfony/polyfill-php80 (v1.43.0): Extracting archive
#16 2.085   - Installing symfony/polyfill-mbstring (v1.43.0): Extracting archive
#16 2.089   - Installing symfony/polyfill-ctype (v1.37.0): Extracting archive
#16 2.093   - Installing phpoption/phpoption (1.10.0): Extracting archive
#16 2.094   - Installing graham-campbell/result-type (v1.2.0): Extracting archive
#16 2.096   - Installing vlucas/phpdotenv (v5.7.0): Extracting archive
#16 2.097   - Installing symfony/css-selector (v8.1.6): Extracting archive
#16 2.101   - Installing tijsverkoyen/css-to-inline-styles (v2.4.0): Extracting archive
#16 2.101   - Installing symfony/var-dumper (v8.1.7): Extracting archive
#16 2.102   - Installing symfony/polyfill-uuid (v1.43.0): Extracting archive
#16 2.103   - Installing symfony/uid (v8.1.8): Extracting archive
#16 2.103   - Installing symfony/deprecation-contracts (v3.7.1): Extracting archive
#16 2.104   - Installing symfony/routing (v8.1.8): Extracting archive
#16 2.104   - Installing symfony/process (v8.1.7): Extracting archive
#16 2.107   - Installing symfony/polyfill-php86 (v1.43.0): Extracting archive
#16 2.107   - Installing symfony/polyfill-php85 (v1.43.0): Extracting archive
#16 2.108   - Installing symfony/polyfill-php84 (v1.43.0): Extracting archive
#16 2.108   - Installing symfony/polyfill-intl-normalizer (v1.43.0): Extracting archive
#16 2.109   - Installing symfony/polyfill-intl-idn (v1.43.0): Extracting archive
#16 2.111   - Installing symfony/mime (v8.1.7): Extracting archive
#16 2.112   - Installing psr/container (2.0.2): Extracting archive
#16 2.112   - Installing symfony/service-contracts (v3.7.3): Extracting archive
#16 2.113   - Installing psr/event-dispatcher (1.0.0): Extracting archive
#16 2.113   - Installing symfony/event-dispatcher-contracts (v3.7.1): Extracting archive
#16 2.114   - Installing symfony/event-dispatcher (v8.1.5): Extracting archive
#16 2.115   - Installing psr/log (3.0.2): Extracting archive
#16 2.115   - Installing egulias/email-validator (4.0.4): Extracting archive
#16 2.116   - Installing symfony/mailer (v8.1.7): Extracting archive
#16 2.117   - Installing symfony/http-foundation (v8.1.8): Extracting archive
#16 2.118   - Installing symfony/error-handler (v8.1.8): Extracting archive
#16 2.119   - Installing symfony/http-kernel (v8.1.8): Extracting archive
#16 2.120   - Installing symfony/finder (v8.1.8): Extracting archive
#16 2.120   - Installing symfony/polyfill-intl-grapheme (v1.43.0): Extracting archive
#16 2.120   - Installing symfony/string (v8.1.7): Extracting archive
#16 2.121   - Installing symfony/console (v8.1.8): Extracting archive
#16 2.121   - Installing ramsey/collection (2.1.1): Extracting archive
#16 2.122   - Installing brick/math (1.0.0): Extracting archive
#16 2.122   - Installing ramsey/uuid (4.9.4): Extracting archive
#16 2.123   - Installing psr/simple-cache (3.0.0): Extracting archive
#16 2.123   - Installing psr/http-message (2.0): Extracting archive
#16 2.123   - Installing nunomaduro/termwind (v2.4.0): Extracting archive
#16 2.124   - Installing symfony/translation-contracts (v3.7.1): Extracting archive
#16 2.124   - Installing symfony/translation (v8.1.5): Extracting archive
#16 2.125   - Installing psr/clock (1.0.0): Extracting archive
#16 2.125   - Installing symfony/clock (v8.1.0): Extracting archive
#16 2.126   - Installing carbonphp/carbon-doctrine-types (3.2.1): Extracting archive
#16 2.126   - Installing nesbot/carbon (3.14.2): Extracting archive
#16 2.126   - Installing monolog/monolog (3.12.1): Extracting archive
#16 2.127   - Installing psr/http-factory (1.1.0): Extracting archive
#16 2.127   - Installing league/uri-interfaces (7.8.1): Extracting archive
#16 2.128   - Installing league/uri (7.8.1): Extracting archive
#16 2.128   - Installing league/mime-type-detection (1.17.0): Extracting archive
#16 2.128   - Installing league/flysystem-local (3.35.3): Extracting archive
#16 2.129   - Installing league/flysystem (3.36.0): Extracting archive
#16 2.129   - Installing nette/utils (v4.1.5): Extracting archive
#16 2.130   - Installing nette/schema (v1.3.6): Extracting archive
#16 2.130   - Installing dflydev/dot-access-data (v3.0.3): Extracting archive
#16 2.131   - Installing league/config (v1.2.0): Extracting archive
#16 2.131   - Installing league/commonmark (2.10.3): Extracting archive
#16 2.131   - Installing laravel/serializable-closure (v2.1.0): Extracting archive
#16 2.132   - Installing laravel/prompts (v0.3.24): Extracting archive
#16 2.132   - Installing guzzlehttp/uri-template (v2.0.1): Extracting archive
#16 2.133   - Installing symfony/polyfill-php82 (v1.43.0): Extracting archive
#16 2.133   - Installing guzzlehttp/psr7 (3.1.0): Extracting archive
#16 2.133   - Installing guzzlehttp/promises (3.0.2): Extracting archive
#16 2.134   - Installing psr/http-client (1.0.3): Extracting archive
#16 2.134   - Installing guzzlehttp/guzzle (8.2.0): Extracting archive
#16 2.135   - Installing fruitcake/php-cors (v1.4.0): Extracting archive
#16 2.135   - Installing dragonmantank/cron-expression (v3.6.0): Extracting archive
#16 2.135   - Installing doctrine/inflector (2.1.0): Extracting archive
#16 2.136   - Installing laravel/framework (v13.34.0): Extracting archive
#16 2.977 Generating optimized autoload files
#16 3.504 54 packages you are using are looking for funding.
#16 3.504 Use the `composer fund` command to find out more!
#16 3.593 Checking non-dev platform requirements for packages in the vendor dir
#16 3.598 composer-runtime-api 2.2.2      success                                       
#16 3.598 ext-ctype            *          success provided by symfony/polyfill-ctype    
#16 3.598 ext-dom              20031129   success                                       
#16 3.598 ext-fileinfo         8.5.11     success                                       
#16 3.598 ext-filter           8.5.11     success                                       
#16 3.598 ext-hash             8.5.11     success                                       
#16 3.598 ext-iconv            8.5.11     success                                       
#16 3.598 ext-json             8.5.11     success                                       
#16 3.598 ext-libxml           8.5.11     success                                       
#16 3.598 ext-mbstring         *          success provided by symfony/polyfill-mbstring 
#16 3.598 ext-openssl          8.5.11     success                                       
#16 3.598 ext-pcre             8.5.11     success                                       
#16 3.598 ext-pdo              8.5.11     success                                       
#16 3.599 ext-pdo_pgsql        8.5.11     success                                       
#16 3.599 ext-session          8.5.11     success                                       
#16 3.599 ext-tokenizer        8.5.11     success                                       
#16 3.599 php                  8.5.11     success                                       
#16 DONE 3.6s

#17 [php-runtime 1/9] COPY --from=dependencies /app/vendor/ ./vendor/
#17 DONE 0.9s

#18 [php-runtime 2/9] COPY --from=dependencies /app/app/ ./app/
#18 DONE 0.0s

#19 [php-runtime 3/9] COPY --from=dependencies /app/bootstrap/ ./bootstrap/
#19 DONE 0.0s

#20 [php-runtime 4/9] COPY --from=dependencies /app/config/ ./config/
#20 DONE 0.0s

#21 [php-runtime 5/9] COPY --from=dependencies /app/public/ ./public/
#21 DONE 0.0s

#22 [php-runtime 6/9] COPY --from=dependencies /app/routes/ ./routes/
#22 DONE 0.0s

#23 [php-runtime 7/9] COPY --from=dependencies /app/artisan /app/composer.json /app/composer.lock ./
#23 DONE 0.0s

#24 [php-runtime 8/9] COPY --from=dependencies /app/resources/ ./resources/
#24 DONE 0.0s

#25 [php-runtime 9/9] RUN mkdir -p bootstrap/cache storage/framework/cache storage/framework/sessions storage/framework/views storage/logs     && chown -R 10001:10001 bootstrap/cache storage     && printf '[global]\npid = /tmp/php-fpm.pid\n[www]\nlisten = 9000\nclear_env = no\n' > /usr/local/etc/php-fpm.d/zz-service.conf     && printf '%s\n' '#!/bin/sh' 'set -eu'         'mkdir -p /app/bootstrap/cache /app/storage/framework/cache /app/storage/framework/sessions /app/storage/framework/views /app/storage/logs'         'exec docker-php-entrypoint "$@"' > /usr/local/bin/service-entrypoint     && chmod 0755 /usr/local/bin/service-entrypoint
#25 DONE 0.1s

#26 exporting to image
#26 exporting layers
#26 exporting layers 3.8s done
#26 writing image sha256:bfc17e3afc7d5421c74f038ebe1d70ecadfd340abbde928dd41c1ef1e682145e done
#26 naming to docker.io/library/p01-governance:c14ddbdb5c6deb71b59737948b512b8398af694e done
#26 DONE 3.8s
