Building wheel...
running bdist_wheel
running build
running build_py
running egg_info
writing src/product_inventory.egg-info/PKG-INFO
writing dependency_links to src/product_inventory.egg-info/dependency_links.txt
writing entry points to src/product_inventory.egg-info/entry_points.txt
writing top-level names to src/product_inventory.egg-info/top_level.txt
reading manifest file 'src/product_inventory.egg-info/SOURCES.txt'
writing manifest file 'src/product_inventory.egg-info/SOURCES.txt'
installing to build/bdist.linux-x86_64/wheel
running install
running install_lib
creating build/bdist.linux-x86_64/wheel
creating build/bdist.linux-x86_64/wheel/inventory
copying build/lib/inventory/__init__.py -> build/bdist.linux-x86_64/wheel/./inventory
creating build/bdist.linux-x86_64/wheel/inventory/bootstrap
copying build/lib/inventory/bootstrap/health.py -> build/bdist.linux-x86_64/wheel/./inventory/bootstrap
copying build/lib/inventory/bootstrap/__init__.py -> build/bdist.linux-x86_64/wheel/./inventory/bootstrap
creating build/bdist.linux-x86_64/wheel/inventory/interfaces
copying build/lib/inventory/interfaces/health.py -> build/bdist.linux-x86_64/wheel/./inventory/interfaces
copying build/lib/inventory/interfaces/__init__.py -> build/bdist.linux-x86_64/wheel/./inventory/interfaces
running install_egg_info
Copying src/product_inventory.egg-info to build/bdist.linux-x86_64/wheel/./product_inventory-0.1.0.dev0-py3.12.egg-info
running install_scripts
creating build/bdist.linux-x86_64/wheel/product_inventory-0.1.0.dev0.dist-info/WHEEL
creating '/tmp/p01-inventory-4wn1bxzt/artifacts/.tmp-iaicrs6z/product_inventory-0.1.0.dev0-py3-none-any.whl' and adding 'build/bdist.linux-x86_64/wheel' to it
adding 'inventory/__init__.py'
adding 'inventory/bootstrap/__init__.py'
adding 'inventory/bootstrap/health.py'
adding 'inventory/interfaces/__init__.py'
adding 'inventory/interfaces/health.py'
adding 'product_inventory-0.1.0.dev0.dist-info/METADATA'
adding 'product_inventory-0.1.0.dev0.dist-info/WHEEL'
adding 'product_inventory-0.1.0.dev0.dist-info/entry_points.txt'
adding 'product_inventory-0.1.0.dev0.dist-info/top_level.txt'
adding 'product_inventory-0.1.0.dev0.dist-info/RECORD'
removing build/bdist.linux-x86_64/wheel
Successfully built /tmp/p01-inventory-4wn1bxzt/artifacts/product_inventory-0.1.0.dev0-py3-none-any.whl
