2026-10-08T00:28:28.0444997Z Current runner version: '2.337.0'
2026-10-08T00:28:28.0472198Z ##[group]Runner Image Provisioner
2026-10-08T00:28:28.0473263Z Hosted Compute Agent
2026-10-08T00:28:28.0473911Z Version: 20260901.588
2026-10-08T00:28:28.0474619Z Commit: f88ec8081b781fac6c440065ac7ff9e710ce3d0b
2026-10-08T00:28:28.0475576Z Build Date: 2026-09-01T19:56:44Z
2026-10-08T00:28:28.0476360Z Worker ID: {20fff4de-7b07-45d8-94b8-66f9979702e5}
2026-10-08T00:28:28.0477284Z Azure Region: centralus
2026-10-08T00:28:28.0477944Z ##[endgroup]
2026-10-08T00:28:28.0479698Z ##[group]Operating System
2026-10-08T00:28:28.0480401Z Ubuntu
2026-10-08T00:28:28.0481029Z 24.04.5
2026-10-08T00:28:28.0481723Z LTS
2026-10-08T00:28:28.0482285Z ##[endgroup]
2026-10-08T00:28:28.0482897Z ##[group]Runner Image
2026-10-08T00:28:28.0483524Z Image: ubuntu-24.04
2026-10-08T00:28:28.0484576Z Version: 20260927.320.1
2026-10-08T00:28:28.0486392Z Included Software: https://github.com/actions/runner-images/blob/ubuntu24/20260927.320/images/ubuntu/Ubuntu2404-Readme.md
2026-10-08T00:28:28.0488388Z Image Release: https://github.com/actions/runner-images/releases/tag/ubuntu24%2F20260927.320
2026-10-08T00:28:28.0489428Z ##[endgroup]
2026-10-08T00:28:28.0490657Z ##[group]GITHUB_TOKEN Permissions
2026-10-08T00:28:28.0493388Z Contents: read
2026-10-08T00:28:28.0494091Z Metadata: read
2026-10-08T00:28:28.0494690Z ##[endgroup]
2026-10-08T00:28:28.0497526Z Secret source: Actions
2026-10-08T00:28:28.0498621Z Cache mode: write
2026-10-08T00:28:28.0499364Z Prepare workflow directory
2026-10-08T00:28:28.0865424Z Prepare all required actions
2026-10-08T00:28:28.0915314Z Getting action download info
2026-10-08T00:28:28.3764189Z Download action repository 'actions/checkout@fbc6f3992d24b796d5a048ff273f7fcc4a7b6c09' (SHA:fbc6f3992d24b796d5a048ff273f7fcc4a7b6c09)
2026-10-08T00:28:28.4906721Z Download action repository 'actions/setup-python@ece7cb06caefa5fff74198d8649806c4678c61a1' (SHA:ece7cb06caefa5fff74198d8649806c4678c61a1)
2026-10-08T00:28:28.5661745Z Download action repository 'astral-sh/setup-uv@37802adc94f370d6bfd71619e3f0bf239e1f3b78' (SHA:37802adc94f370d6bfd71619e3f0bf239e1f3b78)
2026-10-08T00:28:29.0603966Z Download action repository 'actions/upload-artifact@ea165f8d65b6e75b540449e92b4886f43607fa02' (SHA:ea165f8d65b6e75b540449e92b4886f43607fa02)
2026-10-08T00:28:29.2932013Z Complete job name: conformance
2026-10-08T00:28:29.3849965Z ##[group]Run actions/checkout@fbc6f3992d24b796d5a048ff273f7fcc4a7b6c09
2026-10-08T00:28:29.3852386Z with:
2026-10-08T00:28:29.3853033Z   persist-credentials: false
2026-10-08T00:28:29.3854358Z   repository: awalker0878/multi-tenant
2026-10-08T00:28:29.3859690Z   token: ***
2026-10-08T00:28:29.3860321Z   ssh-strict: true
2026-10-08T00:28:29.3860861Z   ssh-user: git
2026-10-08T00:28:29.3861371Z   clean: true
2026-10-08T00:28:29.3861913Z   sparse-checkout-cone-mode: true
2026-10-08T00:28:29.3862559Z   fetch-depth: 1
2026-10-08T00:28:29.3863085Z   fetch-tags: false
2026-10-08T00:28:29.3863621Z   show-progress: true
2026-10-08T00:28:29.3864197Z   lfs: false
2026-10-08T00:28:29.3864815Z   submodules: false
2026-10-08T00:28:29.3865765Z   set-safe-directory: true
2026-10-08T00:28:29.3866401Z   allow-unsafe-pr-checkout: false
2026-10-08T00:28:29.3868233Z ##[endgroup]
2026-10-08T00:28:29.5029840Z Syncing repository: awalker0878/multi-tenant
2026-10-08T00:28:29.5032124Z ##[group]Getting Git version info
2026-10-08T00:28:29.5033003Z Working directory is '/home/runner/work/multi-tenant/multi-tenant'
2026-10-08T00:28:29.5034223Z [command]/usr/bin/git version
2026-10-08T00:28:29.5103462Z git version 2.55.0
2026-10-08T00:28:29.5132727Z ##[endgroup]
2026-10-08T00:28:29.5149606Z Temporarily overriding HOME='/home/runner/work/_temp/61d5b01c-32a3-4024-a783-1417a5f782e0' before making global git config changes
2026-10-08T00:28:29.5152576Z Adding repository directory to the temporary git global config as a safe directory
2026-10-08T00:28:29.5155333Z [command]/usr/bin/git config --global --add safe.directory /home/runner/work/multi-tenant/multi-tenant
2026-10-08T00:28:29.5216673Z Deleting the contents of '/home/runner/work/multi-tenant/multi-tenant'
2026-10-08T00:28:29.5236036Z ##[group]Initializing the repository
2026-10-08T00:28:29.5237706Z [command]/usr/bin/git init /home/runner/work/multi-tenant/multi-tenant
2026-10-08T00:28:29.5354254Z hint: Using 'master' as the name for the initial branch. This default branch name
2026-10-08T00:28:29.5356616Z hint: will change to "main" in Git 3.0. To configure the initial branch name
2026-10-08T00:28:29.5358988Z hint: to use in all of your new repositories, which will suppress this warning,
2026-10-08T00:28:29.5360465Z hint: call:
2026-10-08T00:28:29.5361982Z hint:
2026-10-08T00:28:29.5363523Z hint: 	git config --global init.defaultBranch <name>
2026-10-08T00:28:29.5365349Z hint:
2026-10-08T00:28:29.5367063Z hint: Names commonly chosen instead of 'master' are 'main', 'trunk' and
2026-10-08T00:28:29.5369128Z hint: 'development'. The just-created branch can be renamed via this command:
2026-10-08T00:28:29.5370627Z hint:
2026-10-08T00:28:29.5371159Z hint: 	git branch -m <name>
2026-10-08T00:28:29.5371741Z hint:
2026-10-08T00:28:29.5372471Z hint: Disable this message with "git config set advice.defaultBranchName false"
2026-10-08T00:28:29.5373655Z Initialized empty Git repository in /home/runner/work/multi-tenant/multi-tenant/.git/
2026-10-08T00:28:29.5378268Z [command]/usr/bin/git remote add origin https://github.com/awalker0878/multi-tenant
2026-10-08T00:28:29.5438492Z ##[endgroup]
2026-10-08T00:28:29.5440131Z ##[group]Disabling automatic garbage collection
2026-10-08T00:28:29.5443212Z [command]/usr/bin/git config --local gc.auto 0
2026-10-08T00:28:29.5481457Z ##[endgroup]
2026-10-08T00:28:29.5483076Z ##[group]Setting up auth
2026-10-08T00:28:29.5491382Z [command]/usr/bin/git config --local --name-only --get-regexp core\.sshCommand
2026-10-08T00:28:29.5541246Z [command]/usr/bin/git submodule foreach --recursive sh -c "git config --local --name-only --get-regexp 'core\.sshCommand' && git config --local --unset-all 'core.sshCommand' || :"
2026-10-08T00:28:29.5978435Z [command]/usr/bin/git config --local --name-only --get-regexp http\.https\:\/\/github\.com\/\.extraheader
2026-10-08T00:28:29.6017150Z [command]/usr/bin/git submodule foreach --recursive sh -c "git config --local --name-only --get-regexp 'http\.https\:\/\/github\.com\/\.extraheader' && git config --local --unset-all 'http.https://github.com/.extraheader' || :"
2026-10-08T00:28:29.6257725Z [command]/usr/bin/git config --local --name-only --get-regexp ^includeIf\.gitdir:
2026-10-08T00:28:29.6298508Z [command]/usr/bin/git submodule foreach --recursive git config --local --show-origin --name-only --get-regexp remote.origin.url
2026-10-08T00:28:29.6532586Z [command]/usr/bin/git config --local http.https://github.com/.extraheader AUTHORIZATION: basic ***
2026-10-08T00:28:29.6576063Z ##[endgroup]
2026-10-08T00:28:29.6587036Z ##[group]Fetching the repository
2026-10-08T00:28:29.6590672Z [command]/usr/bin/git -c protocol.version=2 fetch --no-tags --prune --no-recurse-submodules --depth=1 origin +ce6bafba8f68f4f746b85bdb00f88f50a8b18919:refs/remotes/origin/greenfield/enterprise-microservices-plan
2026-10-08T00:28:31.3910381Z From https://github.com/awalker0878/multi-tenant
2026-10-08T00:28:31.3912485Z  * [new ref]         ce6bafba8f68f4f746b85bdb00f88f50a8b18919 -> origin/greenfield/enterprise-microservices-plan
2026-10-08T00:28:31.3915505Z ##[endgroup]
2026-10-08T00:28:31.3916612Z ##[group]Determining the checkout info
2026-10-08T00:28:31.3918385Z ##[endgroup]
2026-10-08T00:28:31.3924924Z [command]/usr/bin/git sparse-checkout disable
2026-10-08T00:28:31.3987032Z [command]/usr/bin/git config --local --unset-all extensions.worktreeConfig
2026-10-08T00:28:31.4022585Z ##[group]Checking out the ref
2026-10-08T00:28:31.4037548Z [command]/usr/bin/git checkout --progress --force -B greenfield/enterprise-microservices-plan refs/remotes/origin/greenfield/enterprise-microservices-plan
2026-10-08T00:28:32.1024543Z Switched to a new branch 'greenfield/enterprise-microservices-plan'
2026-10-08T00:28:32.1030191Z branch 'greenfield/enterprise-microservices-plan' set up to track 'origin/greenfield/enterprise-microservices-plan'.
2026-10-08T00:28:32.1066846Z ##[endgroup]
2026-10-08T00:28:32.1116418Z [command]/usr/bin/git log -1 --format=%H
2026-10-08T00:28:32.1145764Z ce6bafba8f68f4f746b85bdb00f88f50a8b18919
2026-10-08T00:28:32.1155625Z ##[group]Removing auth
2026-10-08T00:28:32.1159561Z [command]/usr/bin/git config --local --name-only --get-regexp core\.sshCommand
2026-10-08T00:28:32.1194151Z [command]/usr/bin/git submodule foreach --recursive sh -c "git config --local --name-only --get-regexp 'core\.sshCommand' && git config --local --unset-all 'core.sshCommand' || :"
2026-10-08T00:28:32.1439238Z [command]/usr/bin/git config --local --name-only --get-regexp http\.https\:\/\/github\.com\/\.extraheader
2026-10-08T00:28:32.1470208Z http.https://github.com/.extraheader
2026-10-08T00:28:32.1477524Z [command]/usr/bin/git config --local --unset-all http.https://github.com/.extraheader
2026-10-08T00:28:32.1514373Z [command]/usr/bin/git submodule foreach --recursive sh -c "git config --local --name-only --get-regexp 'http\.https\:\/\/github\.com\/\.extraheader' && git config --local --unset-all 'http.https://github.com/.extraheader' || :"
2026-10-08T00:28:32.1762948Z [command]/usr/bin/git config --local --name-only --get-regexp ^includeIf\.gitdir:
2026-10-08T00:28:32.1875298Z [command]/usr/bin/git submodule foreach --recursive git config --local --show-origin --name-only --get-regexp remote.origin.url
2026-10-08T00:28:32.2047529Z ##[endgroup]
2026-10-08T00:28:32.2319405Z ##[group]Run actions/setup-python@ece7cb06caefa5fff74198d8649806c4678c61a1
2026-10-08T00:28:32.2319929Z with:
2026-10-08T00:28:32.2320195Z   python-version: 3.12.14
2026-10-08T00:28:32.2320499Z   check-latest: false
2026-10-08T00:28:32.2322915Z   token: ***
2026-10-08T00:28:32.2323241Z   update-environment: true
2026-10-08T00:28:32.2323591Z   allow-prereleases: false
2026-10-08T00:28:32.2323882Z   freethreaded: false
2026-10-08T00:28:32.2324157Z ##[endgroup]
2026-10-08T00:28:32.3703035Z ##[group]Installed versions
2026-10-08T00:28:32.3746840Z Successfully set up CPython (3.12.14)
2026-10-08T00:28:32.3747765Z ##[endgroup]
2026-10-08T00:28:32.3996748Z ##[group]Run astral-sh/setup-uv@37802adc94f370d6bfd71619e3f0bf239e1f3b78
2026-10-08T00:28:32.3997678Z with:
2026-10-08T00:28:32.3998108Z   version: 0.12.19
2026-10-08T00:28:32.3998559Z   enable-cache: false
2026-10-08T00:28:32.3999020Z   activate-environment: false
2026-10-08T00:28:32.3999657Z   working-directory: /home/runner/work/multi-tenant/multi-tenant
2026-10-08T00:28:32.4004200Z   github-token: ***
2026-10-08T00:28:32.4005586Z   cache-dependency-glob: **/*requirements*.txt
**/*requirements*.in
**/*constraints*.txt
**/*constraints*.in
**/pyproject.toml
**/uv.lock
**/*.py.lock

2026-10-08T00:28:32.4007004Z   restore-cache: true
2026-10-08T00:28:32.4007847Z   save-cache: true
2026-10-08T00:28:32.4008567Z   prune-cache: true
2026-10-08T00:28:32.4009125Z   cache-python: false
2026-10-08T00:28:32.4009678Z   ignore-nothing-to-cache: false
2026-10-08T00:28:32.4010414Z   ignore-empty-workdir: false
2026-10-08T00:28:32.4011182Z   add-problem-matchers: true
2026-10-08T00:28:32.4011914Z   resolution-strategy: highest
2026-10-08T00:28:32.4012702Z env:
2026-10-08T00:28:32.4013148Z   pythonLocation: /opt/hostedtoolcache/Python/3.12.14/x64
2026-10-08T00:28:32.4013738Z   PKG_CONFIG_PATH: /opt/hostedtoolcache/Python/3.12.14/x64/lib/pkgconfig
2026-10-08T00:28:32.4014270Z   Python_ROOT_DIR: /opt/hostedtoolcache/Python/3.12.14/x64
2026-10-08T00:28:32.4014714Z   Python2_ROOT_DIR: /opt/hostedtoolcache/Python/3.12.14/x64
2026-10-08T00:28:32.4015531Z   Python3_ROOT_DIR: /opt/hostedtoolcache/Python/3.12.14/x64
2026-10-08T00:28:32.4016049Z   LD_LIBRARY_PATH: /opt/hostedtoolcache/Python/3.12.14/x64/lib
2026-10-08T00:28:32.4016477Z ##[endgroup]
2026-10-08T00:28:32.5782698Z Fetching version data from https://raw.githubusercontent.com/astral-sh/versions/main/v1/uv.ndjson ...
2026-10-08T00:28:32.7101930Z Downloading uv from "https://releases.astral.sh/github/uv/releases/download/0.12.19/uv-x86_64-unknown-linux-gnu.tar.gz" ...
2026-10-08T00:28:33.1630458Z [command]/usr/bin/tar xz --warning=no-unknown-keyword --overwrite -C /home/runner/work/_temp/c1c5052a-9fb0-4504-a025-064df665f1a3 -f /home/runner/work/_temp/9923be7f-b89d-44c6-93bb-845ac2f775b0
2026-10-08T00:28:33.5460181Z Added /home/runner/.local/bin to the path
2026-10-08T00:28:33.5463832Z Added /opt/hostedtoolcache/uv/0.12.19/x86_64 to the path
2026-10-08T00:28:33.5465944Z Set UV_PYTHON_INSTALL_DIR to /home/runner/work/_temp/uv-python-dir
2026-10-08T00:28:33.5466562Z Added /home/runner/work/_temp/uv-python-dir to the path
2026-10-08T00:28:33.5478376Z Successfully installed uv version 0.12.19
2026-10-08T00:28:33.7217100Z ##[group]Run python -m pip install --requirement requirements-docs.txt
2026-10-08T00:28:33.7217699Z [36;1mpython -m pip install --requirement requirements-docs.txt[0m
2026-10-08T00:28:33.7503008Z shell: /usr/bin/bash -e {0}
2026-10-08T00:28:33.7503372Z env:
2026-10-08T00:28:33.7503757Z   pythonLocation: /opt/hostedtoolcache/Python/3.12.14/x64
2026-10-08T00:28:33.7504421Z   PKG_CONFIG_PATH: /opt/hostedtoolcache/Python/3.12.14/x64/lib/pkgconfig
2026-10-08T00:28:33.7505412Z   Python_ROOT_DIR: /opt/hostedtoolcache/Python/3.12.14/x64
2026-10-08T00:28:33.7506053Z   Python2_ROOT_DIR: /opt/hostedtoolcache/Python/3.12.14/x64
2026-10-08T00:28:33.7506623Z   Python3_ROOT_DIR: /opt/hostedtoolcache/Python/3.12.14/x64
2026-10-08T00:28:33.7507199Z   LD_LIBRARY_PATH: /opt/hostedtoolcache/Python/3.12.14/x64/lib
2026-10-08T00:28:33.7507806Z   UV_PYTHON_INSTALL_DIR: /home/runner/work/_temp/uv-python-dir
2026-10-08T00:28:33.7508251Z ##[endgroup]
2026-10-08T00:28:34.7265855Z Collecting PyYAML==6.0.3 (from -r requirements-docs.txt (line 1))
2026-10-08T00:28:34.8032645Z   Downloading pyyaml-6.0.3-cp312-cp312-manylinux2014_x86_64.manylinux_2_17_x86_64.manylinux_2_28_x86_64.whl.metadata (2.4 kB)
2026-10-08T00:28:34.8477234Z Downloading pyyaml-6.0.3-cp312-cp312-manylinux2014_x86_64.manylinux_2_17_x86_64.manylinux_2_28_x86_64.whl (807 kB)
2026-10-08T00:28:34.9272193Z    ━━━━━━━━━━━━━━━━━━━━━━━━━━━━━━━━━━━━━━━━ 807.9/807.9 kB 14.1 MB/s  0:00:00
2026-10-08T00:28:34.9690146Z Installing collected packages: PyYAML
2026-10-08T00:28:35.0282983Z Successfully installed PyYAML-6.0.3
2026-10-08T00:28:35.0802341Z ##[group]Run python scripts/p09/qualify.py --output "$RUNNER_TEMP/p09-conformance"
2026-10-08T00:28:35.0802993Z [36;1mpython scripts/p09/qualify.py --output "$RUNNER_TEMP/p09-conformance"[0m
2026-10-08T00:28:35.0868845Z shell: /usr/bin/bash -e {0}
2026-10-08T00:28:35.0869110Z env:
2026-10-08T00:28:35.0869395Z   pythonLocation: /opt/hostedtoolcache/Python/3.12.14/x64
2026-10-08T00:28:35.0869861Z   PKG_CONFIG_PATH: /opt/hostedtoolcache/Python/3.12.14/x64/lib/pkgconfig
2026-10-08T00:28:35.0870316Z   Python_ROOT_DIR: /opt/hostedtoolcache/Python/3.12.14/x64
2026-10-08T00:28:35.0870720Z   Python2_ROOT_DIR: /opt/hostedtoolcache/Python/3.12.14/x64
2026-10-08T00:28:35.0871153Z   Python3_ROOT_DIR: /opt/hostedtoolcache/Python/3.12.14/x64
2026-10-08T00:28:35.0871606Z   LD_LIBRARY_PATH: /opt/hostedtoolcache/Python/3.12.14/x64/lib
2026-10-08T00:28:35.0872052Z   UV_PYTHON_INSTALL_DIR: /home/runner/work/_temp/uv-python-dir
2026-10-08T00:28:35.0872481Z   P05_POSTGRES_BIN: /usr/lib/postgresql/16/bin
2026-10-08T00:28:35.0872784Z ##[endgroup]
2026-10-08T00:28:37.3296923Z 00: PASS .
2026-10-08T00:28:38.4389476Z 01: PASS services/planning
2026-10-08T00:28:38.5149520Z 02: PASS services/planning
2026-10-08T00:28:38.5399453Z 03: PASS services/planning
2026-10-08T00:28:42.0507990Z 04: PASS services/planning
2026-10-08T00:28:47.4760765Z 05: PASS services/planning
2026-10-08T00:28:48.0672824Z 06: PASS services/planning
2026-10-08T00:28:48.9657246Z 07: PASS services/lifecycle
2026-10-08T00:28:49.0441681Z 08: PASS services/lifecycle
2026-10-08T00:28:49.0729453Z 09: PASS services/lifecycle
2026-10-08T00:28:54.8643595Z 10: PASS services/lifecycle
2026-10-08T00:29:36.5682272Z 11: PASS services/lifecycle
2026-10-08T00:29:37.1529445Z 12: PASS services/lifecycle
2026-10-08T00:29:37.9443610Z 13: PASS workers/lifecycle
2026-10-08T00:29:38.0190545Z 14: PASS workers/lifecycle
2026-10-08T00:29:38.0454345Z 15: PASS workers/lifecycle
2026-10-08T00:29:41.7189288Z 16: PASS workers/lifecycle
2026-10-08T00:31:22.8332423Z 17: FAIL workers/lifecycle
2026-10-08T00:31:22.8346812Z ::stop-commands::***
2026-10-08T00:31:22.8347273Z ........................................................................ [ 20%]
2026-10-08T00:31:22.8347714Z ........................................................................ [ 40%]
2026-10-08T00:31:22.8348131Z ...........................................FF........................... [ 61%]
2026-10-08T00:31:22.8348526Z ........................................................................ [ 81%]
2026-10-08T00:31:22.8348905Z ..................................................................       [100%]
2026-10-08T00:31:22.8349279Z =================================== FAILURES ===================================
2026-10-08T00:31:22.8349779Z _ test_glance_upload_stops_before_next_chunk_after_credential_change[during_upload] _
2026-10-08T00:31:22.8350166Z 
2026-10-08T00:31:22.8351028Z copy_campaign = (NativeBinding(tenant_id='820ac31d-fa87-4837-b965-7310d74e5350', site_id='a1877978-207a-42d2-ba43-7bb8c8f74f85', proje... {}, 'upload_finished': <threading.Event at 0x7f02fd1c9e80: set>, ...}, <test_native.Journal object at 0x7f02fd1be600>)
2026-10-08T00:31:22.8352082Z when = 'during_upload'
2026-10-08T00:31:22.8352257Z 
2026-10-08T00:31:22.8352500Z     @pytest.mark.parametrize("when", ["before_upload", "during_upload", "expiry"])
2026-10-08T00:31:22.8353044Z     def test_glance_upload_stops_before_next_chunk_after_credential_change(
2026-10-08T00:31:22.8353456Z         copy_campaign: Any, when: str
2026-10-08T00:31:22.8353754Z     ) -> None:
2026-10-08T00:31:22.8354003Z         bound, execution, fixture, _ = copy_campaign
2026-10-08T00:31:22.8354352Z         destination = execution.adapter.destination
2026-10-08T00:31:22.8354700Z         payload = b"synthetic-vmdk-stream" * 8000
2026-10-08T00:31:22.8355017Z         stream = io.BytesIO(payload)
2026-10-08T00:31:22.8355622Z         fixture["allow_partial_upload"] = True
2026-10-08T00:31:22.8355925Z         boundaries = 0
2026-10-08T00:31:22.8356134Z     
2026-10-08T00:31:22.8356621Z         def current() -> None:
2026-10-08T00:31:22.8356897Z             nonlocal boundaries
2026-10-08T00:31:22.8357146Z             boundaries += 1
2026-10-08T00:31:22.8357434Z             if (when == "before_upload" and boundaries == 3) or (
2026-10-08T00:31:22.8357812Z                 when == "during_upload" and stream.tell() > 65536
2026-10-08T00:31:22.8358110Z             ):
2026-10-08T00:31:22.8358451Z                 destination.api.endpoint.token_file.write_text("rotated-during-upload")
2026-10-08T00:31:22.8358915Z             elif when == "expiry" and stream.tell() > 65536:
2026-10-08T00:31:22.8359346Z                 destination.scope.clock = lambda: 4070908800  # Token expiry, 2099-01-01.
2026-10-08T00:31:22.8359734Z     
2026-10-08T00:31:22.8360043Z         with pytest.raises(NativeHeld, match="credential_(changed|expired)"):
2026-10-08T00:31:22.8360432Z             destination.stage(
2026-10-08T00:31:22.8379023Z                 bound,
2026-10-08T00:31:22.8379362Z                 {"image_id": str(uuid4())},
2026-10-08T00:31:22.8379667Z                 stream,
2026-10-08T00:31:22.8380025Z                 {"size": len(payload), "sha256": hashlib.sha256(payload).hexdigest()},
2026-10-08T00:31:22.8380420Z                 current,
2026-10-08T00:31:22.8380634Z             )
2026-10-08T00:31:22.8380842Z         if when != "before_upload":
2026-10-08T00:31:22.8381147Z             assert fixture["upload_finished"].wait(3)
2026-10-08T00:31:22.8381480Z >           assert fixture["upload_bytes"] == 65536
2026-10-08T00:31:22.8381774Z E           assert 49152 == 65536
2026-10-08T00:31:22.8381937Z 
2026-10-08T00:31:22.8382066Z tests/test_native_copy.py:421: AssertionError
2026-10-08T00:31:22.8382512Z __ test_glance_upload_stops_before_next_chunk_after_credential_change[expiry] __
2026-10-08T00:31:22.8383135Z 
2026-10-08T00:31:22.8383950Z copy_campaign = (NativeBinding(tenant_id='e98aa710-78f6-48ed-834b-62620b27439a', site_id='60aa1458-e41b-48b0-8d58-569cbdfab1fa', proje... {}, 'upload_finished': <threading.Event at 0x7f02fd551190: set>, ...}, <test_native.Journal object at 0x7f02fd1d0f80>)
2026-10-08T00:31:22.8384934Z when = 'expiry'
2026-10-08T00:31:22.8385327Z 
2026-10-08T00:31:22.8385677Z     @pytest.mark.parametrize("when", ["before_upload", "during_upload", "expiry"])
2026-10-08T00:31:22.8386225Z     def test_glance_upload_stops_before_next_chunk_after_credential_change(
2026-10-08T00:31:22.8386626Z         copy_campaign: Any, when: str
2026-10-08T00:31:22.8386887Z     ) -> None:
2026-10-08T00:31:22.8387141Z         bound, execution, fixture, _ = copy_campaign
2026-10-08T00:31:22.8387489Z         destination = execution.adapter.destination
2026-10-08T00:31:22.8387832Z         payload = b"synthetic-vmdk-stream" * 8000
2026-10-08T00:31:22.8388141Z         stream = io.BytesIO(payload)
2026-10-08T00:31:22.8388435Z         fixture["allow_partial_upload"] = True
2026-10-08T00:31:22.8388731Z         boundaries = 0
2026-10-08T00:31:22.8388944Z     
2026-10-08T00:31:22.8389137Z         def current() -> None:
2026-10-08T00:31:22.8389388Z             nonlocal boundaries
2026-10-08T00:31:22.8389630Z             boundaries += 1
2026-10-08T00:31:22.8389913Z             if (when == "before_upload" and boundaries == 3) or (
2026-10-08T00:31:22.8390293Z                 when == "during_upload" and stream.tell() > 65536
2026-10-08T00:31:22.8390589Z             ):
2026-10-08T00:31:22.8391030Z                 destination.api.endpoint.token_file.write_text("rotated-during-upload")
2026-10-08T00:31:22.8391534Z             elif when == "expiry" and stream.tell() > 65536:
2026-10-08T00:31:22.8391974Z                 destination.scope.clock = lambda: 4070908800  # Token expiry, 2099-01-01.
2026-10-08T00:31:22.8392360Z     
2026-10-08T00:31:22.8392665Z         with pytest.raises(NativeHeld, match="credential_(changed|expired)"):
2026-10-08T00:31:22.8393071Z             destination.stage(
2026-10-08T00:31:22.8393304Z                 bound,
2026-10-08T00:31:22.8393530Z                 {"image_id": str(uuid4())},
2026-10-08T00:31:22.8394002Z                 stream,
2026-10-08T00:31:22.8394329Z                 {"size": len(payload), "sha256": hashlib.sha256(payload).hexdigest()},
2026-10-08T00:31:22.8394702Z                 current,
2026-10-08T00:31:22.8394910Z             )
2026-10-08T00:31:22.8395445Z         if when != "before_upload":
2026-10-08T00:31:22.8395763Z             assert fixture["upload_finished"].wait(3)
2026-10-08T00:31:22.8396082Z >           assert fixture["upload_bytes"] == 65536
2026-10-08T00:31:22.8396381Z E           assert 49152 == 65536
2026-10-08T00:31:22.8396545Z 
2026-10-08T00:31:22.8396662Z tests/test_native_copy.py:421: AssertionError
2026-10-08T00:31:22.8397012Z =========================== short test summary info ============================
2026-10-08T00:31:22.8397748Z FAILED tests/test_native_copy.py::test_glance_upload_stops_before_next_chunk_after_credential_change[during_upload] - assert 49152 == 65536
2026-10-08T00:31:22.8398665Z FAILED tests/test_native_copy.py::test_glance_upload_stops_before_next_chunk_after_credential_change[expiry] - assert 49152 == 65536
2026-10-08T00:31:22.8399250Z 2 failed, 352 passed in 100.54s (0:01:40)
2026-10-08T00:31:22.8399439Z 
2026-10-08T00:31:22.8399890Z ::***::
2026-10-08T00:31:23.3950924Z 18: PASS workers/lifecycle
2026-10-08T00:31:23.4051287Z ##[error]Process completed with exit code 1.
2026-10-08T00:31:23.4154389Z ##[group]Run actions/upload-artifact@ea165f8d65b6e75b540449e92b4886f43607fa02
2026-10-08T00:31:23.4154842Z with:
2026-10-08T00:31:23.4155388Z   name: p09-conformance-37707943516-1
2026-10-08T00:31:23.4155734Z   path: /home/runner/work/_temp/p09-conformance/
2026-10-08T00:31:23.4156051Z   if-no-files-found: error
2026-10-08T00:31:23.4156285Z   retention-days: 14
2026-10-08T00:31:23.4156499Z   compression-level: 6
2026-10-08T00:31:23.4156905Z   overwrite: false
2026-10-08T00:31:23.4157119Z   include-hidden-files: false
2026-10-08T00:31:23.4157361Z env:
2026-10-08T00:31:23.4157608Z   pythonLocation: /opt/hostedtoolcache/Python/3.12.14/x64
2026-10-08T00:31:23.4158035Z   PKG_CONFIG_PATH: /opt/hostedtoolcache/Python/3.12.14/x64/lib/pkgconfig
2026-10-08T00:31:23.4158459Z   Python_ROOT_DIR: /opt/hostedtoolcache/Python/3.12.14/x64
2026-10-08T00:31:23.4158838Z   Python2_ROOT_DIR: /opt/hostedtoolcache/Python/3.12.14/x64
2026-10-08T00:31:23.4159262Z   Python3_ROOT_DIR: /opt/hostedtoolcache/Python/3.12.14/x64
2026-10-08T00:31:23.4159661Z   LD_LIBRARY_PATH: /opt/hostedtoolcache/Python/3.12.14/x64/lib
2026-10-08T00:31:23.4160058Z   UV_PYTHON_INSTALL_DIR: /home/runner/work/_temp/uv-python-dir
2026-10-08T00:31:23.4160375Z ##[endgroup]
2026-10-08T00:31:23.5827832Z (node:5253) [DEP0040] DeprecationWarning: The `punycode` module is deprecated. Please use a userland alternative instead.
2026-10-08T00:31:23.5828696Z (Use `node --trace-deprecation ...` to show where the warning was created)
2026-10-08T00:31:23.5922159Z With the provided path, there will be 23 files uploaded
2026-10-08T00:31:23.5928489Z Artifact name is valid!
2026-10-08T00:31:23.5929337Z Root directory input is valid!
2026-10-08T00:31:23.8429363Z Beginning upload of artifact content to blob storage
2026-10-08T00:31:23.8942510Z (node:5253) [DEP0169] DeprecationWarning: `url.parse()` behavior is not standardized and prone to errors that have security implications. Use the WHATWG URL API instead. CVEs are not issued for `url.parse()` vulnerabilities.
2026-10-08T00:31:24.0900596Z Uploaded bytes 43816
2026-10-08T00:31:24.1326757Z Finished uploading artifact content to blob storage!
2026-10-08T00:31:24.1327979Z SHA256 digest of uploaded artifact zip is 7c72cd6f66451db573e5685069e7efd437d5001a0e802ac8429ed43c99829857
2026-10-08T00:31:24.1330577Z Finalizing artifact upload
2026-10-08T00:31:24.3726404Z Artifact p09-conformance-37707943516-1.zip successfully finalized. Artifact ID 11520496748
2026-10-08T00:31:24.3727930Z Artifact p09-conformance-37707943516-1 has been successfully uploaded! Final size is 43816 bytes. Artifact ID is 11520496748
2026-10-08T00:31:24.3733646Z Artifact download URL: https://github.com/awalker0878/multi-tenant/actions/runs/37707943516/artifacts/11520496748
2026-10-08T00:31:24.3938643Z Post job cleanup.
2026-10-08T00:31:24.4800942Z [command]/usr/bin/git version
2026-10-08T00:31:24.4847855Z git version 2.55.0
2026-10-08T00:31:24.4889894Z Temporarily overriding HOME='/home/runner/work/_temp/26e6218b-efe2-40c1-a560-9eeef9e59ade' before making global git config changes
2026-10-08T00:31:24.4891218Z Adding repository directory to the temporary git global config as a safe directory
2026-10-08T00:31:24.4896588Z [command]/usr/bin/git config --global --add safe.directory /home/runner/work/multi-tenant/multi-tenant
2026-10-08T00:31:24.4936577Z [command]/usr/bin/git config --local --name-only --get-regexp core\.sshCommand
2026-10-08T00:31:24.4972470Z [command]/usr/bin/git submodule foreach --recursive sh -c "git config --local --name-only --get-regexp 'core\.sshCommand' && git config --local --unset-all 'core.sshCommand' || :"
2026-10-08T00:31:24.5250903Z [command]/usr/bin/git config --local --name-only --get-regexp http\.https\:\/\/github\.com\/\.extraheader
2026-10-08T00:31:24.5291656Z [command]/usr/bin/git submodule foreach --recursive sh -c "git config --local --name-only --get-regexp 'http\.https\:\/\/github\.com\/\.extraheader' && git config --local --unset-all 'http.https://github.com/.extraheader' || :"
2026-10-08T00:31:24.5580485Z [command]/usr/bin/git config --local --name-only --get-regexp ^includeIf\.gitdir:
2026-10-08T00:31:24.5621137Z [command]/usr/bin/git submodule foreach --recursive git config --local --show-origin --name-only --get-regexp remote.origin.url
2026-10-08T00:31:24.6040797Z Cleaning up orphan processes
2026-10-08T00:31:24.6330051Z ##[warning]Node.js 20 is deprecated. The following actions target Node.js 20 but are being forced to run on Node.js 24: actions/upload-artifact@ea165f8d65b6e75b540449e92b4886f43607fa02. For more information see: https://github.blog/changelog/2025-09-19-deprecation-of-node-20-on-github-actions-runners/
