2026-10-08T00:28:27.9047075Z Current runner version: '2.337.0'
2026-10-08T00:28:27.9073522Z ##[group]Runner Image Provisioner
2026-10-08T00:28:27.9074409Z Hosted Compute Agent
2026-10-08T00:28:27.9075160Z Version: 20260901.588
2026-10-08T00:28:27.9075842Z Commit: f88ec8081b781fac6c440065ac7ff9e710ce3d0b
2026-10-08T00:28:27.9076652Z Build Date: 2026-09-01T19:56:44Z
2026-10-08T00:28:27.9077424Z Worker ID: {9b9444f2-b34a-4abc-94da-09be707fa775}
2026-10-08T00:28:27.9078184Z Azure Region: northcentralus
2026-10-08T00:28:27.9078906Z ##[endgroup]
2026-10-08T00:28:27.9080650Z ##[group]Operating System
2026-10-08T00:28:27.9081372Z Ubuntu
2026-10-08T00:28:27.9082024Z 24.04.5
2026-10-08T00:28:27.9082586Z LTS
2026-10-08T00:28:27.9083119Z ##[endgroup]
2026-10-08T00:28:27.9083771Z ##[group]Runner Image
2026-10-08T00:28:27.9084450Z Image: ubuntu-24.04
2026-10-08T00:28:27.9085597Z Version: 20260927.320.1
2026-10-08T00:28:27.9087001Z Included Software: https://github.com/actions/runner-images/blob/ubuntu24/20260927.320/images/ubuntu/Ubuntu2404-Readme.md
2026-10-08T00:28:27.9088682Z Image Release: https://github.com/actions/runner-images/releases/tag/ubuntu24%2F20260927.320
2026-10-08T00:28:27.9089963Z ##[endgroup]
2026-10-08T00:28:27.9091226Z ##[group]GITHUB_TOKEN Permissions
2026-10-08T00:28:27.9093525Z Contents: read
2026-10-08T00:28:27.9094220Z Metadata: read
2026-10-08T00:28:27.9094927Z ##[endgroup]
2026-10-08T00:28:27.9097077Z Secret source: Actions
2026-10-08T00:28:27.9098177Z Cache mode: write
2026-10-08T00:28:27.9099286Z Prepare workflow directory
2026-10-08T00:28:27.9450759Z Prepare all required actions
2026-10-08T00:28:27.9500956Z Getting action download info
2026-10-08T00:28:28.1973961Z Download action repository 'actions/checkout@fbc6f3992d24b796d5a048ff273f7fcc4a7b6c09' (SHA:fbc6f3992d24b796d5a048ff273f7fcc4a7b6c09)
2026-10-08T00:28:28.2926850Z Download action repository 'actions/setup-python@ece7cb06caefa5fff74198d8649806c4678c61a1' (SHA:ece7cb06caefa5fff74198d8649806c4678c61a1)
2026-10-08T00:28:28.3681846Z Download action repository 'astral-sh/setup-uv@37802adc94f370d6bfd71619e3f0bf239e1f3b78' (SHA:37802adc94f370d6bfd71619e3f0bf239e1f3b78)
2026-10-08T00:28:28.8538707Z Download action repository 'actions/upload-artifact@ea165f8d65b6e75b540449e92b4886f43607fa02' (SHA:ea165f8d65b6e75b540449e92b4886f43607fa02)
2026-10-08T00:28:29.0875723Z Complete job name: qualification
2026-10-08T00:28:29.1794038Z ##[group]Run actions/checkout@fbc6f3992d24b796d5a048ff273f7fcc4a7b6c09
2026-10-08T00:28:29.1795172Z with:
2026-10-08T00:28:29.1795684Z   persist-credentials: false
2026-10-08T00:28:29.1796280Z   repository: awalker0878/multi-tenant
2026-10-08T00:28:29.1801304Z   token: ***
2026-10-08T00:28:29.1801807Z   ssh-strict: true
2026-10-08T00:28:29.1802286Z   ssh-user: git
2026-10-08T00:28:29.1802865Z   clean: true
2026-10-08T00:28:29.1803351Z   sparse-checkout-cone-mode: true
2026-10-08T00:28:29.1803923Z   fetch-depth: 1
2026-10-08T00:28:29.1804395Z   fetch-tags: false
2026-10-08T00:28:29.1804878Z   show-progress: true
2026-10-08T00:28:29.1805502Z   lfs: false
2026-10-08T00:28:29.1806359Z   submodules: false
2026-10-08T00:28:29.1807044Z   set-safe-directory: true
2026-10-08T00:28:29.1807672Z   allow-unsafe-pr-checkout: false
2026-10-08T00:28:29.1808627Z ##[endgroup]
2026-10-08T00:28:29.2865033Z Syncing repository: awalker0878/multi-tenant
2026-10-08T00:28:29.2867585Z ##[group]Getting Git version info
2026-10-08T00:28:29.2868667Z Working directory is '/home/runner/work/multi-tenant/multi-tenant'
2026-10-08T00:28:29.2870495Z [command]/usr/bin/git version
2026-10-08T00:28:29.2930534Z git version 2.55.0
2026-10-08T00:28:29.2951385Z ##[endgroup]
2026-10-08T00:28:29.2969128Z Temporarily overriding HOME='/home/runner/work/_temp/836ab3fd-eded-4ae2-a28d-87edf94c085e' before making global git config changes
2026-10-08T00:28:29.2972088Z Adding repository directory to the temporary git global config as a safe directory
2026-10-08T00:28:29.2975287Z [command]/usr/bin/git config --global --add safe.directory /home/runner/work/multi-tenant/multi-tenant
2026-10-08T00:28:29.3033319Z Deleting the contents of '/home/runner/work/multi-tenant/multi-tenant'
2026-10-08T00:28:29.3038018Z ##[group]Initializing the repository
2026-10-08T00:28:29.3043311Z [command]/usr/bin/git init /home/runner/work/multi-tenant/multi-tenant
2026-10-08T00:28:29.3127479Z hint: Using 'master' as the name for the initial branch. This default branch name
2026-10-08T00:28:29.3129959Z hint: will change to "main" in Git 3.0. To configure the initial branch name
2026-10-08T00:28:29.3131713Z hint: to use in all of your new repositories, which will suppress this warning,
2026-10-08T00:28:29.3133028Z hint: call:
2026-10-08T00:28:29.3134156Z hint:
2026-10-08T00:28:29.3135239Z hint: 	git config --global init.defaultBranch <name>
2026-10-08T00:28:29.3136448Z hint:
2026-10-08T00:28:29.3137590Z hint: Names commonly chosen instead of 'master' are 'main', 'trunk' and
2026-10-08T00:28:29.3139340Z hint: 'development'. The just-created branch can be renamed via this command:
2026-10-08T00:28:29.3140836Z hint:
2026-10-08T00:28:29.3141608Z hint: 	git branch -m <name>
2026-10-08T00:28:29.3142432Z hint:
2026-10-08T00:28:29.3143519Z hint: Disable this message with "git config set advice.defaultBranchName false"
2026-10-08T00:28:29.3145634Z Initialized empty Git repository in /home/runner/work/multi-tenant/multi-tenant/.git/
2026-10-08T00:28:29.3149083Z [command]/usr/bin/git remote add origin https://github.com/awalker0878/multi-tenant
2026-10-08T00:28:29.3189044Z ##[endgroup]
2026-10-08T00:28:29.3190567Z ##[group]Disabling automatic garbage collection
2026-10-08T00:28:29.3192769Z [command]/usr/bin/git config --local gc.auto 0
2026-10-08T00:28:29.3227214Z ##[endgroup]
2026-10-08T00:28:29.3228537Z ##[group]Setting up auth
2026-10-08T00:28:29.3234507Z [command]/usr/bin/git config --local --name-only --get-regexp core\.sshCommand
2026-10-08T00:28:29.3276611Z [command]/usr/bin/git submodule foreach --recursive sh -c "git config --local --name-only --get-regexp 'core\.sshCommand' && git config --local --unset-all 'core.sshCommand' || :"
2026-10-08T00:28:29.3624166Z [command]/usr/bin/git config --local --name-only --get-regexp http\.https\:\/\/github\.com\/\.extraheader
2026-10-08T00:28:29.3682641Z [command]/usr/bin/git submodule foreach --recursive sh -c "git config --local --name-only --get-regexp 'http\.https\:\/\/github\.com\/\.extraheader' && git config --local --unset-all 'http.https://github.com/.extraheader' || :"
2026-10-08T00:28:29.3936659Z [command]/usr/bin/git config --local --name-only --get-regexp ^includeIf\.gitdir:
2026-10-08T00:28:29.3977282Z [command]/usr/bin/git submodule foreach --recursive git config --local --show-origin --name-only --get-regexp remote.origin.url
2026-10-08T00:28:29.4226185Z [command]/usr/bin/git config --local http.https://github.com/.extraheader AUTHORIZATION: basic ***
2026-10-08T00:28:29.4270186Z ##[endgroup]
2026-10-08T00:28:29.4271347Z ##[group]Fetching the repository
2026-10-08T00:28:29.4280965Z [command]/usr/bin/git -c protocol.version=2 fetch --no-tags --prune --no-recurse-submodules --depth=1 origin +ce6bafba8f68f4f746b85bdb00f88f50a8b18919:refs/remotes/origin/greenfield/enterprise-microservices-plan
2026-10-08T00:28:31.3632279Z From https://github.com/awalker0878/multi-tenant
2026-10-08T00:28:31.3633402Z  * [new ref]         ce6bafba8f68f4f746b85bdb00f88f50a8b18919 -> origin/greenfield/enterprise-microservices-plan
2026-10-08T00:28:31.3639277Z ##[endgroup]
2026-10-08T00:28:31.3640192Z ##[group]Determining the checkout info
2026-10-08T00:28:31.3641815Z ##[endgroup]
2026-10-08T00:28:31.3648253Z [command]/usr/bin/git sparse-checkout disable
2026-10-08T00:28:31.3701563Z [command]/usr/bin/git config --local --unset-all extensions.worktreeConfig
2026-10-08T00:28:31.3737688Z ##[group]Checking out the ref
2026-10-08T00:28:31.3742972Z [command]/usr/bin/git checkout --progress --force -B greenfield/enterprise-microservices-plan refs/remotes/origin/greenfield/enterprise-microservices-plan
2026-10-08T00:28:32.0625786Z Switched to a new branch 'greenfield/enterprise-microservices-plan'
2026-10-08T00:28:32.0630393Z branch 'greenfield/enterprise-microservices-plan' set up to track 'origin/greenfield/enterprise-microservices-plan'.
2026-10-08T00:28:32.0663157Z ##[endgroup]
2026-10-08T00:28:32.0711848Z [command]/usr/bin/git log -1 --format=%H
2026-10-08T00:28:32.0741079Z ce6bafba8f68f4f746b85bdb00f88f50a8b18919
2026-10-08T00:28:32.0750980Z ##[group]Removing auth
2026-10-08T00:28:32.0755162Z [command]/usr/bin/git config --local --name-only --get-regexp core\.sshCommand
2026-10-08T00:28:32.0872031Z [command]/usr/bin/git submodule foreach --recursive sh -c "git config --local --name-only --get-regexp 'core\.sshCommand' && git config --local --unset-all 'core.sshCommand' || :"
2026-10-08T00:28:32.1057541Z [command]/usr/bin/git config --local --name-only --get-regexp http\.https\:\/\/github\.com\/\.extraheader
2026-10-08T00:28:32.1088316Z http.https://github.com/.extraheader
2026-10-08T00:28:32.1096389Z [command]/usr/bin/git config --local --unset-all http.https://github.com/.extraheader
2026-10-08T00:28:32.1133304Z [command]/usr/bin/git submodule foreach --recursive sh -c "git config --local --name-only --get-regexp 'http\.https\:\/\/github\.com\/\.extraheader' && git config --local --unset-all 'http.https://github.com/.extraheader' || :"
2026-10-08T00:28:32.1386036Z [command]/usr/bin/git config --local --name-only --get-regexp ^includeIf\.gitdir:
2026-10-08T00:28:32.1421595Z [command]/usr/bin/git submodule foreach --recursive git config --local --show-origin --name-only --get-regexp remote.origin.url
2026-10-08T00:28:32.1671315Z ##[endgroup]
2026-10-08T00:28:32.1938893Z ##[group]Run actions/setup-python@ece7cb06caefa5fff74198d8649806c4678c61a1
2026-10-08T00:28:32.1939358Z with:
2026-10-08T00:28:32.1939791Z   python-version: 3.12.14
2026-10-08T00:28:32.1940047Z   check-latest: false
2026-10-08T00:28:32.1942662Z   token: ***
2026-10-08T00:28:32.1942938Z   update-environment: true
2026-10-08T00:28:32.1943252Z   allow-prereleases: false
2026-10-08T00:28:32.1943497Z   freethreaded: false
2026-10-08T00:28:32.1943734Z ##[endgroup]
2026-10-08T00:28:32.3262146Z ##[group]Installed versions
2026-10-08T00:28:32.3299456Z Successfully set up CPython (3.12.14)
2026-10-08T00:28:32.3300431Z ##[endgroup]
2026-10-08T00:28:32.3536736Z ##[group]Run astral-sh/setup-uv@37802adc94f370d6bfd71619e3f0bf239e1f3b78
2026-10-08T00:28:32.3537152Z with:
2026-10-08T00:28:32.3537365Z   version: 0.12.19
2026-10-08T00:28:32.3537590Z   enable-cache: false
2026-10-08T00:28:32.3537840Z   activate-environment: false
2026-10-08T00:28:32.3538193Z   working-directory: /home/runner/work/multi-tenant/multi-tenant
2026-10-08T00:28:32.3541099Z   github-token: ***
2026-10-08T00:28:32.3541690Z   cache-dependency-glob: **/*requirements*.txt
**/*requirements*.in
**/*constraints*.txt
**/*constraints*.in
**/pyproject.toml
**/uv.lock
**/*.py.lock

2026-10-08T00:28:32.3542311Z   restore-cache: true
2026-10-08T00:28:32.3542548Z   save-cache: true
2026-10-08T00:28:32.3542769Z   prune-cache: true
2026-10-08T00:28:32.3542994Z   cache-python: false
2026-10-08T00:28:32.3543243Z   ignore-nothing-to-cache: false
2026-10-08T00:28:32.3543542Z   ignore-empty-workdir: false
2026-10-08T00:28:32.3543825Z   add-problem-matchers: true
2026-10-08T00:28:32.3544121Z   resolution-strategy: highest
2026-10-08T00:28:32.3544369Z env:
2026-10-08T00:28:32.3544643Z   pythonLocation: /opt/hostedtoolcache/Python/3.12.14/x64
2026-10-08T00:28:32.3545098Z   PKG_CONFIG_PATH: /opt/hostedtoolcache/Python/3.12.14/x64/lib/pkgconfig
2026-10-08T00:28:32.3545536Z   Python_ROOT_DIR: /opt/hostedtoolcache/Python/3.12.14/x64
2026-10-08T00:28:32.3545931Z   Python2_ROOT_DIR: /opt/hostedtoolcache/Python/3.12.14/x64
2026-10-08T00:28:32.3546322Z   Python3_ROOT_DIR: /opt/hostedtoolcache/Python/3.12.14/x64
2026-10-08T00:28:32.3546699Z   LD_LIBRARY_PATH: /opt/hostedtoolcache/Python/3.12.14/x64/lib
2026-10-08T00:28:32.3547031Z ##[endgroup]
2026-10-08T00:28:32.5383790Z Fetching version data from https://raw.githubusercontent.com/astral-sh/versions/main/v1/uv.ndjson ...
2026-10-08T00:28:32.6101361Z Downloading uv from "https://releases.astral.sh/github/uv/releases/download/0.12.19/uv-x86_64-unknown-linux-gnu.tar.gz" ...
2026-10-08T00:28:32.9611877Z [command]/usr/bin/tar xz --warning=no-unknown-keyword --overwrite -C /home/runner/work/_temp/426ce3af-2aa6-4075-923d-fb8553eb46ce -f /home/runner/work/_temp/f3bc4be1-79d0-4bce-9637-2dcdde87ad34
2026-10-08T00:28:33.3666400Z Added /home/runner/.local/bin to the path
2026-10-08T00:28:33.3669965Z Added /opt/hostedtoolcache/uv/0.12.19/x86_64 to the path
2026-10-08T00:28:33.3671787Z Set UV_PYTHON_INSTALL_DIR to /home/runner/work/_temp/uv-python-dir
2026-10-08T00:28:33.3672454Z Added /home/runner/work/_temp/uv-python-dir to the path
2026-10-08T00:28:33.3683127Z Successfully installed uv version 0.12.19
2026-10-08T00:28:33.5236484Z ##[group]Run python -m pip install --requirement requirements-docs.txt
2026-10-08T00:28:33.5237095Z [36;1mpython -m pip install --requirement requirements-docs.txt[0m
2026-10-08T00:28:33.5464932Z shell: /usr/bin/bash -e {0}
2026-10-08T00:28:33.5465223Z env:
2026-10-08T00:28:33.5465525Z   pythonLocation: /opt/hostedtoolcache/Python/3.12.14/x64
2026-10-08T00:28:33.5466006Z   PKG_CONFIG_PATH: /opt/hostedtoolcache/Python/3.12.14/x64/lib/pkgconfig
2026-10-08T00:28:33.5466438Z   Python_ROOT_DIR: /opt/hostedtoolcache/Python/3.12.14/x64
2026-10-08T00:28:33.5466833Z   Python2_ROOT_DIR: /opt/hostedtoolcache/Python/3.12.14/x64
2026-10-08T00:28:33.5467212Z   Python3_ROOT_DIR: /opt/hostedtoolcache/Python/3.12.14/x64
2026-10-08T00:28:33.5467589Z   LD_LIBRARY_PATH: /opt/hostedtoolcache/Python/3.12.14/x64/lib
2026-10-08T00:28:33.5467987Z   UV_PYTHON_INSTALL_DIR: /home/runner/work/_temp/uv-python-dir
2026-10-08T00:28:33.5468309Z ##[endgroup]
2026-10-08T00:28:34.2814616Z Collecting PyYAML==6.0.3 (from -r requirements-docs.txt (line 1))
2026-10-08T00:28:34.3280273Z   Downloading pyyaml-6.0.3-cp312-cp312-manylinux2014_x86_64.manylinux_2_17_x86_64.manylinux_2_28_x86_64.whl.metadata (2.4 kB)
2026-10-08T00:28:34.3350310Z Downloading pyyaml-6.0.3-cp312-cp312-manylinux2014_x86_64.manylinux_2_17_x86_64.manylinux_2_28_x86_64.whl (807 kB)
2026-10-08T00:28:34.3682828Z    ━━━━━━━━━━━━━━━━━━━━━━━━━━━━━━━━━━━━━━━━ 807.9/807.9 kB 62.4 MB/s  0:00:00
2026-10-08T00:28:34.4011902Z Installing collected packages: PyYAML
2026-10-08T00:28:34.4620530Z Successfully installed PyYAML-6.0.3
2026-10-08T00:28:34.5134972Z ##[group]Run python scripts/p10/qualify.py --output "$RUNNER_TEMP/p10-qualification"
2026-10-08T00:28:34.5135634Z [36;1mpython scripts/p10/qualify.py --output "$RUNNER_TEMP/p10-qualification"[0m
2026-10-08T00:28:34.5205380Z shell: /usr/bin/bash -e {0}
2026-10-08T00:28:34.5205650Z env:
2026-10-08T00:28:34.5205935Z   pythonLocation: /opt/hostedtoolcache/Python/3.12.14/x64
2026-10-08T00:28:34.5206396Z   PKG_CONFIG_PATH: /opt/hostedtoolcache/Python/3.12.14/x64/lib/pkgconfig
2026-10-08T00:28:34.5206850Z   Python_ROOT_DIR: /opt/hostedtoolcache/Python/3.12.14/x64
2026-10-08T00:28:34.5207255Z   Python2_ROOT_DIR: /opt/hostedtoolcache/Python/3.12.14/x64
2026-10-08T00:28:34.5207642Z   Python3_ROOT_DIR: /opt/hostedtoolcache/Python/3.12.14/x64
2026-10-08T00:28:34.5208063Z   LD_LIBRARY_PATH: /opt/hostedtoolcache/Python/3.12.14/x64/lib
2026-10-08T00:28:34.5208477Z   UV_PYTHON_INSTALL_DIR: /home/runner/work/_temp/uv-python-dir
2026-10-08T00:28:34.5208880Z   P05_POSTGRES_BIN: /usr/lib/postgresql/16/bin
2026-10-08T00:28:34.5209180Z ##[endgroup]
2026-10-08T00:28:36.3758114Z 00: PASS /opt/hostedtoolcache/Python/3.12.14/x64/bin/python .
2026-10-08T00:31:19.7437971Z 01: FAIL /opt/hostedtoolcache/Python/3.12.14/x64/bin/python .
2026-10-08T00:31:19.7461816Z ::stop-commands::***
2026-10-08T00:31:19.7462209Z 00: PASS .
2026-10-08T00:31:19.7462537Z 01: PASS services/planning
2026-10-08T00:31:19.7462923Z 02: PASS services/planning
2026-10-08T00:31:19.7463169Z 03: PASS services/planning
2026-10-08T00:31:19.7463411Z 04: PASS services/planning
2026-10-08T00:31:19.7463650Z 05: PASS services/planning
2026-10-08T00:31:19.7463886Z 06: PASS services/planning
2026-10-08T00:31:19.7464126Z 07: PASS services/lifecycle
2026-10-08T00:31:19.7464374Z 08: PASS services/lifecycle
2026-10-08T00:31:19.7464925Z 09: PASS services/lifecycle
2026-10-08T00:31:19.7465172Z 10: PASS services/lifecycle
2026-10-08T00:31:19.7465417Z 11: PASS services/lifecycle
2026-10-08T00:31:19.7465666Z 12: PASS services/lifecycle
2026-10-08T00:31:19.7465912Z 13: PASS workers/lifecycle
2026-10-08T00:31:19.7466152Z 14: PASS workers/lifecycle
2026-10-08T00:31:19.7466384Z 15: PASS workers/lifecycle
2026-10-08T00:31:19.7466628Z 16: PASS workers/lifecycle
2026-10-08T00:31:19.7466866Z 17: FAIL workers/lifecycle
2026-10-08T00:31:19.7467358Z ::stop-commands::81aadc22-9e16-4230-b7a8-2b1765291b41
2026-10-08T00:31:19.7467780Z ........................................................................ [ 20%]
2026-10-08T00:31:19.7468201Z ........................................................................ [ 40%]
2026-10-08T00:31:19.7468587Z ...........................................FF........................... [ 61%]
2026-10-08T00:31:19.7468984Z ........................................................................ [ 81%]
2026-10-08T00:31:19.7469370Z ..................................................................       [100%]
2026-10-08T00:31:19.7470031Z =================================== FAILURES ===================================
2026-10-08T00:31:19.7470516Z _ test_glance_upload_stops_before_next_chunk_after_credential_change[during_upload] _
2026-10-08T00:31:19.7470906Z 
2026-10-08T00:31:19.7471727Z copy_campaign = (NativeBinding(tenant_id='c99ffb2b-66ca-4ff4-b7b1-3c3b38755310', site_id='445cb006-c412-4613-953b-0c3ab7e8ef26', proje... {}, 'upload_finished': <threading.Event at 0x7fdafeb89460: set>, ...}, <test_native.Journal object at 0x7fdafebae8a0>)
2026-10-08T00:31:19.7472708Z when = 'during_upload'
2026-10-08T00:31:19.7472851Z 
2026-10-08T00:31:19.7473088Z     @pytest.mark.parametrize("when", ["before_upload", "during_upload", "expiry"])
2026-10-08T00:31:19.7473605Z     def test_glance_upload_stops_before_next_chunk_after_credential_change(
2026-10-08T00:31:19.7474007Z         copy_campaign: Any, when: str
2026-10-08T00:31:19.7474310Z     ) -> None:
2026-10-08T00:31:19.7474573Z         bound, execution, fixture, _ = copy_campaign
2026-10-08T00:31:19.7474920Z         destination = execution.adapter.destination
2026-10-08T00:31:19.7475484Z         payload = b"synthetic-vmdk-stream" * 8000
2026-10-08T00:31:19.7475802Z         stream = io.BytesIO(payload)
2026-10-08T00:31:19.7476094Z         fixture["allow_partial_upload"] = True
2026-10-08T00:31:19.7476383Z         boundaries = 0
2026-10-08T00:31:19.7476608Z     
2026-10-08T00:31:19.7476817Z         def current() -> None:
2026-10-08T00:31:19.7477074Z             nonlocal boundaries
2026-10-08T00:31:19.7477334Z             boundaries += 1
2026-10-08T00:31:19.7477630Z             if (when == "before_upload" and boundaries == 3) or (
2026-10-08T00:31:19.7497687Z                 when == "during_upload" and stream.tell() > 65536
2026-10-08T00:31:19.7498262Z             ):
2026-10-08T00:31:19.7498844Z                 destination.api.endpoint.token_file.write_text("rotated-during-upload")
2026-10-08T00:31:19.7500131Z             elif when == "expiry" and stream.tell() > 65536:
2026-10-08T00:31:19.7500864Z                 destination.scope.clock = lambda: 4070908800  # Token expiry, 2099-01-01.
2026-10-08T00:31:19.7501502Z     
2026-10-08T00:31:19.7502016Z         with pytest.raises(NativeHeld, match="credential_(changed|expired)"):
2026-10-08T00:31:19.7502590Z             destination.stage(
2026-10-08T00:31:19.7502845Z                 bound,
2026-10-08T00:31:19.7503092Z                 {"image_id": str(uuid4())},
2026-10-08T00:31:19.7503366Z                 stream,
2026-10-08T00:31:19.7503707Z                 {"size": len(payload), "sha256": hashlib.sha256(payload).hexdigest()},
2026-10-08T00:31:19.7504095Z                 current,
2026-10-08T00:31:19.7504316Z             )
2026-10-08T00:31:19.7504533Z         if when != "before_upload":
2026-10-08T00:31:19.7504834Z             assert fixture["upload_finished"].wait(3)
2026-10-08T00:31:19.7505155Z >           assert fixture["upload_bytes"] == 65536
2026-10-08T00:31:19.7505678Z E           assert 32768 == 65536
2026-10-08T00:31:19.7505850Z 
2026-10-08T00:31:19.7505983Z tests/test_native_copy.py:421: AssertionError
2026-10-08T00:31:19.7506416Z __ test_glance_upload_stops_before_next_chunk_after_credential_change[expiry] __
2026-10-08T00:31:19.7506820Z 
2026-10-08T00:31:19.7507608Z copy_campaign = (NativeBinding(tenant_id='f438bc7a-dc61-49d2-b10d-1f255ecb1f20', site_id='460594f7-a200-4f72-9657-359a79d9023c', proje... {}, 'upload_finished': <threading.Event at 0x7fdafebc09b0: set>, ...}, <test_native.Journal object at 0x7fdafebc1dc0>)
2026-10-08T00:31:19.7508574Z when = 'expiry'
2026-10-08T00:31:19.7508702Z 
2026-10-08T00:31:19.7508937Z     @pytest.mark.parametrize("when", ["before_upload", "during_upload", "expiry"])
2026-10-08T00:31:19.7509448Z     def test_glance_upload_stops_before_next_chunk_after_credential_change(
2026-10-08T00:31:19.7510127Z         copy_campaign: Any, when: str
2026-10-08T00:31:19.7510394Z     ) -> None:
2026-10-08T00:31:19.7510659Z         bound, execution, fixture, _ = copy_campaign
2026-10-08T00:31:19.7511006Z         destination = execution.adapter.destination
2026-10-08T00:31:19.7511342Z         payload = b"synthetic-vmdk-stream" * 8000
2026-10-08T00:31:19.7511654Z         stream = io.BytesIO(payload)
2026-10-08T00:31:19.7511941Z         fixture["allow_partial_upload"] = True
2026-10-08T00:31:19.7512223Z         boundaries = 0
2026-10-08T00:31:19.7512443Z     
2026-10-08T00:31:19.7512651Z         def current() -> None:
2026-10-08T00:31:19.7512908Z             nonlocal boundaries
2026-10-08T00:31:19.7513181Z             boundaries += 1
2026-10-08T00:31:19.7513473Z             if (when == "before_upload" and boundaries == 3) or (
2026-10-08T00:31:19.7513837Z                 when == "during_upload" and stream.tell() > 65536
2026-10-08T00:31:19.7514135Z             ):
2026-10-08T00:31:19.7514482Z                 destination.api.endpoint.token_file.write_text("rotated-during-upload")
2026-10-08T00:31:19.7514935Z             elif when == "expiry" and stream.tell() > 65536:
2026-10-08T00:31:19.7515369Z                 destination.scope.clock = lambda: 4070908800  # Token expiry, 2099-01-01.
2026-10-08T00:31:19.7515747Z     
2026-10-08T00:31:19.7516241Z         with pytest.raises(NativeHeld, match="credential_(changed|expired)"):
2026-10-08T00:31:19.7516637Z             destination.stage(
2026-10-08T00:31:19.7516874Z                 bound,
2026-10-08T00:31:19.7517104Z                 {"image_id": str(uuid4())},
2026-10-08T00:31:19.7517373Z                 stream,
2026-10-08T00:31:19.7517696Z                 {"size": len(payload), "sha256": hashlib.sha256(payload).hexdigest()},
2026-10-08T00:31:19.7518066Z                 current,
2026-10-08T00:31:19.7518281Z             )
2026-10-08T00:31:19.7518493Z         if when != "before_upload":
2026-10-08T00:31:19.7518784Z             assert fixture["upload_finished"].wait(3)
2026-10-08T00:31:19.7519101Z >           assert fixture["upload_bytes"] == 65536
2026-10-08T00:31:19.7519398Z E           assert 32768 == 65536
2026-10-08T00:31:19.7519680Z 
2026-10-08T00:31:19.7519905Z tests/test_native_copy.py:421: AssertionError
2026-10-08T00:31:19.7520279Z =========================== short test summary info ============================
2026-10-08T00:31:19.7520981Z FAILED tests/test_native_copy.py::test_glance_upload_stops_before_next_chunk_after_credential_change[during_upload] - assert 32768 == 65536
2026-10-08T00:31:19.7521881Z FAILED tests/test_native_copy.py::test_glance_upload_stops_before_next_chunk_after_credential_change[expiry] - assert 32768 == 65536
2026-10-08T00:31:19.7522474Z 2 failed, 352 passed in 100.57s (0:01:40)
2026-10-08T00:31:19.7522667Z 
2026-10-08T00:31:19.7522794Z ::81aadc22-9e16-4230-b7a8-2b1765291b41::
2026-10-08T00:31:19.7523078Z 18: PASS workers/lifecycle
2026-10-08T00:31:19.7523228Z 
2026-10-08T00:31:19.7523607Z ::***::
2026-10-08T00:31:19.7523930Z {"result": "FAILED", "g10_status": "HELD", "release_authorized": false}
2026-10-08T00:31:19.7581056Z ##[error]Process completed with exit code 1.
2026-10-08T00:31:19.7682510Z ##[group]Run actions/upload-artifact@ea165f8d65b6e75b540449e92b4886f43607fa02
2026-10-08T00:31:19.7682977Z with:
2026-10-08T00:31:19.7683233Z   name: p10-qualification-37707943504-1
2026-10-08T00:31:19.7683576Z   path: /home/runner/work/_temp/p10-qualification/
2026-10-08T00:31:19.7683903Z   if-no-files-found: error
2026-10-08T00:31:19.7684151Z   retention-days: 90
2026-10-08T00:31:19.7684382Z   compression-level: 6
2026-10-08T00:31:19.7684611Z   overwrite: false
2026-10-08T00:31:19.7684840Z   include-hidden-files: false
2026-10-08T00:31:19.7685092Z env:
2026-10-08T00:31:19.7685355Z   pythonLocation: /opt/hostedtoolcache/Python/3.12.14/x64
2026-10-08T00:31:19.7685792Z   PKG_CONFIG_PATH: /opt/hostedtoolcache/Python/3.12.14/x64/lib/pkgconfig
2026-10-08T00:31:19.7686219Z   Python_ROOT_DIR: /opt/hostedtoolcache/Python/3.12.14/x64
2026-10-08T00:31:19.7686604Z   Python2_ROOT_DIR: /opt/hostedtoolcache/Python/3.12.14/x64
2026-10-08T00:31:19.7687026Z   Python3_ROOT_DIR: /opt/hostedtoolcache/Python/3.12.14/x64
2026-10-08T00:31:19.7687429Z   LD_LIBRARY_PATH: /opt/hostedtoolcache/Python/3.12.14/x64/lib
2026-10-08T00:31:19.7687840Z   UV_PYTHON_INSTALL_DIR: /home/runner/work/_temp/uv-python-dir
2026-10-08T00:31:19.7688167Z ##[endgroup]
2026-10-08T00:31:19.9452336Z (node:5389) [DEP0040] DeprecationWarning: The `punycode` module is deprecated. Please use a userland alternative instead.
2026-10-08T00:31:19.9453087Z (Use `node --trace-deprecation ...` to show where the warning was created)
2026-10-08T00:31:19.9563731Z With the provided path, there will be 30 files uploaded
2026-10-08T00:31:19.9580284Z Artifact name is valid!
2026-10-08T00:31:19.9581086Z Root directory input is valid!
2026-10-08T00:31:20.1925462Z Beginning upload of artifact content to blob storage
2026-10-08T00:31:20.2649218Z (node:5389) [DEP0169] DeprecationWarning: `url.parse()` behavior is not standardized and prone to errors that have security implications. Use the WHATWG URL API instead. CVEs are not issued for `url.parse()` vulnerabilities.
2026-10-08T00:31:20.4295244Z Uploaded bytes 125979
2026-10-08T00:31:20.4642617Z Finished uploading artifact content to blob storage!
2026-10-08T00:31:20.4643635Z SHA256 digest of uploaded artifact zip is 38e008a82cc6da47ad9e5ff8545ce6c5d36cc99fe2655400162f1697547f9a4e
2026-10-08T00:31:20.4644517Z Finalizing artifact upload
2026-10-08T00:31:20.6801254Z Artifact p10-qualification-37707943504-1.zip successfully finalized. Artifact ID 11519669606
2026-10-08T00:31:20.6802614Z Artifact p10-qualification-37707943504-1 has been successfully uploaded! Final size is 125979 bytes. Artifact ID is 11519669606
2026-10-08T00:31:20.6809214Z Artifact download URL: https://github.com/awalker0878/multi-tenant/actions/runs/37707943504/artifacts/11519669606
2026-10-08T00:31:20.7015846Z Post job cleanup.
2026-10-08T00:31:20.7929389Z [command]/usr/bin/git version
2026-10-08T00:31:20.7974703Z git version 2.55.0
2026-10-08T00:31:20.8013601Z Temporarily overriding HOME='/home/runner/work/_temp/d7fdb5aa-3e73-4962-849d-c71e0b1c9bff' before making global git config changes
2026-10-08T00:31:20.8014936Z Adding repository directory to the temporary git global config as a safe directory
2026-10-08T00:31:20.8019333Z [command]/usr/bin/git config --global --add safe.directory /home/runner/work/multi-tenant/multi-tenant
2026-10-08T00:31:20.8065216Z [command]/usr/bin/git config --local --name-only --get-regexp core\.sshCommand
2026-10-08T00:31:20.8104685Z [command]/usr/bin/git submodule foreach --recursive sh -c "git config --local --name-only --get-regexp 'core\.sshCommand' && git config --local --unset-all 'core.sshCommand' || :"
2026-10-08T00:31:20.8394461Z [command]/usr/bin/git config --local --name-only --get-regexp http\.https\:\/\/github\.com\/\.extraheader
2026-10-08T00:31:20.8436848Z [command]/usr/bin/git submodule foreach --recursive sh -c "git config --local --name-only --get-regexp 'http\.https\:\/\/github\.com\/\.extraheader' && git config --local --unset-all 'http.https://github.com/.extraheader' || :"
2026-10-08T00:31:20.8731818Z [command]/usr/bin/git config --local --name-only --get-regexp ^includeIf\.gitdir:
2026-10-08T00:31:20.8772713Z [command]/usr/bin/git submodule foreach --recursive git config --local --show-origin --name-only --get-regexp remote.origin.url
2026-10-08T00:31:20.9200357Z Cleaning up orphan processes
2026-10-08T00:31:20.9531715Z ##[warning]Node.js 20 is deprecated. The following actions target Node.js 20 but are being forced to run on Node.js 24: actions/upload-artifact@ea165f8d65b6e75b540449e92b4886f43607fa02. For more information see: https://github.blog/changelog/2025-09-19-deprecation-of-node-20-on-github-actions-runners/
