2026-10-08T00:24:02.6883024Z Current runner version: '2.337.0'
2026-10-08T00:24:02.6907175Z ##[group]Runner Image Provisioner
2026-10-08T00:24:02.6908070Z Hosted Compute Agent
2026-10-08T00:24:02.6908593Z Version: 20260901.588
2026-10-08T00:24:02.6909146Z Commit: f88ec8081b781fac6c440065ac7ff9e710ce3d0b
2026-10-08T00:24:02.6909844Z Build Date: 2026-09-01T19:56:44Z
2026-10-08T00:24:02.6910506Z Worker ID: {8c998284-4249-4c9e-a4f8-4d829ea13883}
2026-10-08T00:24:02.6911146Z Azure Region: westus3
2026-10-08T00:24:02.6911651Z ##[endgroup]
2026-10-08T00:24:02.6913092Z ##[group]Operating System
2026-10-08T00:24:02.6913692Z Ubuntu
2026-10-08T00:24:02.6914185Z 24.04.5
2026-10-08T00:24:02.6914653Z LTS
2026-10-08T00:24:02.6915121Z ##[endgroup]
2026-10-08T00:24:02.6915606Z ##[group]Runner Image
2026-10-08T00:24:02.6916154Z Image: ubuntu-24.04
2026-10-08T00:24:02.6917010Z Version: 20260927.320.1
2026-10-08T00:24:02.6918504Z Included Software: https://github.com/actions/runner-images/blob/ubuntu24/20260927.320/images/ubuntu/Ubuntu2404-Readme.md
2026-10-08T00:24:02.6919883Z Image Release: https://github.com/actions/runner-images/releases/tag/ubuntu24%2F20260927.320
2026-10-08T00:24:02.6920811Z ##[endgroup]
2026-10-08T00:24:02.6921789Z ##[group]GITHUB_TOKEN Permissions
2026-10-08T00:24:02.6923938Z Contents: read
2026-10-08T00:24:02.6924469Z Metadata: read
2026-10-08T00:24:02.6924989Z ##[endgroup]
2026-10-08T00:24:02.6927235Z Secret source: Actions
2026-10-08T00:24:02.6928134Z Cache mode: write
2026-10-08T00:24:02.6928774Z Prepare workflow directory
2026-10-08T00:24:02.7254589Z Prepare all required actions
2026-10-08T00:24:02.7302367Z Getting action download info
2026-10-08T00:24:03.0743884Z Download action repository 'actions/checkout@fbc6f3992d24b796d5a048ff273f7fcc4a7b6c09' (SHA:fbc6f3992d24b796d5a048ff273f7fcc4a7b6c09)
2026-10-08T00:24:03.1531881Z Download action repository 'actions/setup-python@ece7cb06caefa5fff74198d8649806c4678c61a1' (SHA:ece7cb06caefa5fff74198d8649806c4678c61a1)
2026-10-08T00:24:03.2150644Z Download action repository 'astral-sh/setup-uv@37802adc94f370d6bfd71619e3f0bf239e1f3b78' (SHA:37802adc94f370d6bfd71619e3f0bf239e1f3b78)
2026-10-08T00:24:04.0552398Z Download action repository 'actions/upload-artifact@ea165f8d65b6e75b540449e92b4886f43607fa02' (SHA:ea165f8d65b6e75b540449e92b4886f43607fa02)
2026-10-08T00:24:04.2492952Z Complete job name: qualification
2026-10-08T00:24:04.3340077Z ##[group]Run actions/checkout@fbc6f3992d24b796d5a048ff273f7fcc4a7b6c09
2026-10-08T00:24:04.3341227Z with:
2026-10-08T00:24:04.3341723Z   persist-credentials: false
2026-10-08T00:24:04.3342299Z   repository: awalker0878/multi-tenant
2026-10-08T00:24:04.3346287Z   token: ***
2026-10-08T00:24:04.3347318Z   ssh-strict: true
2026-10-08T00:24:04.3347807Z   ssh-user: git
2026-10-08T00:24:04.3348266Z   clean: true
2026-10-08T00:24:04.3348749Z   sparse-checkout-cone-mode: true
2026-10-08T00:24:04.3349324Z   fetch-depth: 1
2026-10-08T00:24:04.3349792Z   fetch-tags: false
2026-10-08T00:24:04.3350269Z   show-progress: true
2026-10-08T00:24:04.3350766Z   lfs: false
2026-10-08T00:24:04.3351251Z   submodules: false
2026-10-08T00:24:04.3351738Z   set-safe-directory: true
2026-10-08T00:24:04.3352297Z   allow-unsafe-pr-checkout: false
2026-10-08T00:24:04.3353220Z ##[endgroup]
2026-10-08T00:24:04.4389259Z Syncing repository: awalker0878/multi-tenant
2026-10-08T00:24:04.4392741Z ##[group]Getting Git version info
2026-10-08T00:24:04.4394264Z Working directory is '/home/runner/work/multi-tenant/multi-tenant'
2026-10-08T00:24:04.4396741Z [command]/usr/bin/git version
2026-10-08T00:24:04.4397801Z git version 2.55.0
2026-10-08T00:24:04.4414610Z ##[endgroup]
2026-10-08T00:24:04.4448504Z Temporarily overriding HOME='/home/runner/work/_temp/d03f9d3b-9b78-4e69-80c0-2487d37d4d0b' before making global git config changes
2026-10-08T00:24:04.4449980Z Adding repository directory to the temporary git global config as a safe directory
2026-10-08T00:24:04.4451220Z [command]/usr/bin/git config --global --add safe.directory /home/runner/work/multi-tenant/multi-tenant
2026-10-08T00:24:04.4476287Z Deleting the contents of '/home/runner/work/multi-tenant/multi-tenant'
2026-10-08T00:24:04.4480443Z ##[group]Initializing the repository
2026-10-08T00:24:04.4483981Z [command]/usr/bin/git init /home/runner/work/multi-tenant/multi-tenant
2026-10-08T00:24:04.4581508Z hint: Using 'master' as the name for the initial branch. This default branch name
2026-10-08T00:24:04.4583663Z hint: will change to "main" in Git 3.0. To configure the initial branch name
2026-10-08T00:24:04.4585671Z hint: to use in all of your new repositories, which will suppress this warning,
2026-10-08T00:24:04.4587418Z hint: call:
2026-10-08T00:24:04.4588602Z hint:
2026-10-08T00:24:04.4589681Z hint: 	git config --global init.defaultBranch <name>
2026-10-08T00:24:04.4590962Z hint:
2026-10-08T00:24:04.4592216Z hint: Names commonly chosen instead of 'master' are 'main', 'trunk' and
2026-10-08T00:24:04.4594207Z hint: 'development'. The just-created branch can be renamed via this command:
2026-10-08T00:24:04.4595779Z hint:
2026-10-08T00:24:04.4596768Z hint: 	git branch -m <name>
2026-10-08T00:24:04.4597819Z hint:
2026-10-08T00:24:04.4599178Z hint: Disable this message with "git config set advice.defaultBranchName false"
2026-10-08T00:24:04.4606778Z Initialized empty Git repository in /home/runner/work/multi-tenant/multi-tenant/.git/
2026-10-08T00:24:04.4615460Z [command]/usr/bin/git remote add origin https://github.com/awalker0878/multi-tenant
2026-10-08T00:24:04.4660435Z ##[endgroup]
2026-10-08T00:24:04.4661970Z ##[group]Disabling automatic garbage collection
2026-10-08T00:24:04.4664862Z [command]/usr/bin/git config --local gc.auto 0
2026-10-08T00:24:04.4692100Z ##[endgroup]
2026-10-08T00:24:04.4693484Z ##[group]Setting up auth
2026-10-08T00:24:04.4699652Z [command]/usr/bin/git config --local --name-only --get-regexp core\.sshCommand
2026-10-08T00:24:04.4731303Z [command]/usr/bin/git submodule foreach --recursive sh -c "git config --local --name-only --get-regexp 'core\.sshCommand' && git config --local --unset-all 'core.sshCommand' || :"
2026-10-08T00:24:04.5054081Z [command]/usr/bin/git config --local --name-only --get-regexp http\.https\:\/\/github\.com\/\.extraheader
2026-10-08T00:24:04.5093747Z [command]/usr/bin/git submodule foreach --recursive sh -c "git config --local --name-only --get-regexp 'http\.https\:\/\/github\.com\/\.extraheader' && git config --local --unset-all 'http.https://github.com/.extraheader' || :"
2026-10-08T00:24:04.5296887Z [command]/usr/bin/git config --local --name-only --get-regexp ^includeIf\.gitdir:
2026-10-08T00:24:04.5333634Z [command]/usr/bin/git submodule foreach --recursive git config --local --show-origin --name-only --get-regexp remote.origin.url
2026-10-08T00:24:04.5510276Z [command]/usr/bin/git config --local http.https://github.com/.extraheader AUTHORIZATION: basic ***
2026-10-08T00:24:04.5542708Z ##[endgroup]
2026-10-08T00:24:04.5543651Z ##[group]Fetching the repository
2026-10-08T00:24:04.5552691Z [command]/usr/bin/git -c protocol.version=2 fetch --no-tags --prune --no-recurse-submodules --depth=1 origin +799740e9a4bdfd380e78ffb019725c5c716ef052:refs/remotes/origin/greenfield/enterprise-microservices-plan
2026-10-08T00:24:06.5444272Z From https://github.com/awalker0878/multi-tenant
2026-10-08T00:24:06.5448156Z  * [new ref]         799740e9a4bdfd380e78ffb019725c5c716ef052 -> origin/greenfield/enterprise-microservices-plan
2026-10-08T00:24:06.5454906Z ##[endgroup]
2026-10-08T00:24:06.5457464Z ##[group]Determining the checkout info
2026-10-08T00:24:06.5460073Z ##[endgroup]
2026-10-08T00:24:06.5461668Z [command]/usr/bin/git sparse-checkout disable
2026-10-08T00:24:06.5502361Z [command]/usr/bin/git config --local --unset-all extensions.worktreeConfig
2026-10-08T00:24:06.5530900Z ##[group]Checking out the ref
2026-10-08T00:24:06.5537322Z [command]/usr/bin/git checkout --progress --force -B greenfield/enterprise-microservices-plan refs/remotes/origin/greenfield/enterprise-microservices-plan
2026-10-08T00:24:07.0078848Z Switched to a new branch 'greenfield/enterprise-microservices-plan'
2026-10-08T00:24:07.0083618Z branch 'greenfield/enterprise-microservices-plan' set up to track 'origin/greenfield/enterprise-microservices-plan'.
2026-10-08T00:24:07.0101699Z ##[endgroup]
2026-10-08T00:24:07.0142489Z [command]/usr/bin/git log -1 --format=%H
2026-10-08T00:24:07.0164704Z 799740e9a4bdfd380e78ffb019725c5c716ef052
2026-10-08T00:24:07.0173094Z ##[group]Removing auth
2026-10-08T00:24:07.0176680Z [command]/usr/bin/git config --local --name-only --get-regexp core\.sshCommand
2026-10-08T00:24:07.0204327Z [command]/usr/bin/git submodule foreach --recursive sh -c "git config --local --name-only --get-regexp 'core\.sshCommand' && git config --local --unset-all 'core.sshCommand' || :"
2026-10-08T00:24:07.0404583Z [command]/usr/bin/git config --local --name-only --get-regexp http\.https\:\/\/github\.com\/\.extraheader
2026-10-08T00:24:07.0427445Z http.https://github.com/.extraheader
2026-10-08T00:24:07.0433234Z [command]/usr/bin/git config --local --unset-all http.https://github.com/.extraheader
2026-10-08T00:24:07.0460344Z [command]/usr/bin/git submodule foreach --recursive sh -c "git config --local --name-only --get-regexp 'http\.https\:\/\/github\.com\/\.extraheader' && git config --local --unset-all 'http.https://github.com/.extraheader' || :"
2026-10-08T00:24:07.0644167Z [command]/usr/bin/git config --local --name-only --get-regexp ^includeIf\.gitdir:
2026-10-08T00:24:07.0670608Z [command]/usr/bin/git submodule foreach --recursive git config --local --show-origin --name-only --get-regexp remote.origin.url
2026-10-08T00:24:07.0854425Z ##[endgroup]
2026-10-08T00:24:07.1090472Z ##[group]Run actions/setup-python@ece7cb06caefa5fff74198d8649806c4678c61a1
2026-10-08T00:24:07.1090899Z with:
2026-10-08T00:24:07.1091120Z   python-version: 3.12.14
2026-10-08T00:24:07.1091347Z   check-latest: false
2026-10-08T00:24:07.1093615Z   token: ***
2026-10-08T00:24:07.1093872Z   update-environment: true
2026-10-08T00:24:07.1094152Z   allow-prereleases: false
2026-10-08T00:24:07.1094378Z   freethreaded: false
2026-10-08T00:24:07.1094586Z ##[endgroup]
2026-10-08T00:24:07.2375730Z ##[group]Installed versions
2026-10-08T00:24:07.2412249Z Successfully set up CPython (3.12.14)
2026-10-08T00:24:07.2413130Z ##[endgroup]
2026-10-08T00:24:07.2580089Z ##[group]Run astral-sh/setup-uv@37802adc94f370d6bfd71619e3f0bf239e1f3b78
2026-10-08T00:24:07.2580487Z with:
2026-10-08T00:24:07.2580682Z   version: 0.12.19
2026-10-08T00:24:07.2580884Z   enable-cache: false
2026-10-08T00:24:07.2581106Z   activate-environment: false
2026-10-08T00:24:07.2581436Z   working-directory: /home/runner/work/multi-tenant/multi-tenant
2026-10-08T00:24:07.2583945Z   github-token: ***
2026-10-08T00:24:07.2584495Z   cache-dependency-glob: **/*requirements*.txt
**/*requirements*.in
**/*constraints*.txt
**/*constraints*.in
**/pyproject.toml
**/uv.lock
**/*.py.lock

2026-10-08T00:24:07.2585084Z   restore-cache: true
2026-10-08T00:24:07.2585292Z   save-cache: true
2026-10-08T00:24:07.2585503Z   prune-cache: true
2026-10-08T00:24:07.2585707Z   cache-python: false
2026-10-08T00:24:07.2585936Z   ignore-nothing-to-cache: false
2026-10-08T00:24:07.2586211Z   ignore-empty-workdir: false
2026-10-08T00:24:07.2586652Z   add-problem-matchers: true
2026-10-08T00:24:07.2586949Z   resolution-strategy: highest
2026-10-08T00:24:07.2587186Z env:
2026-10-08T00:24:07.2587437Z   pythonLocation: /opt/hostedtoolcache/Python/3.12.14/x64
2026-10-08T00:24:07.2587859Z   PKG_CONFIG_PATH: /opt/hostedtoolcache/Python/3.12.14/x64/lib/pkgconfig
2026-10-08T00:24:07.2588258Z   Python_ROOT_DIR: /opt/hostedtoolcache/Python/3.12.14/x64
2026-10-08T00:24:07.2588623Z   Python2_ROOT_DIR: /opt/hostedtoolcache/Python/3.12.14/x64
2026-10-08T00:24:07.2588996Z   Python3_ROOT_DIR: /opt/hostedtoolcache/Python/3.12.14/x64
2026-10-08T00:24:07.2589371Z   LD_LIBRARY_PATH: /opt/hostedtoolcache/Python/3.12.14/x64/lib
2026-10-08T00:24:07.2589680Z ##[endgroup]
2026-10-08T00:24:07.4403206Z Fetching version data from https://raw.githubusercontent.com/astral-sh/versions/main/v1/uv.ndjson ...
2026-10-08T00:24:07.5346615Z Downloading uv from "https://releases.astral.sh/github/uv/releases/download/0.12.19/uv-x86_64-unknown-linux-gnu.tar.gz" ...
2026-10-08T00:24:07.7567429Z [command]/usr/bin/tar xz --warning=no-unknown-keyword --overwrite -C /home/runner/work/_temp/cb20bc02-abc2-4582-8bdb-a5220f7f3ab5 -f /home/runner/work/_temp/4a81c513-4ab1-428b-a171-0f2897655d48
2026-10-08T00:24:08.1226963Z Added /home/runner/.local/bin to the path
2026-10-08T00:24:08.1229633Z Added /opt/hostedtoolcache/uv/0.12.19/x86_64 to the path
2026-10-08T00:24:08.1230804Z Set UV_PYTHON_INSTALL_DIR to /home/runner/work/_temp/uv-python-dir
2026-10-08T00:24:08.1231446Z Added /home/runner/work/_temp/uv-python-dir to the path
2026-10-08T00:24:08.1240564Z Successfully installed uv version 0.12.19
2026-10-08T00:24:08.2767057Z ##[group]Run python -m pip install --requirement requirements-docs.txt
2026-10-08T00:24:08.2767695Z [36;1mpython -m pip install --requirement requirements-docs.txt[0m
2026-10-08T00:24:08.2942659Z shell: /usr/bin/bash -e {0}
2026-10-08T00:24:08.2942929Z env:
2026-10-08T00:24:08.2943203Z   pythonLocation: /opt/hostedtoolcache/Python/3.12.14/x64
2026-10-08T00:24:08.2943649Z   PKG_CONFIG_PATH: /opt/hostedtoolcache/Python/3.12.14/x64/lib/pkgconfig
2026-10-08T00:24:08.2944052Z   Python_ROOT_DIR: /opt/hostedtoolcache/Python/3.12.14/x64
2026-10-08T00:24:08.2944407Z   Python2_ROOT_DIR: /opt/hostedtoolcache/Python/3.12.14/x64
2026-10-08T00:24:08.2944767Z   Python3_ROOT_DIR: /opt/hostedtoolcache/Python/3.12.14/x64
2026-10-08T00:24:08.2945134Z   LD_LIBRARY_PATH: /opt/hostedtoolcache/Python/3.12.14/x64/lib
2026-10-08T00:24:08.2945519Z   UV_PYTHON_INSTALL_DIR: /home/runner/work/_temp/uv-python-dir
2026-10-08T00:24:08.2945901Z ##[endgroup]
2026-10-08T00:24:09.0648006Z Collecting PyYAML==6.0.3 (from -r requirements-docs.txt (line 1))
2026-10-08T00:24:09.1214180Z   Downloading pyyaml-6.0.3-cp312-cp312-manylinux2014_x86_64.manylinux_2_17_x86_64.manylinux_2_28_x86_64.whl.metadata (2.4 kB)
2026-10-08T00:24:09.1293928Z Downloading pyyaml-6.0.3-cp312-cp312-manylinux2014_x86_64.manylinux_2_17_x86_64.manylinux_2_28_x86_64.whl (807 kB)
2026-10-08T00:24:09.1626303Z    ━━━━━━━━━━━━━━━━━━━━━━━━━━━━━━━━━━━━━━━━ 807.9/807.9 kB 70.9 MB/s  0:00:00
2026-10-08T00:24:09.1976916Z Installing collected packages: PyYAML
2026-10-08T00:24:09.2491816Z Successfully installed PyYAML-6.0.3
2026-10-08T00:24:09.2952080Z ##[group]Run python scripts/p10/qualify.py --output "$RUNNER_TEMP/p10-qualification"
2026-10-08T00:24:09.2952652Z [36;1mpython scripts/p10/qualify.py --output "$RUNNER_TEMP/p10-qualification"[0m
2026-10-08T00:24:09.2989223Z shell: /usr/bin/bash -e {0}
2026-10-08T00:24:09.2989479Z env:
2026-10-08T00:24:09.2989733Z   pythonLocation: /opt/hostedtoolcache/Python/3.12.14/x64
2026-10-08T00:24:09.2990137Z   PKG_CONFIG_PATH: /opt/hostedtoolcache/Python/3.12.14/x64/lib/pkgconfig
2026-10-08T00:24:09.2990533Z   Python_ROOT_DIR: /opt/hostedtoolcache/Python/3.12.14/x64
2026-10-08T00:24:09.2990886Z   Python2_ROOT_DIR: /opt/hostedtoolcache/Python/3.12.14/x64
2026-10-08T00:24:09.2991235Z   Python3_ROOT_DIR: /opt/hostedtoolcache/Python/3.12.14/x64
2026-10-08T00:24:09.2991610Z   LD_LIBRARY_PATH: /opt/hostedtoolcache/Python/3.12.14/x64/lib
2026-10-08T00:24:09.2991976Z   UV_PYTHON_INSTALL_DIR: /home/runner/work/_temp/uv-python-dir
2026-10-08T00:24:09.2992343Z   P05_POSTGRES_BIN: /usr/lib/postgresql/16/bin
2026-10-08T00:24:09.2992607Z ##[endgroup]
2026-10-08T00:24:10.7272301Z 00: PASS /opt/hostedtoolcache/Python/3.12.14/x64/bin/python .
2026-10-08T00:26:47.1134995Z 01: FAIL /opt/hostedtoolcache/Python/3.12.14/x64/bin/python .
2026-10-08T00:26:47.1171238Z {"result": "FAILED", "g10_status": "HELD", "release_authorized": false}
2026-10-08T00:26:47.1243211Z ##[error]Process completed with exit code 1.
2026-10-08T00:26:47.1411628Z ##[group]Run actions/upload-artifact@ea165f8d65b6e75b540449e92b4886f43607fa02
2026-10-08T00:26:47.1412324Z with:
2026-10-08T00:26:47.1412660Z   name: p10-qualification-37707558312-1
2026-10-08T00:26:47.1413185Z   path: /home/runner/work/_temp/p10-qualification/
2026-10-08T00:26:47.1413722Z   if-no-files-found: error
2026-10-08T00:26:47.1414319Z   retention-days: 90
2026-10-08T00:26:47.1414675Z   compression-level: 6
2026-10-08T00:26:47.1415034Z   overwrite: false
2026-10-08T00:26:47.1415380Z   include-hidden-files: false
2026-10-08T00:26:47.1415778Z env:
2026-10-08T00:26:47.1416206Z   pythonLocation: /opt/hostedtoolcache/Python/3.12.14/x64
2026-10-08T00:26:47.1417165Z   PKG_CONFIG_PATH: /opt/hostedtoolcache/Python/3.12.14/x64/lib/pkgconfig
2026-10-08T00:26:47.1417912Z   Python_ROOT_DIR: /opt/hostedtoolcache/Python/3.12.14/x64
2026-10-08T00:26:47.1418580Z   Python2_ROOT_DIR: /opt/hostedtoolcache/Python/3.12.14/x64
2026-10-08T00:26:47.1419270Z   Python3_ROOT_DIR: /opt/hostedtoolcache/Python/3.12.14/x64
2026-10-08T00:26:47.1419950Z   LD_LIBRARY_PATH: /opt/hostedtoolcache/Python/3.12.14/x64/lib
2026-10-08T00:26:47.1420620Z   UV_PYTHON_INSTALL_DIR: /home/runner/work/_temp/uv-python-dir
2026-10-08T00:26:47.1421077Z ##[endgroup]
2026-10-08T00:26:47.3061105Z (node:5321) [DEP0040] DeprecationWarning: The `punycode` module is deprecated. Please use a userland alternative instead.
2026-10-08T00:26:47.3062315Z (Use `node --trace-deprecation ...` to show where the warning was created)
2026-10-08T00:26:47.3175823Z With the provided path, there will be 30 files uploaded
2026-10-08T00:26:47.3182066Z Artifact name is valid!
2026-10-08T00:26:47.3182536Z Root directory input is valid!
2026-10-08T00:26:47.6615651Z Beginning upload of artifact content to blob storage
2026-10-08T00:26:47.7192560Z (node:5321) [DEP0169] DeprecationWarning: `url.parse()` behavior is not standardized and prone to errors that have security implications. Use the WHATWG URL API instead. CVEs are not issued for `url.parse()` vulnerabilities.
2026-10-08T00:26:48.0625274Z Uploaded bytes 124559
2026-10-08T00:26:48.1213072Z Finished uploading artifact content to blob storage!
2026-10-08T00:26:48.1214260Z SHA256 digest of uploaded artifact zip is 192354b24ecc48dd2c4f52ecd586c7d86a88901ebabae52151bd001f3f44f60c
2026-10-08T00:26:48.1216111Z Finalizing artifact upload
2026-10-08T00:26:48.3814517Z Artifact p10-qualification-37707558312-1.zip successfully finalized. Artifact ID 11520750843
2026-10-08T00:26:48.3815691Z Artifact p10-qualification-37707558312-1 has been successfully uploaded! Final size is 124559 bytes. Artifact ID is 11520750843
2026-10-08T00:26:48.3822989Z Artifact download URL: https://github.com/awalker0878/multi-tenant/actions/runs/37707558312/artifacts/11520750843
2026-10-08T00:26:48.4011970Z Post job cleanup.
2026-10-08T00:26:48.4881810Z [command]/usr/bin/git version
2026-10-08T00:26:48.4925631Z git version 2.55.0
2026-10-08T00:26:48.4970123Z Temporarily overriding HOME='/home/runner/work/_temp/d05bbee9-12e2-4da1-910c-b7565315f48d' before making global git config changes
2026-10-08T00:26:48.4970979Z Adding repository directory to the temporary git global config as a safe directory
2026-10-08T00:26:48.4977521Z [command]/usr/bin/git config --global --add safe.directory /home/runner/work/multi-tenant/multi-tenant
2026-10-08T00:26:48.5014758Z [command]/usr/bin/git config --local --name-only --get-regexp core\.sshCommand
2026-10-08T00:26:48.5046959Z [command]/usr/bin/git submodule foreach --recursive sh -c "git config --local --name-only --get-regexp 'core\.sshCommand' && git config --local --unset-all 'core.sshCommand' || :"
2026-10-08T00:26:48.5270070Z [command]/usr/bin/git config --local --name-only --get-regexp http\.https\:\/\/github\.com\/\.extraheader
2026-10-08T00:26:48.5302458Z [command]/usr/bin/git submodule foreach --recursive sh -c "git config --local --name-only --get-regexp 'http\.https\:\/\/github\.com\/\.extraheader' && git config --local --unset-all 'http.https://github.com/.extraheader' || :"
2026-10-08T00:26:48.5541928Z [command]/usr/bin/git config --local --name-only --get-regexp ^includeIf\.gitdir:
2026-10-08T00:26:48.5573425Z [command]/usr/bin/git submodule foreach --recursive git config --local --show-origin --name-only --get-regexp remote.origin.url
2026-10-08T00:26:48.5965255Z Cleaning up orphan processes
2026-10-08T00:26:48.6202727Z ##[warning]Node.js 20 is deprecated. The following actions target Node.js 20 but are being forced to run on Node.js 24: actions/upload-artifact@ea165f8d65b6e75b540449e92b4886f43607fa02. For more information see: https://github.blog/changelog/2025-09-19-deprecation-of-node-20-on-github-actions-runners/
