[
    {
        "Id": "sha256:96459d3fecbdf94d369275fab8444900823cb11c8cd7bf001ab9b1dfe664e9ce",
        "RepoTags": [
            "p01-inventory:c28c87e6c6804450fea9f6d6817a818eed37fc03"
        ],
        "RepoDigests": [],
        "Parent": "",
        "Comment": "buildkit.dockerfile.v0",
        "Created": "2026-10-04T23:44:39.572066714Z",
        "DockerVersion": "",
        "Author": "",
        "Config": {
            "Hostname": "",
            "Domainname": "",
            "User": "10001:10001",
            "AttachStdin": false,
            "AttachStdout": false,
            "AttachStderr": false,
            "Tty": false,
            "OpenStdin": false,
            "StdinOnce": false,
            "Env": [
                "PATH=/opt/venv/bin:/usr/local/bin:/usr/local/sbin:/usr/local/bin:/usr/sbin:/usr/bin:/sbin:/bin",
                "LANG=C.UTF-8",
                "GPG_KEY=7169605F62C751356D054A26A821E680E5FA6305",
                "PYTHON_VERSION=3.12.14",
                "PYTHON_SHA256=5c8462af5790baf43a321a1559dbe0db06d1be4300fb85fb53c40060668e548a",
                "PYTHONDONTWRITEBYTECODE=1",
                "PYTHONUNBUFFERED=1"
            ],
            "Cmd": [
                "liveness"
            ],
            "Healthcheck": {
                "Test": [
                    "NONE"
                ]
            },
            "ArgsEscaped": true,
            "Image": "",
            "Volumes": null,
            "WorkingDir": "/app",
            "Entrypoint": [
                "/opt/venv/bin/inventory-health"
            ],
            "OnBuild": null,
            "Labels": {
                "io.product.component": "inventory",
                "org.opencontainers.image.revision": "c28c87e6c6804450fea9f6d6817a818eed37fc03",
                "org.opencontainers.image.source": "https://github.com/awalker0878/multi-tenant",
                "org.opencontainers.image.title": "product-inventory bootstrap"
            }
        },
        "Architecture": "amd64",
        "Os": "linux",
        "Size": 146074339,
        "GraphDriver": {
            "Data": {
                "LowerDir": "/var/lib/docker/overlay2/nhtaf3wq257k6z4wnevn8z6vu/diff:/var/lib/docker/overlay2/eca72c57d396c5d54d986265e22eb7a586f1f0bfa93a46dc6b8a484a4d6075f9/diff:/var/lib/docker/overlay2/778d9ee37a7104dab9aad4a0c15650104a027f134464272b7dfda9bf01d60207/diff:/var/lib/docker/overlay2/ea5e938f6e89f20a4516d12f529d8103dce0222960f42783d919d0248e509975/diff:/var/lib/docker/overlay2/643ec2a2f95fd726c84f819021c1d89cf356ca38ac27ed73d6df53872ad82ba1/diff",
                "MergedDir": "/var/lib/docker/overlay2/ncyfmuidmr8abzzlrhic29tex/merged",
                "UpperDir": "/var/lib/docker/overlay2/ncyfmuidmr8abzzlrhic29tex/diff",
                "WorkDir": "/var/lib/docker/overlay2/ncyfmuidmr8abzzlrhic29tex/work"
            },
            "Name": "overlay2"
        },
        "RootFS": {
            "Type": "layers",
            "Layers": [
                "sha256:34467cc93912af891dfee8a3902adf9b4f355a9bca4eaa46f658d1181a21de0d",
                "sha256:16df0073c13c96653ee2b601b16e514321513eb4af983de156c2d4e17df8a5d9",
                "sha256:9639007baab8a136bc468bd5d757fdf79cf5d77b6ff2a87889071252e334fab3",
                "sha256:abca6d63c9dbe51fa3bc42e75e0387da12803ef64430ad151814e468d5e1c203",
                "sha256:83bf0392cc09584037ff6ba4bff61dcd6736ceca02c6e478569f220ce1b7bacc",
                "sha256:7d6100848ed8bb4ff0592dfd49e84613e529a0207dfa19a9d8fc49a32a93a1a4"
            ]
        },
        "Metadata": {
            "LastTagTime": "2026-10-04T23:44:40.134211548Z"
        }
    }
]
