 Network p01-stateful-d4a43487f1ea_database  Creating
 Network p01-stateful-d4a43487f1ea_database  Created
 Network p01-stateful-d4a43487f1ea_broker  Creating
 Network p01-stateful-d4a43487f1ea_broker  Created
 Volume "p01-stateful-d4a43487f1ea_broker"  Creating
 Volume "p01-stateful-d4a43487f1ea_broker"  Created
 Volume "p01-stateful-d4a43487f1ea_database"  Creating
 Volume "p01-stateful-d4a43487f1ea_database"  Created
 Container p01-stateful-d4a43487f1ea-postgres-1  Creating
 Container p01-stateful-d4a43487f1ea-rabbit-1  Creating
 Container p01-stateful-d4a43487f1ea-postgres-1  Created
 Container p01-stateful-d4a43487f1ea-rabbit-1  Created
 Container p01-stateful-d4a43487f1ea-postgres-1  Starting
 Container p01-stateful-d4a43487f1ea-rabbit-1  Starting
 Container p01-stateful-d4a43487f1ea-rabbit-1  Started
 Container p01-stateful-d4a43487f1ea-postgres-1  Started
 Container p01-stateful-d4a43487f1ea-postgres-1  Waiting
 Container p01-stateful-d4a43487f1ea-rabbit-1  Waiting
 Container p01-stateful-d4a43487f1ea-postgres-1  Healthy
 Container p01-stateful-d4a43487f1ea-rabbit-1  Healthy
