 Network p01-stateful-d4a43487f1ea_workflow  Creating
 Network p01-stateful-d4a43487f1ea_workflow  Created
 Network p01-stateful-d4a43487f1ea_evidence-restore  Creating
 Network p01-stateful-d4a43487f1ea_evidence-restore  Created
 Network p01-stateful-d4a43487f1ea_evidence  Creating
 Network p01-stateful-d4a43487f1ea_evidence  Created
 Volume "p01-stateful-d4a43487f1ea_evidence"  Creating
 Volume "p01-stateful-d4a43487f1ea_evidence"  Created
 Volume "p01-stateful-d4a43487f1ea_evidence-restore"  Creating
 Volume "p01-stateful-d4a43487f1ea_evidence-restore"  Created
 Container p01-stateful-d4a43487f1ea-temporal-1  Creating
 Container p01-stateful-d4a43487f1ea-evidence-restore-1  Creating
 Container p01-stateful-d4a43487f1ea-evidence-1  Creating
 Container p01-stateful-d4a43487f1ea-evidence-1  Created
 Container p01-stateful-d4a43487f1ea-evidence-restore-1  Created
 Container p01-stateful-d4a43487f1ea-temporal-1  Created
 Container p01-stateful-d4a43487f1ea-evidence-1  Starting
 Container p01-stateful-d4a43487f1ea-temporal-1  Starting
 Container p01-stateful-d4a43487f1ea-evidence-restore-1  Starting
 Container p01-stateful-d4a43487f1ea-temporal-1  Started
 Container p01-stateful-d4a43487f1ea-evidence-restore-1  Started
 Container p01-stateful-d4a43487f1ea-evidence-1  Started
