 Container p01-stateful-d4a43487f1ea-evidence-1  Stopping
 Container p01-stateful-d4a43487f1ea-temporal-1  Stopping
 Container p01-stateful-d4a43487f1ea-evidence-restore-1  Stopping
 Container p01-stateful-d4a43487f1ea-postgres-1  Stopping
 Container p01-stateful-d4a43487f1ea-rabbit-1  Stopping
 Container p01-stateful-d4a43487f1ea-evidence-restore-1  Stopped
 Container p01-stateful-d4a43487f1ea-evidence-restore-1  Removing
 Container p01-stateful-d4a43487f1ea-evidence-restore-1  Removed
 Container p01-stateful-d4a43487f1ea-evidence-1  Stopped
 Container p01-stateful-d4a43487f1ea-evidence-1  Removing
 Container p01-stateful-d4a43487f1ea-postgres-1  Stopped
 Container p01-stateful-d4a43487f1ea-postgres-1  Removing
 Container p01-stateful-d4a43487f1ea-evidence-1  Removed
 Container p01-stateful-d4a43487f1ea-postgres-1  Removed
 Container p01-stateful-d4a43487f1ea-rabbit-1  Stopped
 Container p01-stateful-d4a43487f1ea-rabbit-1  Removing
 Container p01-stateful-d4a43487f1ea-rabbit-1  Removed
 Container p01-stateful-d4a43487f1ea-temporal-1  Stopped
 Container p01-stateful-d4a43487f1ea-temporal-1  Removing
 Container p01-stateful-d4a43487f1ea-temporal-1  Removed
 Network p01-stateful-d4a43487f1ea_database  Removing
 Volume p01-stateful-d4a43487f1ea_evidence-restore  Removing
 Volume p01-stateful-d4a43487f1ea_database  Removing
 Volume p01-stateful-d4a43487f1ea_evidence  Removing
 Volume p01-stateful-d4a43487f1ea_broker  Removing
 Network p01-stateful-d4a43487f1ea_evidence  Removing
 Network p01-stateful-d4a43487f1ea_evidence-restore  Removing
 Network p01-stateful-d4a43487f1ea_broker  Removing
 Network p01-stateful-d4a43487f1ea_workflow  Removing
 Network p01-stateful-d4a43487f1ea_workflow  Removed
 Network p01-stateful-d4a43487f1ea_database  Removed
 Network p01-stateful-d4a43487f1ea_evidence  Removed
 Network p01-stateful-d4a43487f1ea_broker  Removed
 Network p01-stateful-d4a43487f1ea_evidence-restore  Removed
 Volume p01-stateful-d4a43487f1ea_database  Removed
 Volume p01-stateful-d4a43487f1ea_evidence  Removed
 Volume p01-stateful-d4a43487f1ea_evidence-restore  Removed
 Volume p01-stateful-d4a43487f1ea_broker  Removed
