[
    {
        "Id": "sha256:4b4106ac253716787900100c6154f60c7b03c0e2573fea4c1218bfe9ea5da6ec",
        "RepoTags": [
            "p01-lifecycle:4142571874a53b351a9c6023313185fe718d0dac"
        ],
        "RepoDigests": [],
        "Parent": "",
        "Comment": "buildkit.dockerfile.v0",
        "Created": "2026-10-04T22:13:54.647268657Z",
        "DockerVersion": "",
        "Author": "",
        "Config": {
            "Hostname": "",
            "Domainname": "",
            "User": "10001:10001",
            "AttachStdin": false,
            "AttachStdout": false,
            "AttachStderr": false,
            "Tty": false,
            "OpenStdin": false,
            "StdinOnce": false,
            "Env": [
                "PATH=/opt/venv/bin:/usr/local/bin:/usr/local/sbin:/usr/local/bin:/usr/sbin:/usr/bin:/sbin:/bin",
                "LANG=C.UTF-8",
                "GPG_KEY=7169605F62C751356D054A26A821E680E5FA6305",
                "PYTHON_VERSION=3.12.14",
                "PYTHON_SHA256=5c8462af5790baf43a321a1559dbe0db06d1be4300fb85fb53c40060668e548a",
                "PYTHONDONTWRITEBYTECODE=1",
                "PYTHONUNBUFFERED=1"
            ],
            "Cmd": [
                "liveness"
            ],
            "Healthcheck": {
                "Test": [
                    "NONE"
                ]
            },
            "ArgsEscaped": true,
            "Image": "",
            "Volumes": null,
            "WorkingDir": "/app",
            "Entrypoint": [
                "/opt/venv/bin/lifecycle-health"
            ],
            "OnBuild": null,
            "Labels": {
                "org.opencontainers.image.revision": "4142571874a53b351a9c6023313185fe718d0dac",
                "org.opencontainers.image.source": "https://github.com/awalker0878/multi-tenant",
                "org.opencontainers.image.title": "product-lifecycle bootstrap"
            }
        },
        "Architecture": "amd64",
        "Os": "linux",
        "Size": 124376463,
        "GraphDriver": {
            "Data": {
                "LowerDir": "/var/lib/docker/overlay2/r6qhw982p9afvln3mgzx3aaxl/diff:/var/lib/docker/overlay2/538652de2ab5f638234a797c6f86e75b140c901c6c6097e1d0cbd3e8728fe1dd/diff:/var/lib/docker/overlay2/ad1c6e7080347d3bd5f33faefdc12f9bce3d8b2ec4ee3c3a66c05c829d0bdc17/diff:/var/lib/docker/overlay2/2bc6a1deefd5a595042d3e389e1ca4f2128caaf8a9e1250081ec3fe417256276/diff:/var/lib/docker/overlay2/e962069f71792a136368863af2d7d9fed6dc93051848772cb18952df73fded54/diff",
                "MergedDir": "/var/lib/docker/overlay2/i3ufjsq7v40uowci2fjuhlnlq/merged",
                "UpperDir": "/var/lib/docker/overlay2/i3ufjsq7v40uowci2fjuhlnlq/diff",
                "WorkDir": "/var/lib/docker/overlay2/i3ufjsq7v40uowci2fjuhlnlq/work"
            },
            "Name": "overlay2"
        },
        "RootFS": {
            "Type": "layers",
            "Layers": [
                "sha256:34467cc93912af891dfee8a3902adf9b4f355a9bca4eaa46f658d1181a21de0d",
                "sha256:16df0073c13c96653ee2b601b16e514321513eb4af983de156c2d4e17df8a5d9",
                "sha256:9639007baab8a136bc468bd5d757fdf79cf5d77b6ff2a87889071252e334fab3",
                "sha256:abca6d63c9dbe51fa3bc42e75e0387da12803ef64430ad151814e468d5e1c203",
                "sha256:cb595a5ec93814411c547d70f9f3ef820fe1a1e802fc4545c46a415f5e09782e",
                "sha256:ee7a3e768ef058e4ebf38dffa72fccf9c1193c1b4bf9bed99e4b1fe365259389"
            ]
        },
        "Metadata": {
            "LastTagTime": "2026-10-04T22:13:55.00832228Z"
        }
    }
]
