[
    {
        "Id": "sha256:b679e26e8c1b549359389efb0be13b02d8b4e9bc51483360f0eff0193b2450cb",
        "RepoTags": [
            "p01-console:c14ddbdb5c6deb71b59737948b512b8398af694e"
        ],
        "RepoDigests": [],
        "Parent": "",
        "Comment": "buildkit.dockerfile.v0",
        "Created": "2026-10-05T03:27:35.444227847Z",
        "DockerVersion": "",
        "Author": "",
        "Config": {
            "Hostname": "",
            "Domainname": "",
            "User": "10001:10001",
            "AttachStdin": false,
            "AttachStdout": false,
            "AttachStderr": false,
            "ExposedPorts": {
                "9000/tcp": {}
            },
            "Tty": false,
            "OpenStdin": false,
            "StdinOnce": false,
            "Env": [
                "PATH=/usr/local/sbin:/usr/local/bin:/usr/sbin:/usr/bin:/sbin:/bin",
                "PHPIZE_DEPS=autoconf \t\tdpkg-dev \t\tfile \t\tg++ \t\tgcc \t\tlibc-dev \t\tmake \t\tpkg-config \t\tre2c",
                "PHP_INI_DIR=/usr/local/etc/php",
                "PHP_CFLAGS=-fstack-protector-strong -fpic -fpie -O2 -D_LARGEFILE_SOURCE -D_FILE_OFFSET_BITS=64",
                "PHP_CPPFLAGS=-fstack-protector-strong -fpic -fpie -O2 -D_LARGEFILE_SOURCE -D_FILE_OFFSET_BITS=64",
                "PHP_LDFLAGS=-Wl,-O1 -pie",
                "GPG_KEYS=1198C0117593497A5EC5C199286AF1F9897469DC 49D9AF6BC72A80D6691719C8AA23F5BE9C7097D4 D95C03BC702BE9515344AE3374E44BC9067701A5",
                "PHP_VERSION=8.5.11",
                "PHP_URL=https://www.php.net/distributions/php-8.5.11.tar.xz",
                "PHP_ASC_URL=https://www.php.net/distributions/php-8.5.11.tar.xz.asc",
                "PHP_SHA256=d9be75c08e8c316f4c8f4194d8fbe1750a15f6a6d9d4e3fe72082abeeb800360",
                "APP_ENV=production",
                "APP_DEBUG=false"
            ],
            "Cmd": [
                "php-fpm",
                "-F"
            ],
            "ArgsEscaped": true,
            "Image": "",
            "Volumes": null,
            "WorkingDir": "/app",
            "Entrypoint": [
                "/usr/local/bin/service-entrypoint"
            ],
            "OnBuild": null,
            "Labels": {
                "io.product.component": "console",
                "org.opencontainers.image.revision": "c14ddbdb5c6deb71b59737948b512b8398af694e"
            },
            "StopSignal": "SIGQUIT"
        },
        "Architecture": "amd64",
        "Os": "linux",
        "Size": 552651838,
        "GraphDriver": {
            "Data": {
                "LowerDir": "/var/lib/docker/overlay2/f9kiydqsmp9uss5ymvcmzijcs/diff:/var/lib/docker/overlay2/492aw8iqfscpjc4w5txxhwxb8/diff:/var/lib/docker/overlay2/xjfox7392l90nvvo3pbp8lt9v/diff:/var/lib/docker/overlay2/vjgk258iv5wo810ehplslnrzz/diff:/var/lib/docker/overlay2/hhc85v2kuynahdzt9xjnggi7u/diff:/var/lib/docker/overlay2/a0zqaf58weq14usp2tdemopna/diff:/var/lib/docker/overlay2/iaf490b2hakr2cchq9vth14xm/diff:/var/lib/docker/overlay2/jworrzyyadkfe4v81a7gsdtq4/diff:/var/lib/docker/overlay2/juf981wzl85o98xl4rrrvlde8/diff:/var/lib/docker/overlay2/yn3599mozvywwt2emy5fkgxlh/diff:/var/lib/docker/overlay2/bmmz30rrggu3639ef4hdse00o/diff:/var/lib/docker/overlay2/p1130yx0z9oy01s64fkcsbyr5/diff:/var/lib/docker/overlay2/i5r75l7vbnui2t59hcvsnztcd/diff:/var/lib/docker/overlay2/efd907792b7a2ee184365d1339c33fda1a5c4dc458d70b5134f01eda545ff9bb/diff:/var/lib/docker/overlay2/217ae6eab37ca4f2cb27f57ea1e66b6c262d7d4352533648bc80a91b53dc34cf/diff:/var/lib/docker/overlay2/1fc1df9a21c83828d37d15b98c3628a1daebe9014201e9a55ac063d36a51e756/diff:/var/lib/docker/overlay2/f71333866070b6946afa9deaee1f62b51fe8eadd791580ce3def26a917cbe742/diff:/var/lib/docker/overlay2/c726b2a756552d67f028542e1e23408c20c0d6d7d91e7bdb86492abc7ecb8661/diff:/var/lib/docker/overlay2/e1dddd8f2b5e59193ecdbc55d2f68521ad85e2958b093c4c10778a2487c447a3/diff:/var/lib/docker/overlay2/f0376945c020e7ff51c2d286fc3c249d389de1e118f7b9264a22815929e00490/diff:/var/lib/docker/overlay2/e11f95b190af22160172dd4c33190386a3b3f7ca72cdd80ca7d2ef51c3a76aa6/diff:/var/lib/docker/overlay2/9ccc04e01c7536b1884a161f8e338d5433a1331632c585942f7f2b8c0e1215c5/diff:/var/lib/docker/overlay2/dbb4b7572cf07f0514b022dc2155100354e8d57a2c0fdf7221b12425076af498/diff:/var/lib/docker/overlay2/828cde8343a27efb233505246ac13939f52837cc9c149b3167e508d48db6ea36/diff",
                "MergedDir": "/var/lib/docker/overlay2/iqpfc2haiq6cfzownwpz9c2xf/merged",
                "UpperDir": "/var/lib/docker/overlay2/iqpfc2haiq6cfzownwpz9c2xf/diff",
                "WorkDir": "/var/lib/docker/overlay2/iqpfc2haiq6cfzownwpz9c2xf/work"
            },
            "Name": "overlay2"
        },
        "RootFS": {
            "Type": "layers",
            "Layers": [
                "sha256:34467cc93912af891dfee8a3902adf9b4f355a9bca4eaa46f658d1181a21de0d",
                "sha256:81274738dbf57317e5435144826219706147834290d012a351d5fc593b5adae2",
                "sha256:0504f653b699e414def5b49113f24c6e542a7846c5df9a799b27c809313dbb4d",
                "sha256:da1395a377a2acc8422d3bc4b7d862885a3a97a3421e3fed1adf62d061ff4f63",
                "sha256:27ac94f3ce3452f11b8a4e05cd00328bc38ad35848dfa0caa7ac7377e2b4c48c",
                "sha256:75906afbd8260b795e6e9b04941130b4bc0f4c137e76562f13753c62972bc5ef",
                "sha256:92e695b6cfd2d361a0864f12771aeb461c040dcd3ac66a0c704bf6e02cd2fc54",
                "sha256:ba5cfed66dabaf73234dbd89396a9011991392d027832714d3bbe68640c82d79",
                "sha256:c5687dee67cf6207590530c6c1c1bf4f1484aa1aeb2a44ff0e0ab0ebb7936ed7",
                "sha256:5f70bf18a086007016e948b04aed3b82103a36bea41755b6cddfaf10ace3c6ef",
                "sha256:a3d8babd0c9ce6e5640c2d87ef48eb3b4adf3e152f63414c1ef6ec0cc9ae911d",
                "sha256:3c784c2c128c4167c6fa77f36c33fcb196fd8ddeb629e06aaa06be586a26d2fc",
                "sha256:2d537110bbd300c60bf6d9152cd529278d3553284fa3f02b5be0dc21a5f898f0",
                "sha256:1ef8d1fa643ae17d25cee2afd11872a2f75a906a91e247595fcc1db53ee7b5b0",
                "sha256:9c78cf6552b25f299595e30297fb8d76bf8674fe34bf9a8ab3c8a824957d718f",
                "sha256:995aa0b3232c6defdd252892429699e437dd212a6a49e696420ba817a27a906b",
                "sha256:a365406672d9d92ce61bea0561e737f2bbc537d9afe9aca31f2e977bb7f82c90",
                "sha256:e709d33131bc26c826f1dd6dcae5ff92e2afa224c8663e33187352aa4f487d6c",
                "sha256:672feac8ce655ab0de1a0bfe4a609c113ef527800c627177cdd07eeda0e976df",
                "sha256:fe5e04cd6fb831e090bcf55cd7e7f356f868c53584750336baa3a45401c9ffc7",
                "sha256:db805ee4f395caefd1466871d7f941ae8b21ab746affda7089ee6e3e2a7299b7",
                "sha256:25d312c58d6b5f160a11057a9c9819ef9167235409e7c4455f645bc79b833d43",
                "sha256:d69ba25e3b66bdb524f2919f0b65f5442312caae984a22f3aca9c1798db6f6ef",
                "sha256:df96bc26c7036ca82b81e5feeccd154fcb9b028f71ba7c1debd97be5e7c8172b",
                "sha256:651e01a594af660b01bfc8894934970a9d4ba14dded48ae164ec1ccb9bdf54aa"
            ]
        },
        "Metadata": {
            "LastTagTime": "2026-10-05T03:27:39.313057416Z"
        }
    }
]
