Building wheel...
running bdist_wheel
running build
running build_py
running egg_info
writing src/product_lifecycle.egg-info/PKG-INFO
writing dependency_links to src/product_lifecycle.egg-info/dependency_links.txt
writing entry points to src/product_lifecycle.egg-info/entry_points.txt
writing requirements to src/product_lifecycle.egg-info/requires.txt
writing top-level names to src/product_lifecycle.egg-info/top_level.txt
reading manifest file 'src/product_lifecycle.egg-info/SOURCES.txt'
writing manifest file 'src/product_lifecycle.egg-info/SOURCES.txt'
installing to build/bdist.linux-x86_64/wheel
running install
running install_lib
creating build/bdist.linux-x86_64/wheel
creating build/bdist.linux-x86_64/wheel/lifecycle
creating build/bdist.linux-x86_64/wheel/lifecycle/application
copying build/lib/lifecycle/application/foundation.py -> build/bdist.linux-x86_64/wheel/./lifecycle/application
copying build/lib/lifecycle/application/__init__.py -> build/bdist.linux-x86_64/wheel/./lifecycle/application
creating build/bdist.linux-x86_64/wheel/lifecycle/bootstrap
copying build/lib/lifecycle/bootstrap/server.py -> build/bdist.linux-x86_64/wheel/./lifecycle/bootstrap
copying build/lib/lifecycle/bootstrap/health.py -> build/bdist.linux-x86_64/wheel/./lifecycle/bootstrap
copying build/lib/lifecycle/bootstrap/__init__.py -> build/bdist.linux-x86_64/wheel/./lifecycle/bootstrap
creating build/bdist.linux-x86_64/wheel/lifecycle/infrastructure
copying build/lib/lifecycle/infrastructure/foundation.py -> build/bdist.linux-x86_64/wheel/./lifecycle/infrastructure
copying build/lib/lifecycle/infrastructure/__init__.py -> build/bdist.linux-x86_64/wheel/./lifecycle/infrastructure
creating build/bdist.linux-x86_64/wheel/lifecycle/interfaces
copying build/lib/lifecycle/interfaces/health.py -> build/bdist.linux-x86_64/wheel/./lifecycle/interfaces
copying build/lib/lifecycle/interfaces/http.py -> build/bdist.linux-x86_64/wheel/./lifecycle/interfaces
copying build/lib/lifecycle/interfaces/__init__.py -> build/bdist.linux-x86_64/wheel/./lifecycle/interfaces
copying build/lib/lifecycle/__init__.py -> build/bdist.linux-x86_64/wheel/./lifecycle
running install_egg_info
Copying src/product_lifecycle.egg-info to build/bdist.linux-x86_64/wheel/./product_lifecycle-0.1.0.dev0-py3.12.egg-info
running install_scripts
creating build/bdist.linux-x86_64/wheel/product_lifecycle-0.1.0.dev0.dist-info/WHEEL
creating '/home/runner/work/_temp/p01-quality/component/dist/.tmp-obaplcu1/product_lifecycle-0.1.0.dev0-py3-none-any.whl' and adding 'build/bdist.linux-x86_64/wheel' to it
adding 'lifecycle/__init__.py'
adding 'lifecycle/application/__init__.py'
adding 'lifecycle/application/foundation.py'
adding 'lifecycle/bootstrap/__init__.py'
adding 'lifecycle/bootstrap/health.py'
adding 'lifecycle/bootstrap/server.py'
adding 'lifecycle/infrastructure/__init__.py'
adding 'lifecycle/infrastructure/foundation.py'
adding 'lifecycle/interfaces/__init__.py'
adding 'lifecycle/interfaces/health.py'
adding 'lifecycle/interfaces/http.py'
adding 'product_lifecycle-0.1.0.dev0.dist-info/METADATA'
adding 'product_lifecycle-0.1.0.dev0.dist-info/WHEEL'
adding 'product_lifecycle-0.1.0.dev0.dist-info/entry_points.txt'
adding 'product_lifecycle-0.1.0.dev0.dist-info/top_level.txt'
adding 'product_lifecycle-0.1.0.dev0.dist-info/RECORD'
removing build/bdist.linux-x86_64/wheel
Successfully built dist/product_lifecycle-0.1.0.dev0-py3-none-any.whl
