
   INFO  Server running on [http://127.0.0.1:8031].  

  Press Ctrl+C to stop the server

  2026-10-05 14:24:04 /health/live ................................. ~ 0.03ms
  2026-10-05 14:24:06 /setup ....................................... ~ 0.06ms
  2026-10-05 14:24:06 /login ....................................... ~ 0.01ms
  2026-10-05 14:24:06 /build/assets/app-LkZ0Ip2L.css ............... ~ 0.04ms
  2026-10-05 14:24:06 /build/assets/app-3g4SYQzk.js ................ ~ 0.10ms
  2026-10-05 14:24:06 /build/assets/IdentityLayout-c96OlbQH.css .... ~ 0.02ms
  2026-10-05 14:24:06 /build/assets/Login-7XtbgnEi.js .............. ~ 0.04ms
  2026-10-05 14:24:06 /build/assets/IdentityLayout-s1mgy68M.js ..... ~ 0.10ms
  2026-10-05 14:24:06 /login ..................................... ~ 500.31ms
  2026-10-05 14:24:06 /password .................................... ~ 0.01ms
  2026-10-05 14:24:06 /build/assets/Password-DhLi-7mK.js ........... ~ 0.01ms
  2026-10-05 14:24:06 /setup ....................................... ~ 0.01ms
  2026-10-05 14:24:06 /password .................................... ~ 0.01ms
  2026-10-05 14:24:06 /build/assets/app-LkZ0Ip2L.css ............... ~ 0.01ms
  2026-10-05 14:24:06 /build/assets/app-3g4SYQzk.js ................ ~ 0.01ms
  2026-10-05 14:24:06 /build/assets/Password-DhLi-7mK.js ........... ~ 0.02ms
  2026-10-05 14:24:06 /build/assets/IdentityLayout-s1mgy68M.js ..... ~ 0.06ms
  2026-10-05 14:24:06 /build/assets/IdentityLayout-c96OlbQH.css .... ~ 0.09ms
  2026-10-05 14:24:06 /password .................................. ~ 500.31ms
  2026-10-05 14:24:07 /setup ....................................... ~ 0.01ms
  2026-10-05 14:24:07 /build/assets/Setup-DGF_2HRY.js .............. ~ 0.01ms
  2026-10-05 14:24:07 /setup ....................................... ~ 0.09ms
  2026-10-05 14:24:07 /build/assets/app-LkZ0Ip2L.css ............... ~ 0.05ms
  2026-10-05 14:24:07 /build/assets/app-3g4SYQzk.js ................ ~ 0.28ms
  2026-10-05 14:24:07 /build/assets/IdentityLayout-c96OlbQH.css .... ~ 0.04ms
  2026-10-05 14:24:07 /build/assets/Setup-DGF_2HRY.js .............. ~ 0.10ms
  2026-10-05 14:24:07 /build/assets/IdentityLayout-s1mgy68M.js ..... ~ 0.23ms
  2026-10-05 14:24:07 /logout ...................................... ~ 0.01ms
  2026-10-05 14:24:07 /login ....................................... ~ 0.01ms
  2026-10-05 14:24:07 /build/assets/Login-7XtbgnEi.js .............. ~ 0.01ms
  2026-10-05 14:24:07 /login ..................................... ~ 500.31ms
  2026-10-05 14:24:08 /login ....................................... ~ 0.02ms
  2026-10-05 14:24:08 /login ....................................... ~ 0.01ms
  2026-10-05 14:24:08 /setup ....................................... ~ 0.01ms
