[
    {
        "Id": "sha256:de5ce60260f893ece94ee7b7e9bdc7d0cd51b33e74aabef1358342e642ca71e7",
        "RepoTags": [],
        "RepoDigests": [
            "ghcr.io/astral-sh/uv@sha256:d46db4c7b7f2e75ff80aeef95da4c2c6ff1ad399c13ab85067db4430b7c3b9c3"
        ],
        "Parent": "",
        "Comment": "buildkit.dockerfile.v0",
        "Created": "2026-09-24T23:55:14.737469683Z",
        "DockerVersion": "",
        "Author": "",
        "Config": {
            "Hostname": "",
            "Domainname": "",
            "User": "",
            "AttachStdin": false,
            "AttachStdout": false,
            "AttachStderr": false,
            "Tty": false,
            "OpenStdin": false,
            "StdinOnce": false,
            "Env": [
                "PATH=/usr/local/sbin:/usr/local/bin:/usr/sbin:/usr/bin:/sbin:/bin"
            ],
            "Cmd": null,
            "Image": "",
            "Volumes": null,
            "WorkingDir": "/io",
            "Entrypoint": [
                "/uv"
            ],
            "OnBuild": null,
            "Labels": {
                "org.opencontainers.image.created": "2026-09-24T23:48:04.466Z",
                "org.opencontainers.image.description": "An extremely fast Python package and project manager, written in Rust.",
                "org.opencontainers.image.licenses": "Apache-2.0",
                "org.opencontainers.image.revision": "bea138450f0e620a4ce5765b0e38cff7b9f0799f",
                "org.opencontainers.image.source": "https://github.com/astral-sh/uv",
                "org.opencontainers.image.title": "uv",
                "org.opencontainers.image.url": "https://github.com/astral-sh/uv",
                "org.opencontainers.image.version": "0.12.19"
            }
        },
        "Architecture": "amd64",
        "Os": "linux",
        "Size": 56515408,
        "GraphDriver": {
            "Data": {
                "LowerDir": "/var/lib/docker/overlay2/5135b19ba857d54d7c776e9cccc81834b5335f1cb9b3bd775e940c47c0c402bb/diff",
                "MergedDir": "/var/lib/docker/overlay2/6423db11715d6c38f9684ef782c2b8a02bee2b95c72ae140bb5e9acf263d394e/merged",
                "UpperDir": "/var/lib/docker/overlay2/6423db11715d6c38f9684ef782c2b8a02bee2b95c72ae140bb5e9acf263d394e/diff",
                "WorkDir": "/var/lib/docker/overlay2/6423db11715d6c38f9684ef782c2b8a02bee2b95c72ae140bb5e9acf263d394e/work"
            },
            "Name": "overlay2"
        },
        "RootFS": {
            "Type": "layers",
            "Layers": [
                "sha256:411e03b1338b7af5cbad6f8fd995a5681d7e3dc0165191d8a01287cda5b6d62e",
                "sha256:6cfc29364404e9131527505df56924e91a1c16bc6b2ae143ea56552b12ccf049"
            ]
        },
        "Metadata": {
            "LastTagTime": "0001-01-01T00:00:00Z"
        }
    }
]
