[
    {
        "Id": "sha256:87ef1f7078ab07ff3822199a1572016cd47bc5dc5cd9aae9e6f2d9b2884a50f9",
        "RepoTags": [],
        "RepoDigests": [
            "composer@sha256:bdd249749908be12facc9dec72e19704371bb893f96dff3e024ec89528a5a08d"
        ],
        "Parent": "",
        "Comment": "buildkit.dockerfile.v0",
        "Created": "2026-09-24T19:29:18.895302418Z",
        "DockerVersion": "",
        "Author": "",
        "Config": {
            "Hostname": "",
            "Domainname": "",
            "User": "",
            "AttachStdin": false,
            "AttachStdout": false,
            "AttachStderr": false,
            "Tty": false,
            "OpenStdin": false,
            "StdinOnce": false,
            "Env": [
                "PATH=/usr/local/sbin:/usr/local/bin:/usr/sbin:/usr/bin:/sbin:/bin",
                "PHPIZE_DEPS=autoconf \t\tdpkg-dev dpkg \t\tfile \t\tg++ \t\tgcc \t\tlibc-dev \t\tmake \t\tpkgconf \t\tre2c",
                "PHP_INI_DIR=/usr/local/etc/php",
                "PHP_CFLAGS=-fstack-protector-strong -fpic -fpie -O2 -D_LARGEFILE_SOURCE -D_FILE_OFFSET_BITS=64",
                "PHP_CPPFLAGS=-fstack-protector-strong -fpic -fpie -O2 -D_LARGEFILE_SOURCE -D_FILE_OFFSET_BITS=64",
                "PHP_LDFLAGS=-Wl,-O1 -pie",
                "GPG_KEYS=1198C0117593497A5EC5C199286AF1F9897469DC 49D9AF6BC72A80D6691719C8AA23F5BE9C7097D4 D95C03BC702BE9515344AE3374E44BC9067701A5",
                "PHP_VERSION=8.5.11",
                "PHP_URL=https://www.php.net/distributions/php-8.5.11.tar.xz",
                "PHP_ASC_URL=https://www.php.net/distributions/php-8.5.11.tar.xz.asc",
                "PHP_SHA256=d9be75c08e8c316f4c8f4194d8fbe1750a15f6a6d9d4e3fe72082abeeb800360",
                "COMPOSER_ALLOW_SUPERUSER=1",
                "COMPOSER_HOME=/tmp",
                "COMPOSER_VERSION=2.10.3"
            ],
            "Cmd": [
                "composer"
            ],
            "Image": "",
            "Volumes": null,
            "WorkingDir": "/app",
            "Entrypoint": [
                "/docker-entrypoint.sh"
            ],
            "OnBuild": null,
            "Labels": null
        },
        "Architecture": "amd64",
        "Os": "linux",
        "Size": 224966625,
        "GraphDriver": {
            "Data": {
                "LowerDir": "/var/lib/docker/overlay2/32b27a43cfd284178d8f0b6d1628ec096775e8df4782e9d29ad22b455f6a6b08/diff:/var/lib/docker/overlay2/9f91c1463849690b609a74a2b1c939ff4bdb9b4e3c788477497c1684c4180e4c/diff:/var/lib/docker/overlay2/7aad5be0c2ff0f979f28f3498413035bc8c52db376f85c6f77d3f8cfa4aed242/diff:/var/lib/docker/overlay2/f483410e877364e545ae31dd0137298d982a11bbaaab41c58b1676812e3e310e/diff:/var/lib/docker/overlay2/be62927dc0df86cc638360613ae21bdb876bc2dee68e5731c451d761bf8c619e/diff:/var/lib/docker/overlay2/98e905f6976c091f38ceab7f03c9f576e302a36f6408038c9a5a2e2ac77f136a/diff:/var/lib/docker/overlay2/edbb360d3e93a11dc437652c282e209609d68ac0ac98a6a7e1a8f22136bcb900/diff:/var/lib/docker/overlay2/9f6ae256dc5922ffbffb20c717715bc647c7ff69f1d0846d1fc1f8ea1a6e7bfa/diff:/var/lib/docker/overlay2/b9fb7cb83f055e6419e22e15254b0a2d78c711a0fbae0cf8b63872dc9e091b43/diff:/var/lib/docker/overlay2/ba8816d9cc6d8ac56112ce6e2deb589d5549da8053c7b62d8e07c07c6ea3c98e/diff:/var/lib/docker/overlay2/679b4287c520457f9785470720d9ad5f6d7530cc379ffc5c5893ede10a15a4be/diff:/var/lib/docker/overlay2/f27eec5253a8a47a204234b1c5651385dd213f036ff0b9e51951452f0eae4e5d/diff:/var/lib/docker/overlay2/2ae0b48eecfe9a6e2756191da34c38096ffcefcfe60a3735da2ca81df409a0ef/diff",
                "MergedDir": "/var/lib/docker/overlay2/ea48da6dfc3577c63c5df8aacf3c65eb3452e016de0464e2c2b53ee4905ccd7e/merged",
                "UpperDir": "/var/lib/docker/overlay2/ea48da6dfc3577c63c5df8aacf3c65eb3452e016de0464e2c2b53ee4905ccd7e/diff",
                "WorkDir": "/var/lib/docker/overlay2/ea48da6dfc3577c63c5df8aacf3c65eb3452e016de0464e2c2b53ee4905ccd7e/work"
            },
            "Name": "overlay2"
        },
        "RootFS": {
            "Type": "layers",
            "Layers": [
                "sha256:74d97c428c51a828f9051a7a40a53ff1fc99e54fc30323ce36760701b0b7f711",
                "sha256:f894bcbeeff01d09ac43ca4e652d88ef50c6e6ba449b4c9514d0c39575d3e298",
                "sha256:fdfbbcf93bb720e467f60aa69632d20cb493074666005ffa1053d57a265420a0",
                "sha256:435e2e9f327226e2d3efb0d1249d32e68ee071fa218741f1658a45c3d1fbb831",
                "sha256:ea72016acc36578072aa2e2712fbe05a52eac6861f329e5b465432a23f33588b",
                "sha256:14e47ef0b83233ebaf0f2c89e9d65941c6739a2e56e471a9ece51a86cc813bda",
                "sha256:c205a232030fc1120a6259b29ebe20eabe9678dfe673a96aa0effc4f12abbc10",
                "sha256:4804d35aa2f2768425cfed305d9bc1d3f830486aa74e2001c194c74280a34be2",
                "sha256:8c64d87f8ce5010935c40296923bf51c8aa17792685744b4c16e9643549022f5",
                "sha256:d5245671b48d6829d249c097def8c99cb204b3ba51f803693e08c3b840f6c741",
                "sha256:d18d25aae1c72f8b509e04ec69d4caeb31e5f6261aeb128ef5c3ce576c7e186e",
                "sha256:1916bd3b1012de758b3d8e32fa9a4b93909a015c2b90db87b2db11b5066353eb",
                "sha256:8caf5ba97a2d0dbc58d5ae7c055dfd331b1a41df4c184d5776ec5dc69d24d6b3",
                "sha256:255374f7121b1d30666b22eae2b49862d1fad7c86e5c8f6cc9a702c2793a8a25"
            ]
        },
        "Metadata": {
            "LastTagTime": "0001-01-01T00:00:00Z"
        }
    }
]
