[
    {
        "Id": "sha256:febd0be41adb897a0ab8f1f1c693d8912669ea60c4940e076e9946b60e210ef0",
        "RepoTags": [],
        "RepoDigests": [
            "python@sha256:1aaa65a85fda306ffb8b910824d4e93bdce61e212c7e87168123ea3073b41a1a"
        ],
        "Parent": "",
        "Comment": "buildkit.dockerfile.v0",
        "Created": "2026-09-19T01:08:17.794790714Z",
        "DockerVersion": "",
        "Author": "",
        "Config": {
            "Hostname": "",
            "Domainname": "",
            "User": "",
            "AttachStdin": false,
            "AttachStdout": false,
            "AttachStderr": false,
            "Tty": false,
            "OpenStdin": false,
            "StdinOnce": false,
            "Env": [
                "PATH=/usr/local/bin:/usr/local/sbin:/usr/local/bin:/usr/sbin:/usr/bin:/sbin:/bin",
                "LANG=C.UTF-8",
                "GPG_KEY=7169605F62C751356D054A26A821E680E5FA6305",
                "PYTHON_VERSION=3.12.14",
                "PYTHON_SHA256=5c8462af5790baf43a321a1559dbe0db06d1be4300fb85fb53c40060668e548a"
            ],
            "Cmd": [
                "python3"
            ],
            "Image": "",
            "Volumes": null,
            "WorkingDir": "",
            "Entrypoint": null,
            "OnBuild": null,
            "Labels": null
        },
        "Architecture": "amd64",
        "Os": "linux",
        "Size": 124334798,
        "GraphDriver": {
            "Data": {
                "LowerDir": "/var/lib/docker/overlay2/2057f8c3b18f118d2bd7d8c0eeb05a96022c569d8fb10fb5788c0b3369033843/diff:/var/lib/docker/overlay2/1449809192fd24f58c06219b90dee05fad2a95b6a4d80ba144757b2c0d497cef/diff:/var/lib/docker/overlay2/06fe3f55fd52657e60d21e155a4cdd5750d8bc51fa83ebd10fcbeba241b6c2f0/diff",
                "MergedDir": "/var/lib/docker/overlay2/d0685548f20958c41563f0320de989fe6c9a1fea0c14cbead65288c48f6a5b45/merged",
                "UpperDir": "/var/lib/docker/overlay2/d0685548f20958c41563f0320de989fe6c9a1fea0c14cbead65288c48f6a5b45/diff",
                "WorkDir": "/var/lib/docker/overlay2/d0685548f20958c41563f0320de989fe6c9a1fea0c14cbead65288c48f6a5b45/work"
            },
            "Name": "overlay2"
        },
        "RootFS": {
            "Type": "layers",
            "Layers": [
                "sha256:34467cc93912af891dfee8a3902adf9b4f355a9bca4eaa46f658d1181a21de0d",
                "sha256:16df0073c13c96653ee2b601b16e514321513eb4af983de156c2d4e17df8a5d9",
                "sha256:9639007baab8a136bc468bd5d757fdf79cf5d77b6ff2a87889071252e334fab3",
                "sha256:abca6d63c9dbe51fa3bc42e75e0387da12803ef64430ad151814e468d5e1c203"
            ]
        },
        "Metadata": {
            "LastTagTime": "0001-01-01T00:00:00Z"
        }
    }
]
