[
    {
        "Id": "sha256:1eec88f3ef7f7e2885c1608aebe4ae463bd19a8971d582b550bc1b0588aad252",
        "RepoTags": [],
        "RepoDigests": [
            "php@sha256:c0dc98639fddeaad891a338e1e3fa2b2d724eb616bcd5a0bb1d8afd650e0fda3"
        ],
        "Parent": "",
        "Comment": "buildkit.dockerfile.v0",
        "Created": "2026-09-24T19:10:26.602614107Z",
        "DockerVersion": "",
        "Author": "",
        "Config": {
            "Hostname": "",
            "Domainname": "",
            "User": "",
            "AttachStdin": false,
            "AttachStdout": false,
            "AttachStderr": false,
            "ExposedPorts": {
                "9000/tcp": {}
            },
            "Tty": false,
            "OpenStdin": false,
            "StdinOnce": false,
            "Env": [
                "PATH=/usr/local/sbin:/usr/local/bin:/usr/sbin:/usr/bin:/sbin:/bin",
                "PHPIZE_DEPS=autoconf \t\tdpkg-dev \t\tfile \t\tg++ \t\tgcc \t\tlibc-dev \t\tmake \t\tpkg-config \t\tre2c",
                "PHP_INI_DIR=/usr/local/etc/php",
                "PHP_CFLAGS=-fstack-protector-strong -fpic -fpie -O2 -D_LARGEFILE_SOURCE -D_FILE_OFFSET_BITS=64",
                "PHP_CPPFLAGS=-fstack-protector-strong -fpic -fpie -O2 -D_LARGEFILE_SOURCE -D_FILE_OFFSET_BITS=64",
                "PHP_LDFLAGS=-Wl,-O1 -pie",
                "GPG_KEYS=1198C0117593497A5EC5C199286AF1F9897469DC 49D9AF6BC72A80D6691719C8AA23F5BE9C7097D4 D95C03BC702BE9515344AE3374E44BC9067701A5",
                "PHP_VERSION=8.5.11",
                "PHP_URL=https://www.php.net/distributions/php-8.5.11.tar.xz",
                "PHP_ASC_URL=https://www.php.net/distributions/php-8.5.11.tar.xz.asc",
                "PHP_SHA256=d9be75c08e8c316f4c8f4194d8fbe1750a15f6a6d9d4e3fe72082abeeb800360"
            ],
            "Cmd": [
                "php-fpm"
            ],
            "Image": "",
            "Volumes": null,
            "WorkingDir": "/var/www/html",
            "Entrypoint": [
                "docker-php-entrypoint"
            ],
            "OnBuild": null,
            "Labels": null,
            "StopSignal": "SIGQUIT"
        },
        "Architecture": "amd64",
        "Os": "linux",
        "Size": 519292157,
        "GraphDriver": {
            "Data": {
                "LowerDir": "/var/lib/docker/overlay2/a6cd5b80d4353e05423b7b23697f1fded98a0b3a5380b869ccec85950863f8d3/diff:/var/lib/docker/overlay2/2941944aed5983f7af00ed71734c7a041dd99202776c1342bb550b2dfd642e5d/diff:/var/lib/docker/overlay2/f183cb5d6108d1da8c80464471e9594de01242efbe099ee80e1720b922857a2c/diff:/var/lib/docker/overlay2/b7396e4421b7915b95ef5703d760563d8dacd0aef104812a33861bbf5dfc62fd/diff:/var/lib/docker/overlay2/64fc9c811996262d167c3305b7ae471a74a2cf494604efed3d8d507b27a6a6e0/diff:/var/lib/docker/overlay2/25a999bc77bffcc8672fbaaea15c7ceb2cc90b3eebaf146a2f0fe6b61ba9c16e/diff:/var/lib/docker/overlay2/3e4ae78898d2d49814d121bb4c3db34627cb78f950df0262fcd2954cc1557953/diff:/var/lib/docker/overlay2/ebb6be22999b4cb5a5da7d3bf3d2e4a9ad782c7133e2ce8a06a65c0a4bf32ab4/diff:/var/lib/docker/overlay2/c45daf31dbaec91114bcf12d89a928901d980166ba4b37d2bef44c03bece48ab/diff:/var/lib/docker/overlay2/06fe3f55fd52657e60d21e155a4cdd5750d8bc51fa83ebd10fcbeba241b6c2f0/diff",
                "MergedDir": "/var/lib/docker/overlay2/c4978ebbf96cb8eb91f1a71eccddcd65c99ceee3ca843bb5ed4a8d450bd5a2cd/merged",
                "UpperDir": "/var/lib/docker/overlay2/c4978ebbf96cb8eb91f1a71eccddcd65c99ceee3ca843bb5ed4a8d450bd5a2cd/diff",
                "WorkDir": "/var/lib/docker/overlay2/c4978ebbf96cb8eb91f1a71eccddcd65c99ceee3ca843bb5ed4a8d450bd5a2cd/work"
            },
            "Name": "overlay2"
        },
        "RootFS": {
            "Type": "layers",
            "Layers": [
                "sha256:34467cc93912af891dfee8a3902adf9b4f355a9bca4eaa46f658d1181a21de0d",
                "sha256:81274738dbf57317e5435144826219706147834290d012a351d5fc593b5adae2",
                "sha256:0504f653b699e414def5b49113f24c6e542a7846c5df9a799b27c809313dbb4d",
                "sha256:da1395a377a2acc8422d3bc4b7d862885a3a97a3421e3fed1adf62d061ff4f63",
                "sha256:27ac94f3ce3452f11b8a4e05cd00328bc38ad35848dfa0caa7ac7377e2b4c48c",
                "sha256:75906afbd8260b795e6e9b04941130b4bc0f4c137e76562f13753c62972bc5ef",
                "sha256:92e695b6cfd2d361a0864f12771aeb461c040dcd3ac66a0c704bf6e02cd2fc54",
                "sha256:ba5cfed66dabaf73234dbd89396a9011991392d027832714d3bbe68640c82d79",
                "sha256:c5687dee67cf6207590530c6c1c1bf4f1484aa1aeb2a44ff0e0ab0ebb7936ed7",
                "sha256:5f70bf18a086007016e948b04aed3b82103a36bea41755b6cddfaf10ace3c6ef",
                "sha256:a3d8babd0c9ce6e5640c2d87ef48eb3b4adf3e152f63414c1ef6ec0cc9ae911d"
            ]
        },
        "Metadata": {
            "LastTagTime": "0001-01-01T00:00:00Z"
        }
    }
]
