[
    {
        "Id": "sha256:ab5f1000574b74c5225e8f12361f44d8fad3c15ea77d5751262e6e6db59bbb02",
        "RepoTags": [
            "p00-34704622552f:php-quality"
        ],
        "RepoDigests": [],
        "Parent": "",
        "Comment": "buildkit.dockerfile.v0",
        "Created": "2026-10-04T20:28:05.30546654Z",
        "DockerVersion": "",
        "Author": "",
        "Config": {
            "Hostname": "",
            "Domainname": "",
            "User": "10001:10001",
            "AttachStdin": false,
            "AttachStdout": false,
            "AttachStderr": false,
            "ExposedPorts": {
                "9000/tcp": {}
            },
            "Tty": false,
            "OpenStdin": false,
            "StdinOnce": false,
            "Env": [
                "PATH=/usr/local/sbin:/usr/local/bin:/usr/sbin:/usr/bin:/sbin:/bin",
                "PHPIZE_DEPS=autoconf \t\tdpkg-dev \t\tfile \t\tg++ \t\tgcc \t\tlibc-dev \t\tmake \t\tpkg-config \t\tre2c",
                "PHP_INI_DIR=/usr/local/etc/php",
                "PHP_CFLAGS=-fstack-protector-strong -fpic -fpie -O2 -D_LARGEFILE_SOURCE -D_FILE_OFFSET_BITS=64",
                "PHP_CPPFLAGS=-fstack-protector-strong -fpic -fpie -O2 -D_LARGEFILE_SOURCE -D_FILE_OFFSET_BITS=64",
                "PHP_LDFLAGS=-Wl,-O1 -pie",
                "GPG_KEYS=1198C0117593497A5EC5C199286AF1F9897469DC 49D9AF6BC72A80D6691719C8AA23F5BE9C7097D4 D95C03BC702BE9515344AE3374E44BC9067701A5",
                "PHP_VERSION=8.5.11",
                "PHP_URL=https://www.php.net/distributions/php-8.5.11.tar.xz",
                "PHP_ASC_URL=https://www.php.net/distributions/php-8.5.11.tar.xz.asc",
                "PHP_SHA256=d9be75c08e8c316f4c8f4194d8fbe1750a15f6a6d9d4e3fe72082abeeb800360",
                "COMPOSER_ALLOW_SUPERUSER=1",
                "COMPOSER_HOME=/tmp/p00-composer",
                "APP_ENV=testing"
            ],
            "Cmd": [
                "sh",
                "/opt/p00/php-quality.sh"
            ],
            "ArgsEscaped": true,
            "Image": "",
            "Volumes": null,
            "WorkingDir": "/app",
            "Entrypoint": [
                "docker-php-entrypoint"
            ],
            "OnBuild": null,
            "Labels": null,
            "StopSignal": "SIGQUIT"
        },
        "Architecture": "amd64",
        "Os": "linux",
        "Size": 804235815,
        "GraphDriver": {
            "Data": {
                "LowerDir": "/var/lib/docker/overlay2/j27p7c4sf3nk4qu7sosurjd6a/diff:/var/lib/docker/overlay2/peuiru8q1tpmhq74cxh89p0f1/diff:/var/lib/docker/overlay2/vqpvbhmhd9adb5yfon4tvq2sw/diff:/var/lib/docker/overlay2/p3f4ske1ui3orrtz6w4wcb2gi/diff:/var/lib/docker/overlay2/ivkmfol1ttyoy4ibbp95hdvpd/diff:/var/lib/docker/overlay2/pmdcrpns7jpef9k2qcx7n942j/diff:/var/lib/docker/overlay2/8u0bigv51gy19re584plhcq6t/diff:/var/lib/docker/overlay2/xkdfjea7v3u8ehi0cktr66zpn/diff:/var/lib/docker/overlay2/c4978ebbf96cb8eb91f1a71eccddcd65c99ceee3ca843bb5ed4a8d450bd5a2cd/diff:/var/lib/docker/overlay2/a6cd5b80d4353e05423b7b23697f1fded98a0b3a5380b869ccec85950863f8d3/diff:/var/lib/docker/overlay2/2941944aed5983f7af00ed71734c7a041dd99202776c1342bb550b2dfd642e5d/diff:/var/lib/docker/overlay2/f183cb5d6108d1da8c80464471e9594de01242efbe099ee80e1720b922857a2c/diff:/var/lib/docker/overlay2/b7396e4421b7915b95ef5703d760563d8dacd0aef104812a33861bbf5dfc62fd/diff:/var/lib/docker/overlay2/64fc9c811996262d167c3305b7ae471a74a2cf494604efed3d8d507b27a6a6e0/diff:/var/lib/docker/overlay2/25a999bc77bffcc8672fbaaea15c7ceb2cc90b3eebaf146a2f0fe6b61ba9c16e/diff:/var/lib/docker/overlay2/3e4ae78898d2d49814d121bb4c3db34627cb78f950df0262fcd2954cc1557953/diff:/var/lib/docker/overlay2/ebb6be22999b4cb5a5da7d3bf3d2e4a9ad782c7133e2ce8a06a65c0a4bf32ab4/diff:/var/lib/docker/overlay2/c45daf31dbaec91114bcf12d89a928901d980166ba4b37d2bef44c03bece48ab/diff:/var/lib/docker/overlay2/06fe3f55fd52657e60d21e155a4cdd5750d8bc51fa83ebd10fcbeba241b6c2f0/diff",
                "MergedDir": "/var/lib/docker/overlay2/e33g27g4xcn5cwvhmcpj3phmt/merged",
                "UpperDir": "/var/lib/docker/overlay2/e33g27g4xcn5cwvhmcpj3phmt/diff",
                "WorkDir": "/var/lib/docker/overlay2/e33g27g4xcn5cwvhmcpj3phmt/work"
            },
            "Name": "overlay2"
        },
        "RootFS": {
            "Type": "layers",
            "Layers": [
                "sha256:34467cc93912af891dfee8a3902adf9b4f355a9bca4eaa46f658d1181a21de0d",
                "sha256:81274738dbf57317e5435144826219706147834290d012a351d5fc593b5adae2",
                "sha256:0504f653b699e414def5b49113f24c6e542a7846c5df9a799b27c809313dbb4d",
                "sha256:da1395a377a2acc8422d3bc4b7d862885a3a97a3421e3fed1adf62d061ff4f63",
                "sha256:27ac94f3ce3452f11b8a4e05cd00328bc38ad35848dfa0caa7ac7377e2b4c48c",
                "sha256:75906afbd8260b795e6e9b04941130b4bc0f4c137e76562f13753c62972bc5ef",
                "sha256:92e695b6cfd2d361a0864f12771aeb461c040dcd3ac66a0c704bf6e02cd2fc54",
                "sha256:ba5cfed66dabaf73234dbd89396a9011991392d027832714d3bbe68640c82d79",
                "sha256:c5687dee67cf6207590530c6c1c1bf4f1484aa1aeb2a44ff0e0ab0ebb7936ed7",
                "sha256:5f70bf18a086007016e948b04aed3b82103a36bea41755b6cddfaf10ace3c6ef",
                "sha256:a3d8babd0c9ce6e5640c2d87ef48eb3b4adf3e152f63414c1ef6ec0cc9ae911d",
                "sha256:e411379ecb77b09f790467ba760c222c8bbc220ddd7516684aa56eb061629258",
                "sha256:e1f3ea757baefeb41ffa8f2f995e99aca3c3be08b53babbc259a641f1a2fdda6",
                "sha256:83cc4db2f3c5627485651d9fe1ac2b6dd2befc92a2997e4eb420dc121beda46c",
                "sha256:59e639380754a5ef534377bd8ebd3816b53f974bb7b6d93fd6e5e770e2ed13db",
                "sha256:0126156200e5419bbc92ef0739ff54264ae3374b3ebcb32900091ec68abc985e",
                "sha256:91fac8b8ff147552f989535c50de3134275f15050a0032881fb882b7153f798b",
                "sha256:2e5cfcdb0a1da3cd96b65810eae298feea9694170d93a76d40d36ff16dec6bb7",
                "sha256:503b7902b23002959ec846414a03d14aaf49adaba5bc74b70de5e9dfc7d81a5e",
                "sha256:96040cfa21a7665fe7a1a0014974961ed74cd7d91d3ed3e620eda6422f2584a2"
            ]
        },
        "Metadata": {
            "LastTagTime": "2026-10-04T20:28:07.469104105Z"
        }
    }
]
