[
    {
        "Id": "sha256:795f5d370a98d3be2d7d2c881b4403de74cbb67e1efb5842a1e77c3bde5f6064",
        "RepoTags": [
            "p00-34704622552f:php-runtime"
        ],
        "RepoDigests": [],
        "Parent": "",
        "Comment": "buildkit.dockerfile.v0",
        "Created": "2026-10-04T20:28:17.957740963Z",
        "DockerVersion": "",
        "Author": "",
        "Config": {
            "Hostname": "",
            "Domainname": "",
            "User": "10001:10001",
            "AttachStdin": false,
            "AttachStdout": false,
            "AttachStderr": false,
            "ExposedPorts": {
                "9000/tcp": {}
            },
            "Tty": false,
            "OpenStdin": false,
            "StdinOnce": false,
            "Env": [
                "PATH=/usr/local/sbin:/usr/local/bin:/usr/sbin:/usr/bin:/sbin:/bin",
                "PHPIZE_DEPS=autoconf \t\tdpkg-dev \t\tfile \t\tg++ \t\tgcc \t\tlibc-dev \t\tmake \t\tpkg-config \t\tre2c",
                "PHP_INI_DIR=/usr/local/etc/php",
                "PHP_CFLAGS=-fstack-protector-strong -fpic -fpie -O2 -D_LARGEFILE_SOURCE -D_FILE_OFFSET_BITS=64",
                "PHP_CPPFLAGS=-fstack-protector-strong -fpic -fpie -O2 -D_LARGEFILE_SOURCE -D_FILE_OFFSET_BITS=64",
                "PHP_LDFLAGS=-Wl,-O1 -pie",
                "GPG_KEYS=1198C0117593497A5EC5C199286AF1F9897469DC 49D9AF6BC72A80D6691719C8AA23F5BE9C7097D4 D95C03BC702BE9515344AE3374E44BC9067701A5",
                "PHP_VERSION=8.5.11",
                "PHP_URL=https://www.php.net/distributions/php-8.5.11.tar.xz",
                "PHP_ASC_URL=https://www.php.net/distributions/php-8.5.11.tar.xz.asc",
                "PHP_SHA256=d9be75c08e8c316f4c8f4194d8fbe1750a15f6a6d9d4e3fe72082abeeb800360",
                "APP_ENV=production",
                "APP_DEBUG=false"
            ],
            "Cmd": [
                "php-fpm",
                "-F"
            ],
            "ArgsEscaped": true,
            "Image": "",
            "Volumes": null,
            "WorkingDir": "/app",
            "Entrypoint": [
                "docker-php-entrypoint"
            ],
            "OnBuild": null,
            "Labels": null,
            "StopSignal": "SIGQUIT"
        },
        "Architecture": "amd64",
        "Os": "linux",
        "Size": 552643619,
        "GraphDriver": {
            "Data": {
                "LowerDir": "/var/lib/docker/overlay2/5lva362ewujoo0z7s4aut1s7j/diff:/var/lib/docker/overlay2/kzcrj13vkecedqis7z57qhlki/diff:/var/lib/docker/overlay2/ipiqcukt1i3hmf3t4t4pge9wa/diff:/var/lib/docker/overlay2/lm3lssykuutyml8p6xhxqa2m8/diff:/var/lib/docker/overlay2/1kmg5vwm0z9pcee5ia2h7ywzu/diff:/var/lib/docker/overlay2/yaw2d73jrppchv6wrzkmozxxs/diff:/var/lib/docker/overlay2/2nxdrq8s8a2g6ozkwuszj9dw3/diff:/var/lib/docker/overlay2/q9iqr0b9wmu6ys2rffxbzkw3o/diff:/var/lib/docker/overlay2/0tgkr6lf8sdp7sfdqq4fspvdg/diff:/var/lib/docker/overlay2/wywp8kan1rmibb4pwdrecl0iq/diff:/var/lib/docker/overlay2/pmdcrpns7jpef9k2qcx7n942j/diff:/var/lib/docker/overlay2/8u0bigv51gy19re584plhcq6t/diff:/var/lib/docker/overlay2/xkdfjea7v3u8ehi0cktr66zpn/diff:/var/lib/docker/overlay2/c4978ebbf96cb8eb91f1a71eccddcd65c99ceee3ca843bb5ed4a8d450bd5a2cd/diff:/var/lib/docker/overlay2/a6cd5b80d4353e05423b7b23697f1fded98a0b3a5380b869ccec85950863f8d3/diff:/var/lib/docker/overlay2/2941944aed5983f7af00ed71734c7a041dd99202776c1342bb550b2dfd642e5d/diff:/var/lib/docker/overlay2/f183cb5d6108d1da8c80464471e9594de01242efbe099ee80e1720b922857a2c/diff:/var/lib/docker/overlay2/b7396e4421b7915b95ef5703d760563d8dacd0aef104812a33861bbf5dfc62fd/diff:/var/lib/docker/overlay2/64fc9c811996262d167c3305b7ae471a74a2cf494604efed3d8d507b27a6a6e0/diff:/var/lib/docker/overlay2/25a999bc77bffcc8672fbaaea15c7ceb2cc90b3eebaf146a2f0fe6b61ba9c16e/diff:/var/lib/docker/overlay2/3e4ae78898d2d49814d121bb4c3db34627cb78f950df0262fcd2954cc1557953/diff:/var/lib/docker/overlay2/ebb6be22999b4cb5a5da7d3bf3d2e4a9ad782c7133e2ce8a06a65c0a4bf32ab4/diff:/var/lib/docker/overlay2/c45daf31dbaec91114bcf12d89a928901d980166ba4b37d2bef44c03bece48ab/diff:/var/lib/docker/overlay2/06fe3f55fd52657e60d21e155a4cdd5750d8bc51fa83ebd10fcbeba241b6c2f0/diff",
                "MergedDir": "/var/lib/docker/overlay2/icsmw2si3d47bny1rj6rsk9lu/merged",
                "UpperDir": "/var/lib/docker/overlay2/icsmw2si3d47bny1rj6rsk9lu/diff",
                "WorkDir": "/var/lib/docker/overlay2/icsmw2si3d47bny1rj6rsk9lu/work"
            },
            "Name": "overlay2"
        },
        "RootFS": {
            "Type": "layers",
            "Layers": [
                "sha256:34467cc93912af891dfee8a3902adf9b4f355a9bca4eaa46f658d1181a21de0d",
                "sha256:81274738dbf57317e5435144826219706147834290d012a351d5fc593b5adae2",
                "sha256:0504f653b699e414def5b49113f24c6e542a7846c5df9a799b27c809313dbb4d",
                "sha256:da1395a377a2acc8422d3bc4b7d862885a3a97a3421e3fed1adf62d061ff4f63",
                "sha256:27ac94f3ce3452f11b8a4e05cd00328bc38ad35848dfa0caa7ac7377e2b4c48c",
                "sha256:75906afbd8260b795e6e9b04941130b4bc0f4c137e76562f13753c62972bc5ef",
                "sha256:92e695b6cfd2d361a0864f12771aeb461c040dcd3ac66a0c704bf6e02cd2fc54",
                "sha256:ba5cfed66dabaf73234dbd89396a9011991392d027832714d3bbe68640c82d79",
                "sha256:c5687dee67cf6207590530c6c1c1bf4f1484aa1aeb2a44ff0e0ab0ebb7936ed7",
                "sha256:5f70bf18a086007016e948b04aed3b82103a36bea41755b6cddfaf10ace3c6ef",
                "sha256:a3d8babd0c9ce6e5640c2d87ef48eb3b4adf3e152f63414c1ef6ec0cc9ae911d",
                "sha256:e411379ecb77b09f790467ba760c222c8bbc220ddd7516684aa56eb061629258",
                "sha256:e1f3ea757baefeb41ffa8f2f995e99aca3c3be08b53babbc259a641f1a2fdda6",
                "sha256:83cc4db2f3c5627485651d9fe1ac2b6dd2befc92a2997e4eb420dc121beda46c",
                "sha256:2c63b7b00609dff3ce1b1fc1498d03f87044266b2d7bfb4e04101398159de064",
                "sha256:d8bbdafef62f9eb49b9ecf64cee51dbc793ae72d611da9e2eb53f4b3e5108c47",
                "sha256:12aa9c79366d8279c3cf98bd984de13e11010cdcf8cedd84d81b042fc24f0c7d",
                "sha256:4086f9264e040b21ce66cdddda9b8dc54b7aec450986f370f456c3b205610a73",
                "sha256:96818d59b31a2019442a470a49767480115b5e59f22c2ca90e1e6badc8d97a99",
                "sha256:640a0468dded4f079e3db87f170104134742b3e91a5bd843a5ac26ecb27b65bb",
                "sha256:d5a59c9a471dad6af7de70bfab0e201dfc9a5f3d0ca9ddaea1d53725df63aecb",
                "sha256:8b3eaef695fa3bd448abc6908f33a9aa4a087a6a6f4c8a8c84b9367a6855b64b",
                "sha256:94ae45f3d217d9555d0b181fd9949db48790f6e69c1e0906496de5c4e19fb3f0",
                "sha256:a03a67d2f5929c343fec87af42710f9f9713e5567d5ad50f74b1b0f9dad44107",
                "sha256:e59e9df448ebf0650bdb6e5714aa9a0ad20b9db9d0fb9be239440853f293c22c"
            ]
        },
        "Metadata": {
            "LastTagTime": "2026-10-04T20:28:19.928098088Z"
        }
    }
]
