[
    {
        "Id": "sha256:bc3b6b3f320c616ecfc80338452a13796e6b228a9c3bc7e879605e8b491c98d5",
        "RepoTags": [
            "p00-34704622552f:python-runtime"
        ],
        "RepoDigests": [],
        "Parent": "",
        "Comment": "buildkit.dockerfile.v0",
        "Created": "2026-10-04T20:28:26.066169219Z",
        "DockerVersion": "",
        "Author": "",
        "Config": {
            "Hostname": "",
            "Domainname": "",
            "User": "10001:10001",
            "AttachStdin": false,
            "AttachStdout": false,
            "AttachStderr": false,
            "Tty": false,
            "OpenStdin": false,
            "StdinOnce": false,
            "Env": [
                "PATH=/app/.venv/bin:/usr/local/bin:/usr/local/sbin:/usr/local/bin:/usr/sbin:/usr/bin:/sbin:/bin",
                "LANG=C.UTF-8",
                "GPG_KEY=7169605F62C751356D054A26A821E680E5FA6305",
                "PYTHON_VERSION=3.12.14",
                "PYTHON_SHA256=5c8462af5790baf43a321a1559dbe0db06d1be4300fb85fb53c40060668e548a",
                "PYTHONDONTWRITEBYTECODE=1",
                "PYTHONUNBUFFERED=1",
                "PYTHONPATH=/app/src"
            ],
            "Cmd": [
                "python",
                "smoke.py"
            ],
            "ArgsEscaped": true,
            "Image": "",
            "Volumes": null,
            "WorkingDir": "/app",
            "Entrypoint": null,
            "OnBuild": null,
            "Labels": null
        },
        "Architecture": "amd64",
        "Os": "linux",
        "Size": 133485337,
        "GraphDriver": {
            "Data": {
                "LowerDir": "/var/lib/docker/overlay2/nvb9nyatb03sppqskht84j7n1/diff:/var/lib/docker/overlay2/8eerr8wtg21d95vjr9la342ji/diff:/var/lib/docker/overlay2/nhmlan56y8juq08cg8k1u8c5p/diff:/var/lib/docker/overlay2/d0685548f20958c41563f0320de989fe6c9a1fea0c14cbead65288c48f6a5b45/diff:/var/lib/docker/overlay2/2057f8c3b18f118d2bd7d8c0eeb05a96022c569d8fb10fb5788c0b3369033843/diff:/var/lib/docker/overlay2/1449809192fd24f58c06219b90dee05fad2a95b6a4d80ba144757b2c0d497cef/diff:/var/lib/docker/overlay2/06fe3f55fd52657e60d21e155a4cdd5750d8bc51fa83ebd10fcbeba241b6c2f0/diff",
                "MergedDir": "/var/lib/docker/overlay2/sfr1gvbra8yaf5pikqyjpsj5q/merged",
                "UpperDir": "/var/lib/docker/overlay2/sfr1gvbra8yaf5pikqyjpsj5q/diff",
                "WorkDir": "/var/lib/docker/overlay2/sfr1gvbra8yaf5pikqyjpsj5q/work"
            },
            "Name": "overlay2"
        },
        "RootFS": {
            "Type": "layers",
            "Layers": [
                "sha256:34467cc93912af891dfee8a3902adf9b4f355a9bca4eaa46f658d1181a21de0d",
                "sha256:16df0073c13c96653ee2b601b16e514321513eb4af983de156c2d4e17df8a5d9",
                "sha256:9639007baab8a136bc468bd5d757fdf79cf5d77b6ff2a87889071252e334fab3",
                "sha256:abca6d63c9dbe51fa3bc42e75e0387da12803ef64430ad151814e468d5e1c203",
                "sha256:c44f3b504fc2a839db82ab9b5bdc42c68906e6fbcf289fa513db13adaa4071a5",
                "sha256:d8406ab76d00705178f401efe05ddd96bff3179fcbe9057e8b2a271f1eb2461d",
                "sha256:edd74cf2271519af71274d8c0fdce6a36e8dce42621123be0717d3306d7807c3",
                "sha256:2b98f027ccc4e10398456d42358b94b2f3ee910fef7070b2194b73d82bafac02"
            ]
        },
        "Metadata": {
            "LastTagTime": "2026-10-04T20:28:27.115140343Z"
        }
    }
]
