{
  "schemaVersion": 2,
  "mediaType": "application/vnd.oci.image.index.v1+json",
  "manifests": [
    {
      "mediaType": "application/vnd.oci.image.manifest.v1+json",
      "digest": "sha256:d46db4c7b7f2e75ff80aeef95da4c2c6ff1ad399c13ab85067db4430b7c3b9c3",
      "size": 669,
      "platform": {
        "architecture": "amd64",
        "os": "linux"
      }
    },
    {
      "mediaType": "application/vnd.oci.image.manifest.v1+json",
      "digest": "sha256:788bb3e0bb1456d8c6098dd9913705285ee3e86547f62eefeaad06c48b684e8b",
      "size": 841,
      "annotations": {
        "vnd.docker.reference.digest": "sha256:d46db4c7b7f2e75ff80aeef95da4c2c6ff1ad399c13ab85067db4430b7c3b9c3",
        "vnd.docker.reference.type": "attestation-manifest"
      },
      "platform": {
        "architecture": "unknown",
        "os": "unknown"
      }
    },
    {
      "mediaType": "application/vnd.oci.image.manifest.v1+json",
      "digest": "sha256:de342e01006500a0e7365fb5c7cc1e3bb05b6a9d89bc617ec7b1efb572c1693c",
      "size": 669,
      "platform": {
        "architecture": "arm64",
        "os": "linux"
      }
    },
    {
      "mediaType": "application/vnd.oci.image.manifest.v1+json",
      "digest": "sha256:0dcc17c78332ae2e8e9bd7900669daf075ddb9b57cac47270308f5c5eb381415",
      "size": 841,
      "annotations": {
        "vnd.docker.reference.digest": "sha256:de342e01006500a0e7365fb5c7cc1e3bb05b6a9d89bc617ec7b1efb572c1693c",
        "vnd.docker.reference.type": "attestation-manifest"
      },
      "platform": {
        "architecture": "unknown",
        "os": "unknown"
      }
    }
  ],
  "annotations": {
    "org.opencontainers.image.created": "2026-09-24T23:48:04.466Z",
    "org.opencontainers.image.description": "An extremely fast Python package and project manager, written in Rust.",
    "org.opencontainers.image.licenses": "Apache-2.0",
    "org.opencontainers.image.revision": "bea138450f0e620a4ce5765b0e38cff7b9f0799f",
    "org.opencontainers.image.source": "https://github.com/astral-sh/uv",
    "org.opencontainers.image.title": "uv",
    "org.opencontainers.image.url": "https://github.com/astral-sh/uv",
    "org.opencontainers.image.version": "0.12.19"
  }
}