docker.io/library/composer@sha256:bdd249749908be12facc9dec72e19704371bb893f96dff3e024ec89528a5a08d: Pulling from library/composer
e2de96513ba9: Already exists
c74954296e3d: Pulling fs layer
406faa0b22ce: Pulling fs layer
108ad594590c: Pulling fs layer
88c97ededfa5: Pulling fs layer
0bfa53ef0584: Pulling fs layer
6361c0c16a9a: Pulling fs layer
b7fa1c822b37: Pulling fs layer
52bc90a67a58: Pulling fs layer
b643345218f3: Pulling fs layer
8806a571cc74: Pulling fs layer
6f7b1962d764: Pulling fs layer
92421a00585b: Pulling fs layer
1755349a9517: Pulling fs layer
6361c0c16a9a: Waiting
b7fa1c822b37: Waiting
52bc90a67a58: Waiting
b643345218f3: Waiting
8806a571cc74: Waiting
6f7b1962d764: Waiting
92421a00585b: Waiting
1755349a9517: Waiting
88c97ededfa5: Waiting
0bfa53ef0584: Waiting
406faa0b22ce: Verifying Checksum
406faa0b22ce: Download complete
108ad594590c: Verifying Checksum
108ad594590c: Download complete
c74954296e3d: Verifying Checksum
c74954296e3d: Download complete
0bfa53ef0584: Verifying Checksum
0bfa53ef0584: Download complete
c74954296e3d: Pull complete
88c97ededfa5: Verifying Checksum
88c97ededfa5: Download complete
406faa0b22ce: Pull complete
6361c0c16a9a: Verifying Checksum
6361c0c16a9a: Download complete
b7fa1c822b37: Verifying Checksum
b7fa1c822b37: Download complete
52bc90a67a58: Verifying Checksum
52bc90a67a58: Download complete
108ad594590c: Pull complete
8806a571cc74: Verifying Checksum
8806a571cc74: Download complete
b643345218f3: Verifying Checksum
b643345218f3: Download complete
88c97ededfa5: Pull complete
6f7b1962d764: Download complete
0bfa53ef0584: Pull complete
92421a00585b: Verifying Checksum
92421a00585b: Download complete
1755349a9517: Verifying Checksum
1755349a9517: Download complete
6361c0c16a9a: Pull complete
b7fa1c822b37: Pull complete
52bc90a67a58: Pull complete
b643345218f3: Pull complete
8806a571cc74: Pull complete
6f7b1962d764: Pull complete
92421a00585b: Pull complete
1755349a9517: Pull complete
Digest: sha256:bdd249749908be12facc9dec72e19704371bb893f96dff3e024ec89528a5a08d
Status: Downloaded newer image for composer@sha256:bdd249749908be12facc9dec72e19704371bb893f96dff3e024ec89528a5a08d
docker.io/library/composer@sha256:bdd249749908be12facc9dec72e19704371bb893f96dff3e024ec89528a5a08d
