Name:      docker.io/library/node:24.19.0-bookworm-slim
MediaType: application/vnd.oci.image.index.v1+json
Digest:    sha256:a9f5f7c91a432850b2a8a7797adf5eadb6c733ceed61167806cee7ea7fbc29df
           
Manifests: 
  Name:        docker.io/library/node:24.19.0-bookworm-slim@sha256:e5a8dee7bc1e6a215d224a7ef8206f7e77271bc3cabd5febf2beafac0674f174
  MediaType:   application/vnd.oci.image.manifest.v1+json
  Platform:    linux/amd64
  Annotations: 
    org.opencontainers.image.revision:        fd1bf45c51970427bc899084b5381f6827722246
    org.opencontainers.image.source:          https://github.com/nodejs/docker-node.git#fd1bf45c51970427bc899084b5381f6827722246:24/bookworm-slim
    org.opencontainers.image.url:             https://hub.docker.com/_/node
    org.opencontainers.image.version:         24-bookworm-slim
    com.docker.official-images.bashbrew.arch: amd64
    org.opencontainers.image.base.digest:     sha256:5ae3c39ebd15e229dcedd5cee596b2497182493d41ff162e824ba13fc1b2b867
    org.opencontainers.image.base.name:       debian:bookworm-slim
    org.opencontainers.image.created:         2026-08-25T00:55:03Z
               
  Name:        docker.io/library/node:24.19.0-bookworm-slim@sha256:28725827628597c7f1013b5c2095fc2443488f437c96ada361f7d678fb069396
  MediaType:   application/vnd.oci.image.manifest.v1+json
  Platform:    unknown/unknown
  Annotations: 
    com.docker.official-images.bashbrew.arch: amd64
    vnd.docker.reference.digest:              sha256:e5a8dee7bc1e6a215d224a7ef8206f7e77271bc3cabd5febf2beafac0674f174
    vnd.docker.reference.type:                attestation-manifest
               
  Name:        docker.io/library/node:24.19.0-bookworm-slim@sha256:be8929e08ae137e81b5e1edba02259e6c4cb2f5ad655092bb9f56b97e41c4536
  MediaType:   application/vnd.oci.image.manifest.v1+json
  Platform:    linux/arm64/v8
  Annotations: 
    org.opencontainers.image.base.digest:     sha256:6bd27d44e6c32a66bbd72d7cb2b76a8ae3497ec2e5274a81abd1b37f6013fa1f
    org.opencontainers.image.base.name:       debian:bookworm-slim
    org.opencontainers.image.created:         2026-08-25T00:57:15Z
    org.opencontainers.image.revision:        fd1bf45c51970427bc899084b5381f6827722246
    org.opencontainers.image.source:          https://github.com/nodejs/docker-node.git#fd1bf45c51970427bc899084b5381f6827722246:24/bookworm-slim
    org.opencontainers.image.url:             https://hub.docker.com/_/node
    org.opencontainers.image.version:         24-bookworm-slim
    com.docker.official-images.bashbrew.arch: arm64v8
               
  Name:        docker.io/library/node:24.19.0-bookworm-slim@sha256:b1488362a3bc829ae7a5a96d5c88ecda5bfc2438d687e2a8111be9d1950c9e83
  MediaType:   application/vnd.oci.image.manifest.v1+json
  Platform:    unknown/unknown
  Annotations: 
    vnd.docker.reference.digest:              sha256:be8929e08ae137e81b5e1edba02259e6c4cb2f5ad655092bb9f56b97e41c4536
    vnd.docker.reference.type:                attestation-manifest
    com.docker.official-images.bashbrew.arch: arm64v8
               
  Name:        docker.io/library/node:24.19.0-bookworm-slim@sha256:ce8790b72647b7f030735bb37fe7b9556218b577899b66a746aaea211d36c2e2
  MediaType:   application/vnd.oci.image.manifest.v1+json
  Platform:    linux/ppc64le
  Annotations: 
    org.opencontainers.image.created:         2026-08-25T03:43:21Z
    org.opencontainers.image.revision:        fd1bf45c51970427bc899084b5381f6827722246
    org.opencontainers.image.source:          https://github.com/nodejs/docker-node.git#fd1bf45c51970427bc899084b5381f6827722246:24/bookworm-slim
    org.opencontainers.image.url:             https://hub.docker.com/_/node
    org.opencontainers.image.version:         24-bookworm-slim
    com.docker.official-images.bashbrew.arch: ppc64le
    org.opencontainers.image.base.digest:     sha256:1a51c4ab0470eee849b8a2b565729259eb64159d80dd6481330a17853dcc969f
    org.opencontainers.image.base.name:       debian:bookworm-slim
               
  Name:        docker.io/library/node:24.19.0-bookworm-slim@sha256:253617127ac644635ad982000a9d8fd1db1008c47ad5909fe4603160bb9e02c1
  MediaType:   application/vnd.oci.image.manifest.v1+json
  Platform:    unknown/unknown
  Annotations: 
    com.docker.official-images.bashbrew.arch: ppc64le
    vnd.docker.reference.digest:              sha256:ce8790b72647b7f030735bb37fe7b9556218b577899b66a746aaea211d36c2e2
    vnd.docker.reference.type:                attestation-manifest
