Name:      docker.io/library/composer:2.10.3
MediaType: application/vnd.oci.image.index.v1+json
Digest:    sha256:af98f42dfff7c68ba8d53c2164fd9fde1087b7d449514baa38c418b1f6bc4bac
           
Manifests: 
  Name:        docker.io/library/composer:2.10.3@sha256:bdd249749908be12facc9dec72e19704371bb893f96dff3e024ec89528a5a08d
  MediaType:   application/vnd.oci.image.manifest.v1+json
  Platform:    linux/amd64
  Annotations: 
    org.opencontainers.image.base.name:       php:8-alpine
    org.opencontainers.image.created:         2026-09-24T19:28:58Z
    org.opencontainers.image.revision:        a23788a1b4f65ad2dd090c3ee2a7ad9e35a7d9d1
    org.opencontainers.image.source:          https://github.com/composer/docker.git#a23788a1b4f65ad2dd090c3ee2a7ad9e35a7d9d1:latest
    org.opencontainers.image.url:             https://hub.docker.com/_/composer
    org.opencontainers.image.version:         2.10.3
    com.docker.official-images.bashbrew.arch: amd64
    org.opencontainers.image.base.digest:     sha256:6527fa5ae0609f30a5ae5c0f66c76ba353aaf1e81d10ec1511a029855f0a5c3f
               
  Name:        docker.io/library/composer:2.10.3@sha256:bb928748b3bc6e99c029398901f6682b10b8dc684cf228fc307b8d1742758010
  MediaType:   application/vnd.oci.image.manifest.v1+json
  Platform:    unknown/unknown
  Annotations: 
    com.docker.official-images.bashbrew.arch: amd64
    vnd.docker.reference.digest:              sha256:bdd249749908be12facc9dec72e19704371bb893f96dff3e024ec89528a5a08d
    vnd.docker.reference.type:                attestation-manifest
               
  Name:        docker.io/library/composer:2.10.3@sha256:77d1b86893801155184ae26207840d9d733866e75de2e0081a700cf5b48bb6b9
  MediaType:   application/vnd.oci.image.manifest.v1+json
  Platform:    linux/arm/v6
  Annotations: 
    org.opencontainers.image.base.name:       php:8-alpine
    org.opencontainers.image.created:         2026-09-24T19:36:49Z
    org.opencontainers.image.revision:        a23788a1b4f65ad2dd090c3ee2a7ad9e35a7d9d1
    org.opencontainers.image.source:          https://github.com/composer/docker.git#a23788a1b4f65ad2dd090c3ee2a7ad9e35a7d9d1:latest
    org.opencontainers.image.url:             https://hub.docker.com/_/composer
    org.opencontainers.image.version:         2.10.3
    com.docker.official-images.bashbrew.arch: arm32v6
    org.opencontainers.image.base.digest:     sha256:6261c6e41bfa0f30967e1dbefcb6098082bf6d023de2ad979cbf9ae2e0e4511f
               
  Name:        docker.io/library/composer:2.10.3@sha256:adcc09e56c717e4685c617ecfa9e8918d7aad301912463f2e2b3eed1f33af91a
  MediaType:   application/vnd.oci.image.manifest.v1+json
  Platform:    unknown/unknown
  Annotations: 
    vnd.docker.reference.type:                attestation-manifest
    com.docker.official-images.bashbrew.arch: arm32v6
    vnd.docker.reference.digest:              sha256:77d1b86893801155184ae26207840d9d733866e75de2e0081a700cf5b48bb6b9
               
  Name:        docker.io/library/composer:2.10.3@sha256:f913358691d531713880755c75fe63774635add83c7f9320b90e202c29effe6b
  MediaType:   application/vnd.oci.image.manifest.v1+json
  Platform:    linux/arm/v7
  Annotations: 
    com.docker.official-images.bashbrew.arch: arm32v7
    org.opencontainers.image.base.digest:     sha256:10b8002f65e41ee778ec9313820fdbd543eb8d2856efa18649751f127423a664
    org.opencontainers.image.base.name:       php:8-alpine
    org.opencontainers.image.created:         2026-09-24T20:20:49Z
    org.opencontainers.image.revision:        a23788a1b4f65ad2dd090c3ee2a7ad9e35a7d9d1
    org.opencontainers.image.source:          https://github.com/composer/docker.git#a23788a1b4f65ad2dd090c3ee2a7ad9e35a7d9d1:latest
    org.opencontainers.image.url:             https://hub.docker.com/_/composer
    org.opencontainers.image.version:         2.10.3
               
  Name:        docker.io/library/composer:2.10.3@sha256:2e9961293ff0838c07f4bd5035aafb05d95ccf68c19ba29d09f57e51bb1c979b
  MediaType:   application/vnd.oci.image.manifest.v1+json
  Platform:    unknown/unknown
  Annotations: 
    vnd.docker.reference.type:                attestation-manifest
    com.docker.official-images.bashbrew.arch: arm32v7
    vnd.docker.reference.digest:              sha256:f913358691d531713880755c75fe63774635add83c7f9320b90e202c29effe6b
               
  Name:        docker.io/library/composer:2.10.3@sha256:6b0fbf488bd5f441362f6e9a67daf63f55f9fba8e5670e7292408150669d6171
  MediaType:   application/vnd.oci.image.manifest.v1+json
  Platform:    linux/arm64/v8
  Annotations: 
    org.opencontainers.image.url:             https://hub.docker.com/_/composer
    org.opencontainers.image.version:         2.10.3
    com.docker.official-images.bashbrew.arch: arm64v8
    org.opencontainers.image.base.digest:     sha256:db3eb93df82200779d37e1698c3b72b12bb60f1a5887516141478d925c41ad02
    org.opencontainers.image.base.name:       php:8-alpine
    org.opencontainers.image.created:         2026-09-24T19:28:15Z
    org.opencontainers.image.revision:        a23788a1b4f65ad2dd090c3ee2a7ad9e35a7d9d1
    org.opencontainers.image.source:          https://github.com/composer/docker.git#a23788a1b4f65ad2dd090c3ee2a7ad9e35a7d9d1:latest
               
  Name:        docker.io/library/composer:2.10.3@sha256:9f7283efbc96f30bb3b8832adf968a90dc8fcbcd85835317068a68b48bda0951
  MediaType:   application/vnd.oci.image.manifest.v1+json
  Platform:    unknown/unknown
  Annotations: 
    com.docker.official-images.bashbrew.arch: arm64v8
    vnd.docker.reference.digest:              sha256:6b0fbf488bd5f441362f6e9a67daf63f55f9fba8e5670e7292408150669d6171
    vnd.docker.reference.type:                attestation-manifest
               
  Name:        docker.io/library/composer:2.10.3@sha256:e09279a7c61c296eccc6518a5d706d8bac392d2b3d32bf7f6d6dad7cc166cd6a
  MediaType:   application/vnd.oci.image.manifest.v1+json
  Platform:    linux/386
  Annotations: 
    com.docker.official-images.bashbrew.arch: i386
    org.opencontainers.image.base.digest:     sha256:6bd96076b37e6bf5990d65d9a882bf8e4c804b21f042e65ffd129a121bb414f8
    org.opencontainers.image.base.name:       php:8-alpine
    org.opencontainers.image.created:         2026-09-24T19:27:42Z
    org.opencontainers.image.revision:        a23788a1b4f65ad2dd090c3ee2a7ad9e35a7d9d1
    org.opencontainers.image.source:          https://github.com/composer/docker.git#a23788a1b4f65ad2dd090c3ee2a7ad9e35a7d9d1:latest
    org.opencontainers.image.url:             https://hub.docker.com/_/composer
    org.opencontainers.image.version:         2.10.3
               
  Name:        docker.io/library/composer:2.10.3@sha256:5325b98b21a9b4864dd0bc2278c7b86046696def47a8933d490d3304027fb4fb
  MediaType:   application/vnd.oci.image.manifest.v1+json
  Platform:    unknown/unknown
  Annotations: 
    com.docker.official-images.bashbrew.arch: i386
    vnd.docker.reference.digest:              sha256:e09279a7c61c296eccc6518a5d706d8bac392d2b3d32bf7f6d6dad7cc166cd6a
    vnd.docker.reference.type:                attestation-manifest
               
  Name:        docker.io/library/composer:2.10.3@sha256:9d0c0032fea9a61e2bea51358e76e04586c687f71dcf2de1313ef7088ecc2604
  MediaType:   application/vnd.oci.image.manifest.v1+json
  Platform:    linux/ppc64le
  Annotations: 
    org.opencontainers.image.url:             https://hub.docker.com/_/composer
    org.opencontainers.image.version:         2.10.3
    com.docker.official-images.bashbrew.arch: ppc64le
    org.opencontainers.image.base.digest:     sha256:60e9c90d776eff4d4180a0f76d8c0fadbe2acdc61ecf3549f5f6666b9e0e7e86
    org.opencontainers.image.base.name:       php:8-alpine
    org.opencontainers.image.created:         2026-09-24T22:04:52Z
    org.opencontainers.image.revision:        a23788a1b4f65ad2dd090c3ee2a7ad9e35a7d9d1
    org.opencontainers.image.source:          https://github.com/composer/docker.git#a23788a1b4f65ad2dd090c3ee2a7ad9e35a7d9d1:latest
               
  Name:        docker.io/library/composer:2.10.3@sha256:6918326c514cf78a143d82548bc18960a9f5fb3502c80a8d3b96dde421d20671
  MediaType:   application/vnd.oci.image.manifest.v1+json
  Platform:    unknown/unknown
  Annotations: 
    com.docker.official-images.bashbrew.arch: ppc64le
    vnd.docker.reference.digest:              sha256:9d0c0032fea9a61e2bea51358e76e04586c687f71dcf2de1313ef7088ecc2604
    vnd.docker.reference.type:                attestation-manifest
               
  Name:        docker.io/library/composer:2.10.3@sha256:27a19c5320a7b5ec50117c8d45b794bf69af321bf245939003ef7e062f9e1194
  MediaType:   application/vnd.oci.image.manifest.v1+json
  Platform:    linux/riscv64
  Annotations: 
    org.opencontainers.image.version:         2.10.3
    com.docker.official-images.bashbrew.arch: riscv64
    org.opencontainers.image.base.digest:     sha256:f861cb1a73a55ea9a13639ba2d42753f180ca4aa0010d24604a6cc9ee3c5cb66
    org.opencontainers.image.base.name:       php:8-alpine
    org.opencontainers.image.created:         2026-09-30T03:36:09Z
    org.opencontainers.image.revision:        a23788a1b4f65ad2dd090c3ee2a7ad9e35a7d9d1
    org.opencontainers.image.source:          https://github.com/composer/docker.git#a23788a1b4f65ad2dd090c3ee2a7ad9e35a7d9d1:latest
    org.opencontainers.image.url:             https://hub.docker.com/_/composer
               
  Name:        docker.io/library/composer:2.10.3@sha256:8334ab1314f4b2d6a6819819d0f16c928d06d61af1fd1cd852cdc3b674dfae2f
  MediaType:   application/vnd.oci.image.manifest.v1+json
  Platform:    unknown/unknown
  Annotations: 
    com.docker.official-images.bashbrew.arch: riscv64
    vnd.docker.reference.digest:              sha256:27a19c5320a7b5ec50117c8d45b794bf69af321bf245939003ef7e062f9e1194
    vnd.docker.reference.type:                attestation-manifest
               
  Name:        docker.io/library/composer:2.10.3@sha256:7cbba8924a408be78cc67ee60d803b8d1d309922d4ad558d48fee5f6bef3e6ff
  MediaType:   application/vnd.oci.image.manifest.v1+json
  Platform:    linux/s390x
  Annotations: 
    org.opencontainers.image.base.name:       php:8-alpine
    org.opencontainers.image.created:         2026-09-24T19:50:05Z
    org.opencontainers.image.revision:        a23788a1b4f65ad2dd090c3ee2a7ad9e35a7d9d1
    org.opencontainers.image.source:          https://github.com/composer/docker.git#a23788a1b4f65ad2dd090c3ee2a7ad9e35a7d9d1:latest
    org.opencontainers.image.url:             https://hub.docker.com/_/composer
    org.opencontainers.image.version:         2.10.3
    com.docker.official-images.bashbrew.arch: s390x
    org.opencontainers.image.base.digest:     sha256:ffba7a5d14d104c55bdb6cd291ad719906c9a212a500d53dfc8cd40310194dd4
               
  Name:        docker.io/library/composer:2.10.3@sha256:36f302ac0c199be5bbde9cc877ba1c861f9a0308adccd4af06b83a1a0a34dabe
  MediaType:   application/vnd.oci.image.manifest.v1+json
  Platform:    unknown/unknown
  Annotations: 
    vnd.docker.reference.digest:              sha256:7cbba8924a408be78cc67ee60d803b8d1d309922d4ad558d48fee5f6bef3e6ff
    vnd.docker.reference.type:                attestation-manifest
    com.docker.official-images.bashbrew.arch: s390x
