{
    "apiVersion": "v1",
    "items": [
        {
            "apiVersion": "v1",
            "kind": "Node",
            "metadata": {
                "annotations": {
                    "node.alpha.kubernetes.io/ttl": "0",
                    "volumes.kubernetes.io/controller-managed-attach-detach": "true"
                },
                "creationTimestamp": "2026-10-05T00:24:17Z",
                "labels": {
                    "beta.kubernetes.io/arch": "amd64",
                    "beta.kubernetes.io/os": "linux",
                    "kubernetes.io/arch": "amd64",
                    "kubernetes.io/hostname": "p01-c9c202786437-601e9835-control-plane",
                    "kubernetes.io/os": "linux",
                    "node-role.kubernetes.io/control-plane": "",
                    "node.kubernetes.io/exclude-from-external-load-balancers": ""
                },
                "name": "p01-c9c202786437-601e9835-control-plane",
                "resourceVersion": "671",
                "uid": "34291f5b-1c39-4b0d-91a6-2ecfd5e6cb2e"
            },
            "spec": {
                "podCIDR": "10.244.0.0/24",
                "podCIDRs": [
                    "10.244.0.0/24"
                ],
                "providerID": "kind://docker/p01-c9c202786437-601e9835/p01-c9c202786437-601e9835-control-plane",
                "taints": [
                    {
                        "effect": "NoSchedule",
                        "key": "node-role.kubernetes.io/control-plane"
                    }
                ]
            },
            "status": {
                "addresses": [
                    {
                        "address": "172.18.0.3",
                        "type": "InternalIP"
                    },
                    {
                        "address": "p01-c9c202786437-601e9835-control-plane",
                        "type": "Hostname"
                    }
                ],
                "allocatable": {
                    "cpu": "4",
                    "ephemeral-storage": "151263856Ki",
                    "hugepages-1Gi": "0",
                    "hugepages-2Mi": "0",
                    "memory": "16373452Ki",
                    "pods": "110"
                },
                "capacity": {
                    "cpu": "4",
                    "ephemeral-storage": "151263856Ki",
                    "hugepages-1Gi": "0",
                    "hugepages-2Mi": "0",
                    "memory": "16373452Ki",
                    "pods": "110"
                },
                "conditions": [
                    {
                        "lastHeartbeatTime": "2026-10-05T00:25:01Z",
                        "lastTransitionTime": "2026-10-05T00:25:01Z",
                        "message": "Cilium is running on this node",
                        "reason": "CiliumIsUp",
                        "status": "False",
                        "type": "NetworkUnavailable"
                    },
                    {
                        "lastHeartbeatTime": "2026-10-05T00:24:55Z",
                        "lastTransitionTime": "2026-10-05T00:24:16Z",
                        "message": "kubelet has sufficient memory available",
                        "reason": "KubeletHasSufficientMemory",
                        "status": "False",
                        "type": "MemoryPressure"
                    },
                    {
                        "lastHeartbeatTime": "2026-10-05T00:24:55Z",
                        "lastTransitionTime": "2026-10-05T00:24:16Z",
                        "message": "kubelet has no disk pressure",
                        "reason": "KubeletHasNoDiskPressure",
                        "status": "False",
                        "type": "DiskPressure"
                    },
                    {
                        "lastHeartbeatTime": "2026-10-05T00:24:55Z",
                        "lastTransitionTime": "2026-10-05T00:24:16Z",
                        "message": "kubelet has sufficient PID available",
                        "reason": "KubeletHasSufficientPID",
                        "status": "False",
                        "type": "PIDPressure"
                    },
                    {
                        "lastHeartbeatTime": "2026-10-05T00:24:55Z",
                        "lastTransitionTime": "2026-10-05T00:24:55Z",
                        "message": "kubelet is posting ready status",
                        "reason": "KubeletReady",
                        "status": "True",
                        "type": "Ready"
                    }
                ],
                "daemonEndpoints": {
                    "kubeletEndpoint": {
                        "Port": 10250
                    }
                },
                "declaredFeatures": [
                    "ExtendWebSocketsToKubelet",
                    "InPlacePodLevelResourcesVerticalScaling",
                    "InPlacePodVerticalScalingInitContainers",
                    "RestartAllContainersOnContainerExits"
                ],
                "features": {
                    "supplementalGroupsPolicy": true
                },
                "images": [
                    {
                        "names": [
                            "quay.io/cilium/cilium@sha256:2939231d0d3e3ebddcd80fffa168b7ddcc78fdf0dc864d1c8c126ff523c54f01"
                        ],
                        "sizeBytes": 257817200
                    },
                    {
                        "names": [
                            "docker.io/library/import-2026-08-26@sha256:2123d119ca32eb19622df2e6279e27bc028d2c33d0e4afb46f197ca134e5f687",
                            "registry.k8s.io/kube-apiserver-amd64:v1.36.4",
                            "registry.k8s.io/kube-apiserver:v1.36.4"
                        ],
                        "sizeBytes": 96820086
                    },
                    {
                        "names": [
                            "docker.io/library/import-2026-08-26@sha256:5d1180ec5fa02cc8ffe2244491197efc92b5afe8637dbd2267cdb3a2102cde9c",
                            "registry.k8s.io/kube-controller-manager-amd64:v1.36.4",
                            "registry.k8s.io/kube-controller-manager:v1.36.4"
                        ],
                        "sizeBytes": 85995229
                    },
                    {
                        "names": [
                            "docker.io/library/import-2026-08-26@sha256:306a0415be3708a014f45abffffdffbf23c3625029b7b7b35c310b801205512a",
                            "registry.k8s.io/kube-proxy-amd64:v1.36.4",
                            "registry.k8s.io/kube-proxy:v1.36.4"
                        ],
                        "sizeBytes": 81708772
                    },
                    {
                        "names": [
                            "docker.io/library/import-2026-08-26@sha256:8aec479d9e6484c30cd03cc157e65ce2f661e4f5f67876aa6315686602faccdd",
                            "registry.k8s.io/kube-scheduler-amd64:v1.36.4",
                            "registry.k8s.io/kube-scheduler:v1.36.4"
                        ],
                        "sizeBytes": 60788445
                    },
                    {
                        "names": [
                            "docker.io/kindest/kindnetd:v20260820-69b56db7"
                        ],
                        "sizeBytes": 39744255
                    },
                    {
                        "names": [
                            "registry.k8s.io/coredns/coredns:v1.14.2"
                        ],
                        "sizeBytes": 23257541
                    },
                    {
                        "names": [
                            "registry.k8s.io/etcd:3.6.8-0"
                        ],
                        "sizeBytes": 22885795
                    },
                    {
                        "names": [
                            "docker.io/kindest/local-path-provisioner:v20260820-69b56db7"
                        ],
                        "sizeBytes": 15868133
                    },
                    {
                        "names": [
                            "docker.io/kindest/local-path-helper:v20260131-7181c60a"
                        ],
                        "sizeBytes": 2872608
                    },
                    {
                        "names": [
                            "registry.k8s.io/pause:3.10"
                        ],
                        "sizeBytes": 320368
                    }
                ],
                "nodeInfo": {
                    "architecture": "amd64",
                    "bootID": "6192b631-6b1c-4d3a-bb69-427c88efd5c8",
                    "containerRuntimeVersion": "containerd://2.3.4",
                    "kernelVersion": "6.17.0-1022-azure",
                    "kubeProxyVersion": "",
                    "kubeletVersion": "v1.36.4",
                    "machineID": "145e70b5595245659cc6c51bcbb67c7d",
                    "operatingSystem": "linux",
                    "osImage": "Debian GNU/Linux 13 (trixie)",
                    "swap": {
                        "capacity": 3221221376
                    },
                    "systemUUID": "78f12bee-d711-41d2-82d8-e1488dc5339e"
                },
                "runtimeHandlers": [
                    {
                        "features": {
                            "recursiveReadOnlyMounts": true,
                            "userNamespaces": true
                        },
                        "name": ""
                    },
                    {
                        "features": {
                            "recursiveReadOnlyMounts": true,
                            "userNamespaces": true
                        },
                        "name": "runc"
                    },
                    {
                        "features": {
                            "recursiveReadOnlyMounts": true,
                            "userNamespaces": true
                        },
                        "name": "test-handler"
                    }
                ]
            }
        },
        {
            "apiVersion": "v1",
            "kind": "Node",
            "metadata": {
                "annotations": {
                    "node.alpha.kubernetes.io/ttl": "0",
                    "volumes.kubernetes.io/controller-managed-attach-detach": "true"
                },
                "creationTimestamp": "2026-10-05T00:24:31Z",
                "labels": {
                    "beta.kubernetes.io/arch": "amd64",
                    "beta.kubernetes.io/os": "linux",
                    "kubernetes.io/arch": "amd64",
                    "kubernetes.io/hostname": "p01-c9c202786437-601e9835-worker",
                    "kubernetes.io/os": "linux"
                },
                "name": "p01-c9c202786437-601e9835-worker",
                "resourceVersion": "685",
                "uid": "3a8f7749-69e4-4dc4-834b-b10b92cba7c0"
            },
            "spec": {
                "podCIDR": "10.244.1.0/24",
                "podCIDRs": [
                    "10.244.1.0/24"
                ],
                "providerID": "kind://docker/p01-c9c202786437-601e9835/p01-c9c202786437-601e9835-worker"
            },
            "status": {
                "addresses": [
                    {
                        "address": "172.18.0.2",
                        "type": "InternalIP"
                    },
                    {
                        "address": "p01-c9c202786437-601e9835-worker",
                        "type": "Hostname"
                    }
                ],
                "allocatable": {
                    "cpu": "4",
                    "ephemeral-storage": "151263856Ki",
                    "hugepages-1Gi": "0",
                    "hugepages-2Mi": "0",
                    "memory": "16373452Ki",
                    "pods": "110"
                },
                "capacity": {
                    "cpu": "4",
                    "ephemeral-storage": "151263856Ki",
                    "hugepages-1Gi": "0",
                    "hugepages-2Mi": "0",
                    "memory": "16373452Ki",
                    "pods": "110"
                },
                "conditions": [
                    {
                        "lastHeartbeatTime": "2026-10-05T00:25:01Z",
                        "lastTransitionTime": "2026-10-05T00:25:01Z",
                        "message": "Cilium is running on this node",
                        "reason": "CiliumIsUp",
                        "status": "False",
                        "type": "NetworkUnavailable"
                    },
                    {
                        "lastHeartbeatTime": "2026-10-05T00:24:56Z",
                        "lastTransitionTime": "2026-10-05T00:24:31Z",
                        "message": "kubelet has sufficient memory available",
                        "reason": "KubeletHasSufficientMemory",
                        "status": "False",
                        "type": "MemoryPressure"
                    },
                    {
                        "lastHeartbeatTime": "2026-10-05T00:24:56Z",
                        "lastTransitionTime": "2026-10-05T00:24:31Z",
                        "message": "kubelet has no disk pressure",
                        "reason": "KubeletHasNoDiskPressure",
                        "status": "False",
                        "type": "DiskPressure"
                    },
                    {
                        "lastHeartbeatTime": "2026-10-05T00:24:56Z",
                        "lastTransitionTime": "2026-10-05T00:24:31Z",
                        "message": "kubelet has sufficient PID available",
                        "reason": "KubeletHasSufficientPID",
                        "status": "False",
                        "type": "PIDPressure"
                    },
                    {
                        "lastHeartbeatTime": "2026-10-05T00:24:56Z",
                        "lastTransitionTime": "2026-10-05T00:24:56Z",
                        "message": "kubelet is posting ready status",
                        "reason": "KubeletReady",
                        "status": "True",
                        "type": "Ready"
                    }
                ],
                "daemonEndpoints": {
                    "kubeletEndpoint": {
                        "Port": 10250
                    }
                },
                "declaredFeatures": [
                    "ExtendWebSocketsToKubelet",
                    "InPlacePodLevelResourcesVerticalScaling",
                    "InPlacePodVerticalScalingInitContainers",
                    "RestartAllContainersOnContainerExits"
                ],
                "features": {
                    "supplementalGroupsPolicy": true
                },
                "images": [
                    {
                        "names": [
                            "docker.io/library/import-2026-08-26@sha256:2123d119ca32eb19622df2e6279e27bc028d2c33d0e4afb46f197ca134e5f687",
                            "registry.k8s.io/kube-apiserver-amd64:v1.36.4",
                            "registry.k8s.io/kube-apiserver:v1.36.4"
                        ],
                        "sizeBytes": 96820086
                    },
                    {
                        "names": [
                            "docker.io/library/import-2026-08-26@sha256:5d1180ec5fa02cc8ffe2244491197efc92b5afe8637dbd2267cdb3a2102cde9c",
                            "registry.k8s.io/kube-controller-manager-amd64:v1.36.4",
                            "registry.k8s.io/kube-controller-manager:v1.36.4"
                        ],
                        "sizeBytes": 85995229
                    },
                    {
                        "names": [
                            "docker.io/library/import-2026-08-26@sha256:306a0415be3708a014f45abffffdffbf23c3625029b7b7b35c310b801205512a",
                            "registry.k8s.io/kube-proxy-amd64:v1.36.4",
                            "registry.k8s.io/kube-proxy:v1.36.4"
                        ],
                        "sizeBytes": 81708772
                    },
                    {
                        "names": [
                            "docker.io/library/import-2026-08-26@sha256:8aec479d9e6484c30cd03cc157e65ce2f661e4f5f67876aa6315686602faccdd",
                            "registry.k8s.io/kube-scheduler-amd64:v1.36.4",
                            "registry.k8s.io/kube-scheduler:v1.36.4"
                        ],
                        "sizeBytes": 60788445
                    },
                    {
                        "names": [
                            "docker.io/kindest/kindnetd:v20260820-69b56db7"
                        ],
                        "sizeBytes": 39744255
                    },
                    {
                        "names": [
                            "registry.k8s.io/coredns/coredns:v1.14.2"
                        ],
                        "sizeBytes": 23257541
                    },
                    {
                        "names": [
                            "registry.k8s.io/etcd:3.6.8-0"
                        ],
                        "sizeBytes": 22885795
                    },
                    {
                        "names": [
                            "docker.io/kindest/local-path-provisioner:v20260820-69b56db7"
                        ],
                        "sizeBytes": 15868133
                    },
                    {
                        "names": [
                            "docker.io/kindest/local-path-helper:v20260131-7181c60a"
                        ],
                        "sizeBytes": 2872608
                    },
                    {
                        "names": [
                            "registry.k8s.io/pause:3.10"
                        ],
                        "sizeBytes": 320368
                    }
                ],
                "nodeInfo": {
                    "architecture": "amd64",
                    "bootID": "6192b631-6b1c-4d3a-bb69-427c88efd5c8",
                    "containerRuntimeVersion": "containerd://2.3.4",
                    "kernelVersion": "6.17.0-1022-azure",
                    "kubeProxyVersion": "",
                    "kubeletVersion": "v1.36.4",
                    "machineID": "27f6f61430c847eb8be8885ef2e9615d",
                    "operatingSystem": "linux",
                    "osImage": "Debian GNU/Linux 13 (trixie)",
                    "swap": {
                        "capacity": 3221221376
                    },
                    "systemUUID": "f8097537-5049-4086-8731-c1ffc87a4193"
                },
                "runtimeHandlers": [
                    {
                        "features": {
                            "recursiveReadOnlyMounts": true,
                            "userNamespaces": true
                        },
                        "name": ""
                    },
                    {
                        "features": {
                            "recursiveReadOnlyMounts": true,
                            "userNamespaces": true
                        },
                        "name": "runc"
                    },
                    {
                        "features": {
                            "recursiveReadOnlyMounts": true,
                            "userNamespaces": true
                        },
                        "name": "test-handler"
                    }
                ]
            }
        }
    ],
    "kind": "List",
    "metadata": {
        "resourceVersion": ""
    }
}
