{
    "apiVersion": "v1",
    "items": [
        {
            "apiVersion": "v1",
            "kind": "Pod",
            "metadata": {
                "creationTimestamp": "2026-10-05T00:26:42Z",
                "generateName": "assurance-proxy-749fffdbc-",
                "generation": 1,
                "labels": {
                    "app.kubernetes.io/part-of": "p01-foundation",
                    "p01.role": "proxy",
                    "p01.service": "assurance",
                    "pod-template-hash": "749fffdbc"
                },
                "name": "assurance-proxy-749fffdbc-lhh49",
                "namespace": "p01-c9c202786437-601e9835",
                "ownerReferences": [
                    {
                        "apiVersion": "apps/v1",
                        "blockOwnerDeletion": true,
                        "controller": true,
                        "kind": "ReplicaSet",
                        "name": "assurance-proxy-749fffdbc",
                        "uid": "0fedf942-742d-4308-b08b-1aa4dec1f6bf"
                    }
                ],
                "resourceVersion": "2014",
                "uid": "172f1bc2-0fa7-48d0-92e9-a2a16ed573dd"
            },
            "spec": {
                "automountServiceAccountToken": false,
                "containers": [
                    {
                        "args": [
                            "-g",
                            "daemon off;"
                        ],
                        "command": [
                            "/usr/sbin/nginx"
                        ],
                        "image": "p01.local/nginx:manifest-sha256-3d2f995522ddb52c3a4eb8008b8fa26f184f7146851df1da831f88885ac40aae",
                        "imagePullPolicy": "Never",
                        "livenessProbe": {
                            "failureThreshold": 3,
                            "periodSeconds": 10,
                            "successThreshold": 1,
                            "tcpSocket": {
                                "port": 8443
                            },
                            "timeoutSeconds": 2
                        },
                        "name": "assurance-proxy",
                        "readinessProbe": {
                            "failureThreshold": 3,
                            "periodSeconds": 5,
                            "successThreshold": 1,
                            "tcpSocket": {
                                "port": 8443
                            },
                            "timeoutSeconds": 2
                        },
                        "resources": {
                            "limits": {
                                "cpu": "1",
                                "memory": "128Mi"
                            },
                            "requests": {
                                "cpu": "25m",
                                "memory": "64Mi"
                            }
                        },
                        "securityContext": {
                            "allowPrivilegeEscalation": false,
                            "capabilities": {
                                "drop": [
                                    "ALL"
                                ]
                            },
                            "readOnlyRootFilesystem": true,
                            "runAsGroup": 10001,
                            "runAsNonRoot": true,
                            "runAsUser": 10001
                        },
                        "terminationMessagePath": "/dev/termination-log",
                        "terminationMessagePolicy": "File",
                        "volumeMounts": [
                            {
                                "mountPath": "/run/secrets",
                                "name": "secrets",
                                "readOnly": true
                            },
                            {
                                "mountPath": "/tmp",
                                "name": "tmp"
                            },
                            {
                                "mountPath": "/etc/nginx/nginx.conf",
                                "name": "config",
                                "readOnly": true,
                                "subPath": "nginx.conf"
                            },
                            {
                                "mountPath": "/srv/public",
                                "name": "public",
                                "readOnly": true
                            }
                        ]
                    }
                ],
                "dnsPolicy": "ClusterFirst",
                "enableServiceLinks": false,
                "initContainers": [
                    {
                        "command": [
                            "/bin/sh",
                            "-ec",
                            "cp -R /app/public/. /srv/public/"
                        ],
                        "image": "p01.local/assurance:sha256-14df9aa61fc7e9ea20f3fe9747268cb8e8b5ef8a2b4d03408a510ebf80f899df",
                        "imagePullPolicy": "Never",
                        "name": "copy-public-assets",
                        "resources": {
                            "limits": {
                                "cpu": "1",
                                "memory": "256Mi"
                            },
                            "requests": {
                                "cpu": "25m",
                                "memory": "64Mi"
                            }
                        },
                        "securityContext": {
                            "allowPrivilegeEscalation": false,
                            "capabilities": {
                                "drop": [
                                    "ALL"
                                ]
                            },
                            "readOnlyRootFilesystem": true,
                            "runAsGroup": 10001,
                            "runAsNonRoot": true,
                            "runAsUser": 10001
                        },
                        "terminationMessagePath": "/dev/termination-log",
                        "terminationMessagePolicy": "File",
                        "volumeMounts": [
                            {
                                "mountPath": "/srv/public",
                                "name": "public"
                            }
                        ]
                    }
                ],
                "nodeName": "p01-c9c202786437-601e9835-worker",
                "preemptionPolicy": "PreemptLowerPriority",
                "priority": 0,
                "restartPolicy": "Always",
                "schedulerName": "default-scheduler",
                "securityContext": {
                    "fsGroup": 10001,
                    "runAsGroup": 10001,
                    "runAsNonRoot": true,
                    "runAsUser": 10001,
                    "seccompProfile": {
                        "type": "RuntimeDefault"
                    }
                },
                "serviceAccount": "assurance-proxy",
                "serviceAccountName": "assurance-proxy",
                "terminationGracePeriodSeconds": 30,
                "tolerations": [
                    {
                        "effect": "NoExecute",
                        "key": "node.kubernetes.io/not-ready",
                        "operator": "Exists",
                        "tolerationSeconds": 300
                    },
                    {
                        "effect": "NoExecute",
                        "key": "node.kubernetes.io/unreachable",
                        "operator": "Exists",
                        "tolerationSeconds": 300
                    }
                ],
                "volumes": [
                    {
                        "name": "secrets",
                        "secret": {
                            "defaultMode": 292,
                            "secretName": "assurance-tls"
                        }
                    },
                    {
                        "emptyDir": {
                            "medium": "Memory",
                            "sizeLimit": "32Mi"
                        },
                        "name": "tmp"
                    },
                    {
                        "configMap": {
                            "defaultMode": 420,
                            "name": "assurance-proxy"
                        },
                        "name": "config"
                    },
                    {
                        "emptyDir": {
                            "sizeLimit": "64Mi"
                        },
                        "name": "public"
                    }
                ]
            },
            "status": {
                "allocatedResources": {
                    "cpu": "25m",
                    "memory": "64Mi"
                },
                "conditions": [
                    {
                        "lastProbeTime": null,
                        "lastTransitionTime": "2026-10-05T00:26:43Z",
                        "observedGeneration": 1,
                        "status": "True",
                        "type": "PodReadyToStartContainers"
                    },
                    {
                        "lastProbeTime": null,
                        "lastTransitionTime": "2026-10-05T00:26:47Z",
                        "observedGeneration": 1,
                        "status": "True",
                        "type": "Initialized"
                    },
                    {
                        "lastProbeTime": null,
                        "lastTransitionTime": "2026-10-05T00:26:48Z",
                        "observedGeneration": 1,
                        "status": "True",
                        "type": "Ready"
                    },
                    {
                        "lastProbeTime": null,
                        "lastTransitionTime": "2026-10-05T00:26:48Z",
                        "observedGeneration": 1,
                        "status": "True",
                        "type": "ContainersReady"
                    },
                    {
                        "lastProbeTime": null,
                        "lastTransitionTime": "2026-10-05T00:26:42Z",
                        "observedGeneration": 1,
                        "status": "True",
                        "type": "PodScheduled"
                    }
                ],
                "containerStatuses": [
                    {
                        "allocatedResources": {
                            "cpu": "25m",
                            "memory": "64Mi"
                        },
                        "containerID": "containerd://924d1ff3c87619b95f3b99bc1fda9152e58eb91d14f9b59f6cf3123134d93b8a",
                        "image": "p01.local/nginx:manifest-sha256-3d2f995522ddb52c3a4eb8008b8fa26f184f7146851df1da831f88885ac40aae",
                        "imageID": "docker.io/library/import-2026-10-05@sha256:5c7e4ac215c73965ec024805e7feb2f942e4570d89003814734678eb756ea3de",
                        "lastState": {},
                        "name": "assurance-proxy",
                        "ready": true,
                        "resources": {
                            "limits": {
                                "cpu": "1",
                                "memory": "128Mi"
                            },
                            "requests": {
                                "cpu": "25m",
                                "memory": "64Mi"
                            }
                        },
                        "restartCount": 0,
                        "started": true,
                        "state": {
                            "running": {
                                "startedAt": "2026-10-05T00:26:48Z"
                            }
                        },
                        "user": {
                            "linux": {
                                "gid": 10001,
                                "supplementalGroups": [
                                    10001
                                ],
                                "uid": 10001
                            }
                        },
                        "volumeMounts": [
                            {
                                "mountPath": "/run/secrets",
                                "name": "secrets",
                                "readOnly": true,
                                "recursiveReadOnly": "Disabled"
                            },
                            {
                                "mountPath": "/tmp",
                                "name": "tmp"
                            },
                            {
                                "mountPath": "/etc/nginx/nginx.conf",
                                "name": "config",
                                "readOnly": true,
                                "recursiveReadOnly": "Disabled"
                            },
                            {
                                "mountPath": "/srv/public",
                                "name": "public",
                                "readOnly": true,
                                "recursiveReadOnly": "Disabled"
                            }
                        ]
                    }
                ],
                "hostIP": "172.18.0.2",
                "hostIPs": [
                    {
                        "ip": "172.18.0.2"
                    }
                ],
                "initContainerStatuses": [
                    {
                        "allocatedResources": {
                            "cpu": "25m",
                            "memory": "64Mi"
                        },
                        "containerID": "containerd://07126a4ddf958abf0163daa708c67e8ac8b83d961491a6b5b4865d2f58dd4ef4",
                        "image": "p01.local/assurance:sha256-14df9aa61fc7e9ea20f3fe9747268cb8e8b5ef8a2b4d03408a510ebf80f899df",
                        "imageID": "docker.io/library/import-2026-10-05@sha256:8a5eef21c585d417e043251fc48b8c12346b48e964890a957f6110a9f9cc3818",
                        "lastState": {},
                        "name": "copy-public-assets",
                        "ready": true,
                        "resources": {
                            "limits": {
                                "cpu": "1",
                                "memory": "256Mi"
                            },
                            "requests": {
                                "cpu": "25m",
                                "memory": "64Mi"
                            }
                        },
                        "restartCount": 0,
                        "started": false,
                        "state": {
                            "terminated": {
                                "containerID": "containerd://07126a4ddf958abf0163daa708c67e8ac8b83d961491a6b5b4865d2f58dd4ef4",
                                "exitCode": 0,
                                "finishedAt": "2026-10-05T00:26:44Z",
                                "reason": "Completed",
                                "startedAt": "2026-10-05T00:26:44Z"
                            }
                        },
                        "user": {
                            "linux": {
                                "gid": 10001,
                                "supplementalGroups": [
                                    10001
                                ],
                                "uid": 10001
                            }
                        },
                        "volumeMounts": [
                            {
                                "mountPath": "/srv/public",
                                "name": "public"
                            }
                        ]
                    }
                ],
                "observedGeneration": 1,
                "phase": "Running",
                "podIP": "10.244.1.38",
                "podIPs": [
                    {
                        "ip": "10.244.1.38"
                    }
                ],
                "qosClass": "Burstable",
                "resources": {
                    "limits": {
                        "cpu": "1",
                        "memory": "256Mi"
                    },
                    "requests": {
                        "memory": "64Mi"
                    }
                },
                "startTime": "2026-10-05T00:26:42Z"
            }
        }
    ],
    "kind": "List",
    "metadata": {
        "resourceVersion": ""
    }
}
