{
    "apiVersion": "v1",
    "items": [
        {
            "apiVersion": "networking.k8s.io/v1",
            "kind": "NetworkPolicy",
            "metadata": {
                "annotations": {
                    "kubectl.kubernetes.io/last-applied-configuration": "{\"apiVersion\":\"networking.k8s.io/v1\",\"kind\":\"NetworkPolicy\",\"metadata\":{\"annotations\":{},\"name\":\"assurance-application\",\"namespace\":\"p01-c9c202786437-601e9835\"},\"spec\":{\"egress\":[{\"ports\":[{\"port\":5432,\"protocol\":\"TCP\"}],\"to\":[{\"podSelector\":{\"matchLabels\":{\"app.kubernetes.io/part-of\":\"p01-foundation\",\"p01.role\":\"postgres\",\"p01.service\":\"postgres\"}}}]}],\"ingress\":[{\"from\":[{\"podSelector\":{\"matchLabels\":{\"app.kubernetes.io/part-of\":\"p01-foundation\",\"p01.role\":\"proxy\",\"p01.service\":\"assurance\"}}}],\"ports\":[{\"port\":9000,\"protocol\":\"TCP\"}]}],\"podSelector\":{\"matchLabels\":{\"app.kubernetes.io/part-of\":\"p01-foundation\",\"p01.role\":\"app\",\"p01.service\":\"assurance\"}},\"policyTypes\":[\"Ingress\",\"Egress\"]}}\n"
                },
                "creationTimestamp": "2026-10-05T00:26:42Z",
                "generation": 1,
                "name": "assurance-application",
                "namespace": "p01-c9c202786437-601e9835",
                "resourceVersion": "1181",
                "uid": "c533bd69-eefc-42c6-bc9e-c18b85f4bece"
            },
            "spec": {
                "egress": [
                    {
                        "ports": [
                            {
                                "port": 5432,
                                "protocol": "TCP"
                            }
                        ],
                        "to": [
                            {
                                "podSelector": {
                                    "matchLabels": {
                                        "app.kubernetes.io/part-of": "p01-foundation",
                                        "p01.role": "postgres",
                                        "p01.service": "postgres"
                                    }
                                }
                            }
                        ]
                    }
                ],
                "ingress": [
                    {
                        "from": [
                            {
                                "podSelector": {
                                    "matchLabels": {
                                        "app.kubernetes.io/part-of": "p01-foundation",
                                        "p01.role": "proxy",
                                        "p01.service": "assurance"
                                    }
                                }
                            }
                        ],
                        "ports": [
                            {
                                "port": 9000,
                                "protocol": "TCP"
                            }
                        ]
                    }
                ],
                "podSelector": {
                    "matchLabels": {
                        "app.kubernetes.io/part-of": "p01-foundation",
                        "p01.role": "app",
                        "p01.service": "assurance"
                    }
                },
                "policyTypes": [
                    "Ingress",
                    "Egress"
                ]
            }
        },
        {
            "apiVersion": "networking.k8s.io/v1",
            "kind": "NetworkPolicy",
            "metadata": {
                "annotations": {
                    "kubectl.kubernetes.io/last-applied-configuration": "{\"apiVersion\":\"networking.k8s.io/v1\",\"kind\":\"NetworkPolicy\",\"metadata\":{\"annotations\":{},\"name\":\"assurance-migrator\",\"namespace\":\"p01-c9c202786437-601e9835\"},\"spec\":{\"egress\":[{\"ports\":[{\"port\":5432,\"protocol\":\"TCP\"}],\"to\":[{\"podSelector\":{\"matchLabels\":{\"app.kubernetes.io/part-of\":\"p01-foundation\",\"p01.role\":\"postgres\",\"p01.service\":\"postgres\"}}}]}],\"podSelector\":{\"matchLabels\":{\"app.kubernetes.io/part-of\":\"p01-foundation\",\"p01.role\":\"migrator\",\"p01.service\":\"assurance\"}},\"policyTypes\":[\"Egress\"]}}\n"
                },
                "creationTimestamp": "2026-10-05T00:26:42Z",
                "generation": 1,
                "name": "assurance-migrator",
                "namespace": "p01-c9c202786437-601e9835",
                "resourceVersion": "1183",
                "uid": "a629f50a-31d5-4762-bde6-dd61ab5a6e0a"
            },
            "spec": {
                "egress": [
                    {
                        "ports": [
                            {
                                "port": 5432,
                                "protocol": "TCP"
                            }
                        ],
                        "to": [
                            {
                                "podSelector": {
                                    "matchLabels": {
                                        "app.kubernetes.io/part-of": "p01-foundation",
                                        "p01.role": "postgres",
                                        "p01.service": "postgres"
                                    }
                                }
                            }
                        ]
                    }
                ],
                "podSelector": {
                    "matchLabels": {
                        "app.kubernetes.io/part-of": "p01-foundation",
                        "p01.role": "migrator",
                        "p01.service": "assurance"
                    }
                },
                "policyTypes": [
                    "Egress"
                ]
            }
        },
        {
            "apiVersion": "networking.k8s.io/v1",
            "kind": "NetworkPolicy",
            "metadata": {
                "annotations": {
                    "kubectl.kubernetes.io/last-applied-configuration": "{\"apiVersion\":\"networking.k8s.io/v1\",\"kind\":\"NetworkPolicy\",\"metadata\":{\"annotations\":{},\"name\":\"assurance-probe\",\"namespace\":\"p01-c9c202786437-601e9835\"},\"spec\":{\"egress\":[{\"ports\":[{\"port\":8443,\"protocol\":\"TCP\"}],\"to\":[{\"podSelector\":{\"matchLabels\":{\"app.kubernetes.io/part-of\":\"p01-foundation\",\"p01.role\":\"proxy\",\"p01.service\":\"assurance\"}}}]}],\"podSelector\":{\"matchLabels\":{\"app.kubernetes.io/part-of\":\"p01-foundation\",\"p01.role\":\"probe\",\"p01.service\":\"assurance\"}},\"policyTypes\":[\"Egress\"]}}\n"
                },
                "creationTimestamp": "2026-10-05T00:26:42Z",
                "generation": 1,
                "name": "assurance-probe",
                "namespace": "p01-c9c202786437-601e9835",
                "resourceVersion": "1184",
                "uid": "43ff205e-1b1f-479f-a616-0553afea2080"
            },
            "spec": {
                "egress": [
                    {
                        "ports": [
                            {
                                "port": 8443,
                                "protocol": "TCP"
                            }
                        ],
                        "to": [
                            {
                                "podSelector": {
                                    "matchLabels": {
                                        "app.kubernetes.io/part-of": "p01-foundation",
                                        "p01.role": "proxy",
                                        "p01.service": "assurance"
                                    }
                                }
                            }
                        ]
                    }
                ],
                "podSelector": {
                    "matchLabels": {
                        "app.kubernetes.io/part-of": "p01-foundation",
                        "p01.role": "probe",
                        "p01.service": "assurance"
                    }
                },
                "policyTypes": [
                    "Egress"
                ]
            }
        },
        {
            "apiVersion": "networking.k8s.io/v1",
            "kind": "NetworkPolicy",
            "metadata": {
                "annotations": {
                    "kubectl.kubernetes.io/last-applied-configuration": "{\"apiVersion\":\"networking.k8s.io/v1\",\"kind\":\"NetworkPolicy\",\"metadata\":{\"annotations\":{},\"name\":\"assurance-proxy\",\"namespace\":\"p01-c9c202786437-601e9835\"},\"spec\":{\"egress\":[{\"ports\":[{\"port\":9000,\"protocol\":\"TCP\"}],\"to\":[{\"podSelector\":{\"matchLabels\":{\"app.kubernetes.io/part-of\":\"p01-foundation\",\"p01.role\":\"app\",\"p01.service\":\"assurance\"}}}]}],\"ingress\":[{\"from\":[{\"podSelector\":{\"matchLabels\":{\"app.kubernetes.io/part-of\":\"p01-foundation\",\"p01.role\":\"probe\",\"p01.service\":\"assurance\"}}}],\"ports\":[{\"port\":8443,\"protocol\":\"TCP\"}]}],\"podSelector\":{\"matchLabels\":{\"app.kubernetes.io/part-of\":\"p01-foundation\",\"p01.role\":\"proxy\",\"p01.service\":\"assurance\"}},\"policyTypes\":[\"Ingress\",\"Egress\"]}}\n"
                },
                "creationTimestamp": "2026-10-05T00:26:42Z",
                "generation": 1,
                "name": "assurance-proxy",
                "namespace": "p01-c9c202786437-601e9835",
                "resourceVersion": "1182",
                "uid": "273bbe94-5000-48f2-83ea-a10c4ab1d156"
            },
            "spec": {
                "egress": [
                    {
                        "ports": [
                            {
                                "port": 9000,
                                "protocol": "TCP"
                            }
                        ],
                        "to": [
                            {
                                "podSelector": {
                                    "matchLabels": {
                                        "app.kubernetes.io/part-of": "p01-foundation",
                                        "p01.role": "app",
                                        "p01.service": "assurance"
                                    }
                                }
                            }
                        ]
                    }
                ],
                "ingress": [
                    {
                        "from": [
                            {
                                "podSelector": {
                                    "matchLabels": {
                                        "app.kubernetes.io/part-of": "p01-foundation",
                                        "p01.role": "probe",
                                        "p01.service": "assurance"
                                    }
                                }
                            }
                        ],
                        "ports": [
                            {
                                "port": 8443,
                                "protocol": "TCP"
                            }
                        ]
                    }
                ],
                "podSelector": {
                    "matchLabels": {
                        "app.kubernetes.io/part-of": "p01-foundation",
                        "p01.role": "proxy",
                        "p01.service": "assurance"
                    }
                },
                "policyTypes": [
                    "Ingress",
                    "Egress"
                ]
            }
        },
        {
            "apiVersion": "networking.k8s.io/v1",
            "kind": "NetworkPolicy",
            "metadata": {
                "annotations": {
                    "kubectl.kubernetes.io/last-applied-configuration": "{\"apiVersion\":\"networking.k8s.io/v1\",\"kind\":\"NetworkPolicy\",\"metadata\":{\"annotations\":{},\"name\":\"catalogue-application\",\"namespace\":\"p01-c9c202786437-601e9835\"},\"spec\":{\"egress\":[{\"ports\":[{\"port\":5432,\"protocol\":\"TCP\"}],\"to\":[{\"podSelector\":{\"matchLabels\":{\"app.kubernetes.io/part-of\":\"p01-foundation\",\"p01.role\":\"postgres\",\"p01.service\":\"postgres\"}}}]}],\"ingress\":[{\"from\":[{\"podSelector\":{\"matchLabels\":{\"app.kubernetes.io/part-of\":\"p01-foundation\",\"p01.role\":\"proxy\",\"p01.service\":\"catalogue\"}}}],\"ports\":[{\"port\":9000,\"protocol\":\"TCP\"}]}],\"podSelector\":{\"matchLabels\":{\"app.kubernetes.io/part-of\":\"p01-foundation\",\"p01.role\":\"app\",\"p01.service\":\"catalogue\"}},\"policyTypes\":[\"Ingress\",\"Egress\"]}}\n"
                },
                "creationTimestamp": "2026-10-05T00:26:42Z",
                "generation": 1,
                "name": "catalogue-application",
                "namespace": "p01-c9c202786437-601e9835",
                "resourceVersion": "1176",
                "uid": "f6dbb333-9364-44d3-8c15-79d342cf7f21"
            },
            "spec": {
                "egress": [
                    {
                        "ports": [
                            {
                                "port": 5432,
                                "protocol": "TCP"
                            }
                        ],
                        "to": [
                            {
                                "podSelector": {
                                    "matchLabels": {
                                        "app.kubernetes.io/part-of": "p01-foundation",
                                        "p01.role": "postgres",
                                        "p01.service": "postgres"
                                    }
                                }
                            }
                        ]
                    }
                ],
                "ingress": [
                    {
                        "from": [
                            {
                                "podSelector": {
                                    "matchLabels": {
                                        "app.kubernetes.io/part-of": "p01-foundation",
                                        "p01.role": "proxy",
                                        "p01.service": "catalogue"
                                    }
                                }
                            }
                        ],
                        "ports": [
                            {
                                "port": 9000,
                                "protocol": "TCP"
                            }
                        ]
                    }
                ],
                "podSelector": {
                    "matchLabels": {
                        "app.kubernetes.io/part-of": "p01-foundation",
                        "p01.role": "app",
                        "p01.service": "catalogue"
                    }
                },
                "policyTypes": [
                    "Ingress",
                    "Egress"
                ]
            }
        },
        {
            "apiVersion": "networking.k8s.io/v1",
            "kind": "NetworkPolicy",
            "metadata": {
                "annotations": {
                    "kubectl.kubernetes.io/last-applied-configuration": "{\"apiVersion\":\"networking.k8s.io/v1\",\"kind\":\"NetworkPolicy\",\"metadata\":{\"annotations\":{},\"name\":\"catalogue-migrator\",\"namespace\":\"p01-c9c202786437-601e9835\"},\"spec\":{\"egress\":[{\"ports\":[{\"port\":5432,\"protocol\":\"TCP\"}],\"to\":[{\"podSelector\":{\"matchLabels\":{\"app.kubernetes.io/part-of\":\"p01-foundation\",\"p01.role\":\"postgres\",\"p01.service\":\"postgres\"}}}]}],\"podSelector\":{\"matchLabels\":{\"app.kubernetes.io/part-of\":\"p01-foundation\",\"p01.role\":\"migrator\",\"p01.service\":\"catalogue\"}},\"policyTypes\":[\"Egress\"]}}\n"
                },
                "creationTimestamp": "2026-10-05T00:26:42Z",
                "generation": 1,
                "name": "catalogue-migrator",
                "namespace": "p01-c9c202786437-601e9835",
                "resourceVersion": "1178",
                "uid": "c4e32aa4-6f4e-42b3-bdc8-cc6f1a069b92"
            },
            "spec": {
                "egress": [
                    {
                        "ports": [
                            {
                                "port": 5432,
                                "protocol": "TCP"
                            }
                        ],
                        "to": [
                            {
                                "podSelector": {
                                    "matchLabels": {
                                        "app.kubernetes.io/part-of": "p01-foundation",
                                        "p01.role": "postgres",
                                        "p01.service": "postgres"
                                    }
                                }
                            }
                        ]
                    }
                ],
                "podSelector": {
                    "matchLabels": {
                        "app.kubernetes.io/part-of": "p01-foundation",
                        "p01.role": "migrator",
                        "p01.service": "catalogue"
                    }
                },
                "policyTypes": [
                    "Egress"
                ]
            }
        },
        {
            "apiVersion": "networking.k8s.io/v1",
            "kind": "NetworkPolicy",
            "metadata": {
                "annotations": {
                    "kubectl.kubernetes.io/last-applied-configuration": "{\"apiVersion\":\"networking.k8s.io/v1\",\"kind\":\"NetworkPolicy\",\"metadata\":{\"annotations\":{},\"name\":\"catalogue-probe\",\"namespace\":\"p01-c9c202786437-601e9835\"},\"spec\":{\"egress\":[{\"ports\":[{\"port\":8443,\"protocol\":\"TCP\"}],\"to\":[{\"podSelector\":{\"matchLabels\":{\"app.kubernetes.io/part-of\":\"p01-foundation\",\"p01.role\":\"proxy\",\"p01.service\":\"catalogue\"}}}]}],\"podSelector\":{\"matchLabels\":{\"app.kubernetes.io/part-of\":\"p01-foundation\",\"p01.role\":\"probe\",\"p01.service\":\"catalogue\"}},\"policyTypes\":[\"Egress\"]}}\n"
                },
                "creationTimestamp": "2026-10-05T00:26:42Z",
                "generation": 1,
                "name": "catalogue-probe",
                "namespace": "p01-c9c202786437-601e9835",
                "resourceVersion": "1179",
                "uid": "fa849ea9-ec03-4e04-a9dd-902819cec72c"
            },
            "spec": {
                "egress": [
                    {
                        "ports": [
                            {
                                "port": 8443,
                                "protocol": "TCP"
                            }
                        ],
                        "to": [
                            {
                                "podSelector": {
                                    "matchLabels": {
                                        "app.kubernetes.io/part-of": "p01-foundation",
                                        "p01.role": "proxy",
                                        "p01.service": "catalogue"
                                    }
                                }
                            }
                        ]
                    }
                ],
                "podSelector": {
                    "matchLabels": {
                        "app.kubernetes.io/part-of": "p01-foundation",
                        "p01.role": "probe",
                        "p01.service": "catalogue"
                    }
                },
                "policyTypes": [
                    "Egress"
                ]
            }
        },
        {
            "apiVersion": "networking.k8s.io/v1",
            "kind": "NetworkPolicy",
            "metadata": {
                "annotations": {
                    "kubectl.kubernetes.io/last-applied-configuration": "{\"apiVersion\":\"networking.k8s.io/v1\",\"kind\":\"NetworkPolicy\",\"metadata\":{\"annotations\":{},\"name\":\"catalogue-proxy\",\"namespace\":\"p01-c9c202786437-601e9835\"},\"spec\":{\"egress\":[{\"ports\":[{\"port\":9000,\"protocol\":\"TCP\"}],\"to\":[{\"podSelector\":{\"matchLabels\":{\"app.kubernetes.io/part-of\":\"p01-foundation\",\"p01.role\":\"app\",\"p01.service\":\"catalogue\"}}}]}],\"ingress\":[{\"from\":[{\"podSelector\":{\"matchLabels\":{\"app.kubernetes.io/part-of\":\"p01-foundation\",\"p01.role\":\"probe\",\"p01.service\":\"catalogue\"}}}],\"ports\":[{\"port\":8443,\"protocol\":\"TCP\"}]}],\"podSelector\":{\"matchLabels\":{\"app.kubernetes.io/part-of\":\"p01-foundation\",\"p01.role\":\"proxy\",\"p01.service\":\"catalogue\"}},\"policyTypes\":[\"Ingress\",\"Egress\"]}}\n"
                },
                "creationTimestamp": "2026-10-05T00:26:42Z",
                "generation": 1,
                "name": "catalogue-proxy",
                "namespace": "p01-c9c202786437-601e9835",
                "resourceVersion": "1177",
                "uid": "7d4538b9-3e46-4dee-bda7-3b2e67c02082"
            },
            "spec": {
                "egress": [
                    {
                        "ports": [
                            {
                                "port": 9000,
                                "protocol": "TCP"
                            }
                        ],
                        "to": [
                            {
                                "podSelector": {
                                    "matchLabels": {
                                        "app.kubernetes.io/part-of": "p01-foundation",
                                        "p01.role": "app",
                                        "p01.service": "catalogue"
                                    }
                                }
                            }
                        ]
                    }
                ],
                "ingress": [
                    {
                        "from": [
                            {
                                "podSelector": {
                                    "matchLabels": {
                                        "app.kubernetes.io/part-of": "p01-foundation",
                                        "p01.role": "probe",
                                        "p01.service": "catalogue"
                                    }
                                }
                            }
                        ],
                        "ports": [
                            {
                                "port": 8443,
                                "protocol": "TCP"
                            }
                        ]
                    }
                ],
                "podSelector": {
                    "matchLabels": {
                        "app.kubernetes.io/part-of": "p01-foundation",
                        "p01.role": "proxy",
                        "p01.service": "catalogue"
                    }
                },
                "policyTypes": [
                    "Ingress",
                    "Egress"
                ]
            }
        },
        {
            "apiVersion": "networking.k8s.io/v1",
            "kind": "NetworkPolicy",
            "metadata": {
                "annotations": {
                    "kubectl.kubernetes.io/last-applied-configuration": "{\"apiVersion\":\"networking.k8s.io/v1\",\"kind\":\"NetworkPolicy\",\"metadata\":{\"annotations\":{},\"name\":\"cluster-dns\",\"namespace\":\"p01-c9c202786437-601e9835\"},\"spec\":{\"egress\":[{\"ports\":[{\"port\":53,\"protocol\":\"UDP\"},{\"port\":53,\"protocol\":\"TCP\"}],\"to\":[{\"namespaceSelector\":{\"matchLabels\":{\"kubernetes.io/metadata.name\":\"kube-system\"}},\"podSelector\":{\"matchLabels\":{\"k8s-app\":\"kube-dns\"}}}]}],\"podSelector\":{\"matchLabels\":{}},\"policyTypes\":[\"Egress\"]}}\n"
                },
                "creationTimestamp": "2026-10-05T00:26:42Z",
                "generation": 1,
                "name": "cluster-dns",
                "namespace": "p01-c9c202786437-601e9835",
                "resourceVersion": "1165",
                "uid": "d32f5792-d264-4246-8938-6f51dce2dc07"
            },
            "spec": {
                "egress": [
                    {
                        "ports": [
                            {
                                "port": 53,
                                "protocol": "UDP"
                            },
                            {
                                "port": 53,
                                "protocol": "TCP"
                            }
                        ],
                        "to": [
                            {
                                "namespaceSelector": {
                                    "matchLabels": {
                                        "kubernetes.io/metadata.name": "kube-system"
                                    }
                                },
                                "podSelector": {
                                    "matchLabels": {
                                        "k8s-app": "kube-dns"
                                    }
                                }
                            }
                        ]
                    }
                ],
                "podSelector": {},
                "policyTypes": [
                    "Egress"
                ]
            }
        },
        {
            "apiVersion": "networking.k8s.io/v1",
            "kind": "NetworkPolicy",
            "metadata": {
                "annotations": {
                    "kubectl.kubernetes.io/last-applied-configuration": "{\"apiVersion\":\"networking.k8s.io/v1\",\"kind\":\"NetworkPolicy\",\"metadata\":{\"annotations\":{},\"name\":\"console-application\",\"namespace\":\"p01-c9c202786437-601e9835\"},\"spec\":{\"egress\":[{\"ports\":[{\"port\":5432,\"protocol\":\"TCP\"}],\"to\":[{\"podSelector\":{\"matchLabels\":{\"app.kubernetes.io/part-of\":\"p01-foundation\",\"p01.role\":\"postgres\",\"p01.service\":\"postgres\"}}}]}],\"ingress\":[{\"from\":[{\"podSelector\":{\"matchLabels\":{\"app.kubernetes.io/part-of\":\"p01-foundation\",\"p01.role\":\"proxy\",\"p01.service\":\"console\"}}}],\"ports\":[{\"port\":9000,\"protocol\":\"TCP\"}]}],\"podSelector\":{\"matchLabels\":{\"app.kubernetes.io/part-of\":\"p01-foundation\",\"p01.role\":\"app\",\"p01.service\":\"console\"}},\"policyTypes\":[\"Ingress\",\"Egress\"]}}\n"
                },
                "creationTimestamp": "2026-10-05T00:26:42Z",
                "generation": 1,
                "name": "console-application",
                "namespace": "p01-c9c202786437-601e9835",
                "resourceVersion": "1166",
                "uid": "debd04de-5794-4e1b-a1b1-6123faa79cc9"
            },
            "spec": {
                "egress": [
                    {
                        "ports": [
                            {
                                "port": 5432,
                                "protocol": "TCP"
                            }
                        ],
                        "to": [
                            {
                                "podSelector": {
                                    "matchLabels": {
                                        "app.kubernetes.io/part-of": "p01-foundation",
                                        "p01.role": "postgres",
                                        "p01.service": "postgres"
                                    }
                                }
                            }
                        ]
                    }
                ],
                "ingress": [
                    {
                        "from": [
                            {
                                "podSelector": {
                                    "matchLabels": {
                                        "app.kubernetes.io/part-of": "p01-foundation",
                                        "p01.role": "proxy",
                                        "p01.service": "console"
                                    }
                                }
                            }
                        ],
                        "ports": [
                            {
                                "port": 9000,
                                "protocol": "TCP"
                            }
                        ]
                    }
                ],
                "podSelector": {
                    "matchLabels": {
                        "app.kubernetes.io/part-of": "p01-foundation",
                        "p01.role": "app",
                        "p01.service": "console"
                    }
                },
                "policyTypes": [
                    "Ingress",
                    "Egress"
                ]
            }
        },
        {
            "apiVersion": "networking.k8s.io/v1",
            "kind": "NetworkPolicy",
            "metadata": {
                "annotations": {
                    "kubectl.kubernetes.io/last-applied-configuration": "{\"apiVersion\":\"networking.k8s.io/v1\",\"kind\":\"NetworkPolicy\",\"metadata\":{\"annotations\":{},\"name\":\"console-migrator\",\"namespace\":\"p01-c9c202786437-601e9835\"},\"spec\":{\"egress\":[{\"ports\":[{\"port\":5432,\"protocol\":\"TCP\"}],\"to\":[{\"podSelector\":{\"matchLabels\":{\"app.kubernetes.io/part-of\":\"p01-foundation\",\"p01.role\":\"postgres\",\"p01.service\":\"postgres\"}}}]}],\"podSelector\":{\"matchLabels\":{\"app.kubernetes.io/part-of\":\"p01-foundation\",\"p01.role\":\"migrator\",\"p01.service\":\"console\"}},\"policyTypes\":[\"Egress\"]}}\n"
                },
                "creationTimestamp": "2026-10-05T00:26:42Z",
                "generation": 1,
                "name": "console-migrator",
                "namespace": "p01-c9c202786437-601e9835",
                "resourceVersion": "1168",
                "uid": "ba2bafae-b668-40ce-be76-42c65b0de2eb"
            },
            "spec": {
                "egress": [
                    {
                        "ports": [
                            {
                                "port": 5432,
                                "protocol": "TCP"
                            }
                        ],
                        "to": [
                            {
                                "podSelector": {
                                    "matchLabels": {
                                        "app.kubernetes.io/part-of": "p01-foundation",
                                        "p01.role": "postgres",
                                        "p01.service": "postgres"
                                    }
                                }
                            }
                        ]
                    }
                ],
                "podSelector": {
                    "matchLabels": {
                        "app.kubernetes.io/part-of": "p01-foundation",
                        "p01.role": "migrator",
                        "p01.service": "console"
                    }
                },
                "policyTypes": [
                    "Egress"
                ]
            }
        },
        {
            "apiVersion": "networking.k8s.io/v1",
            "kind": "NetworkPolicy",
            "metadata": {
                "annotations": {
                    "kubectl.kubernetes.io/last-applied-configuration": "{\"apiVersion\":\"networking.k8s.io/v1\",\"kind\":\"NetworkPolicy\",\"metadata\":{\"annotations\":{},\"name\":\"console-probe\",\"namespace\":\"p01-c9c202786437-601e9835\"},\"spec\":{\"egress\":[{\"ports\":[{\"port\":8443,\"protocol\":\"TCP\"}],\"to\":[{\"podSelector\":{\"matchLabels\":{\"app.kubernetes.io/part-of\":\"p01-foundation\",\"p01.role\":\"proxy\",\"p01.service\":\"console\"}}}]}],\"podSelector\":{\"matchLabels\":{\"app.kubernetes.io/part-of\":\"p01-foundation\",\"p01.role\":\"probe\",\"p01.service\":\"console\"}},\"policyTypes\":[\"Egress\"]}}\n"
                },
                "creationTimestamp": "2026-10-05T00:26:42Z",
                "generation": 1,
                "name": "console-probe",
                "namespace": "p01-c9c202786437-601e9835",
                "resourceVersion": "1170",
                "uid": "7996a2c6-817b-4fb6-85e8-655374084f21"
            },
            "spec": {
                "egress": [
                    {
                        "ports": [
                            {
                                "port": 8443,
                                "protocol": "TCP"
                            }
                        ],
                        "to": [
                            {
                                "podSelector": {
                                    "matchLabels": {
                                        "app.kubernetes.io/part-of": "p01-foundation",
                                        "p01.role": "proxy",
                                        "p01.service": "console"
                                    }
                                }
                            }
                        ]
                    }
                ],
                "podSelector": {
                    "matchLabels": {
                        "app.kubernetes.io/part-of": "p01-foundation",
                        "p01.role": "probe",
                        "p01.service": "console"
                    }
                },
                "policyTypes": [
                    "Egress"
                ]
            }
        },
        {
            "apiVersion": "networking.k8s.io/v1",
            "kind": "NetworkPolicy",
            "metadata": {
                "annotations": {
                    "kubectl.kubernetes.io/last-applied-configuration": "{\"apiVersion\":\"networking.k8s.io/v1\",\"kind\":\"NetworkPolicy\",\"metadata\":{\"annotations\":{},\"name\":\"console-proxy\",\"namespace\":\"p01-c9c202786437-601e9835\"},\"spec\":{\"egress\":[{\"ports\":[{\"port\":9000,\"protocol\":\"TCP\"}],\"to\":[{\"podSelector\":{\"matchLabels\":{\"app.kubernetes.io/part-of\":\"p01-foundation\",\"p01.role\":\"app\",\"p01.service\":\"console\"}}}]}],\"ingress\":[{\"from\":[{\"podSelector\":{\"matchLabels\":{\"app.kubernetes.io/part-of\":\"p01-foundation\",\"p01.role\":\"probe\",\"p01.service\":\"console\"}}}],\"ports\":[{\"port\":8443,\"protocol\":\"TCP\"}]}],\"podSelector\":{\"matchLabels\":{\"app.kubernetes.io/part-of\":\"p01-foundation\",\"p01.role\":\"proxy\",\"p01.service\":\"console\"}},\"policyTypes\":[\"Ingress\",\"Egress\"]}}\n"
                },
                "creationTimestamp": "2026-10-05T00:26:42Z",
                "generation": 1,
                "name": "console-proxy",
                "namespace": "p01-c9c202786437-601e9835",
                "resourceVersion": "1167",
                "uid": "0b2ad316-0bfa-4aa5-a6bd-ae9796ea041c"
            },
            "spec": {
                "egress": [
                    {
                        "ports": [
                            {
                                "port": 9000,
                                "protocol": "TCP"
                            }
                        ],
                        "to": [
                            {
                                "podSelector": {
                                    "matchLabels": {
                                        "app.kubernetes.io/part-of": "p01-foundation",
                                        "p01.role": "app",
                                        "p01.service": "console"
                                    }
                                }
                            }
                        ]
                    }
                ],
                "ingress": [
                    {
                        "from": [
                            {
                                "podSelector": {
                                    "matchLabels": {
                                        "app.kubernetes.io/part-of": "p01-foundation",
                                        "p01.role": "probe",
                                        "p01.service": "console"
                                    }
                                }
                            }
                        ],
                        "ports": [
                            {
                                "port": 8443,
                                "protocol": "TCP"
                            }
                        ]
                    }
                ],
                "podSelector": {
                    "matchLabels": {
                        "app.kubernetes.io/part-of": "p01-foundation",
                        "p01.role": "proxy",
                        "p01.service": "console"
                    }
                },
                "policyTypes": [
                    "Ingress",
                    "Egress"
                ]
            }
        },
        {
            "apiVersion": "networking.k8s.io/v1",
            "kind": "NetworkPolicy",
            "metadata": {
                "annotations": {
                    "kubectl.kubernetes.io/last-applied-configuration": "{\"apiVersion\":\"networking.k8s.io/v1\",\"kind\":\"NetworkPolicy\",\"metadata\":{\"annotations\":{},\"name\":\"deny-by-default\",\"namespace\":\"p01-c9c202786437-601e9835\"},\"spec\":{\"egress\":[],\"ingress\":[],\"podSelector\":{\"matchLabels\":{}},\"policyTypes\":[\"Ingress\",\"Egress\"]}}\n"
                },
                "creationTimestamp": "2026-10-05T00:26:42Z",
                "generation": 1,
                "name": "deny-by-default",
                "namespace": "p01-c9c202786437-601e9835",
                "resourceVersion": "1162",
                "uid": "e9bc617f-a467-44aa-a6cd-a04afc39ba36"
            },
            "spec": {
                "podSelector": {},
                "policyTypes": [
                    "Ingress",
                    "Egress"
                ]
            }
        },
        {
            "apiVersion": "networking.k8s.io/v1",
            "kind": "NetworkPolicy",
            "metadata": {
                "annotations": {
                    "kubectl.kubernetes.io/last-applied-configuration": "{\"apiVersion\":\"networking.k8s.io/v1\",\"kind\":\"NetworkPolicy\",\"metadata\":{\"annotations\":{},\"name\":\"governance-application\",\"namespace\":\"p01-c9c202786437-601e9835\"},\"spec\":{\"egress\":[{\"ports\":[{\"port\":5432,\"protocol\":\"TCP\"}],\"to\":[{\"podSelector\":{\"matchLabels\":{\"app.kubernetes.io/part-of\":\"p01-foundation\",\"p01.role\":\"postgres\",\"p01.service\":\"postgres\"}}}]}],\"ingress\":[{\"from\":[{\"podSelector\":{\"matchLabels\":{\"app.kubernetes.io/part-of\":\"p01-foundation\",\"p01.role\":\"proxy\",\"p01.service\":\"governance\"}}}],\"ports\":[{\"port\":9000,\"protocol\":\"TCP\"}]}],\"podSelector\":{\"matchLabels\":{\"app.kubernetes.io/part-of\":\"p01-foundation\",\"p01.role\":\"app\",\"p01.service\":\"governance\"}},\"policyTypes\":[\"Ingress\",\"Egress\"]}}\n"
                },
                "creationTimestamp": "2026-10-05T00:26:42Z",
                "generation": 1,
                "name": "governance-application",
                "namespace": "p01-c9c202786437-601e9835",
                "resourceVersion": "1171",
                "uid": "408a2655-9114-4b89-ac56-eb616534cc5d"
            },
            "spec": {
                "egress": [
                    {
                        "ports": [
                            {
                                "port": 5432,
                                "protocol": "TCP"
                            }
                        ],
                        "to": [
                            {
                                "podSelector": {
                                    "matchLabels": {
                                        "app.kubernetes.io/part-of": "p01-foundation",
                                        "p01.role": "postgres",
                                        "p01.service": "postgres"
                                    }
                                }
                            }
                        ]
                    }
                ],
                "ingress": [
                    {
                        "from": [
                            {
                                "podSelector": {
                                    "matchLabels": {
                                        "app.kubernetes.io/part-of": "p01-foundation",
                                        "p01.role": "proxy",
                                        "p01.service": "governance"
                                    }
                                }
                            }
                        ],
                        "ports": [
                            {
                                "port": 9000,
                                "protocol": "TCP"
                            }
                        ]
                    }
                ],
                "podSelector": {
                    "matchLabels": {
                        "app.kubernetes.io/part-of": "p01-foundation",
                        "p01.role": "app",
                        "p01.service": "governance"
                    }
                },
                "policyTypes": [
                    "Ingress",
                    "Egress"
                ]
            }
        },
        {
            "apiVersion": "networking.k8s.io/v1",
            "kind": "NetworkPolicy",
            "metadata": {
                "annotations": {
                    "kubectl.kubernetes.io/last-applied-configuration": "{\"apiVersion\":\"networking.k8s.io/v1\",\"kind\":\"NetworkPolicy\",\"metadata\":{\"annotations\":{},\"name\":\"governance-migrator\",\"namespace\":\"p01-c9c202786437-601e9835\"},\"spec\":{\"egress\":[{\"ports\":[{\"port\":5432,\"protocol\":\"TCP\"}],\"to\":[{\"podSelector\":{\"matchLabels\":{\"app.kubernetes.io/part-of\":\"p01-foundation\",\"p01.role\":\"postgres\",\"p01.service\":\"postgres\"}}}]}],\"podSelector\":{\"matchLabels\":{\"app.kubernetes.io/part-of\":\"p01-foundation\",\"p01.role\":\"migrator\",\"p01.service\":\"governance\"}},\"policyTypes\":[\"Egress\"]}}\n"
                },
                "creationTimestamp": "2026-10-05T00:26:42Z",
                "generation": 1,
                "name": "governance-migrator",
                "namespace": "p01-c9c202786437-601e9835",
                "resourceVersion": "1174",
                "uid": "bc594ac0-569b-4726-b088-b04ef69f9adf"
            },
            "spec": {
                "egress": [
                    {
                        "ports": [
                            {
                                "port": 5432,
                                "protocol": "TCP"
                            }
                        ],
                        "to": [
                            {
                                "podSelector": {
                                    "matchLabels": {
                                        "app.kubernetes.io/part-of": "p01-foundation",
                                        "p01.role": "postgres",
                                        "p01.service": "postgres"
                                    }
                                }
                            }
                        ]
                    }
                ],
                "podSelector": {
                    "matchLabels": {
                        "app.kubernetes.io/part-of": "p01-foundation",
                        "p01.role": "migrator",
                        "p01.service": "governance"
                    }
                },
                "policyTypes": [
                    "Egress"
                ]
            }
        },
        {
            "apiVersion": "networking.k8s.io/v1",
            "kind": "NetworkPolicy",
            "metadata": {
                "annotations": {
                    "kubectl.kubernetes.io/last-applied-configuration": "{\"apiVersion\":\"networking.k8s.io/v1\",\"kind\":\"NetworkPolicy\",\"metadata\":{\"annotations\":{},\"name\":\"governance-probe\",\"namespace\":\"p01-c9c202786437-601e9835\"},\"spec\":{\"egress\":[{\"ports\":[{\"port\":8443,\"protocol\":\"TCP\"}],\"to\":[{\"podSelector\":{\"matchLabels\":{\"app.kubernetes.io/part-of\":\"p01-foundation\",\"p01.role\":\"proxy\",\"p01.service\":\"governance\"}}}]}],\"podSelector\":{\"matchLabels\":{\"app.kubernetes.io/part-of\":\"p01-foundation\",\"p01.role\":\"probe\",\"p01.service\":\"governance\"}},\"policyTypes\":[\"Egress\"]}}\n"
                },
                "creationTimestamp": "2026-10-05T00:26:42Z",
                "generation": 1,
                "name": "governance-probe",
                "namespace": "p01-c9c202786437-601e9835",
                "resourceVersion": "1175",
                "uid": "00f24650-eb2c-49c6-8a49-d82b1628b269"
            },
            "spec": {
                "egress": [
                    {
                        "ports": [
                            {
                                "port": 8443,
                                "protocol": "TCP"
                            }
                        ],
                        "to": [
                            {
                                "podSelector": {
                                    "matchLabels": {
                                        "app.kubernetes.io/part-of": "p01-foundation",
                                        "p01.role": "proxy",
                                        "p01.service": "governance"
                                    }
                                }
                            }
                        ]
                    }
                ],
                "podSelector": {
                    "matchLabels": {
                        "app.kubernetes.io/part-of": "p01-foundation",
                        "p01.role": "probe",
                        "p01.service": "governance"
                    }
                },
                "policyTypes": [
                    "Egress"
                ]
            }
        },
        {
            "apiVersion": "networking.k8s.io/v1",
            "kind": "NetworkPolicy",
            "metadata": {
                "annotations": {
                    "kubectl.kubernetes.io/last-applied-configuration": "{\"apiVersion\":\"networking.k8s.io/v1\",\"kind\":\"NetworkPolicy\",\"metadata\":{\"annotations\":{},\"name\":\"governance-proxy\",\"namespace\":\"p01-c9c202786437-601e9835\"},\"spec\":{\"egress\":[{\"ports\":[{\"port\":9000,\"protocol\":\"TCP\"}],\"to\":[{\"podSelector\":{\"matchLabels\":{\"app.kubernetes.io/part-of\":\"p01-foundation\",\"p01.role\":\"app\",\"p01.service\":\"governance\"}}}]}],\"ingress\":[{\"from\":[{\"podSelector\":{\"matchLabels\":{\"app.kubernetes.io/part-of\":\"p01-foundation\",\"p01.role\":\"probe\",\"p01.service\":\"governance\"}}}],\"ports\":[{\"port\":8443,\"protocol\":\"TCP\"}]}],\"podSelector\":{\"matchLabels\":{\"app.kubernetes.io/part-of\":\"p01-foundation\",\"p01.role\":\"proxy\",\"p01.service\":\"governance\"}},\"policyTypes\":[\"Ingress\",\"Egress\"]}}\n"
                },
                "creationTimestamp": "2026-10-05T00:26:42Z",
                "generation": 1,
                "name": "governance-proxy",
                "namespace": "p01-c9c202786437-601e9835",
                "resourceVersion": "1173",
                "uid": "748ec9f3-992a-4f7e-aadb-d464465b15d2"
            },
            "spec": {
                "egress": [
                    {
                        "ports": [
                            {
                                "port": 9000,
                                "protocol": "TCP"
                            }
                        ],
                        "to": [
                            {
                                "podSelector": {
                                    "matchLabels": {
                                        "app.kubernetes.io/part-of": "p01-foundation",
                                        "p01.role": "app",
                                        "p01.service": "governance"
                                    }
                                }
                            }
                        ]
                    }
                ],
                "ingress": [
                    {
                        "from": [
                            {
                                "podSelector": {
                                    "matchLabels": {
                                        "app.kubernetes.io/part-of": "p01-foundation",
                                        "p01.role": "probe",
                                        "p01.service": "governance"
                                    }
                                }
                            }
                        ],
                        "ports": [
                            {
                                "port": 8443,
                                "protocol": "TCP"
                            }
                        ]
                    }
                ],
                "podSelector": {
                    "matchLabels": {
                        "app.kubernetes.io/part-of": "p01-foundation",
                        "p01.role": "proxy",
                        "p01.service": "governance"
                    }
                },
                "policyTypes": [
                    "Ingress",
                    "Egress"
                ]
            }
        },
        {
            "apiVersion": "networking.k8s.io/v1",
            "kind": "NetworkPolicy",
            "metadata": {
                "annotations": {
                    "kubectl.kubernetes.io/last-applied-configuration": "{\"apiVersion\":\"networking.k8s.io/v1\",\"kind\":\"NetworkPolicy\",\"metadata\":{\"annotations\":{},\"name\":\"inventory-application\",\"namespace\":\"p01-c9c202786437-601e9835\"},\"spec\":{\"egress\":[{\"ports\":[{\"port\":5432,\"protocol\":\"TCP\"}],\"to\":[{\"podSelector\":{\"matchLabels\":{\"app.kubernetes.io/part-of\":\"p01-foundation\",\"p01.role\":\"postgres\",\"p01.service\":\"postgres\"}}}]}],\"ingress\":[{\"from\":[{\"podSelector\":{\"matchLabels\":{\"app.kubernetes.io/part-of\":\"p01-foundation\",\"p01.role\":\"proxy\",\"p01.service\":\"inventory\"}}}],\"ports\":[{\"port\":8080,\"protocol\":\"TCP\"}]}],\"podSelector\":{\"matchLabels\":{\"app.kubernetes.io/part-of\":\"p01-foundation\",\"p01.role\":\"app\",\"p01.service\":\"inventory\"}},\"policyTypes\":[\"Ingress\",\"Egress\"]}}\n"
                },
                "creationTimestamp": "2026-10-05T00:26:42Z",
                "generation": 1,
                "name": "inventory-application",
                "namespace": "p01-c9c202786437-601e9835",
                "resourceVersion": "1196",
                "uid": "2eb9b8fb-a3c1-4564-9cbe-0ad87f00b758"
            },
            "spec": {
                "egress": [
                    {
                        "ports": [
                            {
                                "port": 5432,
                                "protocol": "TCP"
                            }
                        ],
                        "to": [
                            {
                                "podSelector": {
                                    "matchLabels": {
                                        "app.kubernetes.io/part-of": "p01-foundation",
                                        "p01.role": "postgres",
                                        "p01.service": "postgres"
                                    }
                                }
                            }
                        ]
                    }
                ],
                "ingress": [
                    {
                        "from": [
                            {
                                "podSelector": {
                                    "matchLabels": {
                                        "app.kubernetes.io/part-of": "p01-foundation",
                                        "p01.role": "proxy",
                                        "p01.service": "inventory"
                                    }
                                }
                            }
                        ],
                        "ports": [
                            {
                                "port": 8080,
                                "protocol": "TCP"
                            }
                        ]
                    }
                ],
                "podSelector": {
                    "matchLabels": {
                        "app.kubernetes.io/part-of": "p01-foundation",
                        "p01.role": "app",
                        "p01.service": "inventory"
                    }
                },
                "policyTypes": [
                    "Ingress",
                    "Egress"
                ]
            }
        },
        {
            "apiVersion": "networking.k8s.io/v1",
            "kind": "NetworkPolicy",
            "metadata": {
                "annotations": {
                    "kubectl.kubernetes.io/last-applied-configuration": "{\"apiVersion\":\"networking.k8s.io/v1\",\"kind\":\"NetworkPolicy\",\"metadata\":{\"annotations\":{},\"name\":\"inventory-migrator\",\"namespace\":\"p01-c9c202786437-601e9835\"},\"spec\":{\"egress\":[{\"ports\":[{\"port\":5432,\"protocol\":\"TCP\"}],\"to\":[{\"podSelector\":{\"matchLabels\":{\"app.kubernetes.io/part-of\":\"p01-foundation\",\"p01.role\":\"postgres\",\"p01.service\":\"postgres\"}}}]}],\"podSelector\":{\"matchLabels\":{\"app.kubernetes.io/part-of\":\"p01-foundation\",\"p01.role\":\"migrator\",\"p01.service\":\"inventory\"}},\"policyTypes\":[\"Egress\"]}}\n"
                },
                "creationTimestamp": "2026-10-05T00:26:42Z",
                "generation": 1,
                "name": "inventory-migrator",
                "namespace": "p01-c9c202786437-601e9835",
                "resourceVersion": "1203",
                "uid": "da4bf61b-f303-4c3b-a681-f352f199b230"
            },
            "spec": {
                "egress": [
                    {
                        "ports": [
                            {
                                "port": 5432,
                                "protocol": "TCP"
                            }
                        ],
                        "to": [
                            {
                                "podSelector": {
                                    "matchLabels": {
                                        "app.kubernetes.io/part-of": "p01-foundation",
                                        "p01.role": "postgres",
                                        "p01.service": "postgres"
                                    }
                                }
                            }
                        ]
                    }
                ],
                "podSelector": {
                    "matchLabels": {
                        "app.kubernetes.io/part-of": "p01-foundation",
                        "p01.role": "migrator",
                        "p01.service": "inventory"
                    }
                },
                "policyTypes": [
                    "Egress"
                ]
            }
        },
        {
            "apiVersion": "networking.k8s.io/v1",
            "kind": "NetworkPolicy",
            "metadata": {
                "annotations": {
                    "kubectl.kubernetes.io/last-applied-configuration": "{\"apiVersion\":\"networking.k8s.io/v1\",\"kind\":\"NetworkPolicy\",\"metadata\":{\"annotations\":{},\"name\":\"inventory-probe\",\"namespace\":\"p01-c9c202786437-601e9835\"},\"spec\":{\"egress\":[{\"ports\":[{\"port\":8443,\"protocol\":\"TCP\"}],\"to\":[{\"podSelector\":{\"matchLabels\":{\"app.kubernetes.io/part-of\":\"p01-foundation\",\"p01.role\":\"proxy\",\"p01.service\":\"inventory\"}}}]}],\"podSelector\":{\"matchLabels\":{\"app.kubernetes.io/part-of\":\"p01-foundation\",\"p01.role\":\"probe\",\"p01.service\":\"inventory\"}},\"policyTypes\":[\"Egress\"]}}\n"
                },
                "creationTimestamp": "2026-10-05T00:26:42Z",
                "generation": 1,
                "name": "inventory-probe",
                "namespace": "p01-c9c202786437-601e9835",
                "resourceVersion": "1207",
                "uid": "b869306a-9bae-4b6c-a41f-66c65cca868d"
            },
            "spec": {
                "egress": [
                    {
                        "ports": [
                            {
                                "port": 8443,
                                "protocol": "TCP"
                            }
                        ],
                        "to": [
                            {
                                "podSelector": {
                                    "matchLabels": {
                                        "app.kubernetes.io/part-of": "p01-foundation",
                                        "p01.role": "proxy",
                                        "p01.service": "inventory"
                                    }
                                }
                            }
                        ]
                    }
                ],
                "podSelector": {
                    "matchLabels": {
                        "app.kubernetes.io/part-of": "p01-foundation",
                        "p01.role": "probe",
                        "p01.service": "inventory"
                    }
                },
                "policyTypes": [
                    "Egress"
                ]
            }
        },
        {
            "apiVersion": "networking.k8s.io/v1",
            "kind": "NetworkPolicy",
            "metadata": {
                "annotations": {
                    "kubectl.kubernetes.io/last-applied-configuration": "{\"apiVersion\":\"networking.k8s.io/v1\",\"kind\":\"NetworkPolicy\",\"metadata\":{\"annotations\":{},\"name\":\"inventory-proxy\",\"namespace\":\"p01-c9c202786437-601e9835\"},\"spec\":{\"egress\":[{\"ports\":[{\"port\":8080,\"protocol\":\"TCP\"}],\"to\":[{\"podSelector\":{\"matchLabels\":{\"app.kubernetes.io/part-of\":\"p01-foundation\",\"p01.role\":\"app\",\"p01.service\":\"inventory\"}}}]}],\"ingress\":[{\"from\":[{\"podSelector\":{\"matchLabels\":{\"app.kubernetes.io/part-of\":\"p01-foundation\",\"p01.role\":\"probe\",\"p01.service\":\"inventory\"}}}],\"ports\":[{\"port\":8443,\"protocol\":\"TCP\"}]}],\"podSelector\":{\"matchLabels\":{\"app.kubernetes.io/part-of\":\"p01-foundation\",\"p01.role\":\"proxy\",\"p01.service\":\"inventory\"}},\"policyTypes\":[\"Ingress\",\"Egress\"]}}\n"
                },
                "creationTimestamp": "2026-10-05T00:26:42Z",
                "generation": 1,
                "name": "inventory-proxy",
                "namespace": "p01-c9c202786437-601e9835",
                "resourceVersion": "1201",
                "uid": "15ddb502-7114-411a-8667-a3c861b44f78"
            },
            "spec": {
                "egress": [
                    {
                        "ports": [
                            {
                                "port": 8080,
                                "protocol": "TCP"
                            }
                        ],
                        "to": [
                            {
                                "podSelector": {
                                    "matchLabels": {
                                        "app.kubernetes.io/part-of": "p01-foundation",
                                        "p01.role": "app",
                                        "p01.service": "inventory"
                                    }
                                }
                            }
                        ]
                    }
                ],
                "ingress": [
                    {
                        "from": [
                            {
                                "podSelector": {
                                    "matchLabels": {
                                        "app.kubernetes.io/part-of": "p01-foundation",
                                        "p01.role": "probe",
                                        "p01.service": "inventory"
                                    }
                                }
                            }
                        ],
                        "ports": [
                            {
                                "port": 8443,
                                "protocol": "TCP"
                            }
                        ]
                    }
                ],
                "podSelector": {
                    "matchLabels": {
                        "app.kubernetes.io/part-of": "p01-foundation",
                        "p01.role": "proxy",
                        "p01.service": "inventory"
                    }
                },
                "policyTypes": [
                    "Ingress",
                    "Egress"
                ]
            }
        },
        {
            "apiVersion": "networking.k8s.io/v1",
            "kind": "NetworkPolicy",
            "metadata": {
                "annotations": {
                    "kubectl.kubernetes.io/last-applied-configuration": "{\"apiVersion\":\"networking.k8s.io/v1\",\"kind\":\"NetworkPolicy\",\"metadata\":{\"annotations\":{},\"name\":\"lifecycle-application\",\"namespace\":\"p01-c9c202786437-601e9835\"},\"spec\":{\"egress\":[{\"ports\":[{\"port\":5432,\"protocol\":\"TCP\"}],\"to\":[{\"podSelector\":{\"matchLabels\":{\"app.kubernetes.io/part-of\":\"p01-foundation\",\"p01.role\":\"postgres\",\"p01.service\":\"postgres\"}}}]}],\"ingress\":[{\"from\":[{\"podSelector\":{\"matchLabels\":{\"app.kubernetes.io/part-of\":\"p01-foundation\",\"p01.role\":\"proxy\",\"p01.service\":\"lifecycle\"}}}],\"ports\":[{\"port\":8080,\"protocol\":\"TCP\"}]}],\"podSelector\":{\"matchLabels\":{\"app.kubernetes.io/part-of\":\"p01-foundation\",\"p01.role\":\"app\",\"p01.service\":\"lifecycle\"}},\"policyTypes\":[\"Ingress\",\"Egress\"]}}\n"
                },
                "creationTimestamp": "2026-10-05T00:26:42Z",
                "generation": 1,
                "name": "lifecycle-application",
                "namespace": "p01-c9c202786437-601e9835",
                "resourceVersion": "1208",
                "uid": "81ca818f-cab9-4213-9d8f-14ddf647fe1e"
            },
            "spec": {
                "egress": [
                    {
                        "ports": [
                            {
                                "port": 5432,
                                "protocol": "TCP"
                            }
                        ],
                        "to": [
                            {
                                "podSelector": {
                                    "matchLabels": {
                                        "app.kubernetes.io/part-of": "p01-foundation",
                                        "p01.role": "postgres",
                                        "p01.service": "postgres"
                                    }
                                }
                            }
                        ]
                    }
                ],
                "ingress": [
                    {
                        "from": [
                            {
                                "podSelector": {
                                    "matchLabels": {
                                        "app.kubernetes.io/part-of": "p01-foundation",
                                        "p01.role": "proxy",
                                        "p01.service": "lifecycle"
                                    }
                                }
                            }
                        ],
                        "ports": [
                            {
                                "port": 8080,
                                "protocol": "TCP"
                            }
                        ]
                    }
                ],
                "podSelector": {
                    "matchLabels": {
                        "app.kubernetes.io/part-of": "p01-foundation",
                        "p01.role": "app",
                        "p01.service": "lifecycle"
                    }
                },
                "policyTypes": [
                    "Ingress",
                    "Egress"
                ]
            }
        },
        {
            "apiVersion": "networking.k8s.io/v1",
            "kind": "NetworkPolicy",
            "metadata": {
                "annotations": {
                    "kubectl.kubernetes.io/last-applied-configuration": "{\"apiVersion\":\"networking.k8s.io/v1\",\"kind\":\"NetworkPolicy\",\"metadata\":{\"annotations\":{},\"name\":\"lifecycle-migrator\",\"namespace\":\"p01-c9c202786437-601e9835\"},\"spec\":{\"egress\":[{\"ports\":[{\"port\":5432,\"protocol\":\"TCP\"}],\"to\":[{\"podSelector\":{\"matchLabels\":{\"app.kubernetes.io/part-of\":\"p01-foundation\",\"p01.role\":\"postgres\",\"p01.service\":\"postgres\"}}}]}],\"podSelector\":{\"matchLabels\":{\"app.kubernetes.io/part-of\":\"p01-foundation\",\"p01.role\":\"migrator\",\"p01.service\":\"lifecycle\"}},\"policyTypes\":[\"Egress\"]}}\n"
                },
                "creationTimestamp": "2026-10-05T00:26:42Z",
                "generation": 1,
                "name": "lifecycle-migrator",
                "namespace": "p01-c9c202786437-601e9835",
                "resourceVersion": "1210",
                "uid": "0bab3fbb-16f4-4af3-a7ec-70afd43b518a"
            },
            "spec": {
                "egress": [
                    {
                        "ports": [
                            {
                                "port": 5432,
                                "protocol": "TCP"
                            }
                        ],
                        "to": [
                            {
                                "podSelector": {
                                    "matchLabels": {
                                        "app.kubernetes.io/part-of": "p01-foundation",
                                        "p01.role": "postgres",
                                        "p01.service": "postgres"
                                    }
                                }
                            }
                        ]
                    }
                ],
                "podSelector": {
                    "matchLabels": {
                        "app.kubernetes.io/part-of": "p01-foundation",
                        "p01.role": "migrator",
                        "p01.service": "lifecycle"
                    }
                },
                "policyTypes": [
                    "Egress"
                ]
            }
        },
        {
            "apiVersion": "networking.k8s.io/v1",
            "kind": "NetworkPolicy",
            "metadata": {
                "annotations": {
                    "kubectl.kubernetes.io/last-applied-configuration": "{\"apiVersion\":\"networking.k8s.io/v1\",\"kind\":\"NetworkPolicy\",\"metadata\":{\"annotations\":{},\"name\":\"lifecycle-probe\",\"namespace\":\"p01-c9c202786437-601e9835\"},\"spec\":{\"egress\":[{\"ports\":[{\"port\":8443,\"protocol\":\"TCP\"}],\"to\":[{\"podSelector\":{\"matchLabels\":{\"app.kubernetes.io/part-of\":\"p01-foundation\",\"p01.role\":\"proxy\",\"p01.service\":\"lifecycle\"}}}]}],\"podSelector\":{\"matchLabels\":{\"app.kubernetes.io/part-of\":\"p01-foundation\",\"p01.role\":\"probe\",\"p01.service\":\"lifecycle\"}},\"policyTypes\":[\"Egress\"]}}\n"
                },
                "creationTimestamp": "2026-10-05T00:26:42Z",
                "generation": 1,
                "name": "lifecycle-probe",
                "namespace": "p01-c9c202786437-601e9835",
                "resourceVersion": "1211",
                "uid": "d031f93b-d5f4-4500-b110-6beff3f7b1b3"
            },
            "spec": {
                "egress": [
                    {
                        "ports": [
                            {
                                "port": 8443,
                                "protocol": "TCP"
                            }
                        ],
                        "to": [
                            {
                                "podSelector": {
                                    "matchLabels": {
                                        "app.kubernetes.io/part-of": "p01-foundation",
                                        "p01.role": "proxy",
                                        "p01.service": "lifecycle"
                                    }
                                }
                            }
                        ]
                    }
                ],
                "podSelector": {
                    "matchLabels": {
                        "app.kubernetes.io/part-of": "p01-foundation",
                        "p01.role": "probe",
                        "p01.service": "lifecycle"
                    }
                },
                "policyTypes": [
                    "Egress"
                ]
            }
        },
        {
            "apiVersion": "networking.k8s.io/v1",
            "kind": "NetworkPolicy",
            "metadata": {
                "annotations": {
                    "kubectl.kubernetes.io/last-applied-configuration": "{\"apiVersion\":\"networking.k8s.io/v1\",\"kind\":\"NetworkPolicy\",\"metadata\":{\"annotations\":{},\"name\":\"lifecycle-proxy\",\"namespace\":\"p01-c9c202786437-601e9835\"},\"spec\":{\"egress\":[{\"ports\":[{\"port\":8080,\"protocol\":\"TCP\"}],\"to\":[{\"podSelector\":{\"matchLabels\":{\"app.kubernetes.io/part-of\":\"p01-foundation\",\"p01.role\":\"app\",\"p01.service\":\"lifecycle\"}}}]}],\"ingress\":[{\"from\":[{\"podSelector\":{\"matchLabels\":{\"app.kubernetes.io/part-of\":\"p01-foundation\",\"p01.role\":\"probe\",\"p01.service\":\"lifecycle\"}}}],\"ports\":[{\"port\":8443,\"protocol\":\"TCP\"}]}],\"podSelector\":{\"matchLabels\":{\"app.kubernetes.io/part-of\":\"p01-foundation\",\"p01.role\":\"proxy\",\"p01.service\":\"lifecycle\"}},\"policyTypes\":[\"Ingress\",\"Egress\"]}}\n"
                },
                "creationTimestamp": "2026-10-05T00:26:42Z",
                "generation": 1,
                "name": "lifecycle-proxy",
                "namespace": "p01-c9c202786437-601e9835",
                "resourceVersion": "1209",
                "uid": "85ad6cd8-8bf3-418a-ae16-574a84b10f8b"
            },
            "spec": {
                "egress": [
                    {
                        "ports": [
                            {
                                "port": 8080,
                                "protocol": "TCP"
                            }
                        ],
                        "to": [
                            {
                                "podSelector": {
                                    "matchLabels": {
                                        "app.kubernetes.io/part-of": "p01-foundation",
                                        "p01.role": "app",
                                        "p01.service": "lifecycle"
                                    }
                                }
                            }
                        ]
                    }
                ],
                "ingress": [
                    {
                        "from": [
                            {
                                "podSelector": {
                                    "matchLabels": {
                                        "app.kubernetes.io/part-of": "p01-foundation",
                                        "p01.role": "probe",
                                        "p01.service": "lifecycle"
                                    }
                                }
                            }
                        ],
                        "ports": [
                            {
                                "port": 8443,
                                "protocol": "TCP"
                            }
                        ]
                    }
                ],
                "podSelector": {
                    "matchLabels": {
                        "app.kubernetes.io/part-of": "p01-foundation",
                        "p01.role": "proxy",
                        "p01.service": "lifecycle"
                    }
                },
                "policyTypes": [
                    "Ingress",
                    "Egress"
                ]
            }
        },
        {
            "apiVersion": "networking.k8s.io/v1",
            "kind": "NetworkPolicy",
            "metadata": {
                "annotations": {
                    "kubectl.kubernetes.io/last-applied-configuration": "{\"apiVersion\":\"networking.k8s.io/v1\",\"kind\":\"NetworkPolicy\",\"metadata\":{\"annotations\":{},\"name\":\"planning-application\",\"namespace\":\"p01-c9c202786437-601e9835\"},\"spec\":{\"egress\":[{\"ports\":[{\"port\":5432,\"protocol\":\"TCP\"}],\"to\":[{\"podSelector\":{\"matchLabels\":{\"app.kubernetes.io/part-of\":\"p01-foundation\",\"p01.role\":\"postgres\",\"p01.service\":\"postgres\"}}}]}],\"ingress\":[{\"from\":[{\"podSelector\":{\"matchLabels\":{\"app.kubernetes.io/part-of\":\"p01-foundation\",\"p01.role\":\"proxy\",\"p01.service\":\"planning\"}}}],\"ports\":[{\"port\":8080,\"protocol\":\"TCP\"}]}],\"podSelector\":{\"matchLabels\":{\"app.kubernetes.io/part-of\":\"p01-foundation\",\"p01.role\":\"app\",\"p01.service\":\"planning\"}},\"policyTypes\":[\"Ingress\",\"Egress\"]}}\n"
                },
                "creationTimestamp": "2026-10-05T00:26:42Z",
                "generation": 1,
                "name": "planning-application",
                "namespace": "p01-c9c202786437-601e9835",
                "resourceVersion": "1186",
                "uid": "73260de1-a10d-4ca7-8ed9-6da3e1640d00"
            },
            "spec": {
                "egress": [
                    {
                        "ports": [
                            {
                                "port": 5432,
                                "protocol": "TCP"
                            }
                        ],
                        "to": [
                            {
                                "podSelector": {
                                    "matchLabels": {
                                        "app.kubernetes.io/part-of": "p01-foundation",
                                        "p01.role": "postgres",
                                        "p01.service": "postgres"
                                    }
                                }
                            }
                        ]
                    }
                ],
                "ingress": [
                    {
                        "from": [
                            {
                                "podSelector": {
                                    "matchLabels": {
                                        "app.kubernetes.io/part-of": "p01-foundation",
                                        "p01.role": "proxy",
                                        "p01.service": "planning"
                                    }
                                }
                            }
                        ],
                        "ports": [
                            {
                                "port": 8080,
                                "protocol": "TCP"
                            }
                        ]
                    }
                ],
                "podSelector": {
                    "matchLabels": {
                        "app.kubernetes.io/part-of": "p01-foundation",
                        "p01.role": "app",
                        "p01.service": "planning"
                    }
                },
                "policyTypes": [
                    "Ingress",
                    "Egress"
                ]
            }
        },
        {
            "apiVersion": "networking.k8s.io/v1",
            "kind": "NetworkPolicy",
            "metadata": {
                "annotations": {
                    "kubectl.kubernetes.io/last-applied-configuration": "{\"apiVersion\":\"networking.k8s.io/v1\",\"kind\":\"NetworkPolicy\",\"metadata\":{\"annotations\":{},\"name\":\"planning-migrator\",\"namespace\":\"p01-c9c202786437-601e9835\"},\"spec\":{\"egress\":[{\"ports\":[{\"port\":5432,\"protocol\":\"TCP\"}],\"to\":[{\"podSelector\":{\"matchLabels\":{\"app.kubernetes.io/part-of\":\"p01-foundation\",\"p01.role\":\"postgres\",\"p01.service\":\"postgres\"}}}]}],\"podSelector\":{\"matchLabels\":{\"app.kubernetes.io/part-of\":\"p01-foundation\",\"p01.role\":\"migrator\",\"p01.service\":\"planning\"}},\"policyTypes\":[\"Egress\"]}}\n"
                },
                "creationTimestamp": "2026-10-05T00:26:42Z",
                "generation": 1,
                "name": "planning-migrator",
                "namespace": "p01-c9c202786437-601e9835",
                "resourceVersion": "1189",
                "uid": "9ce58aba-07ff-435b-bcef-c18c1903126c"
            },
            "spec": {
                "egress": [
                    {
                        "ports": [
                            {
                                "port": 5432,
                                "protocol": "TCP"
                            }
                        ],
                        "to": [
                            {
                                "podSelector": {
                                    "matchLabels": {
                                        "app.kubernetes.io/part-of": "p01-foundation",
                                        "p01.role": "postgres",
                                        "p01.service": "postgres"
                                    }
                                }
                            }
                        ]
                    }
                ],
                "podSelector": {
                    "matchLabels": {
                        "app.kubernetes.io/part-of": "p01-foundation",
                        "p01.role": "migrator",
                        "p01.service": "planning"
                    }
                },
                "policyTypes": [
                    "Egress"
                ]
            }
        },
        {
            "apiVersion": "networking.k8s.io/v1",
            "kind": "NetworkPolicy",
            "metadata": {
                "annotations": {
                    "kubectl.kubernetes.io/last-applied-configuration": "{\"apiVersion\":\"networking.k8s.io/v1\",\"kind\":\"NetworkPolicy\",\"metadata\":{\"annotations\":{},\"name\":\"planning-probe\",\"namespace\":\"p01-c9c202786437-601e9835\"},\"spec\":{\"egress\":[{\"ports\":[{\"port\":8443,\"protocol\":\"TCP\"}],\"to\":[{\"podSelector\":{\"matchLabels\":{\"app.kubernetes.io/part-of\":\"p01-foundation\",\"p01.role\":\"proxy\",\"p01.service\":\"planning\"}}}]}],\"podSelector\":{\"matchLabels\":{\"app.kubernetes.io/part-of\":\"p01-foundation\",\"p01.role\":\"probe\",\"p01.service\":\"planning\"}},\"policyTypes\":[\"Egress\"]}}\n"
                },
                "creationTimestamp": "2026-10-05T00:26:42Z",
                "generation": 1,
                "name": "planning-probe",
                "namespace": "p01-c9c202786437-601e9835",
                "resourceVersion": "1192",
                "uid": "c23729cd-fb13-48f5-9043-e40a13146395"
            },
            "spec": {
                "egress": [
                    {
                        "ports": [
                            {
                                "port": 8443,
                                "protocol": "TCP"
                            }
                        ],
                        "to": [
                            {
                                "podSelector": {
                                    "matchLabels": {
                                        "app.kubernetes.io/part-of": "p01-foundation",
                                        "p01.role": "proxy",
                                        "p01.service": "planning"
                                    }
                                }
                            }
                        ]
                    }
                ],
                "podSelector": {
                    "matchLabels": {
                        "app.kubernetes.io/part-of": "p01-foundation",
                        "p01.role": "probe",
                        "p01.service": "planning"
                    }
                },
                "policyTypes": [
                    "Egress"
                ]
            }
        },
        {
            "apiVersion": "networking.k8s.io/v1",
            "kind": "NetworkPolicy",
            "metadata": {
                "annotations": {
                    "kubectl.kubernetes.io/last-applied-configuration": "{\"apiVersion\":\"networking.k8s.io/v1\",\"kind\":\"NetworkPolicy\",\"metadata\":{\"annotations\":{},\"name\":\"planning-proxy\",\"namespace\":\"p01-c9c202786437-601e9835\"},\"spec\":{\"egress\":[{\"ports\":[{\"port\":8080,\"protocol\":\"TCP\"}],\"to\":[{\"podSelector\":{\"matchLabels\":{\"app.kubernetes.io/part-of\":\"p01-foundation\",\"p01.role\":\"app\",\"p01.service\":\"planning\"}}}]}],\"ingress\":[{\"from\":[{\"podSelector\":{\"matchLabels\":{\"app.kubernetes.io/part-of\":\"p01-foundation\",\"p01.role\":\"probe\",\"p01.service\":\"planning\"}}}],\"ports\":[{\"port\":8443,\"protocol\":\"TCP\"}]}],\"podSelector\":{\"matchLabels\":{\"app.kubernetes.io/part-of\":\"p01-foundation\",\"p01.role\":\"proxy\",\"p01.service\":\"planning\"}},\"policyTypes\":[\"Ingress\",\"Egress\"]}}\n"
                },
                "creationTimestamp": "2026-10-05T00:26:42Z",
                "generation": 1,
                "name": "planning-proxy",
                "namespace": "p01-c9c202786437-601e9835",
                "resourceVersion": "1187",
                "uid": "e9e99247-6dd8-4ff5-8bfa-251a1160f364"
            },
            "spec": {
                "egress": [
                    {
                        "ports": [
                            {
                                "port": 8080,
                                "protocol": "TCP"
                            }
                        ],
                        "to": [
                            {
                                "podSelector": {
                                    "matchLabels": {
                                        "app.kubernetes.io/part-of": "p01-foundation",
                                        "p01.role": "app",
                                        "p01.service": "planning"
                                    }
                                }
                            }
                        ]
                    }
                ],
                "ingress": [
                    {
                        "from": [
                            {
                                "podSelector": {
                                    "matchLabels": {
                                        "app.kubernetes.io/part-of": "p01-foundation",
                                        "p01.role": "probe",
                                        "p01.service": "planning"
                                    }
                                }
                            }
                        ],
                        "ports": [
                            {
                                "port": 8443,
                                "protocol": "TCP"
                            }
                        ]
                    }
                ],
                "podSelector": {
                    "matchLabels": {
                        "app.kubernetes.io/part-of": "p01-foundation",
                        "p01.role": "proxy",
                        "p01.service": "planning"
                    }
                },
                "policyTypes": [
                    "Ingress",
                    "Egress"
                ]
            }
        },
        {
            "apiVersion": "networking.k8s.io/v1",
            "kind": "NetworkPolicy",
            "metadata": {
                "annotations": {
                    "kubectl.kubernetes.io/last-applied-configuration": "{\"apiVersion\":\"networking.k8s.io/v1\",\"kind\":\"NetworkPolicy\",\"metadata\":{\"annotations\":{},\"name\":\"postgres-private-clients\",\"namespace\":\"p01-c9c202786437-601e9835\"},\"spec\":{\"ingress\":[{\"from\":[{\"podSelector\":{\"matchLabels\":{\"app.kubernetes.io/part-of\":\"p01-foundation\",\"p01.role\":\"app\",\"p01.service\":\"console\"}}},{\"podSelector\":{\"matchLabels\":{\"app.kubernetes.io/part-of\":\"p01-foundation\",\"p01.role\":\"migrator\",\"p01.service\":\"console\"}}},{\"podSelector\":{\"matchLabels\":{\"app.kubernetes.io/part-of\":\"p01-foundation\",\"p01.role\":\"app\",\"p01.service\":\"governance\"}}},{\"podSelector\":{\"matchLabels\":{\"app.kubernetes.io/part-of\":\"p01-foundation\",\"p01.role\":\"migrator\",\"p01.service\":\"governance\"}}},{\"podSelector\":{\"matchLabels\":{\"app.kubernetes.io/part-of\":\"p01-foundation\",\"p01.role\":\"app\",\"p01.service\":\"catalogue\"}}},{\"podSelector\":{\"matchLabels\":{\"app.kubernetes.io/part-of\":\"p01-foundation\",\"p01.role\":\"migrator\",\"p01.service\":\"catalogue\"}}},{\"podSelector\":{\"matchLabels\":{\"app.kubernetes.io/part-of\":\"p01-foundation\",\"p01.role\":\"app\",\"p01.service\":\"assurance\"}}},{\"podSelector\":{\"matchLabels\":{\"app.kubernetes.io/part-of\":\"p01-foundation\",\"p01.role\":\"migrator\",\"p01.service\":\"assurance\"}}},{\"podSelector\":{\"matchLabels\":{\"app.kubernetes.io/part-of\":\"p01-foundation\",\"p01.role\":\"app\",\"p01.service\":\"planning\"}}},{\"podSelector\":{\"matchLabels\":{\"app.kubernetes.io/part-of\":\"p01-foundation\",\"p01.role\":\"migrator\",\"p01.service\":\"planning\"}}},{\"podSelector\":{\"matchLabels\":{\"app.kubernetes.io/part-of\":\"p01-foundation\",\"p01.role\":\"app\",\"p01.service\":\"inventory\"}}},{\"podSelector\":{\"matchLabels\":{\"app.kubernetes.io/part-of\":\"p01-foundation\",\"p01.role\":\"migrator\",\"p01.service\":\"inventory\"}}},{\"podSelector\":{\"matchLabels\":{\"app.kubernetes.io/part-of\":\"p01-foundation\",\"p01.role\":\"app\",\"p01.service\":\"lifecycle\"}}},{\"podSelector\":{\"matchLabels\":{\"app.kubernetes.io/part-of\":\"p01-foundation\",\"p01.role\":\"migrator\",\"p01.service\":\"lifecycle\"}}}],\"ports\":[{\"port\":5432,\"protocol\":\"TCP\"}]}],\"podSelector\":{\"matchLabels\":{\"app.kubernetes.io/part-of\":\"p01-foundation\",\"p01.role\":\"postgres\",\"p01.service\":\"postgres\"}},\"policyTypes\":[\"Ingress\"]}}\n"
                },
                "creationTimestamp": "2026-10-05T00:26:42Z",
                "generation": 1,
                "name": "postgres-private-clients",
                "namespace": "p01-c9c202786437-601e9835",
                "resourceVersion": "1212",
                "uid": "63ec600d-026a-4cb5-ada9-84d7a39dbd04"
            },
            "spec": {
                "ingress": [
                    {
                        "from": [
                            {
                                "podSelector": {
                                    "matchLabels": {
                                        "app.kubernetes.io/part-of": "p01-foundation",
                                        "p01.role": "app",
                                        "p01.service": "console"
                                    }
                                }
                            },
                            {
                                "podSelector": {
                                    "matchLabels": {
                                        "app.kubernetes.io/part-of": "p01-foundation",
                                        "p01.role": "migrator",
                                        "p01.service": "console"
                                    }
                                }
                            },
                            {
                                "podSelector": {
                                    "matchLabels": {
                                        "app.kubernetes.io/part-of": "p01-foundation",
                                        "p01.role": "app",
                                        "p01.service": "governance"
                                    }
                                }
                            },
                            {
                                "podSelector": {
                                    "matchLabels": {
                                        "app.kubernetes.io/part-of": "p01-foundation",
                                        "p01.role": "migrator",
                                        "p01.service": "governance"
                                    }
                                }
                            },
                            {
                                "podSelector": {
                                    "matchLabels": {
                                        "app.kubernetes.io/part-of": "p01-foundation",
                                        "p01.role": "app",
                                        "p01.service": "catalogue"
                                    }
                                }
                            },
                            {
                                "podSelector": {
                                    "matchLabels": {
                                        "app.kubernetes.io/part-of": "p01-foundation",
                                        "p01.role": "migrator",
                                        "p01.service": "catalogue"
                                    }
                                }
                            },
                            {
                                "podSelector": {
                                    "matchLabels": {
                                        "app.kubernetes.io/part-of": "p01-foundation",
                                        "p01.role": "app",
                                        "p01.service": "assurance"
                                    }
                                }
                            },
                            {
                                "podSelector": {
                                    "matchLabels": {
                                        "app.kubernetes.io/part-of": "p01-foundation",
                                        "p01.role": "migrator",
                                        "p01.service": "assurance"
                                    }
                                }
                            },
                            {
                                "podSelector": {
                                    "matchLabels": {
                                        "app.kubernetes.io/part-of": "p01-foundation",
                                        "p01.role": "app",
                                        "p01.service": "planning"
                                    }
                                }
                            },
                            {
                                "podSelector": {
                                    "matchLabels": {
                                        "app.kubernetes.io/part-of": "p01-foundation",
                                        "p01.role": "migrator",
                                        "p01.service": "planning"
                                    }
                                }
                            },
                            {
                                "podSelector": {
                                    "matchLabels": {
                                        "app.kubernetes.io/part-of": "p01-foundation",
                                        "p01.role": "app",
                                        "p01.service": "inventory"
                                    }
                                }
                            },
                            {
                                "podSelector": {
                                    "matchLabels": {
                                        "app.kubernetes.io/part-of": "p01-foundation",
                                        "p01.role": "migrator",
                                        "p01.service": "inventory"
                                    }
                                }
                            },
                            {
                                "podSelector": {
                                    "matchLabels": {
                                        "app.kubernetes.io/part-of": "p01-foundation",
                                        "p01.role": "app",
                                        "p01.service": "lifecycle"
                                    }
                                }
                            },
                            {
                                "podSelector": {
                                    "matchLabels": {
                                        "app.kubernetes.io/part-of": "p01-foundation",
                                        "p01.role": "migrator",
                                        "p01.service": "lifecycle"
                                    }
                                }
                            }
                        ],
                        "ports": [
                            {
                                "port": 5432,
                                "protocol": "TCP"
                            }
                        ]
                    }
                ],
                "podSelector": {
                    "matchLabels": {
                        "app.kubernetes.io/part-of": "p01-foundation",
                        "p01.role": "postgres",
                        "p01.service": "postgres"
                    }
                },
                "policyTypes": [
                    "Ingress"
                ]
            }
        }
    ],
    "kind": "List",
    "metadata": {
        "resourceVersion": ""
    }
}
