[
    {
        "Id": "sha256:a142a20e5366fd1f5d9d266bbbffa5a747d984d21c9e52b946098e8c95acb7dd",
        "RepoTags": [
            "p01-planning:ba6acd71513c7d999cf51249d70d9c2be50967d9"
        ],
        "RepoDigests": [],
        "Parent": "",
        "Comment": "buildkit.dockerfile.v0",
        "Created": "2026-10-04T21:57:46.558995359Z",
        "DockerVersion": "",
        "Author": "",
        "Config": {
            "Hostname": "",
            "Domainname": "",
            "User": "10001:10001",
            "AttachStdin": false,
            "AttachStdout": false,
            "AttachStderr": false,
            "Tty": false,
            "OpenStdin": false,
            "StdinOnce": false,
            "Env": [
                "PATH=/opt/venv/bin:/usr/local/bin:/usr/local/sbin:/usr/local/bin:/usr/sbin:/usr/bin:/sbin:/bin",
                "LANG=C.UTF-8",
                "GPG_KEY=7169605F62C751356D054A26A821E680E5FA6305",
                "PYTHON_VERSION=3.12.14",
                "PYTHON_SHA256=5c8462af5790baf43a321a1559dbe0db06d1be4300fb85fb53c40060668e548a",
                "PYTHONDONTWRITEBYTECODE=1",
                "PYTHONUNBUFFERED=1"
            ],
            "Cmd": [
                "liveness"
            ],
            "Healthcheck": {
                "Test": [
                    "NONE"
                ]
            },
            "ArgsEscaped": true,
            "Image": "",
            "Volumes": null,
            "WorkingDir": "/app",
            "Entrypoint": [
                "/opt/venv/bin/planning-health"
            ],
            "OnBuild": null,
            "Labels": {
                "org.opencontainers.image.revision": "ba6acd71513c7d999cf51249d70d9c2be50967d9",
                "org.opencontainers.image.source": "https://github.com/awalker0878/multi-tenant",
                "org.opencontainers.image.title": "product-planning bootstrap"
            }
        },
        "Architecture": "amd64",
        "Os": "linux",
        "Size": 124376376,
        "GraphDriver": {
            "Data": {
                "LowerDir": "/var/lib/docker/overlay2/if0w9jkc9wecivi8j5kjr0osx/diff:/var/lib/docker/overlay2/1de2dab86760548721bb00eee11fe69f574d23df9083ca19e444e89bc193665a/diff:/var/lib/docker/overlay2/3534ff699c0fac3fd8717b562ade490cfb3d15e92702b73e876e1124c235a0a5/diff:/var/lib/docker/overlay2/0462a6252cac1014c747e8eb4d9f412ca8de7ff4e428769ce630e9c2cd041a1e/diff:/var/lib/docker/overlay2/882c44d25cb832becf8ea3401aa77deddbade113a5bb217357e529c41acb0af8/diff",
                "MergedDir": "/var/lib/docker/overlay2/wjs5a4ztgif36emhu5jgm0qi3/merged",
                "UpperDir": "/var/lib/docker/overlay2/wjs5a4ztgif36emhu5jgm0qi3/diff",
                "WorkDir": "/var/lib/docker/overlay2/wjs5a4ztgif36emhu5jgm0qi3/work"
            },
            "Name": "overlay2"
        },
        "RootFS": {
            "Type": "layers",
            "Layers": [
                "sha256:34467cc93912af891dfee8a3902adf9b4f355a9bca4eaa46f658d1181a21de0d",
                "sha256:16df0073c13c96653ee2b601b16e514321513eb4af983de156c2d4e17df8a5d9",
                "sha256:9639007baab8a136bc468bd5d757fdf79cf5d77b6ff2a87889071252e334fab3",
                "sha256:abca6d63c9dbe51fa3bc42e75e0387da12803ef64430ad151814e468d5e1c203",
                "sha256:1e68d4c4747519904cf6a6c052b18cd14163c404b817ab2d5511c1f5aa7e39ca",
                "sha256:ff2b50a5f4638a9ac828e0b49971e738c7276ad5f7168750a94323ecad6e0038"
            ]
        },
        "Metadata": {
            "LastTagTime": "2026-10-04T21:57:47.022168488Z"
        }
    }
]
