#0 building with "default" instance using docker driver

#1 [internal] load build definition from Dockerfile
#1 transferring dockerfile: 1.98kB done
#1 DONE 0.0s

#2 [internal] load metadata for ghcr.io/astral-sh/uv@sha256:d46db4c7b7f2e75ff80aeef95da4c2c6ff1ad399c13ab85067db4430b7c3b9c3
#2 DONE 0.0s

#3 [internal] load metadata for docker.io/library/python@sha256:1aaa65a85fda306ffb8b910824d4e93bdce61e212c7e87168123ea3073b41a1a
#3 DONE 0.0s

#4 [internal] load .dockerignore
#4 transferring context: 179B done
#4 DONE 0.0s

#5 [internal] load build context
#5 transferring context: 59.72kB 0.0s done
#5 DONE 0.0s

#6 [build 1/6] FROM docker.io/library/python@sha256:1aaa65a85fda306ffb8b910824d4e93bdce61e212c7e87168123ea3073b41a1a
#6 resolve docker.io/library/python@sha256:1aaa65a85fda306ffb8b910824d4e93bdce61e212c7e87168123ea3073b41a1a done
#6 extracting sha256:1c5e03f304918f89aed0c098c8f4b6f163f7bf9d2702991696bf0132a2853e30
#6 sha256:1aaa65a85fda306ffb8b910824d4e93bdce61e212c7e87168123ea3073b41a1a 1.75kB / 1.75kB done
#6 sha256:febd0be41adb897a0ab8f1f1c693d8912669ea60c4940e076e9946b60e210ef0 5.68kB / 5.68kB done
#6 sha256:1c5e03f304918f89aed0c098c8f4b6f163f7bf9d2702991696bf0132a2853e30 3.53MB / 3.53MB 0.1s done
#6 sha256:a2e58067964fcd8f46a6b5992975e9c8ab34e7620d96204e08e99bf0fdf4dab8 0B / 13.67MB 0.1s
#6 extracting sha256:1c5e03f304918f89aed0c098c8f4b6f163f7bf9d2702991696bf0132a2853e30 0.2s done
#6 sha256:a2e58067964fcd8f46a6b5992975e9c8ab34e7620d96204e08e99bf0fdf4dab8 13.67MB / 13.67MB 0.1s done
#6 sha256:7c6fab1667eb7d9029684d783e4c127f11dd7ed5120829f875b799a0b9431558 249B / 249B 0.1s done
#6 extracting sha256:a2e58067964fcd8f46a6b5992975e9c8ab34e7620d96204e08e99bf0fdf4dab8
#6 ...

#7 [uv-tool 1/1] FROM ghcr.io/astral-sh/uv@sha256:d46db4c7b7f2e75ff80aeef95da4c2c6ff1ad399c13ab85067db4430b7c3b9c3
#7 resolve ghcr.io/astral-sh/uv@sha256:d46db4c7b7f2e75ff80aeef95da4c2c6ff1ad399c13ab85067db4430b7c3b9c3 done
#7 sha256:d46db4c7b7f2e75ff80aeef95da4c2c6ff1ad399c13ab85067db4430b7c3b9c3 669B / 669B done
#7 sha256:de5ce60260f893ece94ee7b7e9bdc7d0cd51b33e74aabef1358342e642ca71e7 1.30kB / 1.30kB done
#7 sha256:c899545868f84f908ee09e6d932033fc14acdf3a2a8b2d6cdacf573c85450bba 23.52MB / 23.52MB 0.1s done
#7 sha256:54723a59ba9fe2be41df3ad59d75d4738b62774f60a8e988163ed08002fa4215 98B / 98B 0.1s done
#7 extracting sha256:c899545868f84f908ee09e6d932033fc14acdf3a2a8b2d6cdacf573c85450bba 0.4s done
#7 extracting sha256:54723a59ba9fe2be41df3ad59d75d4738b62774f60a8e988163ed08002fa4215 done
#7 DONE 0.6s

#6 [build 1/6] FROM docker.io/library/python@sha256:1aaa65a85fda306ffb8b910824d4e93bdce61e212c7e87168123ea3073b41a1a
#6 extracting sha256:a2e58067964fcd8f46a6b5992975e9c8ab34e7620d96204e08e99bf0fdf4dab8 0.7s done
#6 extracting sha256:7c6fab1667eb7d9029684d783e4c127f11dd7ed5120829f875b799a0b9431558
#6 extracting sha256:7c6fab1667eb7d9029684d783e4c127f11dd7ed5120829f875b799a0b9431558 done
#6 DONE 1.1s

#8 [runtime 2/3] WORKDIR /app
#8 DONE 0.0s

#9 [build 2/6] COPY --from=uv-tool /uv /usr/local/bin/uv
#9 DONE 0.1s

#10 [build 3/6] WORKDIR /build
#10 DONE 0.0s

#11 [build 4/6] COPY .python-version pyproject.toml uv.lock README.md ./
#11 DONE 0.0s

#12 [build 5/6] COPY src/ ./src/
#12 DONE 0.0s

#13 [build 6/6] RUN uv sync --locked --only-group build --no-install-project --no-managed-python     && uv build --offline --no-build-isolation --wheel     && uv export --locked --no-default-groups --no-emit-project --no-annotate --no-header          --format requirements.txt --output-file /build/production-requirements.txt     && uv venv --no-managed-python --python /usr/local/bin/python /opt/venv     && uv pip sync --python /opt/venv/bin/python --require-hashes --only-binary :all: /build/production-requirements.txt     && uv pip install --python /opt/venv/bin/python --offline --no-index --no-deps dist/*.whl     && uv pip check --python /opt/venv/bin/python
#13 0.321 Using CPython 3.12.14 interpreter at: /usr/local/bin/python3.12
#13 0.321 Creating virtual environment at: .venv
#13 0.324 Resolved 22 packages in 0.84ms
#13 0.545 Prepared 3 packages in 219ms
#13 0.734 Installed 3 packages in 189ms
#13 0.736  + packaging==26.3
#13 0.740  + setuptools==84.0.0
#13 0.744  + wheel==0.48.0
#13 1.025 Building wheel...
#13 2.082 running bdist_wheel
#13 2.093 running build
#13 2.093 running build_py
#13 2.096 creating build/lib/inventory
#13 2.097 copying src/inventory/__init__.py -> build/lib/inventory
#13 2.097 creating build/lib/inventory/application
#13 2.098 copying src/inventory/application/foundation.py -> build/lib/inventory/application
#13 2.098 copying src/inventory/application/__init__.py -> build/lib/inventory/application
#13 2.099 creating build/lib/inventory/bootstrap
#13 2.099 copying src/inventory/bootstrap/server.py -> build/lib/inventory/bootstrap
#13 2.100 copying src/inventory/bootstrap/health.py -> build/lib/inventory/bootstrap
#13 2.100 copying src/inventory/bootstrap/__init__.py -> build/lib/inventory/bootstrap
#13 2.101 creating build/lib/inventory/infrastructure
#13 2.101 copying src/inventory/infrastructure/foundation.py -> build/lib/inventory/infrastructure
#13 2.102 copying src/inventory/infrastructure/__init__.py -> build/lib/inventory/infrastructure
#13 2.102 creating build/lib/inventory/interfaces
#13 2.103 copying src/inventory/interfaces/health.py -> build/lib/inventory/interfaces
#13 2.103 copying src/inventory/interfaces/http.py -> build/lib/inventory/interfaces
#13 2.104 copying src/inventory/interfaces/__init__.py -> build/lib/inventory/interfaces
#13 2.104 running egg_info
#13 2.106 creating src/product_inventory.egg-info
#13 2.108 writing src/product_inventory.egg-info/PKG-INFO
#13 2.109 writing dependency_links to src/product_inventory.egg-info/dependency_links.txt
#13 2.109 writing entry points to src/product_inventory.egg-info/entry_points.txt
#13 2.109 writing requirements to src/product_inventory.egg-info/requires.txt
#13 2.110 writing top-level names to src/product_inventory.egg-info/top_level.txt
#13 2.110 writing manifest file 'src/product_inventory.egg-info/SOURCES.txt'
#13 2.114 reading manifest file 'src/product_inventory.egg-info/SOURCES.txt'
#13 2.116 writing manifest file 'src/product_inventory.egg-info/SOURCES.txt'
#13 2.117 warning: build_py: byte-compiling is disabled, skipping.
#13 2.118 
#13 2.122 installing to build/bdist.linux-x86_64/wheel
#13 2.122 running install
#13 2.133 running install_lib
#13 2.136 creating build/bdist.linux-x86_64/wheel
#13 2.136 creating build/bdist.linux-x86_64/wheel/inventory
#13 2.136 creating build/bdist.linux-x86_64/wheel/inventory/application
#13 2.137 copying build/lib/inventory/application/foundation.py -> build/bdist.linux-x86_64/wheel/./inventory/application
#13 2.137 copying build/lib/inventory/application/__init__.py -> build/bdist.linux-x86_64/wheel/./inventory/application
#13 2.137 creating build/bdist.linux-x86_64/wheel/inventory/bootstrap
#13 2.138 copying build/lib/inventory/bootstrap/server.py -> build/bdist.linux-x86_64/wheel/./inventory/bootstrap
#13 2.138 copying build/lib/inventory/bootstrap/health.py -> build/bdist.linux-x86_64/wheel/./inventory/bootstrap
#13 2.138 copying build/lib/inventory/bootstrap/__init__.py -> build/bdist.linux-x86_64/wheel/./inventory/bootstrap
#13 2.139 creating build/bdist.linux-x86_64/wheel/inventory/infrastructure
#13 2.139 copying build/lib/inventory/infrastructure/foundation.py -> build/bdist.linux-x86_64/wheel/./inventory/infrastructure
#13 2.139 copying build/lib/inventory/infrastructure/__init__.py -> build/bdist.linux-x86_64/wheel/./inventory/infrastructure
#13 2.140 creating build/bdist.linux-x86_64/wheel/inventory/interfaces
#13 2.140 copying build/lib/inventory/interfaces/health.py -> build/bdist.linux-x86_64/wheel/./inventory/interfaces
#13 2.142 copying build/lib/inventory/interfaces/http.py -> build/bdist.linux-x86_64/wheel/./inventory/interfaces
#13 2.143 copying build/lib/inventory/interfaces/__init__.py -> build/bdist.linux-x86_64/wheel/./inventory/interfaces
#13 2.143 copying build/lib/inventory/__init__.py -> build/bdist.linux-x86_64/wheel/./inventory
#13 2.143 running install_egg_info
#13 2.143 warning: install_lib: byte-compiling is disabled, skipping.
#13 2.143 
#13 2.144 Copying src/product_inventory.egg-info to build/bdist.linux-x86_64/wheel/./product_inventory-0.1.0.dev0-py3.12.egg-info
#13 2.145 running install_scripts
#13 2.147 creating build/bdist.linux-x86_64/wheel/product_inventory-0.1.0.dev0.dist-info/WHEEL
#13 2.148 creating '/build/dist/.tmp-zn5mvu10/product_inventory-0.1.0.dev0-py3-none-any.whl' and adding 'build/bdist.linux-x86_64/wheel' to it
#13 2.148 adding 'inventory/__init__.py'
#13 2.149 adding 'inventory/application/__init__.py'
#13 2.149 adding 'inventory/application/foundation.py'
#13 2.149 adding 'inventory/bootstrap/__init__.py'
#13 2.150 adding 'inventory/bootstrap/health.py'
#13 2.150 adding 'inventory/bootstrap/server.py'
#13 2.150 adding 'inventory/infrastructure/__init__.py'
#13 2.151 adding 'inventory/infrastructure/foundation.py'
#13 2.151 adding 'inventory/interfaces/__init__.py'
#13 2.151 adding 'inventory/interfaces/health.py'
#13 2.152 adding 'inventory/interfaces/http.py'
#13 2.152 adding 'product_inventory-0.1.0.dev0.dist-info/METADATA'
#13 2.153 adding 'product_inventory-0.1.0.dev0.dist-info/WHEEL'
#13 2.153 adding 'product_inventory-0.1.0.dev0.dist-info/entry_points.txt'
#13 2.153 adding 'product_inventory-0.1.0.dev0.dist-info/top_level.txt'
#13 2.153 adding 'product_inventory-0.1.0.dev0.dist-info/RECORD'
#13 2.154 removing build/bdist.linux-x86_64/wheel
#13 2.186 Successfully built dist/product_inventory-0.1.0.dev0-py3-none-any.whl
#13 2.196 Resolved 22 packages in 0.97ms
#13 2.196 click==8.5.0 \
#13 2.196     --hash=sha256:255bc9599cf7748b4b1a446ccc735421bd08a2ae529a8b88597d3de5664ee360 \
#13 2.196     --hash=sha256:ba0d2089de75ea0310e2dde03160e6ca10009947fb95a182f9b54021bb272e34
#13 2.196 h11==0.16.0 \
#13 2.196     --hash=sha256:4e35b956cf45792e4caa5885e69fba00bdbc6ffafbfa020300e549b208ee5ff1 \
#13 2.196     --hash=sha256:63cf8bbe7522de3bf65932fda1d9c2772064ffb3dae62d55932da54b31cb6c86
#13 2.196 psycopg==3.3.6 \
#13 2.196     --hash=sha256:a1db9f7148b06a28606767efaca51fa6f9398c5c0a3810519be69d7000bdb631 \
#13 2.196     --hash=sha256:c081f2250df751a943036e42db6df4571c66cd0aabe8291a7a506512b12007d2
#13 2.196 psycopg-binary==3.3.6 ; implementation_name != 'pypy' \
#13 2.196     --hash=sha256:1679a1cb93fbe5a6d1fd58d82cbddcc6fcb8c61446ba7cae6eb2a7b19bc585de \
#13 2.196     --hash=sha256:289aadd6a00e151203c081f708348ec89f1e483c9b510ef4ac3981f847f01f79 \
#13 2.196     --hash=sha256:366db6e97e66b37211475f20c4c1324a2dc0dd825e46d4e87f9d599304d276f9 \
#13 2.196     --hash=sha256:37d40450659401600e6d043ff586c89a71a69f33cbb8bcdba6cdb2569beecdbe \
#13 2.196     --hash=sha256:3f84dab25e0385692ee13274c68678377e0b1a70ab9d14e56264cbf61f60c62d \
#13 2.196     --hash=sha256:612382ac3ed13651c7fa44b5fee9fbf7baaa2ddbc6f500391672682c5f1df9e0 \
#13 2.197     --hash=sha256:a4ee3bdd5468a725f2a4d9aab8a74b6d0279f768c8b5d3aeb102c5307ff3d59c \
#13 2.197     --hash=sha256:a5165300324efd5a772c48a88ab3a928513ab3979fca76553e62ee815f7b2b9c \
#13 2.197     --hash=sha256:d636338c8f21b0df2f84657b00bc34f9313f826ef93f1155bc743607e4a0c5eb \
#13 2.197     --hash=sha256:e23a66a763fbe83fcc210bc77c27e5a5ea380ebf091c06f34d8561b695e5a40f \
#13 2.197     --hash=sha256:f21d057f3e5f5491067e5b292498073b73847d48799b099803fef100775fcc52
#13 2.197 typing-extensions==4.16.0 \
#13 2.197     --hash=sha256:481caa481374e813c1b176ada14e97f1f67a4539ce9cfeb3f350d78d6370c2e8 \
#13 2.197     --hash=sha256:dc983d19a509c94dba722ee6abd33940f7c05a89e243c47e907eb4db6f1a43e5
#13 2.197 tzdata==2026.5 ; sys_platform == 'win32' \
#13 2.197     --hash=sha256:8cc73c0a0bfca7dbfa59235d60b2eff82231dee33f53d206db1acd9173cfc0a7 \
#13 2.197     --hash=sha256:b683bd1b6659ddcd810ff02ad09ba821d4bf1065072805063eb35c49617905ac
#13 2.197 uvicorn==0.53.0 \
#13 2.197     --hash=sha256:a9356f0cb89b3b8621529c5d5eebd69bfe154f4c3f68b4cf2de47e45fa855c2e \
#13 2.197     --hash=sha256:e8dca71ec86dce5f04e333f0d56cdedf942446e6643b9cea1af0d6d3a02cb03e
#13 2.450 Using CPython 3.12.14 interpreter at: /usr/local/bin/python
#13 2.450 Creating virtual environment at: /opt/venv
#13 2.684 Using Python 3.12.14 environment at: /opt/venv
#13 2.865 Resolved 6 packages in 180ms
#13 2.883 Downloading psycopg-binary (5.0MiB)
#13 2.944  Downloaded psycopg-binary
#13 2.944 Prepared 6 packages in 79ms
#13 2.987 Installed 6 packages in 42ms
#13 2.987  + click==8.5.0
#13 2.987  + h11==0.16.0
#13 2.987  + psycopg==3.3.6
#13 2.987  + psycopg-binary==3.3.6
#13 2.987  + typing-extensions==4.16.0
#13 2.987  + uvicorn==0.53.0
#13 3.012 Using Python 3.12.14 environment at: /opt/venv
#13 3.012 Resolved 1 package in 1ms
#13 3.012 Prepared 1 package in 4ms
#13 3.018 Installed 1 package in 6ms
#13 3.018  + product-inventory==0.1.0.dev0 (from file:///build/dist/product_inventory-0.1.0.dev0-py3-none-any.whl)
#13 3.030 Using Python 3.12.14 environment at: /opt/venv
#13 3.030 Checked 7 packages in 0.56ms
#13 3.030 All installed packages are compatible
#13 DONE 3.1s

#14 [runtime 3/3] COPY --from=build /opt/venv/ /opt/venv/
#14 DONE 0.1s

#15 exporting to image
#15 exporting layers
#15 exporting layers 0.7s done
#15 writing image sha256:613db98d7ddfcc22a4a40feb0b37c94e1696a9389d02c9a2fd7a080d378c8956 done
#15 naming to docker.io/library/p01-inventory:84a8a2a0a88930e6e3dd3da715f6bdedc7646fec done
#15 DONE 0.7s
