
   PASS  Tests\Feature\LocalIdentityTest
  ✓ it generates one high entropy credential and never redisplays or re… 0.09s  
  ✓ it requires independent mounted console identity and rejects health… 0.05s  
  ✓ it enforces first-login restrictions in direct APIs then rotates al… 0.06s  
  ✓ it requires the current password and rejects reuse, short or mismat… 0.05s  
  ✓ it expires temporary sessions and invalidates an explicitly logged…  0.05s  
  ✓ it commits throttling across requests and denies attempts during th… 0.16s  
  ✓ it never recreates a retired identity and rejects its existing sess… 0.05s  
  ✓ it rolls back identity and audit together when outbox persistence f… 0.04s  
  ✓ it refuses bootstrap through redirected or noninteractive command o… 0.06s  

   PASS  Tests\Feature\OidcIdentityTest
  ✓ it stores secret references with encrypted custody and rejects pre-… 0.18s  
  ✓ it preserves local setup after provider failure and never activates… 0.07s  
  ✓ it uses real signed tokens, verifies PKCE and atomically retires ev… 0.08s  
  ✓ it denies forged issuer audience expiry nonce authorized party and…  0.06s  
  ✓ it denies forged issuer audience expiry nonce authorized party and…  0.06s  
  ✓ it denies forged issuer audience expiry nonce authorized party and…  0.07s  
  ✓ it denies forged issuer audience expiry nonce authorized party and…  0.06s  
  ✓ it denies forged issuer audience expiry nonce authorized party and…  0.06s  
  ✓ it denies forged issuer audience expiry nonce authorized party and…  0.06s  
  ✓ it denies forged issuer audience expiry nonce authorized party and…  0.06s  
  ✓ it denies forged issuer audience expiry nonce authorized party and…  0.06s  
  ✓ it denies forged issuer audience expiry nonce authorized party and…  0.60s  
  ✓ it denies forged issuer audience expiry nonce authorized party and…  0.60s  
  ✓ it rejects a forged signature and consumes the failed flow           0.06s  
  ✓ it binds browser state and proof to their initiating session and se… 0.08s  
  ✓ it expires sign-in attempts and handover proofs                      0.07s  
  ✓ it keeps the active connection during draft edits and denies setup…  0.09s  
  ✓ it rolls activation back if its audit outbox cannot commit           0.08s  
  ✓ it refuses insecure URLs and discovery that redirects authority or…  0.06s  
  ✓ it denies metadata and loopback targets and permits only selected p… 0.13s  

   PASS  Tests\Feature\TenancyTest
  ✓ it requires workload and federated identity and grants no implied e… 0.12s  
  ✓ it scopes role decisions by tenant site environment and current mem… 0.12s  
  ✓ it bounds delegated grants and revokes them without trusting a stal… 0.11s  
  ✓ it invalidates old delegated grants when membership revision change… 0.11s  
  ✓ it rejects guessed cross-tenant membership and grant identifiers     0.09s  
  ✓ it keeps quota entitlement distinct from capacity and reservations…  0.10s  
  ✓ it preserves independent immutable histories and refuses removal of… 0.09s  
  ✓ it suspends new access and permits the scoped tenant administrator…  0.09s  
  ✓ it rolls back quota and command receipts if its durable outbox fail… 0.08s  

   PASS  Tests\Feature\ApprovalTest
  ✓ it binds an independent approval to an immutable plan and named exe… 0.14s  
  ✓ it denies self-approval even if the requestor also has a reviewer g… 0.13s  
  ✓ it denies a named executor from approving even if given approval au… 0.14s  
  ✓ it rejects every changed approval binding rather than widening the…  0.14s  
  ✓ it rejects every changed approval binding rather than widening the…  0.13s  
  ✓ it rejects every changed approval binding rather than widening the…  0.15s  
  ✓ it rejects every changed approval binding rather than widening the…  0.13s  
  ✓ it rejects every changed approval binding rather than widening the…  0.13s  
  ✓ it rejects every changed approval binding rather than widening the…  0.13s  
  ✓ it rejects every changed approval binding rather than widening the…  0.13s  
  ✓ it denies an unnamed executor and cross-tenant approval identifiers  0.14s  
  ✓ it records rejection and revocation without destroying history or p… 0.15s  
  ✓ it expires approval authoritatively and records the transition once  0.14s  
  ✓ it requires fresh authority and cannot resurrect an approval after…  0.24s  
  ✓ it fails closed on missing plan authority and detects changed autho… 0.13s  
  ✓ it returns the original idempotent decision but rejects changed rea… 0.15s  
  ✓ it does not fall back to a synthetic plan source in the deployed ad… 0.12s  
  ✓ it records background expiry once without a live session or availab… 0.14s  
  ✓ it preserves the v1 audit UUID contract without attributing system…  0.13s  
  ✓ it expires bounded batches at the exact deadline and leaves termina… 0.15s  
  ✓ it rolls expiry back if its durable outbox cannot be written         0.14s  

   PASS  Tests\Feature\GovernanceOutboxTest
  ✓ it publishes a schema-validated minimal fact reference and preserve… 0.08s  
  ✓ it retains an uncertain publication and replays exactly the same ev… 0.08s  
  ✓ it replays a confirmed event after the database acknowledgement is…  0.08s  
  ✓ it delivers committed history even when its originating actor no lo… 0.08s  
  ✓ it quarantines malformed facts without blocking independent tenant…  0.08s  
  ✓ it rejects unknown event types and mismatched scope without publish… 0.09s  
  ✓ it rejects unknown event types and mismatched scope without publish… 0.88s  
  ✓ it fails closed without broker custody and bounds operator commands  0.65s  

   PASS  Tests\Feature\IdentityOutboxTest
  ✓ it delivers an existing bootstrap fact without rewriting its audit…  0.05s  
  ✓ it preserves identical identity wire bytes across uncertain confirm… 0.05s  
  ✓ it replays identity history after database acknowledgement rollback  0.04s  
  ✓ it caps retry delay and isolates a malformed event from the remaini… 0.05s  
  ✓ it validates identity event types, audit attribution and immutable…  0.04s  
  ✓ it validates identity event types, audit attribution and immutable…  0.04s  
  ✓ it validates identity event types, audit attribution and immutable…  0.13s  
  ✓ it validates identity event types, audit attribution and immutable…  0.04s  
  ✓ it validates identity event types, audit attribution and immutable…  0.04s  
  ✓ it validates identity event types, audit attribution and immutable…  0.04s  
  ✓ it reports unavailable audit storage without poisoning a pending fa… 0.04s  
  ✓ it continues delivery after federation retirement and session revoc… 0.06s  
  ✓ it denies invalid batch limits and keeps schemata byte-identical     0.04s  
  ✓ it encodes every supported identity event using internal attributio… 0.05s  
  ✓ it encodes every supported identity event using internal attributio… 0.04s  
  ✓ it encodes every supported identity event using internal attributio… 0.04s  
  ✓ it encodes every supported identity event using internal attributio… 0.04s  
  ✓ it encodes every supported identity event using internal attributio… 0.04s  
  ✓ it encodes every supported identity event using internal attributio… 0.04s  
  ✓ it encodes every supported identity event using internal attributio… 0.04s  
  ✓ it encodes every supported identity event using internal attributio… 0.05s  
  ✓ it encodes every supported identity event using internal attributio… 0.04s  
  ✓ it encodes every supported identity event using internal attributio… 0.04s  
  ✓ it encodes every supported identity event using internal attributio… 0.04s  
  ✓ it encodes every supported identity event using internal attributio… 0.04s  

   PASS  Tests\Feature\ActorDelegationTest
  ✓ it binds an opaque delegation to current actor service action and e… 0.11s  
  ✓ it rejects the wrong service and changed action or resource scope    0.11s  
  ✓ it rejects service identity alone and never accepts console identit… 0.10s  
  ✓ it expires within sixty seconds and cannot extend its source sessio… 0.15s  
  ✓ it immediately denies logout disabled actors and credential rotatio… 0.11s  
  ✓ it immediately denies logout disabled actors and credential rotatio… 0.19s  
  ✓ it immediately denies logout disabled actors and credential rotatio… 0.12s  
  ✓ it immediately denies logout disabled actors and credential rotatio… 0.10s  
  ✓ it denies the old delegation with a newly rotated valid service cre… 0.11s  
  ✓ it cannot revive a delegated request after membership revocation an… 0.11s  
  ✓ it permits only its originating actor to revoke and records one imm… 0.10s  
  ✓ it denies administrative native and support delegation and caller s… 0.10s  
  ✓ it fails closed on missing or shared service credentials and rolls…  0.10s  

  Tests:    105 passed (1542 assertions)
  Duration: 11.90s

